Archive member included because of file (symbol)

/OPT/altera/12.1/nios2eds/bin/gnu/H-i686-pc-linux-gnu/bin/../lib/gcc/nios2-elf/4.1.2/libgcc.a(lib2-divmod.o)
                              obj/default/srec_flash.o (__divsi3)
/OPT/altera/12.1/nios2eds/bin/gnu/H-i686-pc-linux-gnu/bin/../lib/gcc/nios2-elf/4.1.2/../../../../nios2-elf/lib/libc.a(lib_a-atoi.o)
                              obj/default/http.o (atoi)
/OPT/altera/12.1/nios2eds/bin/gnu/H-i686-pc-linux-gnu/bin/../lib/gcc/nios2-elf/4.1.2/../../../../nios2-elf/lib/libc.a(lib_a-ctype_.o)
                              obj/default/http.o (__ctype_ptr)
/OPT/altera/12.1/nios2eds/bin/gnu/H-i686-pc-linux-gnu/bin/../lib/gcc/nios2-elf/4.1.2/../../../../nios2-elf/lib/libc.a(lib_a-fclose.o)
                              obj/default/http.o (fclose)
/OPT/altera/12.1/nios2eds/bin/gnu/H-i686-pc-linux-gnu/bin/../lib/gcc/nios2-elf/4.1.2/../../../../nios2-elf/lib/libc.a(lib_a-fflush.o)
                              /OPT/altera/12.1/nios2eds/bin/gnu/H-i686-pc-linux-gnu/bin/../lib/gcc/nios2-elf/4.1.2/../../../../nios2-elf/lib/libc.a(lib_a-fclose.o) (_fflush_r)
/OPT/altera/12.1/nios2eds/bin/gnu/H-i686-pc-linux-gnu/bin/../lib/gcc/nios2-elf/4.1.2/../../../../nios2-elf/lib/libc.a(lib_a-fgetpos.o)
                              obj/default/http.o (fgetpos)
/OPT/altera/12.1/nios2eds/bin/gnu/H-i686-pc-linux-gnu/bin/../lib/gcc/nios2-elf/4.1.2/../../../../nios2-elf/lib/libc.a(lib_a-findfp.o)
                              /OPT/altera/12.1/nios2eds/bin/gnu/H-i686-pc-linux-gnu/bin/../lib/gcc/nios2-elf/4.1.2/../../../../nios2-elf/lib/libc.a(lib_a-fclose.o) (__sfp_lock_acquire)
/OPT/altera/12.1/nios2eds/bin/gnu/H-i686-pc-linux-gnu/bin/../lib/gcc/nios2-elf/4.1.2/../../../../nios2-elf/lib/libc.a(lib_a-fopen.o)
                              obj/default/http.o (fopen)
/OPT/altera/12.1/nios2eds/bin/gnu/H-i686-pc-linux-gnu/bin/../lib/gcc/nios2-elf/4.1.2/../../../../nios2-elf/lib/libc.a(lib_a-fprintf.o)
                              obj/default/alt_error_handler.o (fprintf)
/OPT/altera/12.1/nios2eds/bin/gnu/H-i686-pc-linux-gnu/bin/../lib/gcc/nios2-elf/4.1.2/../../../../nios2-elf/lib/libc.a(lib_a-fread.o)
                              obj/default/http.o (fread)
/OPT/altera/12.1/nios2eds/bin/gnu/H-i686-pc-linux-gnu/bin/../lib/gcc/nios2-elf/4.1.2/../../../../nios2-elf/lib/libc.a(lib_a-freer.o)
                              /OPT/altera/12.1/nios2eds/bin/gnu/H-i686-pc-linux-gnu/bin/../lib/gcc/nios2-elf/4.1.2/../../../../nios2-elf/lib/libc.a(lib_a-fclose.o) (_free_r)
/OPT/altera/12.1/nios2eds/bin/gnu/H-i686-pc-linux-gnu/bin/../lib/gcc/nios2-elf/4.1.2/../../../../nios2-elf/lib/libc.a(lib_a-fseek.o)
                              /OPT/altera/12.1/nios2eds/bin/gnu/H-i686-pc-linux-gnu/bin/../lib/gcc/nios2-elf/4.1.2/../../../../nios2-elf/lib/libc.a(lib_a-fopen.o) (_fseek_r)
/OPT/altera/12.1/nios2eds/bin/gnu/H-i686-pc-linux-gnu/bin/../lib/gcc/nios2-elf/4.1.2/../../../../nios2-elf/lib/libc.a(lib_a-fstatr.o)
                              /OPT/altera/12.1/nios2eds/bin/gnu/H-i686-pc-linux-gnu/bin/../lib/gcc/nios2-elf/4.1.2/../../../../nios2-elf/lib/libc.a(lib_a-fseek.o) (_fstat_r)
/OPT/altera/12.1/nios2eds/bin/gnu/H-i686-pc-linux-gnu/bin/../lib/gcc/nios2-elf/4.1.2/../../../../nios2-elf/lib/libc.a(lib_a-ftell.o)
                              /OPT/altera/12.1/nios2eds/bin/gnu/H-i686-pc-linux-gnu/bin/../lib/gcc/nios2-elf/4.1.2/../../../../nios2-elf/lib/libc.a(lib_a-fgetpos.o) (_ftell_r)
/OPT/altera/12.1/nios2eds/bin/gnu/H-i686-pc-linux-gnu/bin/../lib/gcc/nios2-elf/4.1.2/../../../../nios2-elf/lib/libc.a(lib_a-fwalk.o)
                              /OPT/altera/12.1/nios2eds/bin/gnu/H-i686-pc-linux-gnu/bin/../lib/gcc/nios2-elf/4.1.2/../../../../nios2-elf/lib/libc.a(lib_a-fflush.o) (_fwalk_reent)
/OPT/altera/12.1/nios2eds/bin/gnu/H-i686-pc-linux-gnu/bin/../lib/gcc/nios2-elf/4.1.2/../../../../nios2-elf/lib/libc.a(lib_a-fwrite.o)
                              obj/default/alt_error_handler.o (fwrite)
/OPT/altera/12.1/nios2eds/bin/gnu/H-i686-pc-linux-gnu/bin/../lib/gcc/nios2-elf/4.1.2/../../../../nios2-elf/lib/libc.a(lib_a-impure.o)
                              obj/default/alt_error_handler.o (_impure_ptr)
/OPT/altera/12.1/nios2eds/bin/gnu/H-i686-pc-linux-gnu/bin/../lib/gcc/nios2-elf/4.1.2/../../../../nios2-elf/lib/libc.a(lib_a-int_errno.o)
                              /OPT/altera/12.1/nios2eds/bin/gnu/H-i686-pc-linux-gnu/bin/../lib/gcc/nios2-elf/4.1.2/../../../../nios2-elf/lib/libc.a(lib_a-fstatr.o) (errno)
/OPT/altera/12.1/nios2eds/bin/gnu/H-i686-pc-linux-gnu/bin/../lib/gcc/nios2-elf/4.1.2/../../../../nios2-elf/lib/libc.a(lib_a-makebuf.o)
                              /OPT/altera/12.1/nios2eds/bin/gnu/H-i686-pc-linux-gnu/bin/../lib/gcc/nios2-elf/4.1.2/../../../../nios2-elf/lib/libc.a(lib_a-fseek.o) (__smakebuf_r)
/OPT/altera/12.1/nios2eds/bin/gnu/H-i686-pc-linux-gnu/bin/../lib/gcc/nios2-elf/4.1.2/../../../../nios2-elf/lib/libc.a(lib_a-malloc.o)
                              obj/default/web_server.o (free)
[...]
Memory Configuration

Name             Origin             Length             Attributes
sdram_0          0x00800000         0x00800000
reset            0x01400000         0x00000020
generic_tristate_controller_0 0x01400020         0x003fffe0
onchip_memory2_0_BEFORE_EXCEPTION 0x01884000         0x00000020
onchip_memory2_0 0x01884020         0x00003fe0
*default*        0x00000000         0xffffffff

Linker script and memory map

LOAD ../Webserver_VGA_bsp//obj/HAL/src/crt0.o
LOAD obj/default/alt_error_handler.o
LOAD obj/default/dm9000a.o
LOAD obj/default/http.o
LOAD obj/default/network_utilities.o
LOAD obj/default/srec_flash.o
LOAD obj/default/web_server.o
LOAD /OPT/altera/12.1/nios2eds/bin/gnu/H-i686-pc-linux-gnu/bin/../lib/gcc/nios2-elf/4.1.2/../../../../nios2-elf/lib/libstdc++.a
LOAD /OPT/altera/12.1/nios2eds/bin/gnu/H-i686-pc-linux-gnu/bin/../lib/gcc/nios2-elf/4.1.2/../../../../nios2-elf/lib/libm.a
LOAD /OPT/altera/12.1/nios2eds/bin/gnu/H-i686-pc-linux-gnu/bin/../lib/gcc/nios2-elf/4.1.2/libgcc.a
START GROUP
LOAD /OPT/altera/12.1/nios2eds/bin/gnu/H-i686-pc-linux-gnu/bin/../lib/gcc/nios2-elf/4.1.2/../../../../nios2-elf/lib/libc.a
LOAD /OPT/altera/12.1/nios2eds/bin/gnu/H-i686-pc-linux-gnu/bin/../lib/gcc/nios2-elf/4.1.2/libgcc.a
LOAD ../Webserver_VGA_bsp//libucosii_bsp.a
END GROUP
LOAD /OPT/altera/12.1/nios2eds/bin/gnu/H-i686-pc-linux-gnu/bin/../lib/gcc/nios2-elf/4.1.2/libgcc.a
                0x00800000                __alt_mem_sdram_0 = 0x800000
                0x01400000                __alt_mem_generic_tristate_controller_0 = 0x1400000
                0x01884000                __alt_mem_onchip_memory2_0 = 0x1884000

.entry          0x01400000        0x0
 *(.entry)
 .entry         0x01400000        0x0 ../Webserver_VGA_bsp//obj/HAL/src/crt0.o
                0x01400000                __reset

.exceptions     0x01884020      0x19c
                0x01884020                PROVIDE (__ram_exceptions_start, ABSOLUTE (.))
                0x01884020                . = ALIGN (0x20)
 *(.irq)
 *(.exceptions.entry.label)
 .exceptions.entry.label
                0x01884020        0x0 ../Webserver_VGA_bsp//libucosii_bsp.a(alt_irq_entry.o)
                0x01884020                alt_irq_entry
 .exceptions.entry.label
                0x01884020        0x0 ../Webserver_VGA_bsp//libucosii_bsp.a(alt_exception_entry.o)
                0x01884020                alt_exception
 *(.exceptions.entry.user)
 *(.exceptions.entry)
 .exceptions.entry
                0x01884020       0x54 ../Webserver_VGA_bsp//libucosii_bsp.a(alt_exception_entry.o)
 *(.exceptions.irqtest.user)
 *(.exceptions.irqtest)
 .exceptions.irqtest
                0x01884074       0x10 ../Webserver_VGA_bsp//libucosii_bsp.a(alt_irq_entry.o)
 *(.exceptions.irqhandler.user)
 *(.exceptions.irqhandler)
 .exceptions.irqhandler
                0x01884084        0x4 ../Webserver_VGA_bsp//libucosii_bsp.a(alt_irq_entry.o)
 *(.exceptions.irqreturn.user)
 *(.exceptions.irqreturn)
 .exceptions.irqreturn
                0x01884088        0x4 ../Webserver_VGA_bsp//libucosii_bsp.a(alt_irq_entry.o)
 *(.exceptions.notirq.label)
 .exceptions.notirq.label
                0x0188408c        0x0 ../Webserver_VGA_bsp//libucosii_bsp.a(alt_irq_entry.o)
 *(.exceptions.notirq.user)
 *(.exceptions.notirq)
 .exceptions.notirq
                0x0188408c        0x8 ../Webserver_VGA_bsp//libucosii_bsp.a(alt_exception_entry.o)
 *(.exceptions.soft.user)
 *(.exceptions.soft)
 *(.exceptions.unknown.user)
 *(.exceptions.unknown)
 .exceptions.unknown
                0x01884094        0x4 ../Webserver_VGA_bsp//libucosii_bsp.a(alt_exception_entry.o)
 *(.exceptions.exit.label)
 .exceptions.exit.label
                0x01884098        0x0 ../Webserver_VGA_bsp//libucosii_bsp.a(alt_irq_entry.o)
 .exceptions.exit.label
                0x01884098        0x0 ../Webserver_VGA_bsp//libucosii_bsp.a(alt_exception_entry.o)
 *(.exceptions.exit.user)
 *(.exceptions.exit)
 .exceptions.exit
                0x01884098       0x54 ../Webserver_VGA_bsp//libucosii_bsp.a(alt_exception_entry.o)
 *(.exceptions)
 .exceptions    0x018840ec       0xd0 ../Webserver_VGA_bsp//libucosii_bsp.a(alt_irq_handler.o)
                0x018840ec                alt_irq_handler
                0x018841bc                PROVIDE (__ram_exceptions_end, ABSOLUTE (.))
                0x01884020                PROVIDE (__flash_exceptions_start, LOADADDR (.exceptions))

.text           0x00800000    0x5067c
                0x00800000                PROVIDE (stext, ABSOLUTE (.))
 *(.interp)
 *(.hash)
 *(.dynsym)
 *(.dynstr)
 *(.gnu.version)
 *(.gnu.version_d)
 *(.gnu.version_r)
 *(.rel.init)
 *(.rela.init)
 *(.rel.text .rel.text.* .rel.gnu.linkonce.t.*)
 *(.rela.text .rela.text.* .rela.gnu.linkonce.t.*)
 *(.rel.fini)
 *(.rela.fini)
 *(.rel.rodata .rel.rodata.* .rel.gnu.linkonce.r.*)
 *(.rela.rodata .rela.rodata.* .rela.gnu.linkonce.r.*)
 *(.rel.data .rel.data.* .rel.gnu.linkonce.d.*)
 *(.rela.data .rela.data.* .rela.gnu.linkonce.d.*)
 *(.rel.tdata .rel.tdata.* .rel.gnu.linkonce.td.*)
 *(.rela.tdata .rela.tdata.* .rela.gnu.linkonce.td.*)
 *(.rel.tbss .rel.tbss.* .rel.gnu.linkonce.tb.*)
 *(.rela.tbss .rela.tbss.* .rela.gnu.linkonce.tb.*)
 *(.rel.ctors)
 *(.rela.ctors)
 *(.rel.dtors)
 *(.rela.dtors)
 *(.rel.got)
 *(.rela.got)
 *(.rel.sdata .rel.sdata.* .rel.gnu.linkonce.s.*)
 *(.rela.sdata .rela.sdata.* .rela.gnu.linkonce.s.*)
 *(.rel.sbss .rel.sbss.* .rel.gnu.linkonce.sb.*)
 *(.rela.sbss .rela.sbss.* .rela.gnu.linkonce.sb.*)
 *(.rel.sdata2 .rel.sdata2.* .rel.gnu.linkonce.s2.*)
 *(.rela.sdata2 .rela.sdata2.* .rela.gnu.linkonce.s2.*)
 *(.rel.sbss2 .rel.sbss2.* .rel.gnu.linkonce.sb2.*)
 *(.rela.sbss2 .rela.sbss2.* .rela.gnu.linkonce.sb2.*)
 *(.rel.bss .rel.bss.* .rel.gnu.linkonce.b.*)
 *(.rela.bss .rela.bss.* .rela.gnu.linkonce.b.*)
 *(.rel.plt)
 *(.rela.plt)
 *(.rel.dyn)
 *(.init)
 *(.plt)
 *(.text .stub .text.* .gnu.linkonce.t.*)
 .text          0x00800000       0x48 ../Webserver_VGA_bsp//obj/HAL/src/crt0.o
                0x00800000                _start
 .text          0x00800048      0x624 obj/default/alt_error_handler.o
                0x00800048                alt_uCOSIIErrorHandler
 .text          0x0080066c      0xdf0 obj/default/dm9000a.o
                0x0080066c                dm9000a_iow
                0x008006c0                dm9000a_ior
                0x0080070c                phy_write
                0x008007a8                dm9000a_reset
                0x0080096c                TransmitPacket
                0x00800a88                prep_dm9000a
                0x00800c4c                dm9000a_init
                0x0080109c                dm9Ka_isr_wrap
                0x008010dc                dm9ka_init
                0x008011d4                dm9ka_close
                0x008012e4                dm9ka_stats
                0x00801340                dm9ka_pkt_send
 .text          0x0080145c     0x284c obj/default/http.o
                0x0080145c                print
                0x0080148c                sweep
                0x00801574                http_cleanup_lcd_text
                0x008015f8                lcd_output
                0x008016c0                http_parse_multipart_header
                0x00801910                file_upload
                0x00801b74                ProgFlashStub
                0x00801bc4                http_reset_connection
                0x00801cb4                http_manage_connection
                0x00801e60                http_handle_accept
                0x00801f88                http_read_line
                0x00802038                http_parse_type_boundary
                0x00802124                http_process_headers
                0x00802358                http_process_request
                0x0080264c                http_send_file_chunk
                0x008027f8                http_send_file_header
                0x00802f38                http_find_file
                0x008031b4                http_send_redirect
                0x008031e8                http_handle_post
                0x008034e0                http_prepare_response
                0x00803554                http_handle_receive
                0x00803910                http_handle_transmit
                0x00803970                WSTask
 .text          0x00803ca8      0x7b8 obj/default/network_utilities.o
                0x00803ca8                die_with_error
                0x00803cd8                get_serial_number
                0x00803dec                generate_and_store_mac_addr
                0x00803f98                generate_mac_addr
                0x008040d4                get_board_mac_addr
                0x00804268                get_mac_addr
                0x008042c0                get_ip_addr
                0x0080431c                FindLastFlashSectorOffset
 .text          0x00804460      0x820 obj/default/srec_flash.o
                0x00804460                ProgFlash
                0x00804704                ParseAndProgramLine
                0x008049c0                ParseSRECBuf
 .text          0x00804c80      0x978 obj/default/web_server.o
                0x00804c80                load_bmp
                0x00804e24                draw_bitmap
                0x00804ecc                lcd_ip_addr
                0x008050c4                WSInitialTask
                0x00805140                main
                0x00805478                lcd_output_text
                0x008054e4                board_control_task
                0x0080557c                LED_task
 .text          0x008055f8      0x14c /OPT/altera/12.1/nios2eds/bin/gnu/H-i686-pc-linux-gnu/bin/../lib/gcc/nios2-elf/4.1.2/libgcc.a(lib2-divmod.o)
                0x00805674                __divsi3
                0x008056d4                __modsi3
                0x00805734                __udivsi3
                0x0080573c                __umodsi3
 .text          0x00805744       0x18 /OPT/altera/12.1/nios2eds/bin/gnu/H-i686-pc-linux-gnu/bin/../lib/gcc/nios2-elf/4.1.2/../../../../nios2-elf/lib/libc.a(lib_a-atoi.o)
                0x00805744                _atoi_r
                0x00805750                atoi
 .text          0x0080575c        0x0 /OPT/altera/12.1/nios2eds/bin/gnu/H-i686-pc-linux-gnu/bin/../lib/gcc/nios2-elf/4.1.2/../../../../nios2-elf/lib/libc.a(lib_a-ctype_.o)
 .text          0x0080575c      0x124 /OPT/altera/12.1/nios2eds/bin/gnu/H-i686-pc-linux-gnu/bin/../lib/gcc/nios2-elf/4.1.2/../../../../nios2-elf/lib/libc.a(lib_a-fclose.o)
                0x0080575c                _fclose_r
                0x0080586c                fclose
 .text          0x00805880      0x230 /OPT/altera/12.1/nios2eds/bin/gnu/H-i686-pc-linux-gnu/bin/../lib/gcc/nios2-elf/4.1.2/../../../../nios2-elf/lib/libc.a(lib_a-fflush.o)
                0x00805880                _fflush_r
                0x00805a7c                fflush
 .text          0x00805ab0       0x48 /OPT/altera/12.1/nios2eds/bin/gnu/H-i686-pc-linux-gnu/bin/../lib/gcc/nios2-elf/4.1.2/../../../../nios2-elf/lib/libc.a(lib_a-fgetpos.o)
                0x00805ab0                _fgetpos_r
                0x00805adc                fgetpos
 .text          0x00805af8      0x2c0 /OPT/altera/12.1/nios2eds/bin/gnu/H-i686-pc-linux-gnu/bin/../lib/gcc/nios2-elf/4.1.2/../../../../nios2-elf/lib/libc.a(lib_a-findfp.o)
                0x00805b50                __sfp_lock_acquire
                0x00805b54                __sfp_lock_release
                0x00805b58                __sinit_lock_acquire
                0x00805b5c                __sinit_lock_release
                0x00805b60                __sinit
                0x00805c14                __fp_unlock_all
                0x00805c2c                __fp_lock_all
                0x00805c44                _cleanup_r
                0x00805c50                _cleanup
                0x00805c60                __sfmoreglue
                0x00805cc8                __sfp
 .text          0x00805db8      0x110 /OPT/altera/12.1/nios2eds/bin/gnu/H-i686-pc-linux-gnu/bin/../lib/gcc/nios2-elf/4.1.2/../../../../nios2-elf/lib/libc.a(lib_a-fopen.o)
                0x00805db8                _fopen_r
                0x00805eac                fopen
 .text          0x00805ec8       0x60 /OPT/altera/12.1/nios2eds/bin/gnu/H-i686-pc-linux-gnu/bin/../lib/gcc/nios2-elf/4.1.2/../../../../nios2-elf/lib/libc.a(lib_a-fprintf.o)
                0x00805ec8                fprintf
                0x00805ef4                _fprintf_r
 .text          0x00805f28      0x23c /OPT/altera/12.1/nios2eds/bin/gnu/H-i686-pc-linux-gnu/bin/../lib/gcc/nios2-elf/4.1.2/../../../../nios2-elf/lib/libc.a(lib_a-fread.o)
                0x00805f28                _fread_r
                0x00806124                fread
 .text          0x00806164      0x440 /OPT/altera/12.1/nios2eds/bin/gnu/H-i686-pc-linux-gnu/bin/../lib/gcc/nios2-elf/4.1.2/../../../../nios2-elf/lib/libc.a(lib_a-freer.o)
                0x00806164                _malloc_trim_r
                0x00806290                _free_r
 .text          0x008065a4      0x460 /OPT/altera/12.1/nios2eds/bin/gnu/H-i686-pc-linux-gnu/bin/../lib/gcc/nios2-elf/4.1.2/../../../../nios2-elf/lib/libc.a(lib_a-fseek.o)
                0x008065a4                _fseek_r
                0x008069e0                fseek
 .text          0x00806a04       0x74 /OPT/altera/12.1/nios2eds/bin/gnu/H-i686-pc-linux-gnu/bin/../lib/gcc/nios2-elf/4.1.2/../../../../nios2-elf/lib/libc.a(lib_a-fstatr.o)
                0x00806a04                _fstat_r
 .text          0x00806a78      0x10c /OPT/altera/12.1/nios2eds/bin/gnu/H-i686-pc-linux-gnu/bin/../lib/gcc/nios2-elf/4.1.2/../../../../nios2-elf/lib/libc.a(lib_a-ftell.o)
                0x00806a78                _ftell_r
                0x00806b70                ftell
 .text          0x00806b84      0x180 /OPT/altera/12.1/nios2eds/bin/gnu/H-i686-pc-linux-gnu/bin/../lib/gcc/nios2-elf/4.1.2/../../../../nios2-elf/lib/libc.a(lib_a-fwalk.o)
                0x00806b84                _fwalk_reent
                0x00806c4c                _fwalk
 .text          0x00806d04       0xdc /OPT/altera/12.1/nios2eds/bin/gnu/H-i686-pc-linux-gnu/bin/../lib/gcc/nios2-elf/4.1.2/../../../../nios2-elf/lib/libc.a(lib_a-fwrite.o)
                0x00806d04                _fwrite_r
                0x00806da0                fwrite
 .text          0x00806de0        0x0 /OPT/altera/12.1/nios2eds/bin/gnu/H-i686-pc-linux-gnu/bin/../lib/gcc/nios2-elf/4.1.2/../../../../nios2-elf/lib/libc.a(lib_a-impure.o)
 .text          0x00806de0        0x0 /OPT/altera/12.1/nios2eds/bin/gnu/H-i686-pc-linux-gnu/bin/../lib/gcc/nios2-elf/4.1.2/../../../../nios2-elf/lib/libc.a(lib_a-int_errno.o)
 .text          0x00806de0      0x194 /OPT/altera/12.1/nios2eds/bin/gnu/H-i686-pc-linux-gnu/bin/../lib/gcc/nios2-elf/4.1.2/../../../../nios2-elf/lib/libc.a(lib_a-makebuf.o)
                0x00806de0                __smakebuf_r
 .text          0x00806f74       0x28 /OPT/altera/12.1/nios2eds/bin/gnu/H-i686-pc-linux-gnu/bin/../lib/gcc/nios2-elf/4.1.2/../../../../nios2-elf/lib/libc.a(lib_a-malloc.o)
                0x00806f74                free
                0x00806f88                malloc
 .text          0x00806f9c      0x740 /OPT/altera/12.1/nios2eds/bin/gnu/H-i686-pc-linux-gnu/bin/../lib/gcc/nios2-elf/4.1.2/../../../../nios2-elf/lib/libc.a(lib_a-mallocr.o)
                0x00806f9c                _malloc_r
 .text          0x008076dc       0xa0 /OPT/altera/12.1/nios2eds/bin/gnu/H-i686-pc-linux-gnu/bin/../lib/gcc/nios2-elf/4.1.2/../../../../nios2-elf/lib/libc.a(lib_a-memcpy.o)
                0x008076dc                memcpy
 .text          0x0080777c       0xe0 /OPT/altera/12.1/nios2eds/bin/gnu/H-i686-pc-linux-gnu/bin/../lib/gcc/nios2-elf/4.1.2/../../../../nios2-elf/lib/libc.a(lib_a-memmove.o)
                0x0080777c                memmove
 .text          0x0080785c       0x98 /OPT/altera/12.1/nios2eds/bin/gnu/H-i686-pc-linux-gnu/bin/../lib/gcc/nios2-elf/4.1.2/../../../../nios2-elf/lib/libc.a(lib_a-memset.o)
                0x0080785c                memset
 .text          0x008078f4       0x78 /OPT/altera/12.1/nios2eds/bin/gnu/H-i686-pc-linux-gnu/bin/../lib/gcc/nios2-elf/4.1.2/../../../../nios2-elf/lib/libc.a(lib_a-openr.o)
                0x008078f4                _open_r
 .text          0x0080796c       0x80 /OPT/altera/12.1/nios2eds/bin/gnu/H-i686-pc-linux-gnu/bin/../lib/gcc/nios2-elf/4.1.2/../../../../nios2-elf/lib/libc.a(lib_a-perror.o)
                0x0080796c                _perror_r
                0x008079d8                perror
 .text          0x008079ec       0x78 /OPT/altera/12.1/nios2eds/bin/gnu/H-i686-pc-linux-gnu/bin/../lib/gcc/nios2-elf/4.1.2/../../../../nios2-elf/lib/libc.a(lib_a-printf.o)
                0x008079ec                printf
                0x00807a30                _printf_r
 .text          0x00807a64       0xb4 /OPT/altera/12.1/nios2eds/bin/gnu/H-i686-pc-linux-gnu/bin/../lib/gcc/nios2-elf/4.1.2/../../../../nios2-elf/lib/libc.a(lib_a-puts.o)
                0x00807a64                _puts_r
                0x00807b04                puts
 .text          0x00807b18      0x1e0 /OPT/altera/12.1/nios2eds/bin/gnu/H-i686-pc-linux-gnu/bin/../lib/gcc/nios2-elf/4.1.2/../../../../nios2-elf/lib/libc.a(lib_a-refill.o)
                0x00807b18                __srefill_r
 .text          0x00807cf8       0x70 /OPT/altera/12.1/nios2eds/bin/gnu/H-i686-pc-linux-gnu/bin/../lib/gcc/nios2-elf/4.1.2/../../../../nios2-elf/lib/libc.a(lib_a-sbrkr.o)
                0x00807cf8                _sbrk_r
 .text          0x00807d68      0x170 /OPT/altera/12.1/nios2eds/bin/gnu/H-i686-pc-linux-gnu/bin/../lib/gcc/nios2-elf/4.1.2/../../../../nios2-elf/lib/libc.a(lib_a-snprintf.o)
                0x00807d68                snprintf
                0x00807e24                _snprintf_r
 .text          0x00807ed8       0xd4 /OPT/altera/12.1/nios2eds/bin/gnu/H-i686-pc-linux-gnu/bin/../lib/gcc/nios2-elf/4.1.2/../../../../nios2-elf/lib/libc.a(lib_a-sprintf.o)
                0x00807ed8                sprintf
                0x00807f4c                _sprintf_r
 .text          0x00807fac      0x114 /OPT/altera/12.1/nios2eds/bin/gnu/H-i686-pc-linux-gnu/bin/../lib/gcc/nios2-elf/4.1.2/../../../../nios2-elf/lib/libc.a(lib_a-sscanf.o)
                0x00807fb4                _sscanf_r
                0x0080803c                sscanf
 .text          0x008080c0      0x14c /OPT/altera/12.1/nios2eds/bin/gnu/H-i686-pc-linux-gnu/bin/../lib/gcc/nios2-elf/4.1.2/../../../../nios2-elf/lib/libc.a(lib_a-stdio.o)
                0x008080c0                __sclose
                0x008080c8                __sseek
                0x00808130                __swrite
                0x008081ac                __sread
 .text          0x0080820c       0xb0 /OPT/altera/12.1/nios2eds/bin/gnu/H-i686-pc-linux-gnu/bin/../lib/gcc/nios2-elf/4.1.2/../../../../nios2-elf/lib/libc.a(lib_a-strcasecmp.o)
                0x0080820c                strcasecmp
 .text          0x008082bc       0x90 /OPT/altera/12.1/nios2eds/bin/gnu/H-i686-pc-linux-gnu/bin/../lib/gcc/nios2-elf/4.1.2/../../../../nios2-elf/lib/libc.a(lib_a-strcat.o)
                0x008082bc                strcat
 .text          0x0080834c       0xe0 /OPT/altera/12.1/nios2eds/bin/gnu/H-i686-pc-linux-gnu/bin/../lib/gcc/nios2-elf/4.1.2/../../../../nios2-elf/lib/libc.a(lib_a-strchr.o)
                0x0080834c                strchr
 .text          0x0080842c       0xbc /OPT/altera/12.1/nios2eds/bin/gnu/H-i686-pc-linux-gnu/bin/../lib/gcc/nios2-elf/4.1.2/../../../../nios2-elf/lib/libc.a(lib_a-strcmp.o)
                0x0080842c                strcmp
 .text          0x008084e8       0x8c /OPT/altera/12.1/nios2eds/bin/gnu/H-i686-pc-linux-gnu/bin/../lib/gcc/nios2-elf/4.1.2/../../../../nios2-elf/lib/libc.a(lib_a-strcpy.o)
                0x008084e8                strcpy
 .text          0x00808574      0x674 /OPT/altera/12.1/nios2eds/bin/gnu/H-i686-pc-linux-gnu/bin/../lib/gcc/nios2-elf/4.1.2/../../../../nios2-elf/lib/libc.a(lib_a-strerror.o)
                0x00808574                strerror
 .text          0x00808be8       0x74 /OPT/altera/12.1/nios2eds/bin/gnu/H-i686-pc-linux-gnu/bin/../lib/gcc/nios2-elf/4.1.2/../../../../nios2-elf/lib/libc.a(lib_a-strlen.o)
                0x00808be8                strlen
 .text          0x00808c5c       0xf0 /OPT/altera/12.1/nios2eds/bin/gnu/H-i686-pc-linux-gnu/bin/../lib/gcc/nios2-elf/4.1.2/../../../../nios2-elf/lib/libc.a(lib_a-strncmp.o)
                0x00808c5c                strncmp
 .text          0x00808d4c       0xbc /OPT/altera/12.1/nios2eds/bin/gnu/H-i686-pc-linux-gnu/bin/../lib/gcc/nios2-elf/4.1.2/../../../../nios2-elf/lib/libc.a(lib_a-strncpy.o)
                0x00808d4c                strncpy
 .text          0x00808e08      0x794 /OPT/altera/12.1/nios2eds/bin/gnu/H-i686-pc-linux-gnu/bin/../lib/gcc/nios2-elf/4.1.2/../../../../nios2-elf/lib/libc.a(lib_a-strstr.o)
                0x00808f3c                strstr
 .text          0x0080959c       0x18 /OPT/altera/12.1/nios2eds/bin/gnu/H-i686-pc-linux-gnu/bin/../lib/gcc/nios2-elf/4.1.2/../../../../nios2-elf/lib/libc.a(lib_a-strtok.o)
                0x0080959c                strtok
 .text          0x008095b4       0xac /OPT/altera/12.1/nios2eds/bin/gnu/H-i686-pc-linux-gnu/bin/../lib/gcc/nios2-elf/4.1.2/../../../../nios2-elf/lib/libc.a(lib_a-strtok_r.o)
                0x008095b4                __strtok_r
                0x00809658                strtok_r
 .text          0x00809660      0x268 /OPT/altera/12.1/nios2eds/bin/gnu/H-i686-pc-linux-gnu/bin/../lib/gcc/nios2-elf/4.1.2/../../../../nios2-elf/lib/libc.a(lib_a-strtol.o)
                0x00809660                _strtol_r
                0x008098a4                strtol
 .text          0x008098c8        0x8 /OPT/altera/12.1/nios2eds/bin/gnu/H-i686-pc-linux-gnu/bin/../lib/gcc/nios2-elf/4.1.2/../../../../nios2-elf/lib/libc.a(lib_a-u_strerr.o)
                0x008098c8                _user_strerror
 .text          0x008098d0     0x1f28 /OPT/altera/12.1/nios2eds/bin/gnu/H-i686-pc-linux-gnu/bin/../lib/gcc/nios2-elf/4.1.2/../../../../nios2-elf/lib/libc.a(lib_a-vfprintf.o)
                0x00809928                ___vfprintf_internal_r
                0x0080b7d4                __vfprintf_internal
 .text          0x0080b7f8     0x1780 /OPT/altera/12.1/nios2eds/bin/gnu/H-i686-pc-linux-gnu/bin/../lib/gcc/nios2-elf/4.1.2/../../../../nios2-elf/lib/libc.a(lib_a-vfscanf.o)
                0x0080b7f8                __svfscanf_r
                0x0080ce78                __svfscanf
                0x0080ce9c                _vfscanf_r
                0x0080cf04                vfscanf
 .text          0x0080cf78       0x78 /OPT/altera/12.1/nios2eds/bin/gnu/H-i686-pc-linux-gnu/bin/../lib/gcc/nios2-elf/4.1.2/../../../../nios2-elf/lib/libc.a(lib_a-writer.o)
                0x0080cf78                _write_r
 .text          0x0080cff0      0x13c /OPT/altera/12.1/nios2eds/bin/gnu/H-i686-pc-linux-gnu/bin/../lib/gcc/nios2-elf/4.1.2/../../../../nios2-elf/lib/libc.a(lib_a-wsetup.o)
                0x0080cff0                __swsetup_r
 .text          0x0080d12c       0x70 /OPT/altera/12.1/nios2eds/bin/gnu/H-i686-pc-linux-gnu/bin/../lib/gcc/nios2-elf/4.1.2/../../../../nios2-elf/lib/libc.a(lib_a-closer.o)
                0x0080d12c                _close_r
 .text          0x0080d19c     0x17cc /OPT/altera/12.1/nios2eds/bin/gnu/H-i686-pc-linux-gnu/bin/../lib/gcc/nios2-elf/4.1.2/../../../../nios2-elf/lib/libc.a(lib_a-dtoa.o)
                0x0080d3b4                _dtoa_r
 .text          0x0080e968       0xa0 /OPT/altera/12.1/nios2eds/bin/gnu/H-i686-pc-linux-gnu/bin/../lib/gcc/nios2-elf/4.1.2/../../../../nios2-elf/lib/libc.a(lib_a-flags.o)
                0x0080e968                __sflags
 .text          0x0080ea08       0xbc /OPT/altera/12.1/nios2eds/bin/gnu/H-i686-pc-linux-gnu/bin/../lib/gcc/nios2-elf/4.1.2/../../../../nios2-elf/lib/libc.a(lib_a-fputc.o)
                0x0080ea08                fputc
                0x0080ea6c                _fputc_r
 .text          0x0080eac4       0x90 /OPT/altera/12.1/nios2eds/bin/gnu/H-i686-pc-linux-gnu/bin/../lib/gcc/nios2-elf/4.1.2/../../../../nios2-elf/lib/libc.a(lib_a-fputs.o)
                0x0080eac4                _fputs_r
                0x0080eb38                fputs
 .text          0x0080eb54      0x49c /OPT/altera/12.1/nios2eds/bin/gnu/H-i686-pc-linux-gnu/bin/../lib/gcc/nios2-elf/4.1.2/../../../../nios2-elf/lib/libc.a(lib_a-fvwrite.o)
                0x0080eb54                __sfvwrite_r
 .text          0x0080eff0       0x70 /OPT/altera/12.1/nios2eds/bin/gnu/H-i686-pc-linux-gnu/bin/../lib/gcc/nios2-elf/4.1.2/../../../../nios2-elf/lib/libc.a(lib_a-isattyr.o)
                0x0080eff0                _isatty_r
 .text          0x0080f060       0x2c /OPT/altera/12.1/nios2eds/bin/gnu/H-i686-pc-linux-gnu/bin/../lib/gcc/nios2-elf/4.1.2/../../../../nios2-elf/lib/libc.a(lib_a-iswspace.o)
                0x0080f060                iswspace
 .text          0x0080f08c       0xc4 /OPT/altera/12.1/nios2eds/bin/gnu/H-i686-pc-linux-gnu/bin/../lib/gcc/nios2-elf/4.1.2/../../../../nios2-elf/lib/libc.a(lib_a-locale.o)
                0x0080f08c                __locale_charset
                0x0080f094                _localeconv_r
                0x0080f0a0                localeconv
                0x0080f0b0                _setlocale_r
                0x0080f134                setlocale
 .text          0x0080f150       0x78 /OPT/altera/12.1/nios2eds/bin/gnu/H-i686-pc-linux-gnu/bin/../lib/gcc/nios2-elf/4.1.2/../../../../nios2-elf/lib/libc.a(lib_a-lseekr.o)
                0x0080f150                _lseek_r
 .text          0x0080f1c8       0xc0 /OPT/altera/12.1/nios2eds/bin/gnu/H-i686-pc-linux-gnu/bin/../lib/gcc/nios2-elf/4.1.2/../../../../nios2-elf/lib/libc.a(lib_a-mbrtowc.o)
                0x0080f1c8                _mbrtowc_r
                0x0080f248                mbrtowc
 .text          0x0080f288       0x40 /OPT/altera/12.1/nios2eds/bin/gnu/H-i686-pc-linux-gnu/bin/../lib/gcc/nios2-elf/4.1.2/../../../../nios2-elf/lib/libc.a(lib_a-mbtowc_r.o)
                0x0080f288                _mbtowc_r
 .text          0x0080f2c8       0xe4 /OPT/altera/12.1/nios2eds/bin/gnu/H-i686-pc-linux-gnu/bin/../lib/gcc/nios2-elf/4.1.2/../../../../nios2-elf/lib/libc.a(lib_a-memchr.o)
                0x0080f2c8                memchr
 .text          0x0080f3ac       0x74 /OPT/altera/12.1/nios2eds/bin/gnu/H-i686-pc-linux-gnu/bin/../lib/gcc/nios2-elf/4.1.2/../../../../nios2-elf/lib/libc.a(lib_a-memcmp.o)
                0x0080f3ac                memcmp
 .text          0x0080f420      0xff4 /OPT/altera/12.1/nios2eds/bin/gnu/H-i686-pc-linux-gnu/bin/../lib/gcc/nios2-elf/4.1.2/../../../../nios2-elf/lib/libc.a(lib_a-mprec.o)
                0x0080f420                _Bfree
                0x0080f448                __hi0bits
                0x0080f4b8                __lo0bits
                0x0080f57c                __mcmp
                0x0080f5dc                __ulp
                0x0080f65c                __b2d
                0x0080f77c                __ratio
                0x0080f82c                _mprec_log10
                0x0080f8c0                __copybits
                0x0080f918                __any_on
                0x0080f9a0                _Balloc
                0x0080fa5c                __d2b
                0x0080fbd8                __mdiff
                0x0080fd64                __lshift
                0x0080feb0                __multiply
                0x00810098                __i2b
                0x008100d4                __multadd
                0x008101d4                __pow5mult
                0x008102f4                __s2b
 .text          0x00810414      0x1ec /OPT/altera/12.1/nios2eds/bin/gnu/H-i686-pc-linux-gnu/bin/../lib/gcc/nios2-elf/4.1.2/../../../../nios2-elf/lib/libc.a(lib_a-putc.o)
                0x00810414                putc
                0x00810518                _putc_r
 .text          0x00810600       0x78 /OPT/altera/12.1/nios2eds/bin/gnu/H-i686-pc-linux-gnu/bin/../lib/gcc/nios2-elf/4.1.2/../../../../nios2-elf/lib/libc.a(lib_a-readr.o)
                0x00810600                _read_r
 .text          0x00810678      0x5f4 /OPT/altera/12.1/nios2eds/bin/gnu/H-i686-pc-linux-gnu/bin/../lib/gcc/nios2-elf/4.1.2/../../../../nios2-elf/lib/libc.a(lib_a-reallocr.o)
                0x00810678                _realloc_r
 .text          0x00810c6c       0x40 /OPT/altera/12.1/nios2eds/bin/gnu/H-i686-pc-linux-gnu/bin/../lib/gcc/nios2-elf/4.1.2/../../../../nios2-elf/lib/libc.a(lib_a-s_isinfd.o)
                0x00810c6c                __isinfd
 .text          0x00810cac       0x30 /OPT/altera/12.1/nios2eds/bin/gnu/H-i686-pc-linux-gnu/bin/../lib/gcc/nios2-elf/4.1.2/../../../../nios2-elf/lib/libc.a(lib_a-s_isnand.o)
                0x00810cac                __isnand
 .text          0x00810cdc       0xc0 /OPT/altera/12.1/nios2eds/bin/gnu/H-i686-pc-linux-gnu/bin/../lib/gcc/nios2-elf/4.1.2/../../../../nios2-elf/lib/libc.a(lib_a-sccl.o)
                0x00810cdc                __sccl
 .text          0x00810d9c        0x8 /OPT/altera/12.1/nios2eds/bin/gnu/H-i686-pc-linux-gnu/bin/../lib/gcc/nios2-elf/4.1.2/../../../../nios2-elf/lib/libc.a(lib_a-sf_nan.o)
                0x00810d9c                nanf
 .text          0x00810da4     0x166c /OPT/altera/12.1/nios2eds/bin/gnu/H-i686-pc-linux-gnu/bin/../lib/gcc/nios2-elf/4.1.2/../../../../nios2-elf/lib/libc.a(lib_a-strtod.o)
                0x00810dec                _strtod_r
                0x008122d0                strtof
                0x008123f4                strtod
 .text          0x00812410      0x318 /OPT/altera/12.1/nios2eds/bin/gnu/H-i686-pc-linux-gnu/bin/../lib/gcc/nios2-elf/4.1.2/../../../../nios2-elf/lib/libc.a(lib_a-strtoll_r.o)
                0x00812410                _strtoll_r
 .text          0x00812728      0x254 /OPT/altera/12.1/nios2eds/bin/gnu/H-i686-pc-linux-gnu/bin/../lib/gcc/nios2-elf/4.1.2/../../../../nios2-elf/lib/libc.a(lib_a-strtoul.o)
                0x00812728                _strtoul_r
                0x00812958                strtoul
 .text          0x0081297c      0x2f0 /OPT/altera/12.1/nios2eds/bin/gnu/H-i686-pc-linux-gnu/bin/../lib/gcc/nios2-elf/4.1.2/../../../../nios2-elf/lib/libc.a(lib_a-strtoull_r.o)
                0x0081297c                _strtoull_r
 .text          0x00812c6c      0x294 /OPT/altera/12.1/nios2eds/bin/gnu/H-i686-pc-linux-gnu/bin/../lib/gcc/nios2-elf/4.1.2/../../../../nios2-elf/lib/libc.a(lib_a-ungetc.o)
                0x00812c6c                __submore
                0x00812d48                _ungetc_r
                0x00812ee4                ungetc
 .text          0x00812f00      0x14c /OPT/altera/12.1/nios2eds/bin/gnu/H-i686-pc-linux-gnu/bin/../lib/gcc/nios2-elf/4.1.2/../../../../nios2-elf/lib/libc.a(lib_a-wbuf.o)
                0x00812f00                __swbuf_r
                0x00813030                __swbuf
 .text          0x0081304c       0xb4 /OPT/altera/12.1/nios2eds/bin/gnu/H-i686-pc-linux-gnu/bin/../lib/gcc/nios2-elf/4.1.2/../../../../nios2-elf/lib/libc.a(lib_a-callocr.o)
                0x0081304c                _calloc_r
 .text          0x00813100      0x8f4 /OPT/altera/12.1/nios2eds/bin/gnu/H-i686-pc-linux-gnu/bin/../lib/gcc/nios2-elf/4.1.2/../../../../nios2-elf/lib/libc.a(lib_a-gdtoa-gethex.o)
                0x00813124                __hexdig_init
                0x0081323c                __gethex
 .text          0x008139f4      0x294 /OPT/altera/12.1/nios2eds/bin/gnu/H-i686-pc-linux-gnu/bin/../lib/gcc/nios2-elf/4.1.2/../../../../nios2-elf/lib/libc.a(lib_a-gdtoa-hexnan.o)
                0x00813a40                __hexnan
 .text          0x00813c88       0x98 /OPT/altera/12.1/nios2eds/bin/gnu/H-i686-pc-linux-gnu/bin/../lib/gcc/nios2-elf/4.1.2/libgcc.a(_muldi3.o)
                0x00813c88                __muldi3
 .text          0x00813d20       0xa4 /OPT/altera/12.1/nios2eds/bin/gnu/H-i686-pc-linux-gnu/bin/../lib/gcc/nios2-elf/4.1.2/libgcc.a(_fixunsdfsi.o)
                0x00813d20                __fixunsdfsi
 .text          0x00813dc4      0x5dc /OPT/altera/12.1/nios2eds/bin/gnu/H-i686-pc-linux-gnu/bin/../lib/gcc/nios2-elf/4.1.2/libgcc.a(_udivdi3.o)
                0x00813dc4                __udivdi3
 .text          0x008143a0      0x5b0 /OPT/altera/12.1/nios2eds/bin/gnu/H-i686-pc-linux-gnu/bin/../lib/gcc/nios2-elf/4.1.2/libgcc.a(_umoddi3.o)
                0x008143a0                __umoddi3
 .text          0x00814950       0x78 /OPT/altera/12.1/nios2eds/bin/gnu/H-i686-pc-linux-gnu/bin/../lib/gcc/nios2-elf/4.1.2/libgcc.a(_ne_sf.o)
                0x00814950                __nesf2
 .text          0x008149c8       0x78 /OPT/altera/12.1/nios2eds/bin/gnu/H-i686-pc-linux-gnu/bin/../lib/gcc/nios2-elf/4.1.2/libgcc.a(_gt_sf.o)
                0x008149c8                __gtsf2
 .text          0x00814a40       0x78 /OPT/altera/12.1/nios2eds/bin/gnu/H-i686-pc-linux-gnu/bin/../lib/gcc/nios2-elf/4.1.2/libgcc.a(_lt_sf.o)
                0x00814a40                __ltsf2
 .text          0x00814ab8      0x504 /OPT/altera/12.1/nios2eds/bin/gnu/H-i686-pc-linux-gnu/bin/../lib/gcc/nios2-elf/4.1.2/libgcc.a(_addsub_df.o)
                0x00814ec8                __subdf3
                0x00814f48                __adddf3
 .text          0x00814fbc      0x3c4 /OPT/altera/12.1/nios2eds/bin/gnu/H-i686-pc-linux-gnu/bin/../lib/gcc/nios2-elf/4.1.2/libgcc.a(_mul_df.o)
                0x00814fbc                __muldf3
 .text          0x00815380      0x258 /OPT/altera/12.1/nios2eds/bin/gnu/H-i686-pc-linux-gnu/bin/../lib/gcc/nios2-elf/4.1.2/libgcc.a(_div_df.o)
                0x00815380                __divdf3
 .text          0x008155d8       0x88 /OPT/altera/12.1/nios2eds/bin/gnu/H-i686-pc-linux-gnu/bin/../lib/gcc/nios2-elf/4.1.2/libgcc.a(_eq_df.o)
                0x008155d8                __eqdf2
 .text          0x00815660       0x88 /OPT/altera/12.1/nios2eds/bin/gnu/H-i686-pc-linux-gnu/bin/../lib/gcc/nios2-elf/4.1.2/libgcc.a(_ne_df.o)
                0x00815660                __nedf2
 .text          0x008156e8       0x88 /OPT/altera/12.1/nios2eds/bin/gnu/H-i686-pc-linux-gnu/bin/../lib/gcc/nios2-elf/4.1.2/libgcc.a(_gt_df.o)
                0x008156e8                __gtdf2
 .text          0x00815770       0x88 /OPT/altera/12.1/nios2eds/bin/gnu/H-i686-pc-linux-gnu/bin/../lib/gcc/nios2-elf/4.1.2/libgcc.a(_ge_df.o)
                0x00815770                __gedf2
 .text          0x008157f8       0x88 /OPT/altera/12.1/nios2eds/bin/gnu/H-i686-pc-linux-gnu/bin/../lib/gcc/nios2-elf/4.1.2/libgcc.a(_lt_df.o)
                0x008157f8                __ltdf2
 .text          0x00815880       0x88 /OPT/altera/12.1/nios2eds/bin/gnu/H-i686-pc-linux-gnu/bin/../lib/gcc/nios2-elf/4.1.2/libgcc.a(_le_df.o)
                0x00815880                __ledf2
 .text          0x00815908       0xf8 /OPT/altera/12.1/nios2eds/bin/gnu/H-i686-pc-linux-gnu/bin/../lib/gcc/nios2-elf/4.1.2/libgcc.a(_si_to_df.o)
                0x00815908                __floatsidf
 .text          0x00815a00       0xd8 /OPT/altera/12.1/nios2eds/bin/gnu/H-i686-pc-linux-gnu/bin/../lib/gcc/nios2-elf/4.1.2/libgcc.a(_df_to_si.o)
                0x00815a00                __fixdfsi
 .text          0x00815ad8       0x74 /OPT/altera/12.1/nios2eds/bin/gnu/H-i686-pc-linux-gnu/bin/../lib/gcc/nios2-elf/4.1.2/libgcc.a(_df_to_sf.o)
                0x00815ad8                __truncdfsf2
 .text          0x00815b4c        0x0 /OPT/altera/12.1/nios2eds/bin/gnu/H-i686-pc-linux-gnu/bin/../lib/gcc/nios2-elf/4.1.2/libgcc.a(_thenan_df.o)
 .text          0x00815b4c      0x194 /OPT/altera/12.1/nios2eds/bin/gnu/H-i686-pc-linux-gnu/bin/../lib/gcc/nios2-elf/4.1.2/libgcc.a(_usi_to_df.o)
                0x00815b4c                __floatunsidf
 .text          0x00815ce0        0x0 /OPT/altera/12.1/nios2eds/bin/gnu/H-i686-pc-linux-gnu/bin/../lib/gcc/nios2-elf/4.1.2/libgcc.a(_clz.o)
 .text          0x00815ce0       0x80 /OPT/altera/12.1/nios2eds/bin/gnu/H-i686-pc-linux-gnu/bin/../lib/gcc/nios2-elf/4.1.2/libgcc.a(_clzsi2.o)
                0x00815ce0                __clzsi2
 .text          0x00815d60       0xc8 /OPT/altera/12.1/nios2eds/bin/gnu/H-i686-pc-linux-gnu/bin/../lib/gcc/nios2-elf/4.1.2/libgcc.a(_unpack_sf.o)
                0x00815d60                __unpack_f
 .text          0x00815e28       0xa8 /OPT/altera/12.1/nios2eds/bin/gnu/H-i686-pc-linux-gnu/bin/../lib/gcc/nios2-elf/4.1.2/libgcc.a(_fpcmp_parts_sf.o)
                0x00815e28                __fpcmp_parts_f
 .text          0x00815ed0       0x2c /OPT/altera/12.1/nios2eds/bin/gnu/H-i686-pc-linux-gnu/bin/../lib/gcc/nios2-elf/4.1.2/libgcc.a(_make_sf.o)
                0x00815ed0                __make_fp
 .text          0x00815efc      0x314 /OPT/altera/12.1/nios2eds/bin/gnu/H-i686-pc-linux-gnu/bin/../lib/gcc/nios2-elf/4.1.2/libgcc.a(_pack_df.o)
                0x00815efc                __pack_d
 .text          0x00816210      0x138 /OPT/altera/12.1/nios2eds/bin/gnu/H-i686-pc-linux-gnu/bin/../lib/gcc/nios2-elf/4.1.2/libgcc.a(_unpack_df.o)
                0x00816210                __unpack_d
 .text          0x00816348       0xc8 /OPT/altera/12.1/nios2eds/bin/gnu/H-i686-pc-linux-gnu/bin/../lib/gcc/nios2-elf/4.1.2/libgcc.a(_fpcmp_parts_df.o)
                0x00816348                __fpcmp_parts_d
 .text          0x00816410      0x160 /OPT/altera/12.1/nios2eds/bin/gnu/H-i686-pc-linux-gnu/bin/../lib/gcc/nios2-elf/4.1.2/libgcc.a(_pack_sf.o)
                0x00816410                __pack_f
 .text          0x00816570       0x78 ../Webserver_VGA_bsp//libucosii_bsp.a(alt_dcache_flush.o)
                0x00816570                alt_dcache_flush
 .text          0x008165e8       0xd0 ../Webserver_VGA_bsp//libucosii_bsp.a(alt_flash_dev.o)
                0x008165e8                alt_flash_open_dev
                0x00816664                alt_flash_close_dev
 .text          0x008166b8      0x134 ../Webserver_VGA_bsp//libucosii_bsp.a(alt_fstat.o)
                0x008166b8                fstat
 .text          0x008167ec      0x1c0 ../Webserver_VGA_bsp//libucosii_bsp.a(alt_irq_register.o)
                0x008167ec                alt_irq_register
 .text          0x008169ac        0x0 ../Webserver_VGA_bsp//libucosii_bsp.a(alt_irq_vars.o)
 .text          0x008169ac      0x120 ../Webserver_VGA_bsp//libucosii_bsp.a(alt_isatty.o)
                0x008169ac                isatty
 .text          0x00816acc      0x150 ../Webserver_VGA_bsp//libucosii_bsp.a(alt_lseek.o)
                0x00816acc                lseek
 .text          0x00816c1c       0xc8 ../Webserver_VGA_bsp//libucosii_bsp.a(alt_main.o)
                0x00816c1c                alt_main
 .text          0x00816ce4      0x2c4 ../Webserver_VGA_bsp//libucosii_bsp.a(alt_open.o)
                0x00816dc0                open
 .text          0x00816fa8       0x60 ../Webserver_VGA_bsp//libucosii_bsp.a(alt_release_fd.o)
                0x00816fa8                alt_release_fd
 .text          0x00817008       0xbc ../Webserver_VGA_bsp//libucosii_bsp.a(alt_sbrk.o)
                0x00817008                sbrk
 .text          0x008170c4      0x1a8 ../Webserver_VGA_bsp//libucosii_bsp.a(alt_tick.o)
                0x008170c4                alt_alarm_stop
                0x0081715c                alt_tick
 .text          0x0081726c      0x118 ../Webserver_VGA_bsp//libucosii_bsp.a(alt_usleep.o)
                0x0081726c                usleep
 .text          0x00817384      0x108 ../Webserver_VGA_bsp//libucosii_bsp.a(alt_env_lock.o)
                0x00817384                __env_lock
                0x00817430                __env_unlock
 .text          0x0081748c      0x1d8 ../Webserver_VGA_bsp//libucosii_bsp.a(alt_malloc_lock.o)
                0x0081748c                __malloc_lock
                0x00817594                __malloc_unlock
 .text          0x00817664     0x2128 ../Webserver_VGA_bsp//libucosii_bsp.a(os_core.o)
                0x00817664                OSEventNameGet
                0x00817794                OSEventNameSet
                0x008178d8                OSEventPendMulti
                0x00817f8c                OSInit
                0x00817fe0                OSIntEnter
                0x0081805c                OSIntExit
                0x0081815c                OSSchedLock
                0x008181e8                OSSchedUnlock
                0x008182cc                OSStart
                0x0081833c                OSStatInit
                0x008183e8                OSTimeTick
                0x00818628                OSVersion
                0x00818648                OS_Dummy
                0x00818664                OS_EventTaskRdy
                0x008187f8                OS_EventTaskWait
                0x00818908                OS_EventTaskWaitMulti
                0x00818a5c                OS_EventTaskRemove
                0x00818b14                OS_EventTaskRemoveMulti
                0x00818c18                OS_EventWaitListInit
                0x00818fe4                OS_MemClr
                0x00819038                OS_MemCopy
                0x008190a4                OS_Sched
                0x008191e8                OS_StrCopy
                0x00819268                OS_StrLen
                0x008192c0                OS_TaskIdle
                0x0081931c                OS_TaskStat
                0x008193e4                OS_TaskStatStkChk
                0x008194ac                OS_TCBInit
 .text          0x0081978c      0x18c ../Webserver_VGA_bsp//libucosii_bsp.a(os_dbg.o)
                0x0081978c                OSDebugInit
 .text          0x00819918     0x193c ../Webserver_VGA_bsp//libucosii_bsp.a(os_flag.o)
                0x00819918                OSFlagAccept
                0x00819c4c                OSFlagCreate
                0x00819d88                OSFlagDel
                0x0081a030                OSFlagNameGet
                0x0081a174                OSFlagNameSet
                0x0081a2c8                OSFlagPend
                0x0081a90c                OSFlagPendGetFlagsRdy
                0x0081a974                OSFlagPost
                0x0081ad1c                OSFlagQuery
                0x0081afb4                OS_FlagInit
                0x0081b1a8                OS_FlagUnlink
 .text          0x0081b254      0xc8c ../Webserver_VGA_bsp//libucosii_bsp.a(os_mbox.o)
                0x0081b254                OSMboxAccept
                0x0081b2f8                OSMboxCreate
                0x0081b40c                OSMboxDel
                0x0081b6ac                OSMboxPend
                0x0081b974                OSMboxPendAbort
                0x0081baf0                OSMboxPost
                0x0081bc24                OSMboxPostOpt
                0x0081bdb0                OSMboxQuery
 .text          0x0081bee0      0x808 ../Webserver_VGA_bsp//libucosii_bsp.a(os_mem.o)
                0x0081bee0                OSMemCreate
                0x0081c0fc                OSMemGet
                0x0081c200                OSMemNameGet
                0x0081c30c                OSMemNameSet
                0x0081c42c                OSMemPut
                0x0081c51c                OSMemQuery
                0x0081c618                OS_MemInit
 .text          0x0081c6e8     0x1334 ../Webserver_VGA_bsp//libucosii_bsp.a(os_q.o)
                0x0081c6e8                OSQAccept
                0x0081c83c                OSQCreate
                0x0081ca50                OSQDel
                0x0081cd50                OSQFlush
                0x0081ce18                OSQPend
                0x0081d138                OSQPendAbort
                0x0081d2b4                OSQPost
                0x0081d434                OSQPostFront
                0x0081d5bc                OSQPostOpt
                0x0081d7f0                OSQQuery
                0x0081d970                OS_QInit
 .text          0x0081da1c      0xbc8 ../Webserver_VGA_bsp//libucosii_bsp.a(os_sem.o)
                0x0081da1c                OSSemAccept
                0x0081dadc                OSSemCreate
                0x0081dbf0                OSSemDel
                0x0081de90                OSSemPend
                0x0081e10c                OSSemPendAbort
                0x0081e288                OSSemPost
                0x0081e3b0                OSSemQuery
                0x0081e4e0                OSSemSet
 .text          0x0081e5e4     0x1a40 ../Webserver_VGA_bsp//libucosii_bsp.a(os_task.o)
                0x0081e5e4                OSTaskChangePrio
                0x0081eb58                OSTaskCreate
                0x0081ed2c                OSTaskCreateExt
                0x0081ef2c                OSTaskDel
                0x0081f338                OSTaskDelReq
                0x0081f4a8                OSTaskNameGet
                0x0081f660                OSTaskNameSet
                0x0081f824                OSTaskResume
                0x0081fa3c                OSTaskStkChk
                0x0081fc38                OSTaskSuspend
                0x0081fe64                OSTaskQuery
                0x0081ffa8                OS_TaskStkClr
 .text          0x00820024      0x598 ../Webserver_VGA_bsp//libucosii_bsp.a(os_time.o)
                0x00820024                OSTimeDly
                0x00820170                OSTimeDlyHMSM
                0x008202e4                OSTimeDlyResume
                0x008204f4                OSTimeGet
                0x00820558                OSTimeSet
 .text          0x008205bc      0x304 ../Webserver_VGA_bsp//libucosii_bsp.a(alt_sys_init.o)
                0x008205bc                alt_irq_init
                0x008205f0                alt_sys_init
 .text          0x008208c0      0x148 ../Webserver_VGA_bsp//libucosii_bsp.a(altera_avalon_jtag_uart_fd.o)
                0x008208c0                altera_avalon_jtag_uart_read_fd
                0x00820918                altera_avalon_jtag_uart_write_fd
                0x00820970                altera_avalon_jtag_uart_close_fd
                0x008209b8                altera_avalon_jtag_uart_ioctl_fd
 .text          0x00820a08      0x584 ../Webserver_VGA_bsp//libucosii_bsp.a(altera_avalon_jtag_uart_init.o)
                0x00820a08                altera_avalon_jtag_uart_init
                0x00820f18                altera_avalon_jtag_uart_close
 .text          0x00820f8c       0xf4 ../Webserver_VGA_bsp//libucosii_bsp.a(altera_avalon_jtag_uart_ioctl.o)
                0x00820f8c                altera_avalon_jtag_uart_ioctl
 .text          0x00821080      0x2c0 ../Webserver_VGA_bsp//libucosii_bsp.a(altera_avalon_jtag_uart_read.o)
                0x00821080                altera_avalon_jtag_uart_read
 .text          0x00821340      0x2dc ../Webserver_VGA_bsp//libucosii_bsp.a(altera_avalon_jtag_uart_write.o)
                0x00821340                altera_avalon_jtag_uart_write
 .text          0x0082161c      0x100 ../Webserver_VGA_bsp//libucosii_bsp.a(altera_avalon_timer_sc.o)
                0x0082168c                alt_avalon_timer_sc_init
 .text          0x0082171c      0xb70 ../Webserver_VGA_bsp//libucosii_bsp.a(altera_ro_zipfs.o)
                0x00821990                check_directory_header
                0x00821ee8                alt_ro_zipfs_open
                0x00821f80                alt_ro_zipfs_read
                0x0082207c                alt_ro_zipfs_seek
                0x008221c4                alt_ro_zipfs_fstat
                0x00822234                alt_ro_zipfs_check_valid
 .text          0x0082228c      0x530 ../Webserver_VGA_bsp//libucosii_bsp.a(altera_up_avalon_character_lcd.o)
                0x0082228c                get_DDRAM_addr
                0x00822308                alt_up_character_lcd_send_cmd
                0x0082233c                alt_up_character_lcd_init
                0x00822370                alt_up_character_lcd_open_dev
                0x008223b0                alt_up_character_lcd_write
                0x00822428                alt_up_character_lcd_string
                0x008224a0                alt_up_character_lcd_write_fd
                0x008224ec                alt_up_character_lcd_set_cursor_pos
                0x00822564                alt_up_character_lcd_shift_cursor
                0x00822614                alt_up_character_lcd_shift_display
                0x008226c4                alt_up_character_lcd_erase_pos
                0x00822754                alt_up_character_lcd_cursor_off
                0x00822788                alt_up_character_lcd_cursor_blink_on
 .text          0x008227bc     0x156c ../Webserver_VGA_bsp//libucosii_bsp.a(altera_up_avalon_video_pixel_buffer_dma.o)
                0x008227bc                alt_up_pixel_buffer_dma_open_dev
                0x008227fc                alt_up_pixel_buffer_dma_draw
                0x0082299c                alt_up_pixel_buffer_dma_change_back_buffer_address
                0x008229f4                alt_up_pixel_buffer_dma_swap_buffers
                0x00822a4c                alt_up_pixel_buffer_dma_check_swap_buffers_status
                0x00822a80                alt_up_pixel_buffer_dma_clear_screen
                0x00822be4                alt_up_pixel_buffer_dma_draw_box
                0x008230d8                alt_up_pixel_buffer_dma_draw_hline
                0x00823428                alt_up_pixel_buffer_dma_draw_vline
                0x008237f8                alt_up_pixel_buffer_dma_draw_rectangle
                0x008238bc                helper_plot_pixel
                0x0082398c                alt_up_pixel_buffer_dma_draw_line
 .text          0x00823d28     0x4428 ../Webserver_VGA_bsp//libucosii_bsp.a(altera_up_sd_card_avalon_interface.o)
                0x00823d28                Write_Sector_Data
                0x00823df0                Save_Modified_Sector
                0x00823e40                Read_Sector_Data
                0x00823f3c                get_cluster_flag
                0x00823ff4                mark_cluster
                0x008240d8                Check_for_Master_Boot_Record
                0x00824288                Read_File_Record_At_Offset
                0x0082450c                Write_File_Record_At_Offset
                0x008247c4                Check_for_DOS_FAT
                0x00824e0c                Look_for_FAT16
                0x00824f04                filename_to_upper_case
                0x00824fd4                check_file_name_for_FAT16_compliance
                0x00825264                get_dir_divider_location
                0x00825324                match_file_record_to_name_ext
                0x00825610                get_home_directory_cluster_for_file
                0x00825b24                find_file_in_directory
                0x00825f88                find_first_empty_cluster
                0x0082612c                find_first_empty_record_in_a_subdirectory
                0x00826378                find_first_empty_record_in_root_directory
                0x008264a4                convert_filename_to_name_extension
                0x0082665c                create_file
                0x00826930                copy_file_record_name_to_string
                0x00826a84                alt_up_sd_card_open_dev
                0x00826b48                alt_up_sd_card_is_Present
                0x00826c10                alt_up_sd_card_is_FAT16
                0x00826c84                alt_up_sd_card_find_first
                0x00826d58                alt_up_sd_card_find_next
                0x00827108                alt_up_sd_card_fopen
                0x008274b0                alt_up_sd_card_set_attributes
                0x00827540                alt_up_sd_card_get_attributes
                0x008275cc                alt_up_sd_card_read
                0x00827960                alt_up_sd_card_write
                0x00827f84                alt_up_sd_card_fclose
 .text          0x00828150       0x54 ../Webserver_VGA_bsp//libucosii_bsp.a(alt_iniche_close.o)
                0x00828150                close
 .text          0x008281a4      0x144 ../Webserver_VGA_bsp//libucosii_bsp.a(alt_iniche_dev.o)
                0x008281a4                iniche_devices_init
 .text          0x008282e8       0x78 ../Webserver_VGA_bsp//libucosii_bsp.a(alt_iniche_read.o)
                0x008282e8                read
 .text          0x00828360       0x70 ../Webserver_VGA_bsp//libucosii_bsp.a(alt_iniche_write.o)
                0x00828360                write
 .text          0x008283d0      0xedc ../Webserver_VGA_bsp//libucosii_bsp.a(ipnet.o)
                0x008283d0                Netinit
                0x00828a1c                fixup_subnet_mask
                0x00828b7c                netclose
                0x00828c64                pktdemux
                0x00829038                c_older
                0x00829108                ip2mac
 .text          0x008292ac      0x4b0 ../Webserver_VGA_bsp//libucosii_bsp.a(ipstart.o)
                0x008292ac                ip_startup
                0x00829590                exit_hook
                0x008295fc                ip_exit
                0x008296cc                if_netnumber
 .text          0x0082975c     0x1010 ../Webserver_VGA_bsp//libucosii_bsp.a(igmp_cmn.o)
                0x0082975c                igmp_init
                0x0082980c                igmp_input
                0x00829904                igmp_fasttimo
                0x00829aa0                igmp_send
                0x00829d48                igmp_joingroup
                0x00829fb4                igmp_leavegroup
                0x0082a030                igmp_validate
                0x0082a38c                igmp_print_stats
 .text          0x0082a76c      0xb50 ../Webserver_VGA_bsp//libucosii_bsp.a(bsdsock.o)
                0x0082a76c                bsd_accept
                0x0082a8a4                bsd_getpeername
                0x0082a9d0                bsd_getsockname
                0x0082aafc                bsd_i_sockoptlen
                0x0082acb4                bsd_getsockopt
                0x0082add4                bsd_ioctl
                0x0082aed8                bsd_inet_ntoa
                0x0082af08                bsd_recvfrom
                0x0082b068                bsd_select
                0x0082b1d0                bsd_setsockopt
 .text          0x0082b2bc      0x118 ../Webserver_VGA_bsp//libucosii_bsp.a(cksum.o)
                0x0082b2bc                ccksum
                0x0082b36c                cksum
 .text          0x0082b3d4      0xa9c ../Webserver_VGA_bsp//libucosii_bsp.a(in_utils.o)
                0x0082b3d4                do_trap
                0x0082b400                nextarg
                0x0082b47c                hexdump
                0x0082b5c4                print_ipad
                0x0082b638                print_uptime
                0x0082b764                panic
                0x0082b7a8                print_eth
                0x0082b90c                uslash
                0x0082b98c                ns_printf
                0x0082bb10                std_out
                0x0082bb54                con_page
                0x0082bc44                parse_args
 .text          0x0082be70      0x1c8 ../Webserver_VGA_bsp//libucosii_bsp.a(netmain.o)
                0x0082be70                netmain
                0x0082bf64                tk_netmain
                0x0082bfec                tk_nettick
 .text          0x0082c038      0x5e8 ../Webserver_VGA_bsp//libucosii_bsp.a(tk_crnos.o)
                0x0082c038                TK_OSTimeDly
                0x0082c064                TK_OSTaskResume
                0x0082c0d4                tcp_sleep
                0x0082c274                tcp_wakeup
                0x0082c378                TK_OSTaskQuery
                0x0082c3ec                tk_yield
                0x0082c418                tk_stats
 .text          0x0082c620     0x2f40 ../Webserver_VGA_bsp//libucosii_bsp.a(dhcpclnt.o)
                0x0082c620                dhc_get_srv_ipaddr
                0x0082c6b0                dhc_init
                0x0082c76c                dhc_set_callback
                0x0082c7b0                dhc_upcall
                0x0082cfe0                dhc_buildheader
                0x0082d1fc                dhc_discover
                0x0082d714                dhc_rx_offer
                0x0082d818                dhc_request
                0x0082e354                dhc_setip
                0x0082e5d4                dhc_resetip
                0x0082e6b8                dhc_decline
                0x0082e89c                dhc_extract_opts
                0x0082eb58                dhc_second
                0x0082f0f4                dhc_halt
                0x0082f17c                dhc_reclaim
                0x0082f34c                dhc_state_init
                0x0082f3ac                dhc_alldone
                0x0082f43c                dhc_ifacedone
                0x0082f4b0                dhc_set_state
 .text          0x0082f560       0xcc ../Webserver_VGA_bsp//libucosii_bsp.a(dhcputil.o)
                0x0082f560                find_opt
 .text          0x0082f62c      0x79c ../Webserver_VGA_bsp//libucosii_bsp.a(pktalloc.o)
                0x0082f62c                pk_init
                0x0082f8bc                pk_alloc
                0x0082f998                pk_validate
                0x0082fc50                pk_free
                0x0082fcfc                pk_get_max_intrsafe_buf_len
                0x0082fd1c                dump_buf_estats
 .text          0x0082fdc8      0x288 ../Webserver_VGA_bsp//libucosii_bsp.a(q.o)
                0x0082fdc8                getq
                0x0082fe90                putq
                0x0082ff40                qdel
 .text          0x00830050      0x31c ../Webserver_VGA_bsp//libucosii_bsp.a(udp_open.o)
                0x00830050                udp_open
                0x00830288                udp_close
 .text          0x0083036c      0x194 ../Webserver_VGA_bsp//libucosii_bsp.a(asm_cksum.o)
                0x0083036c                asm_cksum
 .text          0x00830500      0x2a0 ../Webserver_VGA_bsp//libucosii_bsp.a(brdutils.o)
                0x00830500                dtrap
                0x00830530                kbhit
                0x008305dc                getch
                0x0083063c                clock_init
                0x00830678                clock_c
                0x00830694                cticks_hook
                0x00830700                irq_Mask
                0x0083075c                irq_Unmask
 .text          0x008307a0      0x488 ../Webserver_VGA_bsp//libucosii_bsp.a(osportco.o)
                0x008307a0                LOCK_NET_RESOURCE
                0x00830860                UNLOCK_NET_RESOURCE
                0x008308e8                TK_NEWTASK
                0x00830afc                wait_app_sem
                0x00830bb0                post_app_sem
 .text          0x00830c28      0x568 ../Webserver_VGA_bsp//libucosii_bsp.a(targnios.o)
                0x00830c28                alt_iniche_init
                0x00830e44                pre_task_setup
                0x00830eb8                post_task_setup
                0x00830ed8                prep_armintcp
                0x00830f10                calloc2
                0x00830f44                npalloc
                0x00831038                npfree
                0x008310f0                ncpalloc
                0x00831144                ncpfree
 .text          0x00831190     0x197c ../Webserver_VGA_bsp//libucosii_bsp.a(nptcp.o)
                0x00831190                pffindtype
                0x00831230                pffindproto
                0x00831300                m_getnbuf
                0x008314a8                m_free
                0x008315dc                m_freem
                0x00831620                m_copy
                0x00831944                m_adj
                0x00831b14                mbuf_len
                0x00831b6c                dtom
                0x00831c14                remque
                0x00831c84                insque
                0x00831d00                nptcp_init
                0x00831e24                tcp_rcv
                0x00832010                ip_output
                0x00832608                in_broadcast
                0x00832648                np_stripoptions
                0x00832730                so_icmpdu
                0x00832a88                tcp_tick
 .text          0x00832b0c      0xa2c ../Webserver_VGA_bsp//libucosii_bsp.a(rawsock.o)
                0x00832b0c                rawip_lookup
                0x00832b7c                rawip_soinput
                0x00832d50                rawip_usrreq
 .text          0x00833538     0x17fc ../Webserver_VGA_bsp//libucosii_bsp.a(sockcall.o)
                0x00833538                DOMAIN_CHECK
                0x00833584                t_socket
                0x00833614                t_bind
                0x00833790                t_listen
                0x00833874                t_accept
                0x00833b0c                t_connect
                0x00833db4                t_getpeername
                0x00833df8                t_getsockname
                0x00834038                t_setsockopt
                0x00834214                t_getsockopt
                0x008343b8                t_recv
                0x008344a8                t_recvfrom
                0x008345f8                t_sendto
                0x00834824                t_send
                0x00834a4c                t_shutdown
                0x00834b30                t_socketclose
                0x00834c98                t_errno
 .text          0x00834d34     0x2374 ../Webserver_VGA_bsp//libucosii_bsp.a(socket.o)
                0x00834d34                socreate
                0x00834f00                sobind
                0x00834f5c                solisten
                0x0083504c                sofree
                0x0083517c                soclose
                0x00835470                soabort
                0x008354c0                soaccept
                0x0083555c                soconnect
                0x00835630                sodisconnect
                0x008356d0                sosend
                0x00835cd8                soreceive
                0x008364bc                soshutdown
                0x00836564                sorflush
                0x00836664                sosetopt
                0x00836b24                sogetopt
                0x00837064                sohasoutofband
 .text          0x008370a8     0x1318 ../Webserver_VGA_bsp//libucosii_bsp.a(socket2.o)
                0x008370a8                soisconnecting
                0x00837114                soisconnected
                0x00837210                soisdisconnecting
                0x0083729c                soisdisconnected
                0x00837358                sonewconn
                0x00837574                soqinsque
                0x00837620                soqremque
                0x00837740                socantsendmore
                0x00837790                socantrcvmore
                0x008377e0                sbselqueue
                0x00837818                sbwait
                0x00837880                sbwakeup
                0x0083791c                soreserve
                0x0083799c                sbreserve
                0x008379fc                sbrelease
                0x00837a44                sbappend
                0x00837aec                sbappendrecord
                0x00837bcc                sbappendaddr
                0x00837dd4                sbcompress
                0x00837fbc                sbflush
                0x0083804c                sbdrop
                0x0083821c                sbdropend
                0x0083832c                sbdroprecord
 .text          0x008383c0      0x914 ../Webserver_VGA_bsp//libucosii_bsp.a(soselect.o)
                0x008383c0                t_select
                0x008385e0                sock_selscan
                0x00838738                sock_select
                0x0083894c                in_pcbnotify
                0x00838a18                tcp_notify
                0x00838a80                ifd_clr
                0x00838b70                ifd_set
                0x00838be4                ifd_isset
                0x00838c64                ifd_get
 .text          0x00838cd4     0x2fe8 ../Webserver_VGA_bsp//libucosii_bsp.a(tcp_in.o)
                0x00838cd4                tcp_reass
                0x008390dc                tcp_input
                0x0083b630                tcp_dooptions
                0x0083b7c0                tcp_pulloutofband
                0x0083b8ec                tcp_xmit_timer
                0x0083bb58                ip4_tcpmss
                0x0083bba0                tcp_mss
 .text          0x0083bcbc     0x1360 ../Webserver_VGA_bsp//libucosii_bsp.a(tcp_out.o)
                0x0083bcbc                tcp_output
                0x0083ce38                tcp_setpersist
 .text          0x0083d01c      0x9e8 ../Webserver_VGA_bsp//libucosii_bsp.a(tcp_subr.o)
                0x0083d01c                tcp_init
                0x0083d074                tcp_template
                0x0083d18c                tcp_respond
                0x0083d614                tcp_newtcpcb
                0x0083d72c                tcp_drop
                0x0083d7d8                tcp_close
                0x0083d8c0                tcp_quench
                0x0083d90c                tcp_putseq
                0x0083d98c                tcp_getseq
 .text          0x0083da04      0x798 ../Webserver_VGA_bsp//libucosii_bsp.a(tcp_timr.o)
                0x0083da04                tcp_slowtimo
                0x0083dca4                tcp_canceltimers
                0x0083dd00                tcp_timers
 .text          0x0083e19c      0x9ec ../Webserver_VGA_bsp//libucosii_bsp.a(tcp_usr.o)
                0x0083e19c                tcp_usrreq
                0x0083e8a0                tcp_attach
                0x0083e9d4                tcp_disconnect
                0x0083eaa8                tcp_usrclosed
 .text          0x0083eb88       0x4c ../Webserver_VGA_bsp//libucosii_bsp.a(tcpport.o)
                0x0083eb88                tcpinit
 .text          0x0083ebd4      0xd20 ../Webserver_VGA_bsp//libucosii_bsp.a(udpsock.o)
                0x0083ebd4                udp_lookup
                0x0083ec44                udp_soinput
                0x0083edfc                udp_usrreq
                0x0083f080                udp4_sockbind
                0x0083f3bc                udp4_socksend
                0x0083f798                udp4_sockaddr
 .text          0x0083f8f4      0x154 ../Webserver_VGA_bsp//libucosii_bsp.a(alt_alarm_start.o)
                0x0083f8f4                alt_alarm_start
 .text          0x0083fa48      0x14c ../Webserver_VGA_bsp//libucosii_bsp.a(alt_busy_sleep.o)
                0x0083fa48                alt_busy_sleep
 .text          0x0083fb94      0x15c ../Webserver_VGA_bsp//libucosii_bsp.a(alt_close.o)
                0x0083fb94                alt_close
 .text          0x0083fcf0       0x2c ../Webserver_VGA_bsp//libucosii_bsp.a(alt_dev.o)
 .text          0x0083fd1c      0x114 ../Webserver_VGA_bsp//libucosii_bsp.a(alt_dev_llist_insert.o)
                0x0083fd1c                alt_dev_llist_insert
 .text          0x0083fe30       0x64 ../Webserver_VGA_bsp//libucosii_bsp.a(alt_do_ctors.o)
                0x0083fe30                _do_ctors
 .text          0x0083fe94       0x64 ../Webserver_VGA_bsp//libucosii_bsp.a(alt_do_dtors.o)
                0x0083fe94                _do_dtors
 .text          0x0083fef8        0x0 ../Webserver_VGA_bsp//libucosii_bsp.a(alt_errno.o)
 .text          0x0083fef8       0x94 ../Webserver_VGA_bsp//libucosii_bsp.a(alt_find_dev.o)
                0x0083fef8                alt_find_dev
 .text          0x0083ff8c      0x120 ../Webserver_VGA_bsp//libucosii_bsp.a(alt_find_file.o)
                0x0083ff8c                alt_find_file
 .text          0x008400ac       0x90 ../Webserver_VGA_bsp//libucosii_bsp.a(alt_fs_reg.o)
                0x008400ac                alt_fs_reg
 .text          0x0084013c       0xf4 ../Webserver_VGA_bsp//libucosii_bsp.a(alt_get_fd.o)
                0x0084013c                alt_get_fd
 .text          0x00840230      0x1d4 ../Webserver_VGA_bsp//libucosii_bsp.a(alt_iic.o)
                0x00840230                alt_ic_isr_register
                0x00840280                alt_ic_irq_enable
                0x0084031c                alt_ic_irq_disable
                0x008403bc                alt_ic_irq_enabled
 .text          0x00840404       0xf8 ../Webserver_VGA_bsp//libucosii_bsp.a(alt_iic_isr_register.o)
                0x00840404                alt_iic_isr_register
 .text          0x008404fc      0x13c ../Webserver_VGA_bsp//libucosii_bsp.a(alt_io_redirect.o)
                0x008405c0                alt_io_redirect
 .text          0x00840638        0x0 ../Webserver_VGA_bsp//libucosii_bsp.a(alt_irq_entry.o)
 .text          0x00840638        0x0 ../Webserver_VGA_bsp//libucosii_bsp.a(alt_irq_handler.o)
 .text          0x00840638      0x180 ../Webserver_VGA_bsp//libucosii_bsp.a(alt_read.o)
                0x00840638                alt_read
 .text          0x008407b8       0x38 ../Webserver_VGA_bsp//libucosii_bsp.a(alt_remap_cached.o)
                0x008407b8                alt_remap_cached
 .text          0x008407f0       0x40 ../Webserver_VGA_bsp//libucosii_bsp.a(alt_remap_uncached.o)
                0x008407f0                alt_remap_uncached
 .text          0x00840830      0x180 ../Webserver_VGA_bsp//libucosii_bsp.a(alt_write.o)
                0x00840830                alt_write
 .text          0x008409b0       0x20 ../Webserver_VGA_bsp//libucosii_bsp.a(altera_nios2_qsys_irq.o)
                0x008409b0                altera_nios2_qsys_irq_init
 .text          0x008409d0       0xd0 ../Webserver_VGA_bsp//libucosii_bsp.a(os_cpu_a.o)
                0x008409d0                OSCtxSw
                0x008409d0                OSIntCtxSw
                0x00840a5c                OSStartHighRdy
                0x00840a7c                OSStartTsk
 .text          0x00840aa0      0x424 ../Webserver_VGA_bsp//libucosii_bsp.a(os_cpu_c.o)
                0x00840aa0                OSTaskStkInit
                0x00840db0                OSTaskCreateHook
                0x00840dd0                OSTaskDelHook
                0x00840df0                OSTaskSwHook
                0x00840e0c                OSTaskStatHook
                0x00840e28                OSTimeTickHook
                0x00840e50                OSInitHookBegin
                0x00840e6c                OSInitHookEnd
                0x00840e88                OSTaskIdleHook
                0x00840ea4                OSTCBInitHook
 .text          0x00840ec4      0x3d4 ../Webserver_VGA_bsp//libucosii_bsp.a(allports.o)
                0x00840ec4                netmain_init
                0x00840fc0                icmp_port_du
                0x00841048                station_state
                0x00841194                sysuptime
                0x008411d0                packet_check
                0x0084121c                mcastlist
                0x00841240                prep_modules
 .text          0x00841298      0x480 ../Webserver_VGA_bsp//libucosii_bsp.a(timeouts.o)
                0x00841298                inet_timer
                0x008414f4                in_timerset
                0x00841670                in_timerkill
 .text          0x00841718       0xa4 ../Webserver_VGA_bsp//libucosii_bsp.a(tk_misc.o)
                0x00841718                create_apptasks
                0x0084173c                task_stats
 .text          0x008417bc       0xb0 ../Webserver_VGA_bsp//libucosii_bsp.a(alt_iniche_fcntl.o)
                0x008417bc                fcntl
 .text          0x0084186c     0x14a0 ../Webserver_VGA_bsp//libucosii_bsp.a(et_arp.o)
                0x0084186c                etainit
                0x008418c0                et_send
                0x00841a3c                arp_free_pending
                0x00841ac4                arp_send_pending
                0x00841b38                send_arp
                0x00841fd0                find_oldest_arp
                0x00842178                make_arp_entry
                0x0084228c                arpReply
                0x00842520                arprcv
                0x00842780                send_via_arp
                0x00842928                cb_arpent_tmo
                0x00842a40                grat_arp
 .text          0x00842d0c      0x298 ../Webserver_VGA_bsp//libucosii_bsp.a(iface.o)
                0x00842d0c                if_getbynum
                0x00842d90                isbcast
                0x00842e70                reg_type
                0x00842f0c                if_killsocks
 .text          0x00842fa4     0x22a4 ../Webserver_VGA_bsp//libucosii_bsp.a(ip.o)
                0x00842fa4                ip_init
                0x008430a0                ip_bldhead
                0x00843244                ip_write_internal
                0x008439c4                ip_write
                0x00843c0c                ip_write2
                0x00843fbc                ip_raw_write
                0x00844094                ip_fragment_lc
                0x0084451c                ip_fragment
                0x00844b40                ip_mymach
                0x00844bec                ip_dump
                0x00844ea4                iproute
                0x00845110                ip_copypkt
 .text          0x00845248     0x1d9c ../Webserver_VGA_bsp//libucosii_bsp.a(ip_reasm.o)
                0x00845248                ip_reasm_match_frag_with_ire
                0x00845318                ip_reasm_determine_type_of_frag
                0x00845404                ip_reasm_check_mem_useage
                0x0084549c                ip_reasm_incr_mem_useage
                0x00845544                ip_reasm_decr_mem_useage
                0x008455e4                ip_reasm_process_first_fragment
                0x008458c4                ip_reassm
                0x00845964                ip_reasm_compute_overlap
                0x00845ef4                ip_reasm_process_subsequent_fragments
                0x00846488                ip_reasm_find_ire
                0x008464ec                ip_reasm_copy_queued_fragments_into_reassy_buffer
                0x00846848                ip_reasm_process_timer_tick
                0x0084692c                ip_reasm_delete_ire
                0x00846af4                ip_reasm_mark_compact_rfq
                0x00846c3c                ipr_stats
                0x00846f90                ip_reasm_send_icmp_timex
 .text          0x00846fe4      0xe3c ../Webserver_VGA_bsp//libucosii_bsp.a(ipdemux.o)
                0x00846fe4                ip_rcv
                0x008473e4                ip_rcv_phase2
                0x008479f0                ip_demux
 .text          0x00847e20      0x2f0 ../Webserver_VGA_bsp//libucosii_bsp.a(ipmc.o)
                0x00847e20                in_addmulti
                0x00847f88                in_delmulti
                0x008480a0                lookup_mcast
 .text          0x00848110       0xe4 ../Webserver_VGA_bsp//libucosii_bsp.a(ipport.o)
                0x00848110                prep_ifaces
                0x008481a4                netexit
                0x008481cc                evtmap_setup
 .text          0x008481f4      0x550 ../Webserver_VGA_bsp//libucosii_bsp.a(ipraw.o)
                0x008481f4                ip_raw_open
                0x008482e4                ip_raw_close
                0x008483a4                ip_raw_input
                0x008485dc                ip_raw_alloc
                0x008486a8                ip_raw_free
                0x008486e8                ip_raw_maxalloc
 .text          0x00848744      0x6f0 ../Webserver_VGA_bsp//libucosii_bsp.a(iproute.o)
                0x00848744                rt_lookup
                0x008488c8                add_route
                0x00848cf0                del_route
 .text          0x00848e34      0xe3c ../Webserver_VGA_bsp//libucosii_bsp.a(udp.o)
                0x00848e34                udpdemux
                0x0084968c                udp_send
                0x00849944                udpswap
                0x00849a74                udp_socket
                0x00849b44                udp_alloc
                0x00849c04                udp_maxalloc
                0x00849c30                udp_free
 .text          0x00849c70      0x2e8 ../Webserver_VGA_bsp//libucosii_bsp.a(igmp.o)
                0x00849c70                igmpv1_input
 .text          0x00849f58      0x7c0 ../Webserver_VGA_bsp//libucosii_bsp.a(igmp2.o)
                0x00849f58                igmpv2_input
                0x0084a0b8                igmpv2_process_report
                0x0084a204                igmpv2_process_query
                0x0084a450                igmpv2_chk_set_timer
                0x0084a5a8                igmpv2_chk4_rtr_alert_opt
 .text          0x0084a718      0x8fc ../Webserver_VGA_bsp//libucosii_bsp.a(ipopt.o)
                0x0084a718                IPADDR_TO_NETP
                0x0084a860                ip_setmoptions
                0x0084ae50                ip_getmoptions
                0x0084af90                ip_freemoptions
 .text          0x0084b014      0x6ac ../Webserver_VGA_bsp//libucosii_bsp.a(u_mctest.o)
                0x0084b014                u_mctest_init
                0x0084b044                u_mctest_run
 .text          0x0084b6c0      0x38c ../Webserver_VGA_bsp//libucosii_bsp.a(dhcsetup.o)
                0x0084b6c0                dhc_setup
                0x0084b948                dhc_main_ipset
 .text          0x0084ba4c      0x40c ../Webserver_VGA_bsp//libucosii_bsp.a(memdev.o)
                0x0084ba4c                init_memdev
                0x0084bac4                md_fopen
                0x0084baec                md_fclose
                0x0084bb0c                md_fread
                0x0084bc8c                md_fwrite
                0x0084bd0c                md_fseek
                0x0084bd38                md_ftell
                0x0084bd5c                md_fgetc
                0x0084be34                md_unlink
 .text          0x0084be58      0x810 ../Webserver_VGA_bsp//libucosii_bsp.a(parseip.o)
                0x0084be58                parse_ipad
                0x0084c174                inet_addr
                0x0084c1dc                hextoa
                0x0084c24c                inet_pton
                0x0084c2f8                inet_ntop
                0x0084c384                print46_addr
                0x0084c3e4                inet46_addr
                0x0084c4a8                inet_setport
                0x0084c51c                convert_ip
 .text          0x0084c668      0x1cc ../Webserver_VGA_bsp//libucosii_bsp.a(tcpcksum.o)
                0x0084c668                tcp_cksum
 .text          0x0084c834      0x900 ../Webserver_VGA_bsp//libucosii_bsp.a(in_pcb.o)
                0x0084c834                in_pcballoc
                0x0084c8c8                in_pcbdetach
                0x0084c91c                in_pcbbind
                0x0084cb70                in_pcbconnect
                0x0084cd80                in_pcbdisconnect
                0x0084cde0                in_setsockaddr
                0x0084ce5c                in_setpeeraddr
                0x0084ced8                in_pcblookup
 .text          0x0084d134     0x1a74 ../Webserver_VGA_bsp//libucosii_bsp.a(vfsfiles.o)
                0x0084d134                set_vfopen_error
                0x0084d15c                get_vfopen_error
                0x0084d17c                vf_alloc_and_link_vop
                0x0084d1f8                vf_alloc_buffer
                0x0084d2d0                vf_free_buffer
                0x0084d320                vfopen_locked
                0x0084d688                vfopen
                0x0084d6d8                vfclose_locked
                0x0084d880                vfclose
                0x0084d8c0                vfflush
                0x0084d908                vfgets
                0x0084d9ec                vfeof
                0x0084da44                vunlink_flag_open_files
                0x0084daa0                vunlink
                0x0084dcc0                vfread
                0x0084de6c                vfwrite_locked
                0x0084e254                vfwrite
                0x0084e2b4                vfseek
                0x0084e430                vftell
                0x0084e564                vgetc_locked
                0x0084e684                vgetc
                0x0084e6cc                vfslookup_locked
                0x0084e804                vfslookup
                0x0084e84c                strippath
                0x0084ea34                isvfile_locked
                0x0084ea98                isvfile
                0x0084eae0                vferror
                0x0084eb4c                vclearerr
 .text          0x0084eba8       0x24 ../Webserver_VGA_bsp//libucosii_bsp.a(vfsport.o)
                0x0084eba8                prep_vfs
 .text          0x0084ebcc        0x0 ../Webserver_VGA_bsp//libucosii_bsp.a(alt_exception_entry.o)
 .text          0x0084ebcc      0x1b4 ../Webserver_VGA_bsp//libucosii_bsp.a(alt_fcntl.o)
                0x0084ebcc                alt_fcntl
 .text          0x0084ed80     0x130c ../Webserver_VGA_bsp//libucosii_bsp.a(icmp.o)
                0x0084ed80                icmprcv
                0x0084f9b4                icmp_destun
                0x0084fd04                icmp_timex
                0x00850038                icmp_du
 .text          0x0085008c       0x14 /OPT/altera/12.1/nios2eds/bin/gnu/H-i686-pc-linux-gnu/bin/../lib/gcc/nios2-elf/4.1.2/../../../../nios2-elf/lib/libc.a(lib_a-atexit.o)
                0x0085008c                atexit
 .text          0x008500a0       0x1c /OPT/altera/12.1/nios2eds/bin/gnu/H-i686-pc-linux-gnu/bin/../lib/gcc/nios2-elf/4.1.2/../../../../nios2-elf/lib/libc.a(lib_a-calloc.o)
                0x008500a0                calloc
 .text          0x008500bc       0x38 /OPT/altera/12.1/nios2eds/bin/gnu/H-i686-pc-linux-gnu/bin/../lib/gcc/nios2-elf/4.1.2/../../../../nios2-elf/lib/libc.a(lib_a-exit.o)
                0x008500bc                exit
 .text          0x008500f4      0x128 /OPT/altera/12.1/nios2eds/bin/gnu/H-i686-pc-linux-gnu/bin/../lib/gcc/nios2-elf/4.1.2/../../../../nios2-elf/lib/libc.a(lib_a-getc.o)
                0x008500f4                getc
                0x0085018c                _getc_r
 .text          0x0085021c       0x60 /OPT/altera/12.1/nios2eds/bin/gnu/H-i686-pc-linux-gnu/bin/../lib/gcc/nios2-elf/4.1.2/../../../../nios2-elf/lib/libc.a(lib_a-rget.o)
                0x0085021c                __srget_r
                0x00850268                __srget
 .text          0x0085027c       0x34 /OPT/altera/12.1/nios2eds/bin/gnu/H-i686-pc-linux-gnu/bin/../lib/gcc/nios2-elf/4.1.2/../../../../nios2-elf/lib/libc.a(lib_a-vprintf.o)
                0x0085027c                _vprintf_r
                0x00850290                vprintf
 .text          0x008502b0       0x74 /OPT/altera/12.1/nios2eds/bin/gnu/H-i686-pc-linux-gnu/bin/../lib/gcc/nios2-elf/4.1.2/../../../../nios2-elf/lib/libc.a(lib_a-vsprintf.o)
                0x008502b0                _vsprintf_r
                0x00850300                vsprintf
 .text          0x00850324      0x134 /OPT/altera/12.1/nios2eds/bin/gnu/H-i686-pc-linux-gnu/bin/../lib/gcc/nios2-elf/4.1.2/../../../../nios2-elf/lib/libc.a(lib_a-__atexit.o)
                0x00850324                __register_exitproc
 .text          0x00850458      0x1b4 /OPT/altera/12.1/nios2eds/bin/gnu/H-i686-pc-linux-gnu/bin/../lib/gcc/nios2-elf/4.1.2/../../../../nios2-elf/lib/libc.a(lib_a-__call_atexit.o)
                0x0085045c                __call_exitprocs
 .text          0x0085060c       0x6c ../Webserver_VGA_bsp//libucosii_bsp.a(alt_exit.o)
                0x0085064c                _exit
 *(.gnu.warning.*)
 *(.fini)
                0x00850678                PROVIDE (__etext, ABSOLUTE (.))
                0x00850678                PROVIDE (_etext, ABSOLUTE (.))
                0x00850678                PROVIDE (etext, ABSOLUTE (.))
 *(.eh_frame_hdr)
                0x00850678                . = ALIGN (0x4)
                0x00850678                PROVIDE (__preinit_array_start, ABSOLUTE (.))
 *(.preinit_array)
                0x00850678                PROVIDE (__preinit_array_end, ABSOLUTE (.))
                0x00850678                PROVIDE (__init_array_start, ABSOLUTE (.))
 *(.init_array)
                0x00850678                PROVIDE (__init_array_end, ABSOLUTE (.))
                0x00850678                PROVIDE (__fini_array_start, ABSOLUTE (.))
 *(.fini_array)
                0x00850678                PROVIDE (__fini_array_end, ABSOLUTE (.))
 *(.eh_frame)
 *(.gcc_except_table)
 *(.dynamic)
                0x00850678                PROVIDE (__CTOR_LIST__, ABSOLUTE (.))
 *(.ctors)
 *(SORT(.ctors.*))
 .ctors.65535   0x00850678        0x4 /OPT/altera/12.1/nios2eds/bin/gnu/H-i686-pc-linux-gnu/bin/../lib/gcc/nios2-elf/4.1.2/../../../../nios2-elf/lib/libc.a(lib_a-__call_atexit.o)
                0x0085067c                PROVIDE (__CTOR_END__, ABSOLUTE (.))
                0x0085067c                PROVIDE (__DTOR_LIST__, ABSOLUTE (.))
 *(.dtors)
 *(SORT(.dtors.*))
                0x0085067c                PROVIDE (__DTOR_END__, ABSOLUTE (.))
 *(.jcr)
                0x0085067c                . = ALIGN (0x4)

.rodata         0x0085067c     0x432c
                0x0085067c                PROVIDE (__ram_rodata_start, ABSOLUTE (.))
                0x0085067c                . = ALIGN (0x4)
 *(.rodata .rodata.* .gnu.linkonce.r.*)
 .rodata        0x0085067c      0x654 obj/default/alt_error_handler.o
 .rodata        0x00850cd0       0x64 obj/default/dm9000a.o
 .rodata        0x00850d34      0x838 obj/default/http.o
 .rodata        0x0085156c      0x1a0 obj/default/network_utilities.o
 .rodata        0x0085170c      0x1ac obj/default/srec_flash.o
 .rodata        0x008518b8      0x154 obj/default/web_server.o
 .rodata        0x00851a0c      0x281 /OPT/altera/12.1/nios2eds/bin/gnu/H-i686-pc-linux-gnu/bin/../lib/gcc/nios2-elf/4.1.2/../../../../nios2-elf/lib/libc.a(lib_a-ctype_.o)
                0x00851a0c                _ctype_
 *fill*         0x00851c8d        0x3 00
 .rodata.str1.4
                0x00851c90        0x2 /OPT/altera/12.1/nios2eds/bin/gnu/H-i686-pc-linux-gnu/bin/../lib/gcc/nios2-elf/4.1.2/../../../../nios2-elf/lib/libc.a(lib_a-impure.o)
                                  0x4 (size before relaxing)
 *fill*         0x00851c92        0x2 00
 .rodata.str1.4
                0x00851c94        0x3 /OPT/altera/12.1/nios2eds/bin/gnu/H-i686-pc-linux-gnu/bin/../lib/gcc/nios2-elf/4.1.2/../../../../nios2-elf/lib/libc.a(lib_a-perror.o)
                                  0x4 (size before relaxing)
 *fill*         0x00851c97        0x1 00
 .rodata.str1.4
                0x00851c98        0x2 /OPT/altera/12.1/nios2eds/bin/gnu/H-i686-pc-linux-gnu/bin/../lib/gcc/nios2-elf/4.1.2/../../../../nios2-elf/lib/libc.a(lib_a-puts.o)
                                  0x4 (size before relaxing)
 *fill*         0x00851c9a        0x2 00
 .rodata.str1.4
                0x00851c9c      0x7a2 /OPT/altera/12.1/nios2eds/bin/gnu/H-i686-pc-linux-gnu/bin/../lib/gcc/nios2-elf/4.1.2/../../../../nios2-elf/lib/libc.a(lib_a-strerror.o)
                                0x7a8 (size before relaxing)
 *fill*         0x0085243e        0x2 00
 .rodata.str1.4
                0x00852440       0x5e /OPT/altera/12.1/nios2eds/bin/gnu/H-i686-pc-linux-gnu/bin/../lib/gcc/nios2-elf/4.1.2/../../../../nios2-elf/lib/libc.a(lib_a-vfprintf.o)
                                 0x60 (size before relaxing)
 .rodata        0x0085249e       0x20 /OPT/altera/12.1/nios2eds/bin/gnu/H-i686-pc-linux-gnu/bin/../lib/gcc/nios2-elf/4.1.2/../../../../nios2-elf/lib/libc.a(lib_a-vfprintf.o)
 *fill*         0x008524be        0x2 00
 .rodata.str1.4
                0x008524c0        0x5 /OPT/altera/12.1/nios2eds/bin/gnu/H-i686-pc-linux-gnu/bin/../lib/gcc/nios2-elf/4.1.2/../../../../nios2-elf/lib/libc.a(lib_a-vfscanf.o)
                                  0x8 (size before relaxing)
 *fill*         0x008524c5        0x1 00
 .rodata        0x008524c6       0x22 /OPT/altera/12.1/nios2eds/bin/gnu/H-i686-pc-linux-gnu/bin/../lib/gcc/nios2-elf/4.1.2/../../../../nios2-elf/lib/libc.a(lib_a-vfscanf.o)
 .rodata.str1.4
                0x008524e8       0x10 /OPT/altera/12.1/nios2eds/bin/gnu/H-i686-pc-linux-gnu/bin/../lib/gcc/nios2-elf/4.1.2/../../../../nios2-elf/lib/libc.a(lib_a-dtoa.o)
                                 0x14 (size before relaxing)
 .rodata.str1.4
                0x008524f8        0xf /OPT/altera/12.1/nios2eds/bin/gnu/H-i686-pc-linux-gnu/bin/../lib/gcc/nios2-elf/4.1.2/../../../../nios2-elf/lib/libc.a(lib_a-locale.o)
                                 0x18 (size before relaxing)
 *fill*         0x00852507        0x1 00
 .rodata        0x00852508       0x30 /OPT/altera/12.1/nios2eds/bin/gnu/H-i686-pc-linux-gnu/bin/../lib/gcc/nios2-elf/4.1.2/../../../../nios2-elf/lib/libc.a(lib_a-locale.o)
 .rodata.str1.4
                0x00000000        0x4 /OPT/altera/12.1/nios2eds/bin/gnu/H-i686-pc-linux-gnu/bin/../lib/gcc/nios2-elf/4.1.2/../../../../nios2-elf/lib/libc.a(lib_a-mbrtowc.o)
 .rodata        0x00852538      0x124 /OPT/altera/12.1/nios2eds/bin/gnu/H-i686-pc-linux-gnu/bin/../lib/gcc/nios2-elf/4.1.2/../../../../nios2-elf/lib/libc.a(lib_a-mprec.o)
                0x00852538                __mprec_tens
                0x00852600                __mprec_bigtens
                0x00852628                __mprec_tinytens
 .rodata.str1.4
                0x0085265c        0xf /OPT/altera/12.1/nios2eds/bin/gnu/H-i686-pc-linux-gnu/bin/../lib/gcc/nios2-elf/4.1.2/../../../../nios2-elf/lib/libc.a(lib_a-strtod.o)
                                 0x10 (size before relaxing)
 *fill*         0x0085266b        0x1 00
 .rodata        0x0085266c       0x28 /OPT/altera/12.1/nios2eds/bin/gnu/H-i686-pc-linux-gnu/bin/../lib/gcc/nios2-elf/4.1.2/../../../../nios2-elf/lib/libc.a(lib_a-strtod.o)
 .rodata.str1.4
                0x00852694       0x1c /OPT/altera/12.1/nios2eds/bin/gnu/H-i686-pc-linux-gnu/bin/../lib/gcc/nios2-elf/4.1.2/../../../../nios2-elf/lib/libc.a(lib_a-gdtoa-gethex.o)
 .rodata        0x008526b0       0x14 /OPT/altera/12.1/nios2eds/bin/gnu/H-i686-pc-linux-gnu/bin/../lib/gcc/nios2-elf/4.1.2/libgcc.a(_thenan_df.o)
                0x008526b0                __thenan_df
 .rodata        0x008526c4      0x100 /OPT/altera/12.1/nios2eds/bin/gnu/H-i686-pc-linux-gnu/bin/../lib/gcc/nios2-elf/4.1.2/libgcc.a(_clz.o)
                0x008526c4                __clz_tab
 .rodata        0x008527c4       0x14 ../Webserver_VGA_bsp//libucosii_bsp.a(alt_main.o)
 .rodata        0x008527d8      0x120 ../Webserver_VGA_bsp//libucosii_bsp.a(os_core.o)
                0x008527d8                OSUnMapTbl
 .rodata        0x008528f8       0x88 ../Webserver_VGA_bsp//libucosii_bsp.a(alt_sys_init.o)
 .rodata        0x00852980       0xd8 ../Webserver_VGA_bsp//libucosii_bsp.a(ipnet.o)
 .rodata        0x00852a58       0xec ../Webserver_VGA_bsp//libucosii_bsp.a(ipstart.o)
 .rodata        0x00852b44      0x54c ../Webserver_VGA_bsp//libucosii_bsp.a(igmp_cmn.o)
 .rodata        0x00853090       0xb8 ../Webserver_VGA_bsp//libucosii_bsp.a(in_utils.o)
 .rodata        0x00853148       0x34 ../Webserver_VGA_bsp//libucosii_bsp.a(netmain.o)
 .rodata        0x0085317c      0x1a8 ../Webserver_VGA_bsp//libucosii_bsp.a(tk_crnos.o)
 .rodata        0x00853324        0x8 ../Webserver_VGA_bsp//libucosii_bsp.a(dhcpclnt.o)
 .rodata        0x0085332c      0x118 ../Webserver_VGA_bsp//libucosii_bsp.a(pktalloc.o)
 .rodata        0x00853444       0x84 ../Webserver_VGA_bsp//libucosii_bsp.a(udp_open.o)
 .rodata        0x008534c8       0x2c ../Webserver_VGA_bsp//libucosii_bsp.a(brdutils.o)
 .rodata        0x008534f4      0x26c ../Webserver_VGA_bsp//libucosii_bsp.a(osportco.o)
 .rodata        0x00853760       0xa0 ../Webserver_VGA_bsp//libucosii_bsp.a(targnios.o)
 .rodata        0x00853800       0x90 ../Webserver_VGA_bsp//libucosii_bsp.a(nptcp.o)
 .rodata        0x00853890        0x8 ../Webserver_VGA_bsp//libucosii_bsp.a(sockcall.o)
 .rodata        0x00853898       0x50 ../Webserver_VGA_bsp//libucosii_bsp.a(socket.o)
 .rodata        0x008538e8       0x40 ../Webserver_VGA_bsp//libucosii_bsp.a(socket2.o)
 .rodata        0x00853928       0x20 ../Webserver_VGA_bsp//libucosii_bsp.a(tcp_in.o)
 .rodata        0x00853948       0x40 ../Webserver_VGA_bsp//libucosii_bsp.a(tcp_out.o)
 .rodata        0x00853988       0x24 ../Webserver_VGA_bsp//libucosii_bsp.a(tcp_subr.o)
 .rodata        0x008539ac       0x2c ../Webserver_VGA_bsp//libucosii_bsp.a(tcp_usr.o)
 .rodata        0x008539d8        0xc ../Webserver_VGA_bsp//libucosii_bsp.a(alt_dev.o)
 .rodata        0x008539e4        0x4 ../Webserver_VGA_bsp//libucosii_bsp.a(os_cpu_c.o)
 .rodata        0x008539e8      0x1d4 ../Webserver_VGA_bsp//libucosii_bsp.a(allports.o)
 .rodata        0x00853bbc       0x34 ../Webserver_VGA_bsp//libucosii_bsp.a(tk_misc.o)
 .rodata        0x00853bf0       0x44 ../Webserver_VGA_bsp//libucosii_bsp.a(et_arp.o)
 .rodata        0x00853c34      0x1dc ../Webserver_VGA_bsp//libucosii_bsp.a(ip.o)
 .rodata        0x00853e10      0x158 ../Webserver_VGA_bsp//libucosii_bsp.a(ip_reasm.o)
 .rodata        0x00853f68      0x120 ../Webserver_VGA_bsp//libucosii_bsp.a(ipdemux.o)
 .rodata        0x00854088       0x34 ../Webserver_VGA_bsp//libucosii_bsp.a(ipport.o)
 .rodata        0x008540bc       0x24 ../Webserver_VGA_bsp//libucosii_bsp.a(ipraw.o)
 .rodata        0x008540e0       0x38 ../Webserver_VGA_bsp//libucosii_bsp.a(iproute.o)
 .rodata        0x00854118       0xe8 ../Webserver_VGA_bsp//libucosii_bsp.a(udp.o)
 .rodata        0x00854200      0x2d0 ../Webserver_VGA_bsp//libucosii_bsp.a(u_mctest.o)