Archive member included because of file (symbol)

/OPT/altera/12.1/nios2eds/bin/gnu/H-i686-pc-linux-gnu/bin/../lib/gcc/nios2-elf/4.1.2/libgcc.a(lib2-divmod.o)
                              obj/default/srec_flash.o (__divsi3)
/OPT/altera/12.1/nios2eds/bin/gnu/H-i686-pc-linux-gnu/bin/../lib/gcc/nios2-elf/4.1.2/../../../../nios2-elf/lib/libc.a(lib_a-atoi.o)
                              obj/default/http.o (atoi)
/OPT/altera/12.1/nios2eds/bin/gnu/H-i686-pc-linux-gnu/bin/../lib/gcc/nios2-elf/4.1.2/../../../../nios2-elf/lib/libc.a(lib_a-ctype_.o)
                              obj/default/http.o (__ctype_ptr)
/OPT/altera/12.1/nios2eds/bin/gnu/H-i686-pc-linux-gnu/bin/../lib/gcc/nios2-elf/4.1.2/../../../../nios2-elf/lib/libc.a(lib_a-fclose.o)
                              obj/default/http.o (fclose)
/OPT/altera/12.1/nios2eds/bin/gnu/H-i686-pc-linux-gnu/bin/../lib/gcc/nios2-elf/4.1.2/../../../../nios2-elf/lib/libc.a(lib_a-fflush.o)
                              /OPT/altera/12.1/nios2eds/bin/gnu/H-i686-pc-linux-gnu/bin/../lib/gcc/nios2-elf/4.1.2/../../../../nios2-elf/lib/libc.a(lib_a-fclose.o) (_fflush_r)
/OPT/altera/12.1/nios2eds/bin/gnu/H-i686-pc-linux-gnu/bin/../lib/gcc/nios2-elf/4.1.2/../../../../nios2-elf/lib/libc.a(lib_a-fgetpos.o)
                              obj/default/http.o (fgetpos)
/OPT/altera/12.1/nios2eds/bin/gnu/H-i686-pc-linux-gnu/bin/../lib/gcc/nios2-elf/4.1.2/../../../../nios2-elf/lib/libc.a(lib_a-findfp.o)
                              /OPT/altera/12.1/nios2eds/bin/gnu/H-i686-pc-linux-gnu/bin/../lib/gcc/nios2-elf/4.1.2/../../../../nios2-elf/lib/libc.a(lib_a-fclose.o) (__sfp_lock_acquire)
/OPT/altera/12.1/nios2eds/bin/gnu/H-i686-pc-linux-gnu/bin/../lib/gcc/nios2-elf/4.1.2/../../../../nios2-elf/lib/libc.a(lib_a-fopen.o)
                              obj/default/http.o (fopen)
/OPT/altera/12.1/nios2eds/bin/gnu/H-i686-pc-linux-gnu/bin/../lib/gcc/nios2-elf/4.1.2/../../../../nios2-elf/lib/libc.a(lib_a-fprintf.o)
                              obj/default/alt_error_handler.o (fprintf)
/OPT/altera/12.1/nios2eds/bin/gnu/H-i686-pc-linux-gnu/bin/../lib/gcc/nios2-elf/4.1.2/../../../../nios2-elf/lib/libc.a(lib_a-fread.o)
                              obj/default/http.o (fread)
/OPT/altera/12.1/nios2eds/bin/gnu/H-i686-pc-linux-gnu/bin/../lib/gcc/nios2-elf/4.1.2/../../../../nios2-elf/lib/libc.a(lib_a-freer.o)
                              /OPT/altera/12.1/nios2eds/bin/gnu/H-i686-pc-linux-gnu/bin/../lib/gcc/nios2-elf/4.1.2/../../../../nios2-elf/lib/libc.a(lib_a-fclose.o) (_free_r)
/OPT/altera/12.1/nios2eds/bin/gnu/H-i686-pc-linux-gnu/bin/../lib/gcc/nios2-elf/4.1.2/../../../../nios2-elf/lib/libc.a(lib_a-fseek.o)
                              /OPT/altera/12.1/nios2eds/bin/gnu/H-i686-pc-linux-gnu/bin/../lib/gcc/nios2-elf/4.1.2/../../../../nios2-elf/lib/libc.a(lib_a-fopen.o) (_fseek_r)
/OPT/altera/12.1/nios2eds/bin/gnu/H-i686-pc-linux-gnu/bin/../lib/gcc/nios2-elf/4.1.2/../../../../nios2-elf/lib/libc.a(lib_a-fstatr.o)
                              /OPT/altera/12.1/nios2eds/bin/gnu/H-i686-pc-linux-gnu/bin/../lib/gcc/nios2-elf/4.1.2/../../../../nios2-elf/lib/libc.a(lib_a-fseek.o) (_fstat_r)
/OPT/altera/12.1/nios2eds/bin/gnu/H-i686-pc-linux-gnu/bin/../lib/gcc/nios2-elf/4.1.2/../../../../nios2-elf/lib/libc.a(lib_a-ftell.o)
                              /OPT/altera/12.1/nios2eds/bin/gnu/H-i686-pc-linux-gnu/bin/../lib/gcc/nios2-elf/4.1.2/../../../../nios2-elf/lib/libc.a(lib_a-fgetpos.o) (_ftell_r)
/OPT/altera/12.1/nios2eds/bin/gnu/H-i686-pc-linux-gnu/bin/../lib/gcc/nios2-elf/4.1.2/../../../../nios2-elf/lib/libc.a(lib_a-fwalk.o)
                              /OPT/altera/12.1/nios2eds/bin/gnu/H-i686-pc-linux-gnu/bin/../lib/gcc/nios2-elf/4.1.2/../../../../nios2-elf/lib/libc.a(lib_a-fflush.o) (_fwalk_reent)
/OPT/altera/12.1/nios2eds/bin/gnu/H-i686-pc-linux-gnu/bin/../lib/gcc/nios2-elf/4.1.2/../../../../nios2-elf/lib/libc.a(lib_a-fwrite.o)
                              obj/default/alt_error_handler.o (fwrite)
/OPT/altera/12.1/nios2eds/bin/gnu/H-i686-pc-linux-gnu/bin/../lib/gcc/nios2-elf/4.1.2/../../../../nios2-elf/lib/libc.a(lib_a-impure.o)
                              obj/default/alt_error_handler.o (_impure_ptr)
/OPT/altera/12.1/nios2eds/bin/gnu/H-i686-pc-linux-gnu/bin/../lib/gcc/nios2-elf/4.1.2/../../../../nios2-elf/lib/libc.a(lib_a-int_errno.o)
                              /OPT/altera/12.1/nios2eds/bin/gnu/H-i686-pc-linux-gnu/bin/../lib/gcc/nios2-elf/4.1.2/../../../../nios2-elf/lib/libc.a(lib_a-fstatr.o) (errno)
/OPT/altera/12.1/nios2eds/bin/gnu/H-i686-pc-linux-gnu/bin/../lib/gcc/nios2-elf/4.1.2/../../../../nios2-elf/lib/libc.a(lib_a-makebuf.o)
                              /OPT/altera/12.1/nios2eds/bin/gnu/H-i686-pc-linux-gnu/bin/../lib/gcc/nios2-elf/4.1.2/../../../../nios2-elf/lib/libc.a(lib_a-fseek.o) (__smakebuf_r)
/OPT/altera/12.1/nios2eds/bin/gnu/H-i686-pc-linux-gnu/bin/../lib/gcc/nios2-elf/4.1.2/../../../../nios2-elf/lib/libc.a(lib_a-mallocr.o)
[...]
Memory Configuration

Name             Origin             Length             Attributes
sdram_0          0x00800000         0x00800000
reset            0x01400000         0x00000020
generic_tristate_controller_0 0x01400020         0x003fffe0
onchip_memory2_0_BEFORE_EXCEPTION 0x01884000         0x00000020
onchip_memory2_0 0x01884020         0x00003fe0
*default*        0x00000000         0xffffffff

Linker script and memory map

LOAD ../Webserver_bsp//obj/HAL/src/crt0.o
LOAD obj/default/alt_error_handler.o
LOAD obj/default/dm9000a.o
LOAD obj/default/http.o
LOAD obj/default/network_utilities.o
LOAD obj/default/srec_flash.o
LOAD obj/default/web_server.o
LOAD /OPT/altera/12.1/nios2eds/bin/gnu/H-i686-pc-linux-gnu/bin/../lib/gcc/nios2-elf/4.1.2/../../../../nios2-elf/lib/libstdc++.a
LOAD /OPT/altera/12.1/nios2eds/bin/gnu/H-i686-pc-linux-gnu/bin/../lib/gcc/nios2-elf/4.1.2/../../../../nios2-elf/lib/libm.a
LOAD /OPT/altera/12.1/nios2eds/bin/gnu/H-i686-pc-linux-gnu/bin/../lib/gcc/nios2-elf/4.1.2/libgcc.a
START GROUP
LOAD /OPT/altera/12.1/nios2eds/bin/gnu/H-i686-pc-linux-gnu/bin/../lib/gcc/nios2-elf/4.1.2/../../../../nios2-elf/lib/libc.a
LOAD /OPT/altera/12.1/nios2eds/bin/gnu/H-i686-pc-linux-gnu/bin/../lib/gcc/nios2-elf/4.1.2/libgcc.a
LOAD ../Webserver_bsp//libucosii_bsp.a
END GROUP
LOAD /OPT/altera/12.1/nios2eds/bin/gnu/H-i686-pc-linux-gnu/bin/../lib/gcc/nios2-elf/4.1.2/libgcc.a
                0x00800000                __alt_mem_sdram_0 = 0x800000
                0x01400000                __alt_mem_generic_tristate_controller_0 = 0x1400000
                0x01884000                __alt_mem_onchip_memory2_0 = 0x1884000

.entry          0x01400000        0x0
 *(.entry)
 .entry         0x01400000        0x0 ../Webserver_bsp//obj/HAL/src/crt0.o
                0x01400000                __reset

.exceptions     0x01884020      0x19c
                0x01884020                PROVIDE (__ram_exceptions_start, ABSOLUTE (.))
                0x01884020                . = ALIGN (0x20)
 *(.irq)
 *(.exceptions.entry.label)
 .exceptions.entry.label
                0x01884020        0x0 ../Webserver_bsp//libucosii_bsp.a(alt_irq_entry.o)
                0x01884020                alt_irq_entry
 .exceptions.entry.label
                0x01884020        0x0 ../Webserver_bsp//libucosii_bsp.a(alt_exception_entry.o)
                0x01884020                alt_exception
 *(.exceptions.entry.user)
 *(.exceptions.entry)
 .exceptions.entry
                0x01884020       0x54 ../Webserver_bsp//libucosii_bsp.a(alt_exception_entry.o)
 *(.exceptions.irqtest.user)
 *(.exceptions.irqtest)
 .exceptions.irqtest
                0x01884074       0x10 ../Webserver_bsp//libucosii_bsp.a(alt_irq_entry.o)
 *(.exceptions.irqhandler.user)
 *(.exceptions.irqhandler)
 .exceptions.irqhandler
                0x01884084        0x4 ../Webserver_bsp//libucosii_bsp.a(alt_irq_entry.o)
 *(.exceptions.irqreturn.user)
 *(.exceptions.irqreturn)
 .exceptions.irqreturn
                0x01884088        0x4 ../Webserver_bsp//libucosii_bsp.a(alt_irq_entry.o)
 *(.exceptions.notirq.label)
 .exceptions.notirq.label
                0x0188408c        0x0 ../Webserver_bsp//libucosii_bsp.a(alt_irq_entry.o)
 *(.exceptions.notirq.user)
 *(.exceptions.notirq)
 .exceptions.notirq
                0x0188408c        0x8 ../Webserver_bsp//libucosii_bsp.a(alt_exception_entry.o)
 *(.exceptions.soft.user)
 *(.exceptions.soft)
 *(.exceptions.unknown.user)
 *(.exceptions.unknown)
 .exceptions.unknown
                0x01884094        0x4 ../Webserver_bsp//libucosii_bsp.a(alt_exception_entry.o)
 *(.exceptions.exit.label)
 .exceptions.exit.label
                0x01884098        0x0 ../Webserver_bsp//libucosii_bsp.a(alt_irq_entry.o)
 .exceptions.exit.label
                0x01884098        0x0 ../Webserver_bsp//libucosii_bsp.a(alt_exception_entry.o)
 *(.exceptions.exit.user)
 *(.exceptions.exit)
 .exceptions.exit
                0x01884098       0x54 ../Webserver_bsp//libucosii_bsp.a(alt_exception_entry.o)
 *(.exceptions)
 .exceptions    0x018840ec       0xd0 ../Webserver_bsp//libucosii_bsp.a(alt_irq_handler.o)
                0x018840ec                alt_irq_handler
                0x018841bc                PROVIDE (__ram_exceptions_end, ABSOLUTE (.))
                0x01884020                PROVIDE (__flash_exceptions_start, LOADADDR (.exceptions))

.text           0x00800000    0x4a96c
                0x00800000                PROVIDE (stext, ABSOLUTE (.))
 *(.interp)
 *(.hash)
 *(.dynsym)
 *(.dynstr)
 *(.gnu.version)
 *(.gnu.version_d)
 *(.gnu.version_r)
 *(.rel.init)
 *(.rela.init)
 *(.rel.text .rel.text.* .rel.gnu.linkonce.t.*)
 *(.rela.text .rela.text.* .rela.gnu.linkonce.t.*)
 *(.rel.fini)
 *(.rela.fini)
 *(.rel.rodata .rel.rodata.* .rel.gnu.linkonce.r.*)
 *(.rela.rodata .rela.rodata.* .rela.gnu.linkonce.r.*)
 *(.rel.data .rel.data.* .rel.gnu.linkonce.d.*)
 *(.rela.data .rela.data.* .rela.gnu.linkonce.d.*)
 *(.rel.tdata .rel.tdata.* .rel.gnu.linkonce.td.*)
 *(.rela.tdata .rela.tdata.* .rela.gnu.linkonce.td.*)
 *(.rel.tbss .rel.tbss.* .rel.gnu.linkonce.tb.*)
 *(.rela.tbss .rela.tbss.* .rela.gnu.linkonce.tb.*)
 *(.rel.ctors)
 *(.rela.ctors)
 *(.rel.dtors)
 *(.rela.dtors)
 *(.rel.got)
 *(.rela.got)
 *(.rel.sdata .rel.sdata.* .rel.gnu.linkonce.s.*)
 *(.rela.sdata .rela.sdata.* .rela.gnu.linkonce.s.*)
 *(.rel.sbss .rel.sbss.* .rel.gnu.linkonce.sb.*)
 *(.rela.sbss .rela.sbss.* .rela.gnu.linkonce.sb.*)
 *(.rel.sdata2 .rel.sdata2.* .rel.gnu.linkonce.s2.*)
 *(.rela.sdata2 .rela.sdata2.* .rela.gnu.linkonce.s2.*)
 *(.rel.sbss2 .rel.sbss2.* .rel.gnu.linkonce.sb2.*)
 *(.rela.sbss2 .rela.sbss2.* .rela.gnu.linkonce.sb2.*)
 *(.rel.bss .rel.bss.* .rel.gnu.linkonce.b.*)
 *(.rela.bss .rela.bss.* .rela.gnu.linkonce.b.*)
 *(.rel.plt)
 *(.rela.plt)
 *(.rel.dyn)
 *(.init)
 *(.plt)
 *(.text .stub .text.* .gnu.linkonce.t.*)
 .text          0x00800000       0x48 ../Webserver_bsp//obj/HAL/src/crt0.o
                0x00800000                _start
 .text          0x00800048      0x624 obj/default/alt_error_handler.o
                0x00800048                alt_uCOSIIErrorHandler
 .text          0x0080066c      0xdf0 obj/default/dm9000a.o
                0x0080066c                dm9000a_iow
                0x008006c0                dm9000a_ior
                0x0080070c                phy_write
                0x008007a8                dm9000a_reset
                0x0080096c                TransmitPacket
                0x00800a88                prep_dm9000a
                0x00800c4c                dm9000a_init
                0x0080109c                dm9Ka_isr_wrap
                0x008010dc                dm9ka_init
                0x008011d4                dm9ka_close
                0x008012e4                dm9ka_stats
                0x00801340                dm9ka_pkt_send
 .text          0x0080145c     0x284c obj/default/http.o
                0x0080145c                print
                0x0080148c                sweep
                0x00801574                http_cleanup_lcd_text
                0x008015f8                lcd_output
                0x008016c0                http_parse_multipart_header
                0x00801910                file_upload
                0x00801b74                ProgFlashStub
                0x00801bc4                http_reset_connection
                0x00801cb4                http_manage_connection
                0x00801e60                http_handle_accept
                0x00801f88                http_read_line
                0x00802038                http_parse_type_boundary
                0x00802124                http_process_headers
                0x00802358                http_process_request
                0x0080264c                http_send_file_chunk
                0x008027f8                http_send_file_header
                0x00802f38                http_find_file
                0x008031b4                http_send_redirect
                0x008031e8                http_handle_post
                0x008034e0                http_prepare_response
                0x00803554                http_handle_receive
                0x00803910                http_handle_transmit
                0x00803970                WSTask
 .text          0x00803ca8      0x7dc obj/default/network_utilities.o
                0x00803ca8                die_with_error
                0x00803cd8                get_serial_number
                0x00803e10                generate_and_store_mac_addr
                0x00803fbc                generate_mac_addr
                0x008040f8                get_board_mac_addr
                0x0080428c                get_mac_addr
                0x008042e4                get_ip_addr
                0x00804340                FindLastFlashSectorOffset
 .text          0x00804484      0x820 obj/default/srec_flash.o
                0x00804484                ProgFlash
                0x00804728                ParseAndProgramLine
                0x008049e4                ParseSRECBuf
 .text          0x00804ca4      0x5d8 obj/default/web_server.o
                0x00804ca4                lcd_ip_addr
                0x00804e9c                WSInitialTask
                0x00804f18                main
                0x008050fc                lcd_output_text
                0x00805168                board_control_task
                0x00805200                LED_task
 .text          0x0080527c      0x14c /OPT/altera/12.1/nios2eds/bin/gnu/H-i686-pc-linux-gnu/bin/../lib/gcc/nios2-elf/4.1.2/libgcc.a(lib2-divmod.o)
                0x008052f8                __divsi3
                0x00805358                __modsi3
                0x008053b8                __udivsi3
                0x008053c0                __umodsi3
 .text          0x008053c8       0x18 /OPT/altera/12.1/nios2eds/bin/gnu/H-i686-pc-linux-gnu/bin/../lib/gcc/nios2-elf/4.1.2/../../../../nios2-elf/lib/libc.a(lib_a-atoi.o)
                0x008053c8                _atoi_r
                0x008053d4                atoi
 .text          0x008053e0        0x0 /OPT/altera/12.1/nios2eds/bin/gnu/H-i686-pc-linux-gnu/bin/../lib/gcc/nios2-elf/4.1.2/../../../../nios2-elf/lib/libc.a(lib_a-ctype_.o)
 .text          0x008053e0      0x124 /OPT/altera/12.1/nios2eds/bin/gnu/H-i686-pc-linux-gnu/bin/../lib/gcc/nios2-elf/4.1.2/../../../../nios2-elf/lib/libc.a(lib_a-fclose.o)
                0x008053e0                _fclose_r
                0x008054f0                fclose
 .text          0x00805504      0x230 /OPT/altera/12.1/nios2eds/bin/gnu/H-i686-pc-linux-gnu/bin/../lib/gcc/nios2-elf/4.1.2/../../../../nios2-elf/lib/libc.a(lib_a-fflush.o)
                0x00805504                _fflush_r
                0x00805700                fflush
 .text          0x00805734       0x48 /OPT/altera/12.1/nios2eds/bin/gnu/H-i686-pc-linux-gnu/bin/../lib/gcc/nios2-elf/4.1.2/../../../../nios2-elf/lib/libc.a(lib_a-fgetpos.o)
                0x00805734                _fgetpos_r
                0x00805760                fgetpos
 .text          0x0080577c      0x2c0 /OPT/altera/12.1/nios2eds/bin/gnu/H-i686-pc-linux-gnu/bin/../lib/gcc/nios2-elf/4.1.2/../../../../nios2-elf/lib/libc.a(lib_a-findfp.o)
                0x008057d4                __sfp_lock_acquire
                0x008057d8                __sfp_lock_release
                0x008057dc                __sinit_lock_acquire
                0x008057e0                __sinit_lock_release
                0x008057e4                __sinit
                0x00805898                __fp_unlock_all
                0x008058b0                __fp_lock_all
                0x008058c8                _cleanup_r
                0x008058d4                _cleanup
                0x008058e4                __sfmoreglue
                0x0080594c                __sfp
 .text          0x00805a3c      0x110 /OPT/altera/12.1/nios2eds/bin/gnu/H-i686-pc-linux-gnu/bin/../lib/gcc/nios2-elf/4.1.2/../../../../nios2-elf/lib/libc.a(lib_a-fopen.o)
                0x00805a3c                _fopen_r
                0x00805b30                fopen
 .text          0x00805b4c       0x60 /OPT/altera/12.1/nios2eds/bin/gnu/H-i686-pc-linux-gnu/bin/../lib/gcc/nios2-elf/4.1.2/../../../../nios2-elf/lib/libc.a(lib_a-fprintf.o)
                0x00805b4c                fprintf
                0x00805b78                _fprintf_r
 .text          0x00805bac      0x23c /OPT/altera/12.1/nios2eds/bin/gnu/H-i686-pc-linux-gnu/bin/../lib/gcc/nios2-elf/4.1.2/../../../../nios2-elf/lib/libc.a(lib_a-fread.o)
                0x00805bac                _fread_r
                0x00805da8                fread
 .text          0x00805de8      0x440 /OPT/altera/12.1/nios2eds/bin/gnu/H-i686-pc-linux-gnu/bin/../lib/gcc/nios2-elf/4.1.2/../../../../nios2-elf/lib/libc.a(lib_a-freer.o)
                0x00805de8                _malloc_trim_r
                0x00805f14                _free_r
 .text          0x00806228      0x460 /OPT/altera/12.1/nios2eds/bin/gnu/H-i686-pc-linux-gnu/bin/../lib/gcc/nios2-elf/4.1.2/../../../../nios2-elf/lib/libc.a(lib_a-fseek.o)
                0x00806228                _fseek_r
                0x00806664                fseek
 .text          0x00806688       0x74 /OPT/altera/12.1/nios2eds/bin/gnu/H-i686-pc-linux-gnu/bin/../lib/gcc/nios2-elf/4.1.2/../../../../nios2-elf/lib/libc.a(lib_a-fstatr.o)
                0x00806688                _fstat_r
 .text          0x008066fc      0x10c /OPT/altera/12.1/nios2eds/bin/gnu/H-i686-pc-linux-gnu/bin/../lib/gcc/nios2-elf/4.1.2/../../../../nios2-elf/lib/libc.a(lib_a-ftell.o)
                0x008066fc                _ftell_r
                0x008067f4                ftell
 .text          0x00806808      0x180 /OPT/altera/12.1/nios2eds/bin/gnu/H-i686-pc-linux-gnu/bin/../lib/gcc/nios2-elf/4.1.2/../../../../nios2-elf/lib/libc.a(lib_a-fwalk.o)
                0x00806808                _fwalk_reent
                0x008068d0                _fwalk
 .text          0x00806988       0xdc /OPT/altera/12.1/nios2eds/bin/gnu/H-i686-pc-linux-gnu/bin/../lib/gcc/nios2-elf/4.1.2/../../../../nios2-elf/lib/libc.a(lib_a-fwrite.o)
                0x00806988                _fwrite_r
                0x00806a24                fwrite
 .text          0x00806a64        0x0 /OPT/altera/12.1/nios2eds/bin/gnu/H-i686-pc-linux-gnu/bin/../lib/gcc/nios2-elf/4.1.2/../../../../nios2-elf/lib/libc.a(lib_a-impure.o)
 .text          0x00806a64        0x0 /OPT/altera/12.1/nios2eds/bin/gnu/H-i686-pc-linux-gnu/bin/../lib/gcc/nios2-elf/4.1.2/../../../../nios2-elf/lib/libc.a(lib_a-int_errno.o)
 .text          0x00806a64      0x194 /OPT/altera/12.1/nios2eds/bin/gnu/H-i686-pc-linux-gnu/bin/../lib/gcc/nios2-elf/4.1.2/../../../../nios2-elf/lib/libc.a(lib_a-makebuf.o)
                0x00806a64                __smakebuf_r
 .text          0x00806bf8      0x740 /OPT/altera/12.1/nios2eds/bin/gnu/H-i686-pc-linux-gnu/bin/../lib/gcc/nios2-elf/4.1.2/../../../../nios2-elf/lib/libc.a(lib_a-mallocr.o)
                0x00806bf8                _malloc_r
 .text          0x00807338       0xa0 /OPT/altera/12.1/nios2eds/bin/gnu/H-i686-pc-linux-gnu/bin/../lib/gcc/nios2-elf/4.1.2/../../../../nios2-elf/lib/libc.a(lib_a-memcpy.o)
                0x00807338                memcpy
 .text          0x008073d8       0xe0 /OPT/altera/12.1/nios2eds/bin/gnu/H-i686-pc-linux-gnu/bin/../lib/gcc/nios2-elf/4.1.2/../../../../nios2-elf/lib/libc.a(lib_a-memmove.o)
                0x008073d8                memmove
 .text          0x008074b8       0x98 /OPT/altera/12.1/nios2eds/bin/gnu/H-i686-pc-linux-gnu/bin/../lib/gcc/nios2-elf/4.1.2/../../../../nios2-elf/lib/libc.a(lib_a-memset.o)
                0x008074b8                memset
 .text          0x00807550       0x78 /OPT/altera/12.1/nios2eds/bin/gnu/H-i686-pc-linux-gnu/bin/../lib/gcc/nios2-elf/4.1.2/../../../../nios2-elf/lib/libc.a(lib_a-openr.o)
                0x00807550                _open_r
 .text          0x008075c8       0x80 /OPT/altera/12.1/nios2eds/bin/gnu/H-i686-pc-linux-gnu/bin/../lib/gcc/nios2-elf/4.1.2/../../../../nios2-elf/lib/libc.a(lib_a-perror.o)
                0x008075c8                _perror_r
                0x00807634                perror
 .text          0x00807648       0x78 /OPT/altera/12.1/nios2eds/bin/gnu/H-i686-pc-linux-gnu/bin/../lib/gcc/nios2-elf/4.1.2/../../../../nios2-elf/lib/libc.a(lib_a-printf.o)
                0x00807648                printf
                0x0080768c                _printf_r
 .text          0x008076c0       0xb4 /OPT/altera/12.1/nios2eds/bin/gnu/H-i686-pc-linux-gnu/bin/../lib/gcc/nios2-elf/4.1.2/../../../../nios2-elf/lib/libc.a(lib_a-puts.o)
                0x008076c0                _puts_r
                0x00807760                puts
 .text          0x00807774      0x1e0 /OPT/altera/12.1/nios2eds/bin/gnu/H-i686-pc-linux-gnu/bin/../lib/gcc/nios2-elf/4.1.2/../../../../nios2-elf/lib/libc.a(lib_a-refill.o)
                0x00807774                __srefill_r
 .text          0x00807954       0x70 /OPT/altera/12.1/nios2eds/bin/gnu/H-i686-pc-linux-gnu/bin/../lib/gcc/nios2-elf/4.1.2/../../../../nios2-elf/lib/libc.a(lib_a-sbrkr.o)
                0x00807954                _sbrk_r
 .text          0x008079c4      0x170 /OPT/altera/12.1/nios2eds/bin/gnu/H-i686-pc-linux-gnu/bin/../lib/gcc/nios2-elf/4.1.2/../../../../nios2-elf/lib/libc.a(lib_a-snprintf.o)
                0x008079c4                snprintf
                0x00807a80                _snprintf_r
 .text          0x00807b34       0xd4 /OPT/altera/12.1/nios2eds/bin/gnu/H-i686-pc-linux-gnu/bin/../lib/gcc/nios2-elf/4.1.2/../../../../nios2-elf/lib/libc.a(lib_a-sprintf.o)
                0x00807b34                sprintf
                0x00807ba8                _sprintf_r
 .text          0x00807c08      0x114 /OPT/altera/12.1/nios2eds/bin/gnu/H-i686-pc-linux-gnu/bin/../lib/gcc/nios2-elf/4.1.2/../../../../nios2-elf/lib/libc.a(lib_a-sscanf.o)
                0x00807c10                _sscanf_r
                0x00807c98                sscanf
 .text          0x00807d1c      0x14c /OPT/altera/12.1/nios2eds/bin/gnu/H-i686-pc-linux-gnu/bin/../lib/gcc/nios2-elf/4.1.2/../../../../nios2-elf/lib/libc.a(lib_a-stdio.o)
                0x00807d1c                __sclose
                0x00807d24                __sseek
                0x00807d8c                __swrite
                0x00807e08                __sread
 .text          0x00807e68       0xb0 /OPT/altera/12.1/nios2eds/bin/gnu/H-i686-pc-linux-gnu/bin/../lib/gcc/nios2-elf/4.1.2/../../../../nios2-elf/lib/libc.a(lib_a-strcasecmp.o)
                0x00807e68                strcasecmp
 .text          0x00807f18       0x90 /OPT/altera/12.1/nios2eds/bin/gnu/H-i686-pc-linux-gnu/bin/../lib/gcc/nios2-elf/4.1.2/../../../../nios2-elf/lib/libc.a(lib_a-strcat.o)
                0x00807f18                strcat
 .text          0x00807fa8       0xe0 /OPT/altera/12.1/nios2eds/bin/gnu/H-i686-pc-linux-gnu/bin/../lib/gcc/nios2-elf/4.1.2/../../../../nios2-elf/lib/libc.a(lib_a-strchr.o)
                0x00807fa8                strchr
 .text          0x00808088       0xbc /OPT/altera/12.1/nios2eds/bin/gnu/H-i686-pc-linux-gnu/bin/../lib/gcc/nios2-elf/4.1.2/../../../../nios2-elf/lib/libc.a(lib_a-strcmp.o)
                0x00808088                strcmp
 .text          0x00808144       0x8c /OPT/altera/12.1/nios2eds/bin/gnu/H-i686-pc-linux-gnu/bin/../lib/gcc/nios2-elf/4.1.2/../../../../nios2-elf/lib/libc.a(lib_a-strcpy.o)
                0x00808144                strcpy
 .text          0x008081d0      0x674 /OPT/altera/12.1/nios2eds/bin/gnu/H-i686-pc-linux-gnu/bin/../lib/gcc/nios2-elf/4.1.2/../../../../nios2-elf/lib/libc.a(lib_a-strerror.o)
                0x008081d0                strerror
 .text          0x00808844       0x74 /OPT/altera/12.1/nios2eds/bin/gnu/H-i686-pc-linux-gnu/bin/../lib/gcc/nios2-elf/4.1.2/../../../../nios2-elf/lib/libc.a(lib_a-strlen.o)
                0x00808844                strlen
 .text          0x008088b8       0xf0 /OPT/altera/12.1/nios2eds/bin/gnu/H-i686-pc-linux-gnu/bin/../lib/gcc/nios2-elf/4.1.2/../../../../nios2-elf/lib/libc.a(lib_a-strncmp.o)
                0x008088b8                strncmp
 .text          0x008089a8       0xbc /OPT/altera/12.1/nios2eds/bin/gnu/H-i686-pc-linux-gnu/bin/../lib/gcc/nios2-elf/4.1.2/../../../../nios2-elf/lib/libc.a(lib_a-strncpy.o)
                0x008089a8                strncpy
 .text          0x00808a64      0x794 /OPT/altera/12.1/nios2eds/bin/gnu/H-i686-pc-linux-gnu/bin/../lib/gcc/nios2-elf/4.1.2/../../../../nios2-elf/lib/libc.a(lib_a-strstr.o)
                0x00808b98                strstr
 .text          0x008091f8       0x18 /OPT/altera/12.1/nios2eds/bin/gnu/H-i686-pc-linux-gnu/bin/../lib/gcc/nios2-elf/4.1.2/../../../../nios2-elf/lib/libc.a(lib_a-strtok.o)
                0x008091f8                strtok
 .text          0x00809210       0xac /OPT/altera/12.1/nios2eds/bin/gnu/H-i686-pc-linux-gnu/bin/../lib/gcc/nios2-elf/4.1.2/../../../../nios2-elf/lib/libc.a(lib_a-strtok_r.o)
                0x00809210                __strtok_r
                0x008092b4                strtok_r
 .text          0x008092bc      0x268 /OPT/altera/12.1/nios2eds/bin/gnu/H-i686-pc-linux-gnu/bin/../lib/gcc/nios2-elf/4.1.2/../../../../nios2-elf/lib/libc.a(lib_a-strtol.o)
                0x008092bc                _strtol_r
                0x00809500                strtol
 .text          0x00809524        0x8 /OPT/altera/12.1/nios2eds/bin/gnu/H-i686-pc-linux-gnu/bin/../lib/gcc/nios2-elf/4.1.2/../../../../nios2-elf/lib/libc.a(lib_a-u_strerr.o)
                0x00809524                _user_strerror
 .text          0x0080952c     0x1f28 /OPT/altera/12.1/nios2eds/bin/gnu/H-i686-pc-linux-gnu/bin/../lib/gcc/nios2-elf/4.1.2/../../../../nios2-elf/lib/libc.a(lib_a-vfprintf.o)
                0x00809584                ___vfprintf_internal_r
                0x0080b430                __vfprintf_internal
 .text          0x0080b454     0x1780 /OPT/altera/12.1/nios2eds/bin/gnu/H-i686-pc-linux-gnu/bin/../lib/gcc/nios2-elf/4.1.2/../../../../nios2-elf/lib/libc.a(lib_a-vfscanf.o)
                0x0080b454                __svfscanf_r
                0x0080cad4                __svfscanf
                0x0080caf8                _vfscanf_r
                0x0080cb60                vfscanf
 .text          0x0080cbd4       0x78 /OPT/altera/12.1/nios2eds/bin/gnu/H-i686-pc-linux-gnu/bin/../lib/gcc/nios2-elf/4.1.2/../../../../nios2-elf/lib/libc.a(lib_a-writer.o)
                0x0080cbd4                _write_r
 .text          0x0080cc4c      0x13c /OPT/altera/12.1/nios2eds/bin/gnu/H-i686-pc-linux-gnu/bin/../lib/gcc/nios2-elf/4.1.2/../../../../nios2-elf/lib/libc.a(lib_a-wsetup.o)
                0x0080cc4c                __swsetup_r
 .text          0x0080cd88       0x70 /OPT/altera/12.1/nios2eds/bin/gnu/H-i686-pc-linux-gnu/bin/../lib/gcc/nios2-elf/4.1.2/../../../../nios2-elf/lib/libc.a(lib_a-closer.o)
                0x0080cd88                _close_r
 .text          0x0080cdf8     0x17cc /OPT/altera/12.1/nios2eds/bin/gnu/H-i686-pc-linux-gnu/bin/../lib/gcc/nios2-elf/4.1.2/../../../../nios2-elf/lib/libc.a(lib_a-dtoa.o)
                0x0080d010                _dtoa_r
 .text          0x0080e5c4       0xa0 /OPT/altera/12.1/nios2eds/bin/gnu/H-i686-pc-linux-gnu/bin/../lib/gcc/nios2-elf/4.1.2/../../../../nios2-elf/lib/libc.a(lib_a-flags.o)
                0x0080e5c4                __sflags
 .text          0x0080e664       0xbc /OPT/altera/12.1/nios2eds/bin/gnu/H-i686-pc-linux-gnu/bin/../lib/gcc/nios2-elf/4.1.2/../../../../nios2-elf/lib/libc.a(lib_a-fputc.o)
                0x0080e664                fputc
                0x0080e6c8                _fputc_r
 .text          0x0080e720       0x90 /OPT/altera/12.1/nios2eds/bin/gnu/H-i686-pc-linux-gnu/bin/../lib/gcc/nios2-elf/4.1.2/../../../../nios2-elf/lib/libc.a(lib_a-fputs.o)
                0x0080e720                _fputs_r
                0x0080e794                fputs
 .text          0x0080e7b0      0x49c /OPT/altera/12.1/nios2eds/bin/gnu/H-i686-pc-linux-gnu/bin/../lib/gcc/nios2-elf/4.1.2/../../../../nios2-elf/lib/libc.a(lib_a-fvwrite.o)
                0x0080e7b0                __sfvwrite_r
 .text          0x0080ec4c       0x70 /OPT/altera/12.1/nios2eds/bin/gnu/H-i686-pc-linux-gnu/bin/../lib/gcc/nios2-elf/4.1.2/../../../../nios2-elf/lib/libc.a(lib_a-isattyr.o)
                0x0080ec4c                _isatty_r
 .text          0x0080ecbc       0x2c /OPT/altera/12.1/nios2eds/bin/gnu/H-i686-pc-linux-gnu/bin/../lib/gcc/nios2-elf/4.1.2/../../../../nios2-elf/lib/libc.a(lib_a-iswspace.o)
                0x0080ecbc                iswspace
 .text          0x0080ece8       0xc4 /OPT/altera/12.1/nios2eds/bin/gnu/H-i686-pc-linux-gnu/bin/../lib/gcc/nios2-elf/4.1.2/../../../../nios2-elf/lib/libc.a(lib_a-locale.o)
                0x0080ece8                __locale_charset
                0x0080ecf0                _localeconv_r
                0x0080ecfc                localeconv
                0x0080ed0c                _setlocale_r
                0x0080ed90                setlocale
 .text          0x0080edac       0x78 /OPT/altera/12.1/nios2eds/bin/gnu/H-i686-pc-linux-gnu/bin/../lib/gcc/nios2-elf/4.1.2/../../../../nios2-elf/lib/libc.a(lib_a-lseekr.o)
                0x0080edac                _lseek_r
 .text          0x0080ee24       0xc0 /OPT/altera/12.1/nios2eds/bin/gnu/H-i686-pc-linux-gnu/bin/../lib/gcc/nios2-elf/4.1.2/../../../../nios2-elf/lib/libc.a(lib_a-mbrtowc.o)
                0x0080ee24                _mbrtowc_r
                0x0080eea4                mbrtowc
 .text          0x0080eee4       0x40 /OPT/altera/12.1/nios2eds/bin/gnu/H-i686-pc-linux-gnu/bin/../lib/gcc/nios2-elf/4.1.2/../../../../nios2-elf/lib/libc.a(lib_a-mbtowc_r.o)
                0x0080eee4                _mbtowc_r
 .text          0x0080ef24       0xe4 /OPT/altera/12.1/nios2eds/bin/gnu/H-i686-pc-linux-gnu/bin/../lib/gcc/nios2-elf/4.1.2/../../../../nios2-elf/lib/libc.a(lib_a-memchr.o)
                0x0080ef24                memchr
 .text          0x0080f008       0x74 /OPT/altera/12.1/nios2eds/bin/gnu/H-i686-pc-linux-gnu/bin/../lib/gcc/nios2-elf/4.1.2/../../../../nios2-elf/lib/libc.a(lib_a-memcmp.o)
                0x0080f008                memcmp
 .text          0x0080f07c      0xff4 /OPT/altera/12.1/nios2eds/bin/gnu/H-i686-pc-linux-gnu/bin/../lib/gcc/nios2-elf/4.1.2/../../../../nios2-elf/lib/libc.a(lib_a-mprec.o)
                0x0080f07c                _Bfree
                0x0080f0a4                __hi0bits
                0x0080f114                __lo0bits
                0x0080f1d8                __mcmp
                0x0080f238                __ulp
                0x0080f2b8                __b2d
                0x0080f3d8                __ratio
                0x0080f488                _mprec_log10
                0x0080f51c                __copybits
                0x0080f574                __any_on
                0x0080f5fc                _Balloc
                0x0080f6b8                __d2b
                0x0080f834                __mdiff
                0x0080f9c0                __lshift
                0x0080fb0c                __multiply
                0x0080fcf4                __i2b
                0x0080fd30                __multadd
                0x0080fe30                __pow5mult
                0x0080ff50                __s2b
 .text          0x00810070      0x1ec /OPT/altera/12.1/nios2eds/bin/gnu/H-i686-pc-linux-gnu/bin/../lib/gcc/nios2-elf/4.1.2/../../../../nios2-elf/lib/libc.a(lib_a-putc.o)
                0x00810070                putc
                0x00810174                _putc_r
 .text          0x0081025c       0x78 /OPT/altera/12.1/nios2eds/bin/gnu/H-i686-pc-linux-gnu/bin/../lib/gcc/nios2-elf/4.1.2/../../../../nios2-elf/lib/libc.a(lib_a-readr.o)
                0x0081025c                _read_r
 .text          0x008102d4      0x5f4 /OPT/altera/12.1/nios2eds/bin/gnu/H-i686-pc-linux-gnu/bin/../lib/gcc/nios2-elf/4.1.2/../../../../nios2-elf/lib/libc.a(lib_a-reallocr.o)
                0x008102d4                _realloc_r
 .text          0x008108c8       0x40 /OPT/altera/12.1/nios2eds/bin/gnu/H-i686-pc-linux-gnu/bin/../lib/gcc/nios2-elf/4.1.2/../../../../nios2-elf/lib/libc.a(lib_a-s_isinfd.o)
                0x008108c8                __isinfd
 .text          0x00810908       0x30 /OPT/altera/12.1/nios2eds/bin/gnu/H-i686-pc-linux-gnu/bin/../lib/gcc/nios2-elf/4.1.2/../../../../nios2-elf/lib/libc.a(lib_a-s_isnand.o)
                0x00810908                __isnand
 .text          0x00810938       0xc0 /OPT/altera/12.1/nios2eds/bin/gnu/H-i686-pc-linux-gnu/bin/../lib/gcc/nios2-elf/4.1.2/../../../../nios2-elf/lib/libc.a(lib_a-sccl.o)
                0x00810938                __sccl
 .text          0x008109f8        0x8 /OPT/altera/12.1/nios2eds/bin/gnu/H-i686-pc-linux-gnu/bin/../lib/gcc/nios2-elf/4.1.2/../../../../nios2-elf/lib/libc.a(lib_a-sf_nan.o)
                0x008109f8                nanf
 .text          0x00810a00     0x166c /OPT/altera/12.1/nios2eds/bin/gnu/H-i686-pc-linux-gnu/bin/../lib/gcc/nios2-elf/4.1.2/../../../../nios2-elf/lib/libc.a(lib_a-strtod.o)
                0x00810a48                _strtod_r
                0x00811f2c                strtof
                0x00812050                strtod
 .text          0x0081206c      0x318 /OPT/altera/12.1/nios2eds/bin/gnu/H-i686-pc-linux-gnu/bin/../lib/gcc/nios2-elf/4.1.2/../../../../nios2-elf/lib/libc.a(lib_a-strtoll_r.o)
                0x0081206c                _strtoll_r
 .text          0x00812384      0x254 /OPT/altera/12.1/nios2eds/bin/gnu/H-i686-pc-linux-gnu/bin/../lib/gcc/nios2-elf/4.1.2/../../../../nios2-elf/lib/libc.a(lib_a-strtoul.o)
                0x00812384                _strtoul_r
                0x008125b4                strtoul
 .text          0x008125d8      0x2f0 /OPT/altera/12.1/nios2eds/bin/gnu/H-i686-pc-linux-gnu/bin/../lib/gcc/nios2-elf/4.1.2/../../../../nios2-elf/lib/libc.a(lib_a-strtoull_r.o)
                0x008125d8                _strtoull_r
 .text          0x008128c8      0x294 /OPT/altera/12.1/nios2eds/bin/gnu/H-i686-pc-linux-gnu/bin/../lib/gcc/nios2-elf/4.1.2/../../../../nios2-elf/lib/libc.a(lib_a-ungetc.o)
                0x008128c8                __submore
                0x008129a4                _ungetc_r
                0x00812b40                ungetc
 .text          0x00812b5c      0x14c /OPT/altera/12.1/nios2eds/bin/gnu/H-i686-pc-linux-gnu/bin/../lib/gcc/nios2-elf/4.1.2/../../../../nios2-elf/lib/libc.a(lib_a-wbuf.o)
                0x00812b5c                __swbuf_r
                0x00812c8c                __swbuf
 .text          0x00812ca8       0xb4 /OPT/altera/12.1/nios2eds/bin/gnu/H-i686-pc-linux-gnu/bin/../lib/gcc/nios2-elf/4.1.2/../../../../nios2-elf/lib/libc.a(lib_a-callocr.o)
                0x00812ca8                _calloc_r
 .text          0x00812d5c      0x8f4 /OPT/altera/12.1/nios2eds/bin/gnu/H-i686-pc-linux-gnu/bin/../lib/gcc/nios2-elf/4.1.2/../../../../nios2-elf/lib/libc.a(lib_a-gdtoa-gethex.o)
                0x00812d80                __hexdig_init
                0x00812e98                __gethex
 .text          0x00813650      0x294 /OPT/altera/12.1/nios2eds/bin/gnu/H-i686-pc-linux-gnu/bin/../lib/gcc/nios2-elf/4.1.2/../../../../nios2-elf/lib/libc.a(lib_a-gdtoa-hexnan.o)
                0x0081369c                __hexnan
 .text          0x008138e4       0x98 /OPT/altera/12.1/nios2eds/bin/gnu/H-i686-pc-linux-gnu/bin/../lib/gcc/nios2-elf/4.1.2/libgcc.a(_muldi3.o)
                0x008138e4                __muldi3
 .text          0x0081397c       0xa4 /OPT/altera/12.1/nios2eds/bin/gnu/H-i686-pc-linux-gnu/bin/../lib/gcc/nios2-elf/4.1.2/libgcc.a(_fixunsdfsi.o)
                0x0081397c                __fixunsdfsi
 .text          0x00813a20      0x5dc /OPT/altera/12.1/nios2eds/bin/gnu/H-i686-pc-linux-gnu/bin/../lib/gcc/nios2-elf/4.1.2/libgcc.a(_udivdi3.o)
                0x00813a20                __udivdi3
 .text          0x00813ffc      0x5b0 /OPT/altera/12.1/nios2eds/bin/gnu/H-i686-pc-linux-gnu/bin/../lib/gcc/nios2-elf/4.1.2/libgcc.a(_umoddi3.o)
                0x00813ffc                __umoddi3
 .text          0x008145ac       0x78 /OPT/altera/12.1/nios2eds/bin/gnu/H-i686-pc-linux-gnu/bin/../lib/gcc/nios2-elf/4.1.2/libgcc.a(_ne_sf.o)
                0x008145ac                __nesf2
 .text          0x00814624       0x78 /OPT/altera/12.1/nios2eds/bin/gnu/H-i686-pc-linux-gnu/bin/../lib/gcc/nios2-elf/4.1.2/libgcc.a(_gt_sf.o)
                0x00814624                __gtsf2
 .text          0x0081469c       0x78 /OPT/altera/12.1/nios2eds/bin/gnu/H-i686-pc-linux-gnu/bin/../lib/gcc/nios2-elf/4.1.2/libgcc.a(_lt_sf.o)
                0x0081469c                __ltsf2
 .text          0x00814714      0x504 /OPT/altera/12.1/nios2eds/bin/gnu/H-i686-pc-linux-gnu/bin/../lib/gcc/nios2-elf/4.1.2/libgcc.a(_addsub_df.o)
                0x00814b24                __subdf3
                0x00814ba4                __adddf3
 .text          0x00814c18      0x3c4 /OPT/altera/12.1/nios2eds/bin/gnu/H-i686-pc-linux-gnu/bin/../lib/gcc/nios2-elf/4.1.2/libgcc.a(_mul_df.o)
                0x00814c18                __muldf3
 .text          0x00814fdc      0x258 /OPT/altera/12.1/nios2eds/bin/gnu/H-i686-pc-linux-gnu/bin/../lib/gcc/nios2-elf/4.1.2/libgcc.a(_div_df.o)
                0x00814fdc                __divdf3
 .text          0x00815234       0x88 /OPT/altera/12.1/nios2eds/bin/gnu/H-i686-pc-linux-gnu/bin/../lib/gcc/nios2-elf/4.1.2/libgcc.a(_eq_df.o)
                0x00815234                __eqdf2
 .text          0x008152bc       0x88 /OPT/altera/12.1/nios2eds/bin/gnu/H-i686-pc-linux-gnu/bin/../lib/gcc/nios2-elf/4.1.2/libgcc.a(_ne_df.o)
                0x008152bc                __nedf2
 .text          0x00815344       0x88 /OPT/altera/12.1/nios2eds/bin/gnu/H-i686-pc-linux-gnu/bin/../lib/gcc/nios2-elf/4.1.2/libgcc.a(_gt_df.o)
                0x00815344                __gtdf2
 .text          0x008153cc       0x88 /OPT/altera/12.1/nios2eds/bin/gnu/H-i686-pc-linux-gnu/bin/../lib/gcc/nios2-elf/4.1.2/libgcc.a(_ge_df.o)
                0x008153cc                __gedf2
 .text          0x00815454       0x88 /OPT/altera/12.1/nios2eds/bin/gnu/H-i686-pc-linux-gnu/bin/../lib/gcc/nios2-elf/4.1.2/libgcc.a(_lt_df.o)
                0x00815454                __ltdf2
 .text          0x008154dc       0x88 /OPT/altera/12.1/nios2eds/bin/gnu/H-i686-pc-linux-gnu/bin/../lib/gcc/nios2-elf/4.1.2/libgcc.a(_le_df.o)
                0x008154dc                __ledf2
 .text          0x00815564       0xf8 /OPT/altera/12.1/nios2eds/bin/gnu/H-i686-pc-linux-gnu/bin/../lib/gcc/nios2-elf/4.1.2/libgcc.a(_si_to_df.o)
                0x00815564                __floatsidf
 .text          0x0081565c       0xd8 /OPT/altera/12.1/nios2eds/bin/gnu/H-i686-pc-linux-gnu/bin/../lib/gcc/nios2-elf/4.1.2/libgcc.a(_df_to_si.o)
                0x0081565c                __fixdfsi
 .text          0x00815734       0x74 /OPT/altera/12.1/nios2eds/bin/gnu/H-i686-pc-linux-gnu/bin/../lib/gcc/nios2-elf/4.1.2/libgcc.a(_df_to_sf.o)
                0x00815734                __truncdfsf2
 .text          0x008157a8        0x0 /OPT/altera/12.1/nios2eds/bin/gnu/H-i686-pc-linux-gnu/bin/../lib/gcc/nios2-elf/4.1.2/libgcc.a(_thenan_df.o)
 .text          0x008157a8      0x194 /OPT/altera/12.1/nios2eds/bin/gnu/H-i686-pc-linux-gnu/bin/../lib/gcc/nios2-elf/4.1.2/libgcc.a(_usi_to_df.o)
                0x008157a8                __floatunsidf
 .text          0x0081593c        0x0 /OPT/altera/12.1/nios2eds/bin/gnu/H-i686-pc-linux-gnu/bin/../lib/gcc/nios2-elf/4.1.2/libgcc.a(_clz.o)
 .text          0x0081593c       0x80 /OPT/altera/12.1/nios2eds/bin/gnu/H-i686-pc-linux-gnu/bin/../lib/gcc/nios2-elf/4.1.2/libgcc.a(_clzsi2.o)
                0x0081593c                __clzsi2
 .text          0x008159bc       0xc8 /OPT/altera/12.1/nios2eds/bin/gnu/H-i686-pc-linux-gnu/bin/../lib/gcc/nios2-elf/4.1.2/libgcc.a(_unpack_sf.o)
                0x008159bc                __unpack_f
 .text          0x00815a84       0xa8 /OPT/altera/12.1/nios2eds/bin/gnu/H-i686-pc-linux-gnu/bin/../lib/gcc/nios2-elf/4.1.2/libgcc.a(_fpcmp_parts_sf.o)
                0x00815a84                __fpcmp_parts_f
 .text          0x00815b2c       0x2c /OPT/altera/12.1/nios2eds/bin/gnu/H-i686-pc-linux-gnu/bin/../lib/gcc/nios2-elf/4.1.2/libgcc.a(_make_sf.o)
                0x00815b2c                __make_fp
 .text          0x00815b58      0x314 /OPT/altera/12.1/nios2eds/bin/gnu/H-i686-pc-linux-gnu/bin/../lib/gcc/nios2-elf/4.1.2/libgcc.a(_pack_df.o)
                0x00815b58                __pack_d
 .text          0x00815e6c      0x138 /OPT/altera/12.1/nios2eds/bin/gnu/H-i686-pc-linux-gnu/bin/../lib/gcc/nios2-elf/4.1.2/libgcc.a(_unpack_df.o)
                0x00815e6c                __unpack_d
 .text          0x00815fa4       0xc8 /OPT/altera/12.1/nios2eds/bin/gnu/H-i686-pc-linux-gnu/bin/../lib/gcc/nios2-elf/4.1.2/libgcc.a(_fpcmp_parts_df.o)
                0x00815fa4                __fpcmp_parts_d
 .text          0x0081606c      0x160 /OPT/altera/12.1/nios2eds/bin/gnu/H-i686-pc-linux-gnu/bin/../lib/gcc/nios2-elf/4.1.2/libgcc.a(_pack_sf.o)
                0x0081606c                __pack_f
 .text          0x008161cc       0x78 ../Webserver_bsp//libucosii_bsp.a(alt_dcache_flush.o)
                0x008161cc                alt_dcache_flush
 .text          0x00816244       0xd0 ../Webserver_bsp//libucosii_bsp.a(alt_flash_dev.o)
                0x00816244                alt_flash_open_dev
                0x008162c0                alt_flash_close_dev
 .text          0x00816314      0x134 ../Webserver_bsp//libucosii_bsp.a(alt_fstat.o)
                0x00816314                fstat
 .text          0x00816448      0x1c0 ../Webserver_bsp//libucosii_bsp.a(alt_irq_register.o)
                0x00816448                alt_irq_register
 .text          0x00816608        0x0 ../Webserver_bsp//libucosii_bsp.a(alt_irq_vars.o)
 .text          0x00816608      0x120 ../Webserver_bsp//libucosii_bsp.a(alt_isatty.o)
                0x00816608                isatty
 .text          0x00816728      0x150 ../Webserver_bsp//libucosii_bsp.a(alt_lseek.o)
                0x00816728                lseek
 .text          0x00816878       0xc8 ../Webserver_bsp//libucosii_bsp.a(alt_main.o)
                0x00816878                alt_main
 .text          0x00816940      0x2c4 ../Webserver_bsp//libucosii_bsp.a(alt_open.o)
                0x00816a1c                open
 .text          0x00816c04       0x60 ../Webserver_bsp//libucosii_bsp.a(alt_release_fd.o)
                0x00816c04                alt_release_fd
 .text          0x00816c64       0xbc ../Webserver_bsp//libucosii_bsp.a(alt_sbrk.o)
                0x00816c64                sbrk
 .text          0x00816d20      0x1a8 ../Webserver_bsp//libucosii_bsp.a(alt_tick.o)
                0x00816d20                alt_alarm_stop
                0x00816db8                alt_tick
 .text          0x00816ec8      0x118 ../Webserver_bsp//libucosii_bsp.a(alt_usleep.o)
                0x00816ec8                usleep
 .text          0x00816fe0      0x108 ../Webserver_bsp//libucosii_bsp.a(alt_env_lock.o)
                0x00816fe0                __env_lock
                0x0081708c                __env_unlock
 .text          0x008170e8      0x1d8 ../Webserver_bsp//libucosii_bsp.a(alt_malloc_lock.o)
                0x008170e8                __malloc_lock
                0x008171f0                __malloc_unlock
 .text          0x008172c0     0x2128 ../Webserver_bsp//libucosii_bsp.a(os_core.o)
                0x008172c0                OSEventNameGet
                0x008173f0                OSEventNameSet
                0x00817534                OSEventPendMulti
                0x00817be8                OSInit
                0x00817c3c                OSIntEnter
                0x00817cb8                OSIntExit
                0x00817db8                OSSchedLock
                0x00817e44                OSSchedUnlock
                0x00817f28                OSStart
                0x00817f98                OSStatInit
                0x00818044                OSTimeTick
                0x00818284                OSVersion
                0x008182a4                OS_Dummy
                0x008182c0                OS_EventTaskRdy
                0x00818454                OS_EventTaskWait
                0x00818564                OS_EventTaskWaitMulti
                0x008186b8                OS_EventTaskRemove
                0x00818770                OS_EventTaskRemoveMulti
                0x00818874                OS_EventWaitListInit
                0x00818c40                OS_MemClr
                0x00818c94                OS_MemCopy
                0x00818d00                OS_Sched
                0x00818e44                OS_StrCopy
                0x00818ec4                OS_StrLen
                0x00818f1c                OS_TaskIdle
                0x00818f78                OS_TaskStat
                0x00819040                OS_TaskStatStkChk
                0x00819108                OS_TCBInit
 .text          0x008193e8      0x18c ../Webserver_bsp//libucosii_bsp.a(os_dbg.o)
                0x008193e8                OSDebugInit
 .text          0x00819574     0x193c ../Webserver_bsp//libucosii_bsp.a(os_flag.o)
                0x00819574                OSFlagAccept
                0x008198a8                OSFlagCreate
                0x008199e4                OSFlagDel
                0x00819c8c                OSFlagNameGet
                0x00819dd0                OSFlagNameSet
                0x00819f24                OSFlagPend
                0x0081a568                OSFlagPendGetFlagsRdy
                0x0081a5d0                OSFlagPost
                0x0081a978                OSFlagQuery
                0x0081ac10                OS_FlagInit
                0x0081ae04                OS_FlagUnlink
 .text          0x0081aeb0      0xc8c ../Webserver_bsp//libucosii_bsp.a(os_mbox.o)
                0x0081aeb0                OSMboxAccept
                0x0081af54                OSMboxCreate
                0x0081b068                OSMboxDel
                0x0081b308                OSMboxPend
                0x0081b5d0                OSMboxPendAbort
                0x0081b74c                OSMboxPost
                0x0081b880                OSMboxPostOpt
                0x0081ba0c                OSMboxQuery
 .text          0x0081bb3c      0x808 ../Webserver_bsp//libucosii_bsp.a(os_mem.o)
                0x0081bb3c                OSMemCreate
                0x0081bd58                OSMemGet
                0x0081be5c                OSMemNameGet
                0x0081bf68                OSMemNameSet
                0x0081c088                OSMemPut
                0x0081c178                OSMemQuery
                0x0081c274                OS_MemInit
 .text          0x0081c344     0x1334 ../Webserver_bsp//libucosii_bsp.a(os_q.o)
                0x0081c344                OSQAccept
                0x0081c498                OSQCreate
                0x0081c6ac                OSQDel
                0x0081c9ac                OSQFlush
                0x0081ca74                OSQPend
                0x0081cd94                OSQPendAbort
                0x0081cf10                OSQPost
                0x0081d090                OSQPostFront
                0x0081d218                OSQPostOpt
                0x0081d44c                OSQQuery
                0x0081d5cc                OS_QInit
 .text          0x0081d678      0xbc8 ../Webserver_bsp//libucosii_bsp.a(os_sem.o)
                0x0081d678                OSSemAccept
                0x0081d738                OSSemCreate
                0x0081d84c                OSSemDel
                0x0081daec                OSSemPend
                0x0081dd68                OSSemPendAbort
                0x0081dee4                OSSemPost
                0x0081e00c                OSSemQuery
                0x0081e13c                OSSemSet
 .text          0x0081e240     0x1a40 ../Webserver_bsp//libucosii_bsp.a(os_task.o)
                0x0081e240                OSTaskChangePrio
                0x0081e7b4                OSTaskCreate
                0x0081e988                OSTaskCreateExt
                0x0081eb88                OSTaskDel
                0x0081ef94                OSTaskDelReq
                0x0081f104                OSTaskNameGet
                0x0081f2bc                OSTaskNameSet
                0x0081f480                OSTaskResume
                0x0081f698                OSTaskStkChk
                0x0081f894                OSTaskSuspend
                0x0081fac0                OSTaskQuery
                0x0081fc04                OS_TaskStkClr
 .text          0x0081fc80      0x598 ../Webserver_bsp//libucosii_bsp.a(os_time.o)
                0x0081fc80                OSTimeDly
                0x0081fdcc                OSTimeDlyHMSM
                0x0081ff40                OSTimeDlyResume
                0x00820150                OSTimeGet
                0x008201b4                OSTimeSet
 .text          0x00820218      0x304 ../Webserver_bsp//libucosii_bsp.a(alt_sys_init.o)
                0x00820218                alt_irq_init
                0x0082024c                alt_sys_init
 .text          0x0082051c      0x148 ../Webserver_bsp//libucosii_bsp.a(altera_avalon_jtag_uart_fd.o)
                0x0082051c                altera_avalon_jtag_uart_read_fd
                0x00820574                altera_avalon_jtag_uart_write_fd
                0x008205cc                altera_avalon_jtag_uart_close_fd
                0x00820614                altera_avalon_jtag_uart_ioctl_fd
 .text          0x00820664      0x584 ../Webserver_bsp//libucosii_bsp.a(altera_avalon_jtag_uart_init.o)
                0x00820664                altera_avalon_jtag_uart_init
                0x00820b74                altera_avalon_jtag_uart_close
 .text          0x00820be8       0xf4 ../Webserver_bsp//libucosii_bsp.a(altera_avalon_jtag_uart_ioctl.o)
                0x00820be8                altera_avalon_jtag_uart_ioctl
 .text          0x00820cdc      0x2c0 ../Webserver_bsp//libucosii_bsp.a(altera_avalon_jtag_uart_read.o)
                0x00820cdc                altera_avalon_jtag_uart_read
 .text          0x00820f9c      0x2dc ../Webserver_bsp//libucosii_bsp.a(altera_avalon_jtag_uart_write.o)
                0x00820f9c                altera_avalon_jtag_uart_write
 .text          0x00821278      0x100 ../Webserver_bsp//libucosii_bsp.a(altera_avalon_timer_sc.o)
                0x008212e8                alt_avalon_timer_sc_init
 .text          0x00821378      0xb70 ../Webserver_bsp//libucosii_bsp.a(altera_ro_zipfs.o)
                0x008215ec                check_directory_header
                0x00821b44                alt_ro_zipfs_open
                0x00821bdc                alt_ro_zipfs_read
                0x00821cd8                alt_ro_zipfs_seek
                0x00821e20                alt_ro_zipfs_fstat
                0x00821e90                alt_ro_zipfs_check_valid
 .text          0x00821ee8      0x530 ../Webserver_bsp//libucosii_bsp.a(altera_up_avalon_character_lcd.o)
                0x00821ee8                get_DDRAM_addr
                0x00821f64                alt_up_character_lcd_send_cmd
                0x00821f98                alt_up_character_lcd_init
                0x00821fcc                alt_up_character_lcd_open_dev
                0x0082200c                alt_up_character_lcd_write
                0x00822084                alt_up_character_lcd_string
                0x008220fc                alt_up_character_lcd_write_fd
                0x00822148                alt_up_character_lcd_set_cursor_pos
                0x008221c0                alt_up_character_lcd_shift_cursor
                0x00822270                alt_up_character_lcd_shift_display
                0x00822320                alt_up_character_lcd_erase_pos
                0x008223b0                alt_up_character_lcd_cursor_off
                0x008223e4                alt_up_character_lcd_cursor_blink_on
 .text          0x00822418       0x54 ../Webserver_bsp//libucosii_bsp.a(alt_iniche_close.o)
                0x00822418                close
 .text          0x0082246c      0x144 ../Webserver_bsp//libucosii_bsp.a(alt_iniche_dev.o)
                0x0082246c                iniche_devices_init
 .text          0x008225b0       0x78 ../Webserver_bsp//libucosii_bsp.a(alt_iniche_read.o)
                0x008225b0                read
 .text          0x00822628       0x70 ../Webserver_bsp//libucosii_bsp.a(alt_iniche_write.o)
                0x00822628                write
 .text          0x00822698      0xedc ../Webserver_bsp//libucosii_bsp.a(ipnet.o)
                0x00822698                Netinit
                0x00822ce4                fixup_subnet_mask
                0x00822e44                netclose
                0x00822f2c                pktdemux
                0x00823300                c_older
                0x008233d0                ip2mac
 .text          0x00823574      0x4b0 ../Webserver_bsp//libucosii_bsp.a(ipstart.o)
                0x00823574                ip_startup
                0x00823858                exit_hook
                0x008238c4                ip_exit
                0x00823994                if_netnumber
 .text          0x00823a24     0x1010 ../Webserver_bsp//libucosii_bsp.a(igmp_cmn.o)
                0x00823a24                igmp_init
                0x00823ad4                igmp_input
                0x00823bcc                igmp_fasttimo
                0x00823d68                igmp_send
                0x00824010                igmp_joingroup
                0x0082427c                igmp_leavegroup
                0x008242f8                igmp_validate
                0x00824654                igmp_print_stats
 .text          0x00824a34      0xb50 ../Webserver_bsp//libucosii_bsp.a(bsdsock.o)
                0x00824a34                bsd_accept
                0x00824b6c                bsd_getpeername
                0x00824c98                bsd_getsockname
                0x00824dc4                bsd_i_sockoptlen
                0x00824f7c                bsd_getsockopt
                0x0082509c                bsd_ioctl
                0x008251a0                bsd_inet_ntoa
                0x008251d0                bsd_recvfrom
                0x00825330                bsd_select
                0x00825498                bsd_setsockopt
 .text          0x00825584      0x118 ../Webserver_bsp//libucosii_bsp.a(cksum.o)
                0x00825584                ccksum
                0x00825634                cksum
 .text          0x0082569c      0xa9c ../Webserver_bsp//libucosii_bsp.a(in_utils.o)
                0x0082569c                do_trap
                0x008256c8                nextarg
                0x00825744                hexdump
                0x0082588c                print_ipad
                0x00825900                print_uptime
                0x00825a2c                panic
                0x00825a70                print_eth
                0x00825bd4                uslash
                0x00825c54                ns_printf
                0x00825dd8                std_out
                0x00825e1c                con_page
                0x00825f0c                parse_args
 .text          0x00826138      0x1c8 ../Webserver_bsp//libucosii_bsp.a(netmain.o)
                0x00826138                netmain
                0x0082622c                tk_netmain
                0x008262b4                tk_nettick
 .text          0x00826300      0x5e8 ../Webserver_bsp//libucosii_bsp.a(tk_crnos.o)
                0x00826300                TK_OSTimeDly
                0x0082632c                TK_OSTaskResume
                0x0082639c                tcp_sleep
                0x0082653c                tcp_wakeup
                0x00826640                TK_OSTaskQuery
                0x008266b4                tk_yield
                0x008266e0                tk_stats
 .text          0x008268e8     0x2f40 ../Webserver_bsp//libucosii_bsp.a(dhcpclnt.o)
                0x008268e8                dhc_get_srv_ipaddr
                0x00826978                dhc_init
                0x00826a34                dhc_set_callback
                0x00826a78                dhc_upcall
                0x008272a8                dhc_buildheader
                0x008274c4                dhc_discover
                0x008279dc                dhc_rx_offer
                0x00827ae0                dhc_request
                0x0082861c                dhc_setip
                0x0082889c                dhc_resetip
                0x00828980                dhc_decline
                0x00828b64                dhc_extract_opts
                0x00828e20                dhc_second
                0x008293bc                dhc_halt
                0x00829444                dhc_reclaim
                0x00829614                dhc_state_init
                0x00829674                dhc_alldone
                0x00829704                dhc_ifacedone
                0x00829778                dhc_set_state
 .text          0x00829828       0xcc ../Webserver_bsp//libucosii_bsp.a(dhcputil.o)
                0x00829828                find_opt
 .text          0x008298f4      0x79c ../Webserver_bsp//libucosii_bsp.a(pktalloc.o)
                0x008298f4                pk_init
                0x00829b84                pk_alloc
                0x00829c60                pk_validate
                0x00829f18                pk_free
                0x00829fc4                pk_get_max_intrsafe_buf_len
                0x00829fe4                dump_buf_estats
 .text          0x0082a090      0x288 ../Webserver_bsp//libucosii_bsp.a(q.o)
                0x0082a090                getq
                0x0082a158                putq
                0x0082a208                qdel
 .text          0x0082a318      0x31c ../Webserver_bsp//libucosii_bsp.a(udp_open.o)
                0x0082a318                udp_open
                0x0082a550                udp_close
 .text          0x0082a634      0x194 ../Webserver_bsp//libucosii_bsp.a(asm_cksum.o)
                0x0082a634                asm_cksum
 .text          0x0082a7c8      0x2a0 ../Webserver_bsp//libucosii_bsp.a(brdutils.o)
                0x0082a7c8                dtrap
                0x0082a7f8                kbhit
                0x0082a8a4                getch
                0x0082a904                clock_init
                0x0082a940                clock_c
                0x0082a95c                cticks_hook
                0x0082a9c8                irq_Mask
                0x0082aa24                irq_Unmask
 .text          0x0082aa68      0x488 ../Webserver_bsp//libucosii_bsp.a(osportco.o)
                0x0082aa68                LOCK_NET_RESOURCE
                0x0082ab28                UNLOCK_NET_RESOURCE
                0x0082abb0                TK_NEWTASK
                0x0082adc4                wait_app_sem
                0x0082ae78                post_app_sem
 .text          0x0082aef0      0x568 ../Webserver_bsp//libucosii_bsp.a(targnios.o)
                0x0082aef0                alt_iniche_init
                0x0082b10c                pre_task_setup
                0x0082b180                post_task_setup
                0x0082b1a0                prep_armintcp
                0x0082b1d8                calloc2
                0x0082b20c                npalloc
                0x0082b300                npfree
                0x0082b3b8                ncpalloc
                0x0082b40c                ncpfree
 .text          0x0082b458     0x197c ../Webserver_bsp//libucosii_bsp.a(nptcp.o)
                0x0082b458                pffindtype
                0x0082b4f8                pffindproto
                0x0082b5c8                m_getnbuf
                0x0082b770                m_free
                0x0082b8a4                m_freem
                0x0082b8e8                m_copy
                0x0082bc0c                m_adj
                0x0082bddc                mbuf_len
                0x0082be34                dtom
                0x0082bedc                remque
                0x0082bf4c                insque
                0x0082bfc8                nptcp_init
                0x0082c0ec                tcp_rcv
                0x0082c2d8                ip_output
                0x0082c8d0                in_broadcast
                0x0082c910                np_stripoptions
                0x0082c9f8                so_icmpdu
                0x0082cd50                tcp_tick
 .text          0x0082cdd4      0xa2c ../Webserver_bsp//libucosii_bsp.a(rawsock.o)
                0x0082cdd4                rawip_lookup
                0x0082ce44                rawip_soinput
                0x0082d018                rawip_usrreq
 .text          0x0082d800     0x17fc ../Webserver_bsp//libucosii_bsp.a(sockcall.o)
                0x0082d800                DOMAIN_CHECK
                0x0082d84c                t_socket
                0x0082d8dc                t_bind
                0x0082da58                t_listen
                0x0082db3c                t_accept
                0x0082ddd4                t_connect
                0x0082e07c                t_getpeername
                0x0082e0c0                t_getsockname
                0x0082e300                t_setsockopt
                0x0082e4dc                t_getsockopt
                0x0082e680                t_recv
                0x0082e770                t_recvfrom
                0x0082e8c0                t_sendto
                0x0082eaec                t_send
                0x0082ed14                t_shutdown
                0x0082edf8                t_socketclose
                0x0082ef60                t_errno
 .text          0x0082effc     0x2374 ../Webserver_bsp//libucosii_bsp.a(socket.o)
                0x0082effc                socreate
                0x0082f1c8                sobind
                0x0082f224                solisten
                0x0082f314                sofree
                0x0082f444                soclose
                0x0082f738                soabort
                0x0082f788                soaccept
                0x0082f824                soconnect
                0x0082f8f8                sodisconnect
                0x0082f998                sosend
                0x0082ffa0                soreceive
                0x00830784                soshutdown
                0x0083082c                sorflush
                0x0083092c                sosetopt
                0x00830dec                sogetopt
                0x0083132c                sohasoutofband
 .text          0x00831370     0x1318 ../Webserver_bsp//libucosii_bsp.a(socket2.o)
                0x00831370                soisconnecting
                0x008313dc                soisconnected
                0x008314d8                soisdisconnecting
                0x00831564                soisdisconnected
                0x00831620                sonewconn
                0x0083183c                soqinsque
                0x008318e8                soqremque
                0x00831a08                socantsendmore
                0x00831a58                socantrcvmore
                0x00831aa8                sbselqueue
                0x00831ae0                sbwait
                0x00831b48                sbwakeup
                0x00831be4                soreserve
                0x00831c64                sbreserve
                0x00831cc4                sbrelease
                0x00831d0c                sbappend
                0x00831db4                sbappendrecord
                0x00831e94                sbappendaddr
                0x0083209c                sbcompress
                0x00832284                sbflush
                0x00832314                sbdrop
                0x008324e4                sbdropend
                0x008325f4                sbdroprecord
 .text          0x00832688      0x914 ../Webserver_bsp//libucosii_bsp.a(soselect.o)
                0x00832688                t_select
                0x008328a8                sock_selscan
                0x00832a00                sock_select
                0x00832c14                in_pcbnotify
                0x00832ce0                tcp_notify
                0x00832d48                ifd_clr
                0x00832e38                ifd_set
                0x00832eac                ifd_isset
                0x00832f2c                ifd_get
 .text          0x00832f9c     0x2fe8 ../Webserver_bsp//libucosii_bsp.a(tcp_in.o)
                0x00832f9c                tcp_reass
                0x008333a4                tcp_input
                0x008358f8                tcp_dooptions
                0x00835a88                tcp_pulloutofband
                0x00835bb4                tcp_xmit_timer
                0x00835e20                ip4_tcpmss
                0x00835e68                tcp_mss
 .text          0x00835f84     0x1360 ../Webserver_bsp//libucosii_bsp.a(tcp_out.o)
                0x00835f84                tcp_output
                0x00837100                tcp_setpersist
 .text          0x008372e4      0x9e8 ../Webserver_bsp//libucosii_bsp.a(tcp_subr.o)
                0x008372e4                tcp_init
                0x0083733c                tcp_template
                0x00837454                tcp_respond
                0x008378dc                tcp_newtcpcb
                0x008379f4                tcp_drop
                0x00837aa0                tcp_close
                0x00837b88                tcp_quench
                0x00837bd4                tcp_putseq
                0x00837c54                tcp_getseq
 .text          0x00837ccc      0x798 ../Webserver_bsp//libucosii_bsp.a(tcp_timr.o)
                0x00837ccc                tcp_slowtimo
                0x00837f6c                tcp_canceltimers
                0x00837fc8                tcp_timers
 .text          0x00838464      0x9ec ../Webserver_bsp//libucosii_bsp.a(tcp_usr.o)
                0x00838464                tcp_usrreq
                0x00838b68                tcp_attach
                0x00838c9c                tcp_disconnect
                0x00838d70                tcp_usrclosed
 .text          0x00838e50       0x4c ../Webserver_bsp//libucosii_bsp.a(tcpport.o)
                0x00838e50                tcpinit
 .text          0x00838e9c      0xd20 ../Webserver_bsp//libucosii_bsp.a(udpsock.o)
                0x00838e9c                udp_lookup
                0x00838f0c                udp_soinput
                0x008390c4                udp_usrreq
                0x00839348                udp4_sockbind
                0x00839684                udp4_socksend
                0x00839a60                udp4_sockaddr
 .text          0x00839bbc      0x154 ../Webserver_bsp//libucosii_bsp.a(alt_alarm_start.o)
                0x00839bbc                alt_alarm_start
 .text          0x00839d10      0x14c ../Webserver_bsp//libucosii_bsp.a(alt_busy_sleep.o)
                0x00839d10                alt_busy_sleep
 .text          0x00839e5c      0x15c ../Webserver_bsp//libucosii_bsp.a(alt_close.o)
                0x00839e5c                alt_close
 .text          0x00839fb8       0x2c ../Webserver_bsp//libucosii_bsp.a(alt_dev.o)
 .text          0x00839fe4      0x114 ../Webserver_bsp//libucosii_bsp.a(alt_dev_llist_insert.o)
                0x00839fe4                alt_dev_llist_insert
 .text          0x0083a0f8       0x64 ../Webserver_bsp//libucosii_bsp.a(alt_do_ctors.o)
                0x0083a0f8                _do_ctors
 .text          0x0083a15c       0x64 ../Webserver_bsp//libucosii_bsp.a(alt_do_dtors.o)
                0x0083a15c                _do_dtors
 .text          0x0083a1c0        0x0 ../Webserver_bsp//libucosii_bsp.a(alt_errno.o)
 .text          0x0083a1c0       0x94 ../Webserver_bsp//libucosii_bsp.a(alt_find_dev.o)
                0x0083a1c0                alt_find_dev
 .text          0x0083a254      0x120 ../Webserver_bsp//libucosii_bsp.a(alt_find_file.o)
                0x0083a254                alt_find_file
 .text          0x0083a374       0x90 ../Webserver_bsp//libucosii_bsp.a(alt_fs_reg.o)
                0x0083a374                alt_fs_reg
 .text          0x0083a404       0xf4 ../Webserver_bsp//libucosii_bsp.a(alt_get_fd.o)
                0x0083a404                alt_get_fd
 .text          0x0083a4f8      0x1d4 ../Webserver_bsp//libucosii_bsp.a(alt_iic.o)
                0x0083a4f8                alt_ic_isr_register
                0x0083a548                alt_ic_irq_enable
                0x0083a5e4                alt_ic_irq_disable
                0x0083a684                alt_ic_irq_enabled
 .text          0x0083a6cc       0xf8 ../Webserver_bsp//libucosii_bsp.a(alt_iic_isr_register.o)
                0x0083a6cc                alt_iic_isr_register
 .text          0x0083a7c4      0x13c ../Webserver_bsp//libucosii_bsp.a(alt_io_redirect.o)
                0x0083a888                alt_io_redirect
 .text          0x0083a900        0x0 ../Webserver_bsp//libucosii_bsp.a(alt_irq_entry.o)
 .text          0x0083a900        0x0 ../Webserver_bsp//libucosii_bsp.a(alt_irq_handler.o)
 .text          0x0083a900      0x180 ../Webserver_bsp//libucosii_bsp.a(alt_read.o)
                0x0083a900                alt_read
 .text          0x0083aa80       0x38 ../Webserver_bsp//libucosii_bsp.a(alt_remap_cached.o)
                0x0083aa80                alt_remap_cached
 .text          0x0083aab8       0x40 ../Webserver_bsp//libucosii_bsp.a(alt_remap_uncached.o)
                0x0083aab8                alt_remap_uncached
 .text          0x0083aaf8      0x180 ../Webserver_bsp//libucosii_bsp.a(alt_write.o)
                0x0083aaf8                alt_write
 .text          0x0083ac78       0x20 ../Webserver_bsp//libucosii_bsp.a(altera_nios2_qsys_irq.o)
                0x0083ac78                altera_nios2_qsys_irq_init
 .text          0x0083ac98       0xd0 ../Webserver_bsp//libucosii_bsp.a(os_cpu_a.o)
                0x0083ac98                OSCtxSw
                0x0083ac98                OSIntCtxSw
                0x0083ad24                OSStartHighRdy
                0x0083ad44                OSStartTsk
 .text          0x0083ad68      0x424 ../Webserver_bsp//libucosii_bsp.a(os_cpu_c.o)
                0x0083ad68                OSTaskStkInit
                0x0083b078                OSTaskCreateHook
                0x0083b098                OSTaskDelHook
                0x0083b0b8                OSTaskSwHook
                0x0083b0d4                OSTaskStatHook
                0x0083b0f0                OSTimeTickHook
                0x0083b118                OSInitHookBegin
                0x0083b134                OSInitHookEnd
                0x0083b150                OSTaskIdleHook
                0x0083b16c                OSTCBInitHook
 .text          0x0083b18c      0x3d4 ../Webserver_bsp//libucosii_bsp.a(allports.o)
                0x0083b18c                netmain_init
                0x0083b288                icmp_port_du
                0x0083b310                station_state
                0x0083b45c                sysuptime
                0x0083b498                packet_check
                0x0083b4e4                mcastlist
                0x0083b508                prep_modules
 .text          0x0083b560      0x480 ../Webserver_bsp//libucosii_bsp.a(timeouts.o)
                0x0083b560                inet_timer
                0x0083b7bc                in_timerset
                0x0083b938                in_timerkill
 .text          0x0083b9e0       0xa4 ../Webserver_bsp//libucosii_bsp.a(tk_misc.o)
                0x0083b9e0                create_apptasks
                0x0083ba04                task_stats
 .text          0x0083ba84       0xb0 ../Webserver_bsp//libucosii_bsp.a(alt_iniche_fcntl.o)
                0x0083ba84                fcntl
 .text          0x0083bb34     0x14a0 ../Webserver_bsp//libucosii_bsp.a(et_arp.o)
                0x0083bb34                etainit
                0x0083bb88                et_send
                0x0083bd04                arp_free_pending
                0x0083bd8c                arp_send_pending
                0x0083be00                send_arp
                0x0083c298                find_oldest_arp
                0x0083c440                make_arp_entry
                0x0083c554                arpReply
                0x0083c7e8                arprcv
                0x0083ca48                send_via_arp
                0x0083cbf0                cb_arpent_tmo
                0x0083cd08                grat_arp
 .text          0x0083cfd4      0x298 ../Webserver_bsp//libucosii_bsp.a(iface.o)
                0x0083cfd4                if_getbynum
                0x0083d058                isbcast
                0x0083d138                reg_type
                0x0083d1d4                if_killsocks
 .text          0x0083d26c     0x22a4 ../Webserver_bsp//libucosii_bsp.a(ip.o)
                0x0083d26c                ip_init
                0x0083d368                ip_bldhead
                0x0083d50c                ip_write_internal
                0x0083dc8c                ip_write
                0x0083ded4                ip_write2
                0x0083e284                ip_raw_write
                0x0083e35c                ip_fragment_lc
                0x0083e7e4                ip_fragment
                0x0083ee08                ip_mymach
                0x0083eeb4                ip_dump
                0x0083f16c                iproute
                0x0083f3d8                ip_copypkt
 .text          0x0083f510     0x1d9c ../Webserver_bsp//libucosii_bsp.a(ip_reasm.o)
                0x0083f510                ip_reasm_match_frag_with_ire
                0x0083f5e0                ip_reasm_determine_type_of_frag
                0x0083f6cc                ip_reasm_check_mem_useage
                0x0083f764                ip_reasm_incr_mem_useage
                0x0083f80c                ip_reasm_decr_mem_useage
                0x0083f8ac                ip_reasm_process_first_fragment
                0x0083fb8c                ip_reassm
                0x0083fc2c                ip_reasm_compute_overlap
                0x008401bc                ip_reasm_process_subsequent_fragments
                0x00840750                ip_reasm_find_ire
                0x008407b4                ip_reasm_copy_queued_fragments_into_reassy_buffer
                0x00840b10                ip_reasm_process_timer_tick
                0x00840bf4                ip_reasm_delete_ire
                0x00840dbc                ip_reasm_mark_compact_rfq
                0x00840f04                ipr_stats
                0x00841258                ip_reasm_send_icmp_timex
 .text          0x008412ac      0xe3c ../Webserver_bsp//libucosii_bsp.a(ipdemux.o)
                0x008412ac                ip_rcv
                0x008416ac                ip_rcv_phase2
                0x00841cb8                ip_demux
 .text          0x008420e8      0x2f0 ../Webserver_bsp//libucosii_bsp.a(ipmc.o)
                0x008420e8                in_addmulti
                0x00842250                in_delmulti
                0x00842368                lookup_mcast
 .text          0x008423d8       0xe4 ../Webserver_bsp//libucosii_bsp.a(ipport.o)
                0x008423d8                prep_ifaces
                0x0084246c                netexit
                0x00842494                evtmap_setup
 .text          0x008424bc      0x550 ../Webserver_bsp//libucosii_bsp.a(ipraw.o)
                0x008424bc                ip_raw_open
                0x008425ac                ip_raw_close
                0x0084266c                ip_raw_input
                0x008428a4                ip_raw_alloc
                0x00842970                ip_raw_free
                0x008429b0                ip_raw_maxalloc
 .text          0x00842a0c      0x6f0 ../Webserver_bsp//libucosii_bsp.a(iproute.o)
                0x00842a0c                rt_lookup
                0x00842b90                add_route
                0x00842fb8                del_route
 .text          0x008430fc      0xe3c ../Webserver_bsp//libucosii_bsp.a(udp.o)
                0x008430fc                udpdemux
                0x00843954                udp_send
                0x00843c0c                udpswap
                0x00843d3c                udp_socket
                0x00843e0c                udp_alloc
                0x00843ecc                udp_maxalloc
                0x00843ef8                udp_free
 .text          0x00843f38      0x2e8 ../Webserver_bsp//libucosii_bsp.a(igmp.o)
                0x00843f38                igmpv1_input
 .text          0x00844220      0x7c0 ../Webserver_bsp//libucosii_bsp.a(igmp2.o)
                0x00844220                igmpv2_input
                0x00844380                igmpv2_process_report
                0x008444cc                igmpv2_process_query
                0x00844718                igmpv2_chk_set_timer
                0x00844870                igmpv2_chk4_rtr_alert_opt
 .text          0x008449e0      0x8fc ../Webserver_bsp//libucosii_bsp.a(ipopt.o)
                0x008449e0                IPADDR_TO_NETP
                0x00844b28                ip_setmoptions
                0x00845118                ip_getmoptions
                0x00845258                ip_freemoptions
 .text          0x008452dc      0x6ac ../Webserver_bsp//libucosii_bsp.a(u_mctest.o)
                0x008452dc                u_mctest_init
                0x0084530c                u_mctest_run
 .text          0x00845988      0x38c ../Webserver_bsp//libucosii_bsp.a(dhcsetup.o)
                0x00845988                dhc_setup
                0x00845c10                dhc_main_ipset
 .text          0x00845d14      0x40c ../Webserver_bsp//libucosii_bsp.a(memdev.o)
                0x00845d14                init_memdev
                0x00845d8c                md_fopen
                0x00845db4                md_fclose
                0x00845dd4                md_fread
                0x00845f54                md_fwrite
                0x00845fd4                md_fseek
                0x00846000                md_ftell
                0x00846024                md_fgetc
                0x008460fc                md_unlink
 .text          0x00846120      0x810 ../Webserver_bsp//libucosii_bsp.a(parseip.o)
                0x00846120                parse_ipad
                0x0084643c                inet_addr
                0x008464a4                hextoa
                0x00846514                inet_pton
                0x008465c0                inet_ntop
                0x0084664c                print46_addr
                0x008466ac                inet46_addr
                0x00846770                inet_setport
                0x008467e4                convert_ip
 .text          0x00846930      0x1cc ../Webserver_bsp//libucosii_bsp.a(tcpcksum.o)
                0x00846930                tcp_cksum
 .text          0x00846afc      0x900 ../Webserver_bsp//libucosii_bsp.a(in_pcb.o)
                0x00846afc                in_pcballoc
                0x00846b90                in_pcbdetach
                0x00846be4                in_pcbbind
                0x00846e38                in_pcbconnect
                0x00847048                in_pcbdisconnect
                0x008470a8                in_setsockaddr
                0x00847124                in_setpeeraddr
                0x008471a0                in_pcblookup
 .text          0x008473fc     0x1a74 ../Webserver_bsp//libucosii_bsp.a(vfsfiles.o)
                0x008473fc                set_vfopen_error
                0x00847424                get_vfopen_error
                0x00847444                vf_alloc_and_link_vop
                0x008474c0                vf_alloc_buffer
                0x00847598                vf_free_buffer
                0x008475e8                vfopen_locked
                0x00847950                vfopen
                0x008479a0                vfclose_locked
                0x00847b48                vfclose
                0x00847b88                vfflush
                0x00847bd0                vfgets
                0x00847cb4                vfeof
                0x00847d0c                vunlink_flag_open_files
                0x00847d68                vunlink
                0x00847f88                vfread
                0x00848134                vfwrite_locked
                0x0084851c                vfwrite
                0x0084857c                vfseek
                0x008486f8                vftell
                0x0084882c                vgetc_locked
                0x0084894c                vgetc
                0x00848994                vfslookup_locked
                0x00848acc                vfslookup
                0x00848b14                strippath
                0x00848cfc                isvfile_locked
                0x00848d60                isvfile
                0x00848da8                vferror
                0x00848e14                vclearerr
 .text          0x00848e70       0x24 ../Webserver_bsp//libucosii_bsp.a(vfsport.o)
                0x00848e70                prep_vfs
 .text          0x00848e94        0x0 ../Webserver_bsp//libucosii_bsp.a(alt_exception_entry.o)
 .text          0x00848e94      0x1b4 ../Webserver_bsp//libucosii_bsp.a(alt_fcntl.o)
                0x00848e94                alt_fcntl
 .text          0x00849048     0x130c ../Webserver_bsp//libucosii_bsp.a(icmp.o)
                0x00849048                icmprcv
                0x00849c7c                icmp_destun
                0x00849fcc                icmp_timex
                0x0084a300                icmp_du
 .text          0x0084a354       0x14 /OPT/altera/12.1/nios2eds/bin/gnu/H-i686-pc-linux-gnu/bin/../lib/gcc/nios2-elf/4.1.2/../../../../nios2-elf/lib/libc.a(lib_a-atexit.o)
                0x0084a354                atexit
 .text          0x0084a368       0x1c /OPT/altera/12.1/nios2eds/bin/gnu/H-i686-pc-linux-gnu/bin/../lib/gcc/nios2-elf/4.1.2/../../../../nios2-elf/lib/libc.a(lib_a-calloc.o)
                0x0084a368                calloc
 .text          0x0084a384       0x38 /OPT/altera/12.1/nios2eds/bin/gnu/H-i686-pc-linux-gnu/bin/../lib/gcc/nios2-elf/4.1.2/../../../../nios2-elf/lib/libc.a(lib_a-exit.o)
                0x0084a384                exit
 .text          0x0084a3bc      0x128 /OPT/altera/12.1/nios2eds/bin/gnu/H-i686-pc-linux-gnu/bin/../lib/gcc/nios2-elf/4.1.2/../../../../nios2-elf/lib/libc.a(lib_a-getc.o)
                0x0084a3bc                getc
                0x0084a454                _getc_r
 .text          0x0084a4e4       0x28 /OPT/altera/12.1/nios2eds/bin/gnu/H-i686-pc-linux-gnu/bin/../lib/gcc/nios2-elf/4.1.2/../../../../nios2-elf/lib/libc.a(lib_a-malloc.o)
                0x0084a4e4                free
                0x0084a4f8                malloc
 .text          0x0084a50c       0x60 /OPT/altera/12.1/nios2eds/bin/gnu/H-i686-pc-linux-gnu/bin/../lib/gcc/nios2-elf/4.1.2/../../../../nios2-elf/lib/libc.a(lib_a-rget.o)
                0x0084a50c                __srget_r
                0x0084a558                __srget
 .text          0x0084a56c       0x34 /OPT/altera/12.1/nios2eds/bin/gnu/H-i686-pc-linux-gnu/bin/../lib/gcc/nios2-elf/4.1.2/../../../../nios2-elf/lib/libc.a(lib_a-vprintf.o)
                0x0084a56c                _vprintf_r
                0x0084a580                vprintf
 .text          0x0084a5a0       0x74 /OPT/altera/12.1/nios2eds/bin/gnu/H-i686-pc-linux-gnu/bin/../lib/gcc/nios2-elf/4.1.2/../../../../nios2-elf/lib/libc.a(lib_a-vsprintf.o)
                0x0084a5a0                _vsprintf_r
                0x0084a5f0                vsprintf
 .text          0x0084a614      0x134 /OPT/altera/12.1/nios2eds/bin/gnu/H-i686-pc-linux-gnu/bin/../lib/gcc/nios2-elf/4.1.2/../../../../nios2-elf/lib/libc.a(lib_a-__atexit.o)
                0x0084a614                __register_exitproc
 .text          0x0084a748      0x1b4 /OPT/altera/12.1/nios2eds/bin/gnu/H-i686-pc-linux-gnu/bin/../lib/gcc/nios2-elf/4.1.2/../../../../nios2-elf/lib/libc.a(lib_a-__call_atexit.o)
                0x0084a74c                __call_exitprocs
 .text          0x0084a8fc       0x6c ../Webserver_bsp//libucosii_bsp.a(alt_exit.o)
                0x0084a93c                _exit
 *(.gnu.warning.*)
 *(.fini)
                0x0084a968                PROVIDE (__etext, ABSOLUTE (.))
                0x0084a968                PROVIDE (_etext, ABSOLUTE (.))
                0x0084a968                PROVIDE (etext, ABSOLUTE (.))
 *(.eh_frame_hdr)
                0x0084a968                . = ALIGN (0x4)
                0x0084a968                PROVIDE (__preinit_array_start, ABSOLUTE (.))
 *(.preinit_array)
                0x0084a968                PROVIDE (__preinit_array_end, ABSOLUTE (.))
                0x0084a968                PROVIDE (__init_array_start, ABSOLUTE (.))
 *(.init_array)
                0x0084a968                PROVIDE (__init_array_end, ABSOLUTE (.))
                0x0084a968                PROVIDE (__fini_array_start, ABSOLUTE (.))
 *(.fini_array)
                0x0084a968                PROVIDE (__fini_array_end, ABSOLUTE (.))
 *(.eh_frame)
 *(.gcc_except_table)
 *(.dynamic)
                0x0084a968                PROVIDE (__CTOR_LIST__, ABSOLUTE (.))
 *(.ctors)
 *(SORT(.ctors.*))
 .ctors.65535   0x0084a968        0x4 /OPT/altera/12.1/nios2eds/bin/gnu/H-i686-pc-linux-gnu/bin/../lib/gcc/nios2-elf/4.1.2/../../../../nios2-elf/lib/libc.a(lib_a-__call_atexit.o)
                0x0084a96c                PROVIDE (__CTOR_END__, ABSOLUTE (.))
                0x0084a96c                PROVIDE (__DTOR_LIST__, ABSOLUTE (.))
 *(.dtors)
 *(SORT(.dtors.*))
                0x0084a96c                PROVIDE (__DTOR_END__, ABSOLUTE (.))
 *(.jcr)
                0x0084a96c                . = ALIGN (0x4)

.rodata         0x0084a96c     0x4308
                0x0084a96c                PROVIDE (__ram_rodata_start, ABSOLUTE (.))
                0x0084a96c                . = ALIGN (0x4)
 *(.rodata .rodata.* .gnu.linkonce.r.*)
 .rodata        0x0084a96c      0x654 obj/default/alt_error_handler.o
 .rodata        0x0084afc0       0x64 obj/default/dm9000a.o
 .rodata        0x0084b024      0x838 obj/default/http.o
 .rodata        0x0084b85c      0x258 obj/default/network_utilities.o
 .rodata        0x0084bab4      0x1ac obj/default/srec_flash.o
 .rodata        0x0084bc60       0x78 obj/default/web_server.o
 .rodata        0x0084bcd8      0x281 /OPT/altera/12.1/nios2eds/bin/gnu/H-i686-pc-linux-gnu/bin/../lib/gcc/nios2-elf/4.1.2/../../../../nios2-elf/lib/libc.a(lib_a-ctype_.o)
                0x0084bcd8                _ctype_
 *fill*         0x0084bf59        0x3 00
 .rodata.str1.4
                0x0084bf5c        0x2 /OPT/altera/12.1/nios2eds/bin/gnu/H-i686-pc-linux-gnu/bin/../lib/gcc/nios2-elf/4.1.2/../../../../nios2-elf/lib/libc.a(lib_a-impure.o)
                                  0x4 (size before relaxing)
 *fill*         0x0084bf5e        0x2 00
 .rodata.str1.4
                0x0084bf60        0x3 /OPT/altera/12.1/nios2eds/bin/gnu/H-i686-pc-linux-gnu/bin/../lib/gcc/nios2-elf/4.1.2/../../../../nios2-elf/lib/libc.a(lib_a-perror.o)
                                  0x4 (size before relaxing)
 *fill*         0x0084bf63        0x1 00
 .rodata.str1.4
                0x0084bf64        0x2 /OPT/altera/12.1/nios2eds/bin/gnu/H-i686-pc-linux-gnu/bin/../lib/gcc/nios2-elf/4.1.2/../../../../nios2-elf/lib/libc.a(lib_a-puts.o)
                                  0x4 (size before relaxing)
 *fill*         0x0084bf66        0x2 00
 .rodata.str1.4
                0x0084bf68      0x7a2 /OPT/altera/12.1/nios2eds/bin/gnu/H-i686-pc-linux-gnu/bin/../lib/gcc/nios2-elf/4.1.2/../../../../nios2-elf/lib/libc.a(lib_a-strerror.o)
                                0x7a8 (size before relaxing)
 *fill*         0x0084c70a        0x2 00
 .rodata.str1.4
                0x0084c70c       0x5e /OPT/altera/12.1/nios2eds/bin/gnu/H-i686-pc-linux-gnu/bin/../lib/gcc/nios2-elf/4.1.2/../../../../nios2-elf/lib/libc.a(lib_a-vfprintf.o)
                                 0x60 (size before relaxing)
 .rodata        0x0084c76a       0x20 /OPT/altera/12.1/nios2eds/bin/gnu/H-i686-pc-linux-gnu/bin/../lib/gcc/nios2-elf/4.1.2/../../../../nios2-elf/lib/libc.a(lib_a-vfprintf.o)
 *fill*         0x0084c78a        0x2 00
 .rodata.str1.4
                0x0084c78c        0x5 /OPT/altera/12.1/nios2eds/bin/gnu/H-i686-pc-linux-gnu/bin/../lib/gcc/nios2-elf/4.1.2/../../../../nios2-elf/lib/libc.a(lib_a-vfscanf.o)
                                  0x8 (size before relaxing)
 *fill*         0x0084c791        0x1 00
 .rodata        0x0084c792       0x22 /OPT/altera/12.1/nios2eds/bin/gnu/H-i686-pc-linux-gnu/bin/../lib/gcc/nios2-elf/4.1.2/../../../../nios2-elf/lib/libc.a(lib_a-vfscanf.o)
 .rodata.str1.4
                0x0084c7b4       0x10 /OPT/altera/12.1/nios2eds/bin/gnu/H-i686-pc-linux-gnu/bin/../lib/gcc/nios2-elf/4.1.2/../../../../nios2-elf/lib/libc.a(lib_a-dtoa.o)
                                 0x14 (size before relaxing)
 .rodata.str1.4
                0x0084c7c4        0xf /OPT/altera/12.1/nios2eds/bin/gnu/H-i686-pc-linux-gnu/bin/../lib/gcc/nios2-elf/4.1.2/../../../../nios2-elf/lib/libc.a(lib_a-locale.o)
                                 0x18 (size before relaxing)
 *fill*         0x0084c7d3        0x1 00
 .rodata        0x0084c7d4       0x30 /OPT/altera/12.1/nios2eds/bin/gnu/H-i686-pc-linux-gnu/bin/../lib/gcc/nios2-elf/4.1.2/../../../../nios2-elf/lib/libc.a(lib_a-locale.o)
 .rodata.str1.4
                0x00000000        0x4 /OPT/altera/12.1/nios2eds/bin/gnu/H-i686-pc-linux-gnu/bin/../lib/gcc/nios2-elf/4.1.2/../../../../nios2-elf/lib/libc.a(lib_a-mbrtowc.o)
 .rodata        0x0084c804      0x124 /OPT/altera/12.1/nios2eds/bin/gnu/H-i686-pc-linux-gnu/bin/../lib/gcc/nios2-elf/4.1.2/../../../../nios2-elf/lib/libc.a(lib_a-mprec.o)
                0x0084c804                __mprec_tens
                0x0084c8cc                __mprec_bigtens
                0x0084c8f4                __mprec_tinytens
 .rodata.str1.4
                0x0084c928        0xf /OPT/altera/12.1/nios2eds/bin/gnu/H-i686-pc-linux-gnu/bin/../lib/gcc/nios2-elf/4.1.2/../../../../nios2-elf/lib/libc.a(lib_a-strtod.o)
                                 0x10 (size before relaxing)
 *fill*         0x0084c937        0x1 00
 .rodata        0x0084c938       0x28 /OPT/altera/12.1/nios2eds/bin/gnu/H-i686-pc-linux-gnu/bin/../lib/gcc/nios2-elf/4.1.2/../../../../nios2-elf/lib/libc.a(lib_a-strtod.o)
 .rodata.str1.4
                0x0084c960       0x1c /OPT/altera/12.1/nios2eds/bin/gnu/H-i686-pc-linux-gnu/bin/../lib/gcc/nios2-elf/4.1.2/../../../../nios2-elf/lib/libc.a(lib_a-gdtoa-gethex.o)
 .rodata        0x0084c97c       0x14 /OPT/altera/12.1/nios2eds/bin/gnu/H-i686-pc-linux-gnu/bin/../lib/gcc/nios2-elf/4.1.2/libgcc.a(_thenan_df.o)
                0x0084c97c                __thenan_df
 .rodata        0x0084c990      0x100 /OPT/altera/12.1/nios2eds/bin/gnu/H-i686-pc-linux-gnu/bin/../lib/gcc/nios2-elf/4.1.2/libgcc.a(_clz.o)
                0x0084c990                __clz_tab
 .rodata        0x0084ca90       0x14 ../Webserver_bsp//libucosii_bsp.a(alt_main.o)
 .rodata        0x0084caa4      0x120 ../Webserver_bsp//libucosii_bsp.a(os_core.o)
                0x0084caa4                OSUnMapTbl
 .rodata        0x0084cbc4       0x88 ../Webserver_bsp//libucosii_bsp.a(alt_sys_init.o)
 .rodata        0x0084cc4c       0xd8 ../Webserver_bsp//libucosii_bsp.a(ipnet.o)
 .rodata        0x0084cd24       0xec ../Webserver_bsp//libucosii_bsp.a(ipstart.o)
 .rodata        0x0084ce10      0x54c ../Webserver_bsp//libucosii_bsp.a(igmp_cmn.o)
 .rodata        0x0084d35c       0xb8 ../Webserver_bsp//libucosii_bsp.a(in_utils.o)
 .rodata        0x0084d414       0x34 ../Webserver_bsp//libucosii_bsp.a(netmain.o)
 .rodata        0x0084d448      0x1a8 ../Webserver_bsp//libucosii_bsp.a(tk_crnos.o)
 .rodata        0x0084d5f0        0x8 ../Webserver_bsp//libucosii_bsp.a(dhcpclnt.o)
 .rodata        0x0084d5f8      0x118 ../Webserver_bsp//libucosii_bsp.a(pktalloc.o)
 .rodata        0x0084d710       0x84 ../Webserver_bsp//libucosii_bsp.a(udp_open.o)
 .rodata        0x0084d794       0x2c ../Webserver_bsp//libucosii_bsp.a(brdutils.o)
 .rodata        0x0084d7c0      0x26c ../Webserver_bsp//libucosii_bsp.a(osportco.o)
 .rodata        0x0084da2c       0xa0 ../Webserver_bsp//libucosii_bsp.a(targnios.o)
 .rodata        0x0084dacc       0x90 ../Webserver_bsp//libucosii_bsp.a(nptcp.o)
 .rodata        0x0084db5c        0x8 ../Webserver_bsp//libucosii_bsp.a(sockcall.o)
 .rodata        0x0084db64       0x50 ../Webserver_bsp//libucosii_bsp.a(socket.o)
 .rodata        0x0084dbb4       0x40 ../Webserver_bsp//libucosii_bsp.a(socket2.o)
 .rodata        0x0084dbf4       0x20 ../Webserver_bsp//libucosii_bsp.a(tcp_in.o)
 .rodata        0x0084dc14       0x40 ../Webserver_bsp//libucosii_bsp.a(tcp_out.o)
 .rodata        0x0084dc54       0x24 ../Webserver_bsp//libucosii_bsp.a(tcp_subr.o)
 .rodata        0x0084dc78       0x2c ../Webserver_bsp//libucosii_bsp.a(tcp_usr.o)
 .rodata        0x0084dca4        0xc ../Webserver_bsp//libucosii_bsp.a(alt_dev.o)
 .rodata        0x0084dcb0        0x4 ../Webserver_bsp//libucosii_bsp.a(os_cpu_c.o)
 .rodata        0x0084dcb4      0x1d4 ../Webserver_bsp//libucosii_bsp.a(allports.o)
 .rodata        0x0084de88       0x34 ../Webserver_bsp//libucosii_bsp.a(tk_misc.o)
 .rodata        0x0084debc       0x44 ../Webserver_bsp//libucosii_bsp.a(et_arp.o)
 .rodata        0x0084df00      0x1dc ../Webserver_bsp//libucosii_bsp.a(ip.o)
 .rodata        0x0084e0dc      0x158 ../Webserver_bsp//libucosii_bsp.a(ip_reasm.o)
 .rodata        0x0084e234      0x120 ../Webserver_bsp//libucosii_bsp.a(ipdemux.o)
 .rodata        0x0084e354       0x34 ../Webserver_bsp//libucosii_bsp.a(ipport.o)
 .rodata        0x0084e388       0x24 ../Webserver_bsp//libucosii_bsp.a(ipraw.o)
 .rodata        0x0084e3ac       0x38 ../Webserver_bsp//libucosii_bsp.a(iproute.o)
 .rodata        0x0084e3e4       0xe8 ../Webserver_bsp//libucosii_bsp.a(udp.o)
 .rodata        0x0084e4cc      0x2d0 ../Webserver_bsp//libucosii_bsp.a(u_mctest.o)
 .rodata        0x0084e79c       0xf8 ../Webserver_bsp//libucosii_bsp.a(dhcsetup.o)
 .rodata        0x0084e894       0x94 ../Webserver_bsp//libucosii_bsp.a(parseip.o)
 .rodata        0x0084e928       0x34 ../Webserver_bsp//libucosii_bsp.a(vfsfiles.o)
 .rodata        0x0084e95c      0x318 ../Webserver_bsp//libucosii_bsp.a(icmp.o)
 *(.rodata1)
                0x0084ec74                . = ALIGN (0x4)
                0x0084ec74                PROVIDE (__ram_rodata_end, ABSOLUTE (.))
                0x0084a96c                PROVIDE (__flash_rodata_start, LOADADDR (.rodata))

.rwdata         0x0084ec74     0x1ed0
                0x0084ec74                PROVIDE (__ram_rwdata_start, ABSOLUTE (.))
                0x0084ec74                . = ALIGN (0x4)
 *(.got.plt)
 *(.got)
 *(.data1)
 *(.data .data.* .gnu.linkonce.d.*)
 .data          0x0084ec74        0x0 ../Webserver_bsp//obj/HAL/src/crt0.o
 .data          0x0084ec74        0x0 obj/default/alt_error_handler.o
 .data          0x0084ec74        0x0 obj/default/dm9000a.o
 .data          0x0084ec74        0x0 obj/default/http.o
 .data          0x0084ec74        0x0 obj/default/network_utilities.o
 .data          0x0084ec74        0x0 obj/default/srec_flash.o
 .data          0x0084ec74       0x18 obj/default/web_server.o
                0x0084ec74                wstask
 .data          0x0084ec8c        0x0 /OPT/altera/12.1/nios2eds/bin/gnu/H-i686-pc-linux-gnu/bin/../lib/gcc/nios2-elf/4.1.2/libgcc.a(lib2-divmod.o)
 .data          0x0084ec8c        0x0 /OPT/altera/12.1/nios2eds/bin/gnu/H-i686-pc-linux-gnu/bin/../lib/gcc/nios2-elf/4.1.2/../../../../nios2-elf/lib/libc.a(lib_a-atoi.o)
 .data          0x0084ec8c        0x0 /OPT/altera/12.1/nios2eds/bin/gnu/H-i686-pc-linux-gnu/bin/../lib/gcc/nios2-elf/4.1.2/../../../../nios2-elf/lib/libc.a(lib_a-ctype_.o)
 .data          0x0084ec8c        0x0 /OPT/altera/12.1/nios2eds/bin/gnu/H-i686-pc-linux-gnu/bin/../lib/gcc/nios2-elf/4.1.2/../../../../nios2-elf/lib/libc.a(lib_a-fclose.o)
 .data          0x0084ec8c        0x0 /OPT/altera/12.1/nios2eds/bin/gnu/H-i686-pc-linux-gnu/bin/../lib/gcc/nios2-elf/4.1.2/../../../../nios2-elf/lib/libc.a(lib_a-fflush.o)
 .data          0x0084ec8c        0x0 /OPT/altera/12.1/nios2eds/bin/gnu/H-i686-pc-linux-gnu/bin/../lib/gcc/nios2-elf/4.1.2/../../../../nios2-elf/lib/libc.a(lib_a-fgetpos.o)
 .data          0x0084ec8c        0x0 /OPT/altera/12.1/nios2eds/bin/gnu/H-i686-pc-linux-gnu/bin/../lib/gcc/nios2-elf/4.1.2/../../../../nios2-elf/lib/libc.a(lib_a-findfp.o)
 .data          0x0084ec8c        0x0 /OPT/altera/12.1/nios2eds/bin/gnu/H-i686-pc-linux-gnu/bin/../lib/gcc/nios2-elf/4.1.2/../../../../nios2-elf/lib/libc.a(lib_a-fopen.o)
 .data          0x0084ec8c        0x0 /OPT/altera/12.1/nios2eds/bin/gnu/H-i686-pc-linux-gnu/bin/../lib/gcc/nios2-elf/4.1.2/../../../../nios2-elf/lib/libc.a(lib_a-fprintf.o)
 .data          0x0084ec8c        0x0 /OPT/altera/12.1/nios2eds/bin/gnu/H-i686-pc-linux-gnu/bin/../lib/gcc/nios2-elf/4.1.2/../../../../nios2-elf/lib/libc.a(lib_a-fread.o)
 .data          0x0084ec8c        0x0 /OPT/altera/12.1/nios2eds/bin/gnu/H-i686-pc-linux-gnu/bin/../lib/gcc/nios2-elf/4.1.2/../../../../nios2-elf/lib/libc.a(lib_a-freer.o)
 .data          0x0084ec8c        0x0 /OPT/altera/12.1/nios2eds/bin/gnu/H-i686-pc-linux-gnu/bin/../lib/gcc/nios2-elf/4.1.2/../../../../nios2-elf/lib/libc.a(lib_a-fseek.o)
 .data          0x0084ec8c        0x0 /OPT/altera/12.1/nios2eds/bin/gnu/H-i686-pc-linux-gnu/bin/../lib/gcc/nios2-elf/4.1.2/../../../../nios2-elf/lib/libc.a(lib_a-fstatr.o)
 .data          0x0084ec8c        0x0 /OPT/altera/12.1/nios2eds/bin/gnu/H-i686-pc-linux-gnu/bin/../lib/gcc/nios2-elf/4.1.2/../../../../nios2-elf/lib/libc.a(lib_a-ftell.o)
 .data          0x0084ec8c        0x0 /OPT/altera/12.1/nios2eds/bin/gnu/H-i686-pc-linux-gnu/bin/../lib/gcc/nios2-elf/4.1.2/../../../../nios2-elf/lib/libc.a(lib_a-fwalk.o)
 .data          0x0084ec8c        0x0 /OPT/altera/12.1/nios2eds/bin/gnu/H-i686-pc-linux-gnu/bin/../lib/gcc/nios2-elf/4.1.2/../../../../nios2-elf/lib/libc.a(lib_a-fwrite.o)
 .data          0x0084ec8c      0x400 /OPT/altera/12.1/nios2eds/bin/gnu/H-i686-pc-linux-gnu/bin/../lib/gcc/nios2-elf/4.1.2/../../../../nios2-elf/lib/libc.a(lib_a-impure.o)