Archive member included because of file (symbol)

/OPT/altera/12.1/nios2eds/bin/gnu/H-i686-pc-linux-gnu/bin/../lib/gcc/nios2-elf/4.1.2/libgcc.a(lib2-divmod.o)
                              obj/default/srec_flash.o (__divsi3)
/OPT/altera/12.1/nios2eds/bin/gnu/H-i686-pc-linux-gnu/bin/../lib/gcc/nios2-elf/4.1.2/../../../../nios2-elf/lib/libc.a(lib_a-atoi.o)
                              obj/default/http.o (atoi)
/OPT/altera/12.1/nios2eds/bin/gnu/H-i686-pc-linux-gnu/bin/../lib/gcc/nios2-elf/4.1.2/../../../../nios2-elf/lib/libc.a(lib_a-ctype_.o)
                              obj/default/http.o (__ctype_ptr)
/OPT/altera/12.1/nios2eds/bin/gnu/H-i686-pc-linux-gnu/bin/../lib/gcc/nios2-elf/4.1.2/../../../../nios2-elf/lib/libc.a(lib_a-fclose.o)
                              obj/default/http.o (fclose)
/OPT/altera/12.1/nios2eds/bin/gnu/H-i686-pc-linux-gnu/bin/../lib/gcc/nios2-elf/4.1.2/../../../../nios2-elf/lib/libc.a(lib_a-fflush.o)
                              /OPT/altera/12.1/nios2eds/bin/gnu/H-i686-pc-linux-gnu/bin/../lib/gcc/nios2-elf/4.1.2/../../../../nios2-elf/lib/libc.a(lib_a-fclose.o) (_fflush_r)
/OPT/altera/12.1/nios2eds/bin/gnu/H-i686-pc-linux-gnu/bin/../lib/gcc/nios2-elf/4.1.2/../../../../nios2-elf/lib/libc.a(lib_a-fgetpos.o)
                              obj/default/http.o (fgetpos)
/OPT/altera/12.1/nios2eds/bin/gnu/H-i686-pc-linux-gnu/bin/../lib/gcc/nios2-elf/4.1.2/../../../../nios2-elf/lib/libc.a(lib_a-findfp.o)
                              /OPT/altera/12.1/nios2eds/bin/gnu/H-i686-pc-linux-gnu/bin/../lib/gcc/nios2-elf/4.1.2/../../../../nios2-elf/lib/libc.a(lib_a-fclose.o) (__sfp_lock_acquire)
/OPT/altera/12.1/nios2eds/bin/gnu/H-i686-pc-linux-gnu/bin/../lib/gcc/nios2-elf/4.1.2/../../../../nios2-elf/lib/libc.a(lib_a-fopen.o)
                              obj/default/http.o (fopen)
/OPT/altera/12.1/nios2eds/bin/gnu/H-i686-pc-linux-gnu/bin/../lib/gcc/nios2-elf/4.1.2/../../../../nios2-elf/lib/libc.a(lib_a-fprintf.o)
                              obj/default/alt_error_handler.o (fprintf)
/OPT/altera/12.1/nios2eds/bin/gnu/H-i686-pc-linux-gnu/bin/../lib/gcc/nios2-elf/4.1.2/../../../../nios2-elf/lib/libc.a(lib_a-fread.o)
                              obj/default/http.o (fread)
/OPT/altera/12.1/nios2eds/bin/gnu/H-i686-pc-linux-gnu/bin/../lib/gcc/nios2-elf/4.1.2/../../../../nios2-elf/lib/libc.a(lib_a-freer.o)
                              /OPT/altera/12.1/nios2eds/bin/gnu/H-i686-pc-linux-gnu/bin/../lib/gcc/nios2-elf/4.1.2/../../../../nios2-elf/lib/libc.a(lib_a-fclose.o) (_free_r)
/OPT/altera/12.1/nios2eds/bin/gnu/H-i686-pc-linux-gnu/bin/../lib/gcc/nios2-elf/4.1.2/../../../../nios2-elf/lib/libc.a(lib_a-fseek.o)
                              /OPT/altera/12.1/nios2eds/bin/gnu/H-i686-pc-linux-gnu/bin/../lib/gcc/nios2-elf/4.1.2/../../../../nios2-elf/lib/libc.a(lib_a-fopen.o) (_fseek_r)
/OPT/altera/12.1/nios2eds/bin/gnu/H-i686-pc-linux-gnu/bin/../lib/gcc/nios2-elf/4.1.2/../../../../nios2-elf/lib/libc.a(lib_a-fstatr.o)
                              /OPT/altera/12.1/nios2eds/bin/gnu/H-i686-pc-linux-gnu/bin/../lib/gcc/nios2-elf/4.1.2/../../../../nios2-elf/lib/libc.a(lib_a-fseek.o) (_fstat_r)
/OPT/altera/12.1/nios2eds/bin/gnu/H-i686-pc-linux-gnu/bin/../lib/gcc/nios2-elf/4.1.2/../../../../nios2-elf/lib/libc.a(lib_a-ftell.o)
                              /OPT/altera/12.1/nios2eds/bin/gnu/H-i686-pc-linux-gnu/bin/../lib/gcc/nios2-elf/4.1.2/../../../../nios2-elf/lib/libc.a(lib_a-fgetpos.o) (_ftell_r)
/OPT/altera/12.1/nios2eds/bin/gnu/H-i686-pc-linux-gnu/bin/../lib/gcc/nios2-elf/4.1.2/../../../../nios2-elf/lib/libc.a(lib_a-fwalk.o)
                              /OPT/altera/12.1/nios2eds/bin/gnu/H-i686-pc-linux-gnu/bin/../lib/gcc/nios2-elf/4.1.2/../../../../nios2-elf/lib/libc.a(lib_a-fflush.o) (_fwalk_reent)
/OPT/altera/12.1/nios2eds/bin/gnu/H-i686-pc-linux-gnu/bin/../lib/gcc/nios2-elf/4.1.2/../../../../nios2-elf/lib/libc.a(lib_a-fwrite.o)
                              obj/default/alt_error_handler.o (fwrite)
/OPT/altera/12.1/nios2eds/bin/gnu/H-i686-pc-linux-gnu/bin/../lib/gcc/nios2-elf/4.1.2/../../../../nios2-elf/lib/libc.a(lib_a-impure.o)
                              obj/default/alt_error_handler.o (_impure_ptr)
/OPT/altera/12.1/nios2eds/bin/gnu/H-i686-pc-linux-gnu/bin/../lib/gcc/nios2-elf/4.1.2/../../../../nios2-elf/lib/libc.a(lib_a-int_errno.o)
                              /OPT/altera/12.1/nios2eds/bin/gnu/H-i686-pc-linux-gnu/bin/../lib/gcc/nios2-elf/4.1.2/../../../../nios2-elf/lib/libc.a(lib_a-fstatr.o) (errno)
/OPT/altera/12.1/nios2eds/bin/gnu/H-i686-pc-linux-gnu/bin/../lib/gcc/nios2-elf/4.1.2/../../../../nios2-elf/lib/libc.a(lib_a-makebuf.o)
                              /OPT/altera/12.1/nios2eds/bin/gnu/H-i686-pc-linux-gnu/bin/../lib/gcc/nios2-elf/4.1.2/../../../../nios2-elf/lib/libc.a(lib_a-fseek.o) (__smakebuf_r)
/OPT/altera/12.1/nios2eds/bin/gnu/H-i686-pc-linux-gnu/bin/../lib/gcc/nios2-elf/4.1.2/../../../../nios2-elf/lib/libc.a(lib_a-mallocr.o)
[...]
Memory Configuration

Name             Origin             Length             Attributes
sdram_0          0x00800000         0x00800000
reset            0x01400000         0x00000020
generic_tristate_controller_0 0x01400020         0x003fffe0
onchip_memory2_0_BEFORE_EXCEPTION 0x01904000         0x00000020
onchip_memory2_0 0x01904020         0x00003fe0
*default*        0x00000000         0xffffffff

Linker script and memory map

LOAD ../Webserver_bsp//obj/HAL/src/crt0.o
LOAD obj/default/alt_error_handler.o
LOAD obj/default/dm9000a.o
LOAD obj/default/http.o
LOAD obj/default/network_utilities.o
LOAD obj/default/srec_flash.o
LOAD obj/default/web_server.o
LOAD /OPT/altera/12.1/nios2eds/bin/gnu/H-i686-pc-linux-gnu/bin/../lib/gcc/nios2-elf/4.1.2/../../../../nios2-elf/lib/libstdc++.a
LOAD /OPT/altera/12.1/nios2eds/bin/gnu/H-i686-pc-linux-gnu/bin/../lib/gcc/nios2-elf/4.1.2/../../../../nios2-elf/lib/libm.a
LOAD /OPT/altera/12.1/nios2eds/bin/gnu/H-i686-pc-linux-gnu/bin/../lib/gcc/nios2-elf/4.1.2/libgcc.a
START GROUP
LOAD /OPT/altera/12.1/nios2eds/bin/gnu/H-i686-pc-linux-gnu/bin/../lib/gcc/nios2-elf/4.1.2/../../../../nios2-elf/lib/libc.a
LOAD /OPT/altera/12.1/nios2eds/bin/gnu/H-i686-pc-linux-gnu/bin/../lib/gcc/nios2-elf/4.1.2/libgcc.a
LOAD ../Webserver_bsp//libucosii_bsp.a
END GROUP
LOAD /OPT/altera/12.1/nios2eds/bin/gnu/H-i686-pc-linux-gnu/bin/../lib/gcc/nios2-elf/4.1.2/libgcc.a
                0x00800000                __alt_mem_sdram_0 = 0x800000
                0x01400000                __alt_mem_generic_tristate_controller_0 = 0x1400000
                0x01904000                __alt_mem_onchip_memory2_0 = 0x1904000

.entry          0x01400000        0x0
 *(.entry)
 .entry         0x01400000        0x0 ../Webserver_bsp//obj/HAL/src/crt0.o
                0x01400000                __reset

.exceptions     0x01904020      0x19c
                0x01904020                PROVIDE (__ram_exceptions_start, ABSOLUTE (.))
                0x01904020                . = ALIGN (0x20)
 *(.irq)
 *(.exceptions.entry.label)
 .exceptions.entry.label
                0x01904020        0x0 ../Webserver_bsp//libucosii_bsp.a(alt_irq_entry.o)
                0x01904020                alt_irq_entry
 .exceptions.entry.label
                0x01904020        0x0 ../Webserver_bsp//libucosii_bsp.a(alt_exception_entry.o)
                0x01904020                alt_exception
 *(.exceptions.entry.user)
 *(.exceptions.entry)
 .exceptions.entry
                0x01904020       0x54 ../Webserver_bsp//libucosii_bsp.a(alt_exception_entry.o)
 *(.exceptions.irqtest.user)
 *(.exceptions.irqtest)
 .exceptions.irqtest
                0x01904074       0x10 ../Webserver_bsp//libucosii_bsp.a(alt_irq_entry.o)
 *(.exceptions.irqhandler.user)
 *(.exceptions.irqhandler)
 .exceptions.irqhandler
                0x01904084        0x4 ../Webserver_bsp//libucosii_bsp.a(alt_irq_entry.o)
 *(.exceptions.irqreturn.user)
 *(.exceptions.irqreturn)
 .exceptions.irqreturn
                0x01904088        0x4 ../Webserver_bsp//libucosii_bsp.a(alt_irq_entry.o)
 *(.exceptions.notirq.label)
 .exceptions.notirq.label
                0x0190408c        0x0 ../Webserver_bsp//libucosii_bsp.a(alt_irq_entry.o)
 *(.exceptions.notirq.user)
 *(.exceptions.notirq)
 .exceptions.notirq
                0x0190408c        0x8 ../Webserver_bsp//libucosii_bsp.a(alt_exception_entry.o)
 *(.exceptions.soft.user)
 *(.exceptions.soft)
 *(.exceptions.unknown.user)
 *(.exceptions.unknown)
 .exceptions.unknown
                0x01904094        0x4 ../Webserver_bsp//libucosii_bsp.a(alt_exception_entry.o)
 *(.exceptions.exit.label)
 .exceptions.exit.label
                0x01904098        0x0 ../Webserver_bsp//libucosii_bsp.a(alt_irq_entry.o)
 .exceptions.exit.label
                0x01904098        0x0 ../Webserver_bsp//libucosii_bsp.a(alt_exception_entry.o)
 *(.exceptions.exit.user)
 *(.exceptions.exit)
 .exceptions.exit
                0x01904098       0x54 ../Webserver_bsp//libucosii_bsp.a(alt_exception_entry.o)
 *(.exceptions)
 .exceptions    0x019040ec       0xd0 ../Webserver_bsp//libucosii_bsp.a(alt_irq_handler.o)
                0x019040ec                alt_irq_handler
                0x019041bc                PROVIDE (__ram_exceptions_end, ABSOLUTE (.))
                0x01904020                PROVIDE (__flash_exceptions_start, LOADADDR (.exceptions))

.text           0x00800000    0x4aa38
                0x00800000                PROVIDE (stext, ABSOLUTE (.))
 *(.interp)
 *(.hash)
 *(.dynsym)
 *(.dynstr)
 *(.gnu.version)
 *(.gnu.version_d)
 *(.gnu.version_r)
 *(.rel.init)
 *(.rela.init)
 *(.rel.text .rel.text.* .rel.gnu.linkonce.t.*)
 *(.rela.text .rela.text.* .rela.gnu.linkonce.t.*)
 *(.rel.fini)
 *(.rela.fini)
 *(.rel.rodata .rel.rodata.* .rel.gnu.linkonce.r.*)
 *(.rela.rodata .rela.rodata.* .rela.gnu.linkonce.r.*)
 *(.rel.data .rel.data.* .rel.gnu.linkonce.d.*)
 *(.rela.data .rela.data.* .rela.gnu.linkonce.d.*)
 *(.rel.tdata .rel.tdata.* .rel.gnu.linkonce.td.*)
 *(.rela.tdata .rela.tdata.* .rela.gnu.linkonce.td.*)
 *(.rel.tbss .rel.tbss.* .rel.gnu.linkonce.tb.*)
 *(.rela.tbss .rela.tbss.* .rela.gnu.linkonce.tb.*)
 *(.rel.ctors)
 *(.rela.ctors)
 *(.rel.dtors)
 *(.rela.dtors)
 *(.rel.got)
 *(.rela.got)
 *(.rel.sdata .rel.sdata.* .rel.gnu.linkonce.s.*)
 *(.rela.sdata .rela.sdata.* .rela.gnu.linkonce.s.*)
 *(.rel.sbss .rel.sbss.* .rel.gnu.linkonce.sb.*)
 *(.rela.sbss .rela.sbss.* .rela.gnu.linkonce.sb.*)
 *(.rel.sdata2 .rel.sdata2.* .rel.gnu.linkonce.s2.*)
 *(.rela.sdata2 .rela.sdata2.* .rela.gnu.linkonce.s2.*)
 *(.rel.sbss2 .rel.sbss2.* .rel.gnu.linkonce.sb2.*)
 *(.rela.sbss2 .rela.sbss2.* .rela.gnu.linkonce.sb2.*)
 *(.rel.bss .rel.bss.* .rel.gnu.linkonce.b.*)
 *(.rela.bss .rela.bss.* .rela.gnu.linkonce.b.*)
 *(.rel.plt)
 *(.rela.plt)
 *(.rel.dyn)
 *(.init)
 *(.plt)
 *(.text .stub .text.* .gnu.linkonce.t.*)
 .text          0x00800000       0x48 ../Webserver_bsp//obj/HAL/src/crt0.o
                0x00800000                _start
 .text          0x00800048      0x624 obj/default/alt_error_handler.o
                0x00800048                alt_uCOSIIErrorHandler
 .text          0x0080066c      0xdf0 obj/default/dm9000a.o
                0x0080066c                dm9000a_iow
                0x008006c0                dm9000a_ior
                0x0080070c                phy_write
                0x008007a8                dm9000a_reset
                0x0080096c                TransmitPacket
                0x00800a88                prep_dm9000a
                0x00800c4c                dm9000a_init
                0x0080109c                dm9Ka_isr_wrap
                0x008010dc                dm9ka_init
                0x008011d4                dm9ka_close
                0x008012e4                dm9ka_stats
                0x00801340                dm9ka_pkt_send
 .text          0x0080145c     0x294c obj/default/http.o
                0x0080145c                print
                0x0080148c                sweep
                0x00801574                http_cleanup_lcd_text
                0x008015f8                lcd_output
                0x008016c0                http_parse_multipart_header
                0x00801910                file_upload
                0x00801b74                ProgFlashStub
                0x00801bc4                http_reset_connection
                0x00801cb4                http_manage_connection
                0x00801e60                http_handle_accept
                0x00801f88                http_read_line
                0x00802038                http_parse_type_boundary
                0x00802124                http_process_headers
                0x00802358                http_process_request
                0x0080264c                http_send_file_chunk
                0x008027f8                http_send_file_header
                0x00802f38                http_find_file
                0x008031b4                http_send_redirect
                0x008031e8                http_handle_post
                0x008034e0                http_prepare_response
                0x00803554                http_handle_receive
                0x00803910                http_handle_transmit
                0x00803970                WSClientTask
                0x00803ca8                WSTask
 .text          0x00803da8      0x7a8 obj/default/network_utilities.o
                0x00803da8                die_with_error
                0x00803dd8                get_serial_number
                0x00803edc                generate_and_store_mac_addr
                0x00804088                generate_mac_addr
                0x008041c4                get_board_mac_addr
                0x00804358                get_mac_addr
                0x008043b0                get_ip_addr
                0x0080440c                FindLastFlashSectorOffset
 .text          0x00804550      0x820 obj/default/srec_flash.o
                0x00804550                ProgFlash
                0x008047f4                ParseAndProgramLine
                0x00804ab0                ParseSRECBuf
 .text          0x00804d70      0x5d8 obj/default/web_server.o
                0x00804d70                lcd_ip_addr
                0x00804f68                WSInitialTask
                0x00804fe4                main
                0x008051c8                lcd_output_text
                0x00805234                board_control_task
                0x008052cc                LED_task
 .text          0x00805348      0x14c /OPT/altera/12.1/nios2eds/bin/gnu/H-i686-pc-linux-gnu/bin/../lib/gcc/nios2-elf/4.1.2/libgcc.a(lib2-divmod.o)
                0x008053c4                __divsi3
                0x00805424                __modsi3
                0x00805484                __udivsi3
                0x0080548c                __umodsi3
 .text          0x00805494       0x18 /OPT/altera/12.1/nios2eds/bin/gnu/H-i686-pc-linux-gnu/bin/../lib/gcc/nios2-elf/4.1.2/../../../../nios2-elf/lib/libc.a(lib_a-atoi.o)
                0x00805494                _atoi_r
                0x008054a0                atoi
 .text          0x008054ac        0x0 /OPT/altera/12.1/nios2eds/bin/gnu/H-i686-pc-linux-gnu/bin/../lib/gcc/nios2-elf/4.1.2/../../../../nios2-elf/lib/libc.a(lib_a-ctype_.o)
 .text          0x008054ac      0x124 /OPT/altera/12.1/nios2eds/bin/gnu/H-i686-pc-linux-gnu/bin/../lib/gcc/nios2-elf/4.1.2/../../../../nios2-elf/lib/libc.a(lib_a-fclose.o)
                0x008054ac                _fclose_r
                0x008055bc                fclose
 .text          0x008055d0      0x230 /OPT/altera/12.1/nios2eds/bin/gnu/H-i686-pc-linux-gnu/bin/../lib/gcc/nios2-elf/4.1.2/../../../../nios2-elf/lib/libc.a(lib_a-fflush.o)
                0x008055d0                _fflush_r
                0x008057cc                fflush
 .text          0x00805800       0x48 /OPT/altera/12.1/nios2eds/bin/gnu/H-i686-pc-linux-gnu/bin/../lib/gcc/nios2-elf/4.1.2/../../../../nios2-elf/lib/libc.a(lib_a-fgetpos.o)
                0x00805800                _fgetpos_r
                0x0080582c                fgetpos
 .text          0x00805848      0x2c0 /OPT/altera/12.1/nios2eds/bin/gnu/H-i686-pc-linux-gnu/bin/../lib/gcc/nios2-elf/4.1.2/../../../../nios2-elf/lib/libc.a(lib_a-findfp.o)
                0x008058a0                __sfp_lock_acquire
                0x008058a4                __sfp_lock_release
                0x008058a8                __sinit_lock_acquire
                0x008058ac                __sinit_lock_release
                0x008058b0                __sinit
                0x00805964                __fp_unlock_all
                0x0080597c                __fp_lock_all
                0x00805994                _cleanup_r
                0x008059a0                _cleanup
                0x008059b0                __sfmoreglue
                0x00805a18                __sfp
 .text          0x00805b08      0x110 /OPT/altera/12.1/nios2eds/bin/gnu/H-i686-pc-linux-gnu/bin/../lib/gcc/nios2-elf/4.1.2/../../../../nios2-elf/lib/libc.a(lib_a-fopen.o)
                0x00805b08                _fopen_r
                0x00805bfc                fopen
 .text          0x00805c18       0x60 /OPT/altera/12.1/nios2eds/bin/gnu/H-i686-pc-linux-gnu/bin/../lib/gcc/nios2-elf/4.1.2/../../../../nios2-elf/lib/libc.a(lib_a-fprintf.o)
                0x00805c18                fprintf
                0x00805c44                _fprintf_r
 .text          0x00805c78      0x23c /OPT/altera/12.1/nios2eds/bin/gnu/H-i686-pc-linux-gnu/bin/../lib/gcc/nios2-elf/4.1.2/../../../../nios2-elf/lib/libc.a(lib_a-fread.o)
                0x00805c78                _fread_r
                0x00805e74                fread
 .text          0x00805eb4      0x440 /OPT/altera/12.1/nios2eds/bin/gnu/H-i686-pc-linux-gnu/bin/../lib/gcc/nios2-elf/4.1.2/../../../../nios2-elf/lib/libc.a(lib_a-freer.o)
                0x00805eb4                _malloc_trim_r
                0x00805fe0                _free_r
 .text          0x008062f4      0x460 /OPT/altera/12.1/nios2eds/bin/gnu/H-i686-pc-linux-gnu/bin/../lib/gcc/nios2-elf/4.1.2/../../../../nios2-elf/lib/libc.a(lib_a-fseek.o)
                0x008062f4                _fseek_r
                0x00806730                fseek
 .text          0x00806754       0x74 /OPT/altera/12.1/nios2eds/bin/gnu/H-i686-pc-linux-gnu/bin/../lib/gcc/nios2-elf/4.1.2/../../../../nios2-elf/lib/libc.a(lib_a-fstatr.o)
                0x00806754                _fstat_r
 .text          0x008067c8      0x10c /OPT/altera/12.1/nios2eds/bin/gnu/H-i686-pc-linux-gnu/bin/../lib/gcc/nios2-elf/4.1.2/../../../../nios2-elf/lib/libc.a(lib_a-ftell.o)
                0x008067c8                _ftell_r
                0x008068c0                ftell
 .text          0x008068d4      0x180 /OPT/altera/12.1/nios2eds/bin/gnu/H-i686-pc-linux-gnu/bin/../lib/gcc/nios2-elf/4.1.2/../../../../nios2-elf/lib/libc.a(lib_a-fwalk.o)
                0x008068d4                _fwalk_reent
                0x0080699c                _fwalk
 .text          0x00806a54       0xdc /OPT/altera/12.1/nios2eds/bin/gnu/H-i686-pc-linux-gnu/bin/../lib/gcc/nios2-elf/4.1.2/../../../../nios2-elf/lib/libc.a(lib_a-fwrite.o)
                0x00806a54                _fwrite_r
                0x00806af0                fwrite
 .text          0x00806b30        0x0 /OPT/altera/12.1/nios2eds/bin/gnu/H-i686-pc-linux-gnu/bin/../lib/gcc/nios2-elf/4.1.2/../../../../nios2-elf/lib/libc.a(lib_a-impure.o)
 .text          0x00806b30        0x0 /OPT/altera/12.1/nios2eds/bin/gnu/H-i686-pc-linux-gnu/bin/../lib/gcc/nios2-elf/4.1.2/../../../../nios2-elf/lib/libc.a(lib_a-int_errno.o)
 .text          0x00806b30      0x194 /OPT/altera/12.1/nios2eds/bin/gnu/H-i686-pc-linux-gnu/bin/../lib/gcc/nios2-elf/4.1.2/../../../../nios2-elf/lib/libc.a(lib_a-makebuf.o)
                0x00806b30                __smakebuf_r
 .text          0x00806cc4      0x740 /OPT/altera/12.1/nios2eds/bin/gnu/H-i686-pc-linux-gnu/bin/../lib/gcc/nios2-elf/4.1.2/../../../../nios2-elf/lib/libc.a(lib_a-mallocr.o)
                0x00806cc4                _malloc_r
 .text          0x00807404       0xa0 /OPT/altera/12.1/nios2eds/bin/gnu/H-i686-pc-linux-gnu/bin/../lib/gcc/nios2-elf/4.1.2/../../../../nios2-elf/lib/libc.a(lib_a-memcpy.o)
                0x00807404                memcpy
 .text          0x008074a4       0xe0 /OPT/altera/12.1/nios2eds/bin/gnu/H-i686-pc-linux-gnu/bin/../lib/gcc/nios2-elf/4.1.2/../../../../nios2-elf/lib/libc.a(lib_a-memmove.o)
                0x008074a4                memmove
 .text          0x00807584       0x98 /OPT/altera/12.1/nios2eds/bin/gnu/H-i686-pc-linux-gnu/bin/../lib/gcc/nios2-elf/4.1.2/../../../../nios2-elf/lib/libc.a(lib_a-memset.o)
                0x00807584                memset
 .text          0x0080761c       0x78 /OPT/altera/12.1/nios2eds/bin/gnu/H-i686-pc-linux-gnu/bin/../lib/gcc/nios2-elf/4.1.2/../../../../nios2-elf/lib/libc.a(lib_a-openr.o)
                0x0080761c                _open_r
 .text          0x00807694       0x80 /OPT/altera/12.1/nios2eds/bin/gnu/H-i686-pc-linux-gnu/bin/../lib/gcc/nios2-elf/4.1.2/../../../../nios2-elf/lib/libc.a(lib_a-perror.o)
                0x00807694                _perror_r
                0x00807700                perror
 .text          0x00807714       0x78 /OPT/altera/12.1/nios2eds/bin/gnu/H-i686-pc-linux-gnu/bin/../lib/gcc/nios2-elf/4.1.2/../../../../nios2-elf/lib/libc.a(lib_a-printf.o)
                0x00807714                printf
                0x00807758                _printf_r
 .text          0x0080778c       0xb4 /OPT/altera/12.1/nios2eds/bin/gnu/H-i686-pc-linux-gnu/bin/../lib/gcc/nios2-elf/4.1.2/../../../../nios2-elf/lib/libc.a(lib_a-puts.o)
                0x0080778c                _puts_r
                0x0080782c                puts
 .text          0x00807840      0x1e0 /OPT/altera/12.1/nios2eds/bin/gnu/H-i686-pc-linux-gnu/bin/../lib/gcc/nios2-elf/4.1.2/../../../../nios2-elf/lib/libc.a(lib_a-refill.o)
                0x00807840                __srefill_r
 .text          0x00807a20       0x70 /OPT/altera/12.1/nios2eds/bin/gnu/H-i686-pc-linux-gnu/bin/../lib/gcc/nios2-elf/4.1.2/../../../../nios2-elf/lib/libc.a(lib_a-sbrkr.o)
                0x00807a20                _sbrk_r
 .text          0x00807a90      0x170 /OPT/altera/12.1/nios2eds/bin/gnu/H-i686-pc-linux-gnu/bin/../lib/gcc/nios2-elf/4.1.2/../../../../nios2-elf/lib/libc.a(lib_a-snprintf.o)
                0x00807a90                snprintf
                0x00807b4c                _snprintf_r
 .text          0x00807c00       0xd4 /OPT/altera/12.1/nios2eds/bin/gnu/H-i686-pc-linux-gnu/bin/../lib/gcc/nios2-elf/4.1.2/../../../../nios2-elf/lib/libc.a(lib_a-sprintf.o)
                0x00807c00                sprintf
                0x00807c74                _sprintf_r
 .text          0x00807cd4      0x114 /OPT/altera/12.1/nios2eds/bin/gnu/H-i686-pc-linux-gnu/bin/../lib/gcc/nios2-elf/4.1.2/../../../../nios2-elf/lib/libc.a(lib_a-sscanf.o)
                0x00807cdc                _sscanf_r
                0x00807d64                sscanf
 .text          0x00807de8      0x14c /OPT/altera/12.1/nios2eds/bin/gnu/H-i686-pc-linux-gnu/bin/../lib/gcc/nios2-elf/4.1.2/../../../../nios2-elf/lib/libc.a(lib_a-stdio.o)
                0x00807de8                __sclose
                0x00807df0                __sseek
                0x00807e58                __swrite
                0x00807ed4                __sread
 .text          0x00807f34       0xb0 /OPT/altera/12.1/nios2eds/bin/gnu/H-i686-pc-linux-gnu/bin/../lib/gcc/nios2-elf/4.1.2/../../../../nios2-elf/lib/libc.a(lib_a-strcasecmp.o)
                0x00807f34                strcasecmp
 .text          0x00807fe4       0x90 /OPT/altera/12.1/nios2eds/bin/gnu/H-i686-pc-linux-gnu/bin/../lib/gcc/nios2-elf/4.1.2/../../../../nios2-elf/lib/libc.a(lib_a-strcat.o)
                0x00807fe4                strcat
 .text          0x00808074       0xe0 /OPT/altera/12.1/nios2eds/bin/gnu/H-i686-pc-linux-gnu/bin/../lib/gcc/nios2-elf/4.1.2/../../../../nios2-elf/lib/libc.a(lib_a-strchr.o)
                0x00808074                strchr
 .text          0x00808154       0xbc /OPT/altera/12.1/nios2eds/bin/gnu/H-i686-pc-linux-gnu/bin/../lib/gcc/nios2-elf/4.1.2/../../../../nios2-elf/lib/libc.a(lib_a-strcmp.o)
                0x00808154                strcmp
 .text          0x00808210       0x8c /OPT/altera/12.1/nios2eds/bin/gnu/H-i686-pc-linux-gnu/bin/../lib/gcc/nios2-elf/4.1.2/../../../../nios2-elf/lib/libc.a(lib_a-strcpy.o)
                0x00808210                strcpy
 .text          0x0080829c      0x674 /OPT/altera/12.1/nios2eds/bin/gnu/H-i686-pc-linux-gnu/bin/../lib/gcc/nios2-elf/4.1.2/../../../../nios2-elf/lib/libc.a(lib_a-strerror.o)
                0x0080829c                strerror
 .text          0x00808910       0x74 /OPT/altera/12.1/nios2eds/bin/gnu/H-i686-pc-linux-gnu/bin/../lib/gcc/nios2-elf/4.1.2/../../../../nios2-elf/lib/libc.a(lib_a-strlen.o)
                0x00808910                strlen
 .text          0x00808984       0xf0 /OPT/altera/12.1/nios2eds/bin/gnu/H-i686-pc-linux-gnu/bin/../lib/gcc/nios2-elf/4.1.2/../../../../nios2-elf/lib/libc.a(lib_a-strncmp.o)
                0x00808984                strncmp
 .text          0x00808a74       0xbc /OPT/altera/12.1/nios2eds/bin/gnu/H-i686-pc-linux-gnu/bin/../lib/gcc/nios2-elf/4.1.2/../../../../nios2-elf/lib/libc.a(lib_a-strncpy.o)
                0x00808a74                strncpy
 .text          0x00808b30      0x794 /OPT/altera/12.1/nios2eds/bin/gnu/H-i686-pc-linux-gnu/bin/../lib/gcc/nios2-elf/4.1.2/../../../../nios2-elf/lib/libc.a(lib_a-strstr.o)
                0x00808c64                strstr
 .text          0x008092c4       0x18 /OPT/altera/12.1/nios2eds/bin/gnu/H-i686-pc-linux-gnu/bin/../lib/gcc/nios2-elf/4.1.2/../../../../nios2-elf/lib/libc.a(lib_a-strtok.o)
                0x008092c4                strtok
 .text          0x008092dc       0xac /OPT/altera/12.1/nios2eds/bin/gnu/H-i686-pc-linux-gnu/bin/../lib/gcc/nios2-elf/4.1.2/../../../../nios2-elf/lib/libc.a(lib_a-strtok_r.o)
                0x008092dc                __strtok_r
                0x00809380                strtok_r
 .text          0x00809388      0x268 /OPT/altera/12.1/nios2eds/bin/gnu/H-i686-pc-linux-gnu/bin/../lib/gcc/nios2-elf/4.1.2/../../../../nios2-elf/lib/libc.a(lib_a-strtol.o)
                0x00809388                _strtol_r
                0x008095cc                strtol
 .text          0x008095f0        0x8 /OPT/altera/12.1/nios2eds/bin/gnu/H-i686-pc-linux-gnu/bin/../lib/gcc/nios2-elf/4.1.2/../../../../nios2-elf/lib/libc.a(lib_a-u_strerr.o)
                0x008095f0                _user_strerror
 .text          0x008095f8     0x1f28 /OPT/altera/12.1/nios2eds/bin/gnu/H-i686-pc-linux-gnu/bin/../lib/gcc/nios2-elf/4.1.2/../../../../nios2-elf/lib/libc.a(lib_a-vfprintf.o)
                0x00809650                ___vfprintf_internal_r
                0x0080b4fc                __vfprintf_internal
 .text          0x0080b520     0x1780 /OPT/altera/12.1/nios2eds/bin/gnu/H-i686-pc-linux-gnu/bin/../lib/gcc/nios2-elf/4.1.2/../../../../nios2-elf/lib/libc.a(lib_a-vfscanf.o)
                0x0080b520                __svfscanf_r
                0x0080cba0                __svfscanf
                0x0080cbc4                _vfscanf_r
                0x0080cc2c                vfscanf
 .text          0x0080cca0       0x78 /OPT/altera/12.1/nios2eds/bin/gnu/H-i686-pc-linux-gnu/bin/../lib/gcc/nios2-elf/4.1.2/../../../../nios2-elf/lib/libc.a(lib_a-writer.o)
                0x0080cca0                _write_r
 .text          0x0080cd18      0x13c /OPT/altera/12.1/nios2eds/bin/gnu/H-i686-pc-linux-gnu/bin/../lib/gcc/nios2-elf/4.1.2/../../../../nios2-elf/lib/libc.a(lib_a-wsetup.o)
                0x0080cd18                __swsetup_r
 .text          0x0080ce54       0x70 /OPT/altera/12.1/nios2eds/bin/gnu/H-i686-pc-linux-gnu/bin/../lib/gcc/nios2-elf/4.1.2/../../../../nios2-elf/lib/libc.a(lib_a-closer.o)
                0x0080ce54                _close_r
 .text          0x0080cec4     0x17cc /OPT/altera/12.1/nios2eds/bin/gnu/H-i686-pc-linux-gnu/bin/../lib/gcc/nios2-elf/4.1.2/../../../../nios2-elf/lib/libc.a(lib_a-dtoa.o)
                0x0080d0dc                _dtoa_r
 .text          0x0080e690       0xa0 /OPT/altera/12.1/nios2eds/bin/gnu/H-i686-pc-linux-gnu/bin/../lib/gcc/nios2-elf/4.1.2/../../../../nios2-elf/lib/libc.a(lib_a-flags.o)
                0x0080e690                __sflags
 .text          0x0080e730       0xbc /OPT/altera/12.1/nios2eds/bin/gnu/H-i686-pc-linux-gnu/bin/../lib/gcc/nios2-elf/4.1.2/../../../../nios2-elf/lib/libc.a(lib_a-fputc.o)
                0x0080e730                fputc
                0x0080e794                _fputc_r
 .text          0x0080e7ec       0x90 /OPT/altera/12.1/nios2eds/bin/gnu/H-i686-pc-linux-gnu/bin/../lib/gcc/nios2-elf/4.1.2/../../../../nios2-elf/lib/libc.a(lib_a-fputs.o)
                0x0080e7ec                _fputs_r
                0x0080e860                fputs
 .text          0x0080e87c      0x49c /OPT/altera/12.1/nios2eds/bin/gnu/H-i686-pc-linux-gnu/bin/../lib/gcc/nios2-elf/4.1.2/../../../../nios2-elf/lib/libc.a(lib_a-fvwrite.o)
                0x0080e87c                __sfvwrite_r
 .text          0x0080ed18       0x70 /OPT/altera/12.1/nios2eds/bin/gnu/H-i686-pc-linux-gnu/bin/../lib/gcc/nios2-elf/4.1.2/../../../../nios2-elf/lib/libc.a(lib_a-isattyr.o)
                0x0080ed18                _isatty_r
 .text          0x0080ed88       0x2c /OPT/altera/12.1/nios2eds/bin/gnu/H-i686-pc-linux-gnu/bin/../lib/gcc/nios2-elf/4.1.2/../../../../nios2-elf/lib/libc.a(lib_a-iswspace.o)
                0x0080ed88                iswspace
 .text          0x0080edb4       0xc4 /OPT/altera/12.1/nios2eds/bin/gnu/H-i686-pc-linux-gnu/bin/../lib/gcc/nios2-elf/4.1.2/../../../../nios2-elf/lib/libc.a(lib_a-locale.o)
                0x0080edb4                __locale_charset
                0x0080edbc                _localeconv_r
                0x0080edc8                localeconv
                0x0080edd8                _setlocale_r
                0x0080ee5c                setlocale
 .text          0x0080ee78       0x78 /OPT/altera/12.1/nios2eds/bin/gnu/H-i686-pc-linux-gnu/bin/../lib/gcc/nios2-elf/4.1.2/../../../../nios2-elf/lib/libc.a(lib_a-lseekr.o)
                0x0080ee78                _lseek_r
 .text          0x0080eef0       0xc0 /OPT/altera/12.1/nios2eds/bin/gnu/H-i686-pc-linux-gnu/bin/../lib/gcc/nios2-elf/4.1.2/../../../../nios2-elf/lib/libc.a(lib_a-mbrtowc.o)
                0x0080eef0                _mbrtowc_r
                0x0080ef70                mbrtowc
 .text          0x0080efb0       0x40 /OPT/altera/12.1/nios2eds/bin/gnu/H-i686-pc-linux-gnu/bin/../lib/gcc/nios2-elf/4.1.2/../../../../nios2-elf/lib/libc.a(lib_a-mbtowc_r.o)
                0x0080efb0                _mbtowc_r
 .text          0x0080eff0       0xe4 /OPT/altera/12.1/nios2eds/bin/gnu/H-i686-pc-linux-gnu/bin/../lib/gcc/nios2-elf/4.1.2/../../../../nios2-elf/lib/libc.a(lib_a-memchr.o)
                0x0080eff0                memchr
 .text          0x0080f0d4       0x74 /OPT/altera/12.1/nios2eds/bin/gnu/H-i686-pc-linux-gnu/bin/../lib/gcc/nios2-elf/4.1.2/../../../../nios2-elf/lib/libc.a(lib_a-memcmp.o)
                0x0080f0d4                memcmp
 .text          0x0080f148      0xff4 /OPT/altera/12.1/nios2eds/bin/gnu/H-i686-pc-linux-gnu/bin/../lib/gcc/nios2-elf/4.1.2/../../../../nios2-elf/lib/libc.a(lib_a-mprec.o)
                0x0080f148                _Bfree
                0x0080f170                __hi0bits
                0x0080f1e0                __lo0bits
                0x0080f2a4                __mcmp
                0x0080f304                __ulp
                0x0080f384                __b2d
                0x0080f4a4                __ratio
                0x0080f554                _mprec_log10
                0x0080f5e8                __copybits
                0x0080f640                __any_on
                0x0080f6c8                _Balloc
                0x0080f784                __d2b
                0x0080f900                __mdiff
                0x0080fa8c                __lshift
                0x0080fbd8                __multiply
                0x0080fdc0                __i2b
                0x0080fdfc                __multadd
                0x0080fefc                __pow5mult
                0x0081001c                __s2b
 .text          0x0081013c      0x1ec /OPT/altera/12.1/nios2eds/bin/gnu/H-i686-pc-linux-gnu/bin/../lib/gcc/nios2-elf/4.1.2/../../../../nios2-elf/lib/libc.a(lib_a-putc.o)
                0x0081013c                putc
                0x00810240                _putc_r
 .text          0x00810328       0x78 /OPT/altera/12.1/nios2eds/bin/gnu/H-i686-pc-linux-gnu/bin/../lib/gcc/nios2-elf/4.1.2/../../../../nios2-elf/lib/libc.a(lib_a-readr.o)
                0x00810328                _read_r
 .text          0x008103a0      0x5f4 /OPT/altera/12.1/nios2eds/bin/gnu/H-i686-pc-linux-gnu/bin/../lib/gcc/nios2-elf/4.1.2/../../../../nios2-elf/lib/libc.a(lib_a-reallocr.o)
                0x008103a0                _realloc_r
 .text          0x00810994       0x40 /OPT/altera/12.1/nios2eds/bin/gnu/H-i686-pc-linux-gnu/bin/../lib/gcc/nios2-elf/4.1.2/../../../../nios2-elf/lib/libc.a(lib_a-s_isinfd.o)
                0x00810994                __isinfd
 .text          0x008109d4       0x30 /OPT/altera/12.1/nios2eds/bin/gnu/H-i686-pc-linux-gnu/bin/../lib/gcc/nios2-elf/4.1.2/../../../../nios2-elf/lib/libc.a(lib_a-s_isnand.o)
                0x008109d4                __isnand
 .text          0x00810a04       0xc0 /OPT/altera/12.1/nios2eds/bin/gnu/H-i686-pc-linux-gnu/bin/../lib/gcc/nios2-elf/4.1.2/../../../../nios2-elf/lib/libc.a(lib_a-sccl.o)
                0x00810a04                __sccl
 .text          0x00810ac4        0x8 /OPT/altera/12.1/nios2eds/bin/gnu/H-i686-pc-linux-gnu/bin/../lib/gcc/nios2-elf/4.1.2/../../../../nios2-elf/lib/libc.a(lib_a-sf_nan.o)
                0x00810ac4                nanf
 .text          0x00810acc     0x166c /OPT/altera/12.1/nios2eds/bin/gnu/H-i686-pc-linux-gnu/bin/../lib/gcc/nios2-elf/4.1.2/../../../../nios2-elf/lib/libc.a(lib_a-strtod.o)
                0x00810b14                _strtod_r
                0x00811ff8                strtof
                0x0081211c                strtod
 .text          0x00812138      0x318 /OPT/altera/12.1/nios2eds/bin/gnu/H-i686-pc-linux-gnu/bin/../lib/gcc/nios2-elf/4.1.2/../../../../nios2-elf/lib/libc.a(lib_a-strtoll_r.o)
                0x00812138                _strtoll_r
 .text          0x00812450      0x254 /OPT/altera/12.1/nios2eds/bin/gnu/H-i686-pc-linux-gnu/bin/../lib/gcc/nios2-elf/4.1.2/../../../../nios2-elf/lib/libc.a(lib_a-strtoul.o)
                0x00812450                _strtoul_r
                0x00812680                strtoul
 .text          0x008126a4      0x2f0 /OPT/altera/12.1/nios2eds/bin/gnu/H-i686-pc-linux-gnu/bin/../lib/gcc/nios2-elf/4.1.2/../../../../nios2-elf/lib/libc.a(lib_a-strtoull_r.o)
                0x008126a4                _strtoull_r
 .text          0x00812994      0x294 /OPT/altera/12.1/nios2eds/bin/gnu/H-i686-pc-linux-gnu/bin/../lib/gcc/nios2-elf/4.1.2/../../../../nios2-elf/lib/libc.a(lib_a-ungetc.o)
                0x00812994                __submore
                0x00812a70                _ungetc_r
                0x00812c0c                ungetc
 .text          0x00812c28      0x14c /OPT/altera/12.1/nios2eds/bin/gnu/H-i686-pc-linux-gnu/bin/../lib/gcc/nios2-elf/4.1.2/../../../../nios2-elf/lib/libc.a(lib_a-wbuf.o)
                0x00812c28                __swbuf_r
                0x00812d58                __swbuf
 .text          0x00812d74       0xb4 /OPT/altera/12.1/nios2eds/bin/gnu/H-i686-pc-linux-gnu/bin/../lib/gcc/nios2-elf/4.1.2/../../../../nios2-elf/lib/libc.a(lib_a-callocr.o)
                0x00812d74                _calloc_r
 .text          0x00812e28      0x8f4 /OPT/altera/12.1/nios2eds/bin/gnu/H-i686-pc-linux-gnu/bin/../lib/gcc/nios2-elf/4.1.2/../../../../nios2-elf/lib/libc.a(lib_a-gdtoa-gethex.o)
                0x00812e4c                __hexdig_init
                0x00812f64                __gethex
 .text          0x0081371c      0x294 /OPT/altera/12.1/nios2eds/bin/gnu/H-i686-pc-linux-gnu/bin/../lib/gcc/nios2-elf/4.1.2/../../../../nios2-elf/lib/libc.a(lib_a-gdtoa-hexnan.o)
                0x00813768                __hexnan
 .text          0x008139b0       0x98 /OPT/altera/12.1/nios2eds/bin/gnu/H-i686-pc-linux-gnu/bin/../lib/gcc/nios2-elf/4.1.2/libgcc.a(_muldi3.o)
                0x008139b0                __muldi3
 .text          0x00813a48       0xa4 /OPT/altera/12.1/nios2eds/bin/gnu/H-i686-pc-linux-gnu/bin/../lib/gcc/nios2-elf/4.1.2/libgcc.a(_fixunsdfsi.o)
                0x00813a48                __fixunsdfsi
 .text          0x00813aec      0x5dc /OPT/altera/12.1/nios2eds/bin/gnu/H-i686-pc-linux-gnu/bin/../lib/gcc/nios2-elf/4.1.2/libgcc.a(_udivdi3.o)
                0x00813aec                __udivdi3
 .text          0x008140c8      0x5b0 /OPT/altera/12.1/nios2eds/bin/gnu/H-i686-pc-linux-gnu/bin/../lib/gcc/nios2-elf/4.1.2/libgcc.a(_umoddi3.o)
                0x008140c8                __umoddi3
 .text          0x00814678       0x78 /OPT/altera/12.1/nios2eds/bin/gnu/H-i686-pc-linux-gnu/bin/../lib/gcc/nios2-elf/4.1.2/libgcc.a(_ne_sf.o)
                0x00814678                __nesf2
 .text          0x008146f0       0x78 /OPT/altera/12.1/nios2eds/bin/gnu/H-i686-pc-linux-gnu/bin/../lib/gcc/nios2-elf/4.1.2/libgcc.a(_gt_sf.o)
                0x008146f0                __gtsf2
 .text          0x00814768       0x78 /OPT/altera/12.1/nios2eds/bin/gnu/H-i686-pc-linux-gnu/bin/../lib/gcc/nios2-elf/4.1.2/libgcc.a(_lt_sf.o)
                0x00814768                __ltsf2
 .text          0x008147e0      0x504 /OPT/altera/12.1/nios2eds/bin/gnu/H-i686-pc-linux-gnu/bin/../lib/gcc/nios2-elf/4.1.2/libgcc.a(_addsub_df.o)
                0x00814bf0                __subdf3
                0x00814c70                __adddf3
 .text          0x00814ce4      0x3c4 /OPT/altera/12.1/nios2eds/bin/gnu/H-i686-pc-linux-gnu/bin/../lib/gcc/nios2-elf/4.1.2/libgcc.a(_mul_df.o)
                0x00814ce4                __muldf3
 .text          0x008150a8      0x258 /OPT/altera/12.1/nios2eds/bin/gnu/H-i686-pc-linux-gnu/bin/../lib/gcc/nios2-elf/4.1.2/libgcc.a(_div_df.o)
                0x008150a8                __divdf3
 .text          0x00815300       0x88 /OPT/altera/12.1/nios2eds/bin/gnu/H-i686-pc-linux-gnu/bin/../lib/gcc/nios2-elf/4.1.2/libgcc.a(_eq_df.o)
                0x00815300                __eqdf2
 .text          0x00815388       0x88 /OPT/altera/12.1/nios2eds/bin/gnu/H-i686-pc-linux-gnu/bin/../lib/gcc/nios2-elf/4.1.2/libgcc.a(_ne_df.o)
                0x00815388                __nedf2
 .text          0x00815410       0x88 /OPT/altera/12.1/nios2eds/bin/gnu/H-i686-pc-linux-gnu/bin/../lib/gcc/nios2-elf/4.1.2/libgcc.a(_gt_df.o)
                0x00815410                __gtdf2
 .text          0x00815498       0x88 /OPT/altera/12.1/nios2eds/bin/gnu/H-i686-pc-linux-gnu/bin/../lib/gcc/nios2-elf/4.1.2/libgcc.a(_ge_df.o)
                0x00815498                __gedf2
 .text          0x00815520       0x88 /OPT/altera/12.1/nios2eds/bin/gnu/H-i686-pc-linux-gnu/bin/../lib/gcc/nios2-elf/4.1.2/libgcc.a(_lt_df.o)
                0x00815520                __ltdf2
 .text          0x008155a8       0x88 /OPT/altera/12.1/nios2eds/bin/gnu/H-i686-pc-linux-gnu/bin/../lib/gcc/nios2-elf/4.1.2/libgcc.a(_le_df.o)
                0x008155a8                __ledf2
 .text          0x00815630       0xf8 /OPT/altera/12.1/nios2eds/bin/gnu/H-i686-pc-linux-gnu/bin/../lib/gcc/nios2-elf/4.1.2/libgcc.a(_si_to_df.o)
                0x00815630                __floatsidf
 .text          0x00815728       0xd8 /OPT/altera/12.1/nios2eds/bin/gnu/H-i686-pc-linux-gnu/bin/../lib/gcc/nios2-elf/4.1.2/libgcc.a(_df_to_si.o)
                0x00815728                __fixdfsi
 .text          0x00815800       0x74 /OPT/altera/12.1/nios2eds/bin/gnu/H-i686-pc-linux-gnu/bin/../lib/gcc/nios2-elf/4.1.2/libgcc.a(_df_to_sf.o)
                0x00815800                __truncdfsf2
 .text          0x00815874        0x0 /OPT/altera/12.1/nios2eds/bin/gnu/H-i686-pc-linux-gnu/bin/../lib/gcc/nios2-elf/4.1.2/libgcc.a(_thenan_df.o)
 .text          0x00815874      0x194 /OPT/altera/12.1/nios2eds/bin/gnu/H-i686-pc-linux-gnu/bin/../lib/gcc/nios2-elf/4.1.2/libgcc.a(_usi_to_df.o)
                0x00815874                __floatunsidf
 .text          0x00815a08        0x0 /OPT/altera/12.1/nios2eds/bin/gnu/H-i686-pc-linux-gnu/bin/../lib/gcc/nios2-elf/4.1.2/libgcc.a(_clz.o)
 .text          0x00815a08       0x80 /OPT/altera/12.1/nios2eds/bin/gnu/H-i686-pc-linux-gnu/bin/../lib/gcc/nios2-elf/4.1.2/libgcc.a(_clzsi2.o)
                0x00815a08                __clzsi2
 .text          0x00815a88       0xc8 /OPT/altera/12.1/nios2eds/bin/gnu/H-i686-pc-linux-gnu/bin/../lib/gcc/nios2-elf/4.1.2/libgcc.a(_unpack_sf.o)
                0x00815a88                __unpack_f
 .text          0x00815b50       0xa8 /OPT/altera/12.1/nios2eds/bin/gnu/H-i686-pc-linux-gnu/bin/../lib/gcc/nios2-elf/4.1.2/libgcc.a(_fpcmp_parts_sf.o)
                0x00815b50                __fpcmp_parts_f
 .text          0x00815bf8       0x2c /OPT/altera/12.1/nios2eds/bin/gnu/H-i686-pc-linux-gnu/bin/../lib/gcc/nios2-elf/4.1.2/libgcc.a(_make_sf.o)
                0x00815bf8                __make_fp
 .text          0x00815c24      0x314 /OPT/altera/12.1/nios2eds/bin/gnu/H-i686-pc-linux-gnu/bin/../lib/gcc/nios2-elf/4.1.2/libgcc.a(_pack_df.o)
                0x00815c24                __pack_d
 .text          0x00815f38      0x138 /OPT/altera/12.1/nios2eds/bin/gnu/H-i686-pc-linux-gnu/bin/../lib/gcc/nios2-elf/4.1.2/libgcc.a(_unpack_df.o)
                0x00815f38                __unpack_d
 .text          0x00816070       0xc8 /OPT/altera/12.1/nios2eds/bin/gnu/H-i686-pc-linux-gnu/bin/../lib/gcc/nios2-elf/4.1.2/libgcc.a(_fpcmp_parts_df.o)
                0x00816070                __fpcmp_parts_d
 .text          0x00816138      0x160 /OPT/altera/12.1/nios2eds/bin/gnu/H-i686-pc-linux-gnu/bin/../lib/gcc/nios2-elf/4.1.2/libgcc.a(_pack_sf.o)
                0x00816138                __pack_f
 .text          0x00816298       0x78 ../Webserver_bsp//libucosii_bsp.a(alt_dcache_flush.o)
                0x00816298                alt_dcache_flush
 .text          0x00816310       0xd0 ../Webserver_bsp//libucosii_bsp.a(alt_flash_dev.o)
                0x00816310                alt_flash_open_dev
                0x0081638c                alt_flash_close_dev
 .text          0x008163e0      0x134 ../Webserver_bsp//libucosii_bsp.a(alt_fstat.o)
                0x008163e0                fstat
 .text          0x00816514      0x1c0 ../Webserver_bsp//libucosii_bsp.a(alt_irq_register.o)
                0x00816514                alt_irq_register
 .text          0x008166d4        0x0 ../Webserver_bsp//libucosii_bsp.a(alt_irq_vars.o)
 .text          0x008166d4      0x120 ../Webserver_bsp//libucosii_bsp.a(alt_isatty.o)
                0x008166d4                isatty
 .text          0x008167f4      0x150 ../Webserver_bsp//libucosii_bsp.a(alt_lseek.o)
                0x008167f4                lseek
 .text          0x00816944       0xc8 ../Webserver_bsp//libucosii_bsp.a(alt_main.o)
                0x00816944                alt_main
 .text          0x00816a0c      0x2c4 ../Webserver_bsp//libucosii_bsp.a(alt_open.o)
                0x00816ae8                open
 .text          0x00816cd0       0x60 ../Webserver_bsp//libucosii_bsp.a(alt_release_fd.o)
                0x00816cd0                alt_release_fd
 .text          0x00816d30       0xbc ../Webserver_bsp//libucosii_bsp.a(alt_sbrk.o)
                0x00816d30                sbrk
 .text          0x00816dec      0x1a8 ../Webserver_bsp//libucosii_bsp.a(alt_tick.o)
                0x00816dec                alt_alarm_stop
                0x00816e84                alt_tick
 .text          0x00816f94      0x118 ../Webserver_bsp//libucosii_bsp.a(alt_usleep.o)
                0x00816f94                usleep
 .text          0x008170ac      0x108 ../Webserver_bsp//libucosii_bsp.a(alt_env_lock.o)
                0x008170ac                __env_lock
                0x00817158                __env_unlock
 .text          0x008171b4      0x1d8 ../Webserver_bsp//libucosii_bsp.a(alt_malloc_lock.o)
                0x008171b4                __malloc_lock
                0x008172bc                __malloc_unlock
 .text          0x0081738c     0x2128 ../Webserver_bsp//libucosii_bsp.a(os_core.o)
                0x0081738c                OSEventNameGet
                0x008174bc                OSEventNameSet
                0x00817600                OSEventPendMulti
                0x00817cb4                OSInit
                0x00817d08                OSIntEnter
                0x00817d84                OSIntExit
                0x00817e84                OSSchedLock
                0x00817f10                OSSchedUnlock
                0x00817ff4                OSStart
                0x00818064                OSStatInit
                0x00818110                OSTimeTick
                0x00818350                OSVersion
                0x00818370                OS_Dummy
                0x0081838c                OS_EventTaskRdy
                0x00818520                OS_EventTaskWait
                0x00818630                OS_EventTaskWaitMulti
                0x00818784                OS_EventTaskRemove
                0x0081883c                OS_EventTaskRemoveMulti
                0x00818940                OS_EventWaitListInit
                0x00818d0c                OS_MemClr
                0x00818d60                OS_MemCopy
                0x00818dcc                OS_Sched
                0x00818f10                OS_StrCopy
                0x00818f90                OS_StrLen
                0x00818fe8                OS_TaskIdle
                0x00819044                OS_TaskStat
                0x0081910c                OS_TaskStatStkChk
                0x008191d4                OS_TCBInit
 .text          0x008194b4      0x18c ../Webserver_bsp//libucosii_bsp.a(os_dbg.o)
                0x008194b4                OSDebugInit
 .text          0x00819640     0x193c ../Webserver_bsp//libucosii_bsp.a(os_flag.o)
                0x00819640                OSFlagAccept
                0x00819974                OSFlagCreate
                0x00819ab0                OSFlagDel
                0x00819d58                OSFlagNameGet
                0x00819e9c                OSFlagNameSet
                0x00819ff0                OSFlagPend
                0x0081a634                OSFlagPendGetFlagsRdy
                0x0081a69c                OSFlagPost
                0x0081aa44                OSFlagQuery
                0x0081acdc                OS_FlagInit
                0x0081aed0                OS_FlagUnlink
 .text          0x0081af7c      0xc8c ../Webserver_bsp//libucosii_bsp.a(os_mbox.o)
                0x0081af7c                OSMboxAccept
                0x0081b020                OSMboxCreate
                0x0081b134                OSMboxDel
                0x0081b3d4                OSMboxPend
                0x0081b69c                OSMboxPendAbort
                0x0081b818                OSMboxPost
                0x0081b94c                OSMboxPostOpt
                0x0081bad8                OSMboxQuery
 .text          0x0081bc08      0x808 ../Webserver_bsp//libucosii_bsp.a(os_mem.o)
                0x0081bc08                OSMemCreate
                0x0081be24                OSMemGet
                0x0081bf28                OSMemNameGet
                0x0081c034                OSMemNameSet
                0x0081c154                OSMemPut
                0x0081c244                OSMemQuery
                0x0081c340                OS_MemInit
 .text          0x0081c410     0x1334 ../Webserver_bsp//libucosii_bsp.a(os_q.o)
                0x0081c410                OSQAccept
                0x0081c564                OSQCreate
                0x0081c778                OSQDel
                0x0081ca78                OSQFlush
                0x0081cb40                OSQPend
                0x0081ce60                OSQPendAbort
                0x0081cfdc                OSQPost
                0x0081d15c                OSQPostFront
                0x0081d2e4                OSQPostOpt
                0x0081d518                OSQQuery
                0x0081d698                OS_QInit
 .text          0x0081d744      0xbc8 ../Webserver_bsp//libucosii_bsp.a(os_sem.o)
                0x0081d744                OSSemAccept
                0x0081d804                OSSemCreate
                0x0081d918                OSSemDel
                0x0081dbb8                OSSemPend
                0x0081de34                OSSemPendAbort
                0x0081dfb0                OSSemPost
                0x0081e0d8                OSSemQuery
                0x0081e208                OSSemSet
 .text          0x0081e30c     0x1a40 ../Webserver_bsp//libucosii_bsp.a(os_task.o)
                0x0081e30c                OSTaskChangePrio
                0x0081e880                OSTaskCreate
                0x0081ea54                OSTaskCreateExt
                0x0081ec54                OSTaskDel
                0x0081f060                OSTaskDelReq
                0x0081f1d0                OSTaskNameGet
                0x0081f388                OSTaskNameSet
                0x0081f54c                OSTaskResume
                0x0081f764                OSTaskStkChk
                0x0081f960                OSTaskSuspend
                0x0081fb8c                OSTaskQuery
                0x0081fcd0                OS_TaskStkClr
 .text          0x0081fd4c      0x598 ../Webserver_bsp//libucosii_bsp.a(os_time.o)
                0x0081fd4c                OSTimeDly
                0x0081fe98                OSTimeDlyHMSM
                0x0082000c                OSTimeDlyResume
                0x0082021c                OSTimeGet
                0x00820280                OSTimeSet
 .text          0x008202e4      0x304 ../Webserver_bsp//libucosii_bsp.a(alt_sys_init.o)
                0x008202e4                alt_irq_init
                0x00820318                alt_sys_init
 .text          0x008205e8      0x148 ../Webserver_bsp//libucosii_bsp.a(altera_avalon_jtag_uart_fd.o)
                0x008205e8                altera_avalon_jtag_uart_read_fd
                0x00820640                altera_avalon_jtag_uart_write_fd
                0x00820698                altera_avalon_jtag_uart_close_fd
                0x008206e0                altera_avalon_jtag_uart_ioctl_fd
 .text          0x00820730      0x584 ../Webserver_bsp//libucosii_bsp.a(altera_avalon_jtag_uart_init.o)
                0x00820730                altera_avalon_jtag_uart_init
                0x00820c40                altera_avalon_jtag_uart_close
 .text          0x00820cb4       0xf4 ../Webserver_bsp//libucosii_bsp.a(altera_avalon_jtag_uart_ioctl.o)
                0x00820cb4                altera_avalon_jtag_uart_ioctl
 .text          0x00820da8      0x2c0 ../Webserver_bsp//libucosii_bsp.a(altera_avalon_jtag_uart_read.o)
                0x00820da8                altera_avalon_jtag_uart_read
 .text          0x00821068      0x2dc ../Webserver_bsp//libucosii_bsp.a(altera_avalon_jtag_uart_write.o)
                0x00821068                altera_avalon_jtag_uart_write
 .text          0x00821344      0x100 ../Webserver_bsp//libucosii_bsp.a(altera_avalon_timer_sc.o)
                0x008213b4                alt_avalon_timer_sc_init
 .text          0x00821444      0xb70 ../Webserver_bsp//libucosii_bsp.a(altera_ro_zipfs.o)
                0x008216b8                check_directory_header
                0x00821c10                alt_ro_zipfs_open
                0x00821ca8                alt_ro_zipfs_read
                0x00821da4                alt_ro_zipfs_seek
                0x00821eec                alt_ro_zipfs_fstat
                0x00821f5c                alt_ro_zipfs_check_valid
 .text          0x00821fb4      0x530 ../Webserver_bsp//libucosii_bsp.a(altera_up_avalon_character_lcd.o)
                0x00821fb4                get_DDRAM_addr
                0x00822030                alt_up_character_lcd_send_cmd
                0x00822064                alt_up_character_lcd_init
                0x00822098                alt_up_character_lcd_open_dev
                0x008220d8                alt_up_character_lcd_write
                0x00822150                alt_up_character_lcd_string
                0x008221c8                alt_up_character_lcd_write_fd
                0x00822214                alt_up_character_lcd_set_cursor_pos
                0x0082228c                alt_up_character_lcd_shift_cursor
                0x0082233c                alt_up_character_lcd_shift_display
                0x008223ec                alt_up_character_lcd_erase_pos
                0x0082247c                alt_up_character_lcd_cursor_off
                0x008224b0                alt_up_character_lcd_cursor_blink_on
 .text          0x008224e4       0x54 ../Webserver_bsp//libucosii_bsp.a(alt_iniche_close.o)
                0x008224e4                close
 .text          0x00822538      0x144 ../Webserver_bsp//libucosii_bsp.a(alt_iniche_dev.o)
                0x00822538                iniche_devices_init
 .text          0x0082267c       0x78 ../Webserver_bsp//libucosii_bsp.a(alt_iniche_read.o)
                0x0082267c                read
 .text          0x008226f4       0x70 ../Webserver_bsp//libucosii_bsp.a(alt_iniche_write.o)
                0x008226f4                write
 .text          0x00822764      0xedc ../Webserver_bsp//libucosii_bsp.a(ipnet.o)
                0x00822764                Netinit
                0x00822db0                fixup_subnet_mask
                0x00822f10                netclose
                0x00822ff8                pktdemux
                0x008233cc                c_older
                0x0082349c                ip2mac
 .text          0x00823640      0x4b0 ../Webserver_bsp//libucosii_bsp.a(ipstart.o)
                0x00823640                ip_startup
                0x00823924                exit_hook
                0x00823990                ip_exit
                0x00823a60                if_netnumber
 .text          0x00823af0     0x1010 ../Webserver_bsp//libucosii_bsp.a(igmp_cmn.o)
                0x00823af0                igmp_init
                0x00823ba0                igmp_input
                0x00823c98                igmp_fasttimo
                0x00823e34                igmp_send
                0x008240dc                igmp_joingroup
                0x00824348                igmp_leavegroup
                0x008243c4                igmp_validate
                0x00824720                igmp_print_stats
 .text          0x00824b00      0xb50 ../Webserver_bsp//libucosii_bsp.a(bsdsock.o)
                0x00824b00                bsd_accept
                0x00824c38                bsd_getpeername
                0x00824d64                bsd_getsockname
                0x00824e90                bsd_i_sockoptlen
                0x00825048                bsd_getsockopt
                0x00825168                bsd_ioctl
                0x0082526c                bsd_inet_ntoa
                0x0082529c                bsd_recvfrom
                0x008253fc                bsd_select
                0x00825564                bsd_setsockopt
 .text          0x00825650      0x118 ../Webserver_bsp//libucosii_bsp.a(cksum.o)
                0x00825650                ccksum
                0x00825700                cksum
 .text          0x00825768      0xa9c ../Webserver_bsp//libucosii_bsp.a(in_utils.o)
                0x00825768                do_trap
                0x00825794                nextarg
                0x00825810                hexdump
                0x00825958                print_ipad
                0x008259cc                print_uptime
                0x00825af8                panic
                0x00825b3c                print_eth
                0x00825ca0                uslash
                0x00825d20                ns_printf
                0x00825ea4                std_out
                0x00825ee8                con_page
                0x00825fd8                parse_args
 .text          0x00826204      0x1c8 ../Webserver_bsp//libucosii_bsp.a(netmain.o)
                0x00826204                netmain
                0x008262f8                tk_netmain
                0x00826380                tk_nettick
 .text          0x008263cc      0x810 ../Webserver_bsp//libucosii_bsp.a(parseip.o)
                0x008263cc                parse_ipad
                0x008266e8                inet_addr
                0x00826750                hextoa
                0x008267c0                inet_pton
                0x0082686c                inet_ntop
                0x008268f8                print46_addr
                0x00826958                inet46_addr
                0x00826a1c                inet_setport
                0x00826a90                convert_ip
 .text          0x00826bdc      0x5e8 ../Webserver_bsp//libucosii_bsp.a(tk_crnos.o)
                0x00826bdc                TK_OSTimeDly
                0x00826c08                TK_OSTaskResume
                0x00826c78                tcp_sleep
                0x00826e18                tcp_wakeup
                0x00826f1c                TK_OSTaskQuery
                0x00826f90                tk_yield
                0x00826fbc                tk_stats
 .text          0x008271c4     0x2f40 ../Webserver_bsp//libucosii_bsp.a(dhcpclnt.o)
                0x008271c4                dhc_get_srv_ipaddr
                0x00827254                dhc_init
                0x00827310                dhc_set_callback
                0x00827354                dhc_upcall
                0x00827b84                dhc_buildheader
                0x00827da0                dhc_discover
                0x008282b8                dhc_rx_offer
                0x008283bc                dhc_request
                0x00828ef8                dhc_setip
                0x00829178                dhc_resetip
                0x0082925c                dhc_decline
                0x00829440                dhc_extract_opts
                0x008296fc                dhc_second
                0x00829c98                dhc_halt
                0x00829d20                dhc_reclaim
                0x00829ef0                dhc_state_init
                0x00829f50                dhc_alldone
                0x00829fe0                dhc_ifacedone
                0x0082a054                dhc_set_state
 .text          0x0082a104       0xcc ../Webserver_bsp//libucosii_bsp.a(dhcputil.o)
                0x0082a104                find_opt
 .text          0x0082a1d0      0x79c ../Webserver_bsp//libucosii_bsp.a(pktalloc.o)
                0x0082a1d0                pk_init
                0x0082a460                pk_alloc
                0x0082a53c                pk_validate
                0x0082a7f4                pk_free
                0x0082a8a0                pk_get_max_intrsafe_buf_len
                0x0082a8c0                dump_buf_estats
 .text          0x0082a96c      0x288 ../Webserver_bsp//libucosii_bsp.a(q.o)
                0x0082a96c                getq
                0x0082aa34                putq
                0x0082aae4                qdel
 .text          0x0082abf4      0x31c ../Webserver_bsp//libucosii_bsp.a(udp_open.o)
                0x0082abf4                udp_open
                0x0082ae2c                udp_close
 .text          0x0082af10      0x194 ../Webserver_bsp//libucosii_bsp.a(asm_cksum.o)
                0x0082af10                asm_cksum
 .text          0x0082b0a4      0x2a0 ../Webserver_bsp//libucosii_bsp.a(brdutils.o)
                0x0082b0a4                dtrap
                0x0082b0d4                kbhit
                0x0082b180                getch
                0x0082b1e0                clock_init
                0x0082b21c                clock_c
                0x0082b238                cticks_hook
                0x0082b2a4                irq_Mask
                0x0082b300                irq_Unmask
 .text          0x0082b344      0x488 ../Webserver_bsp//libucosii_bsp.a(osportco.o)
                0x0082b344                LOCK_NET_RESOURCE
                0x0082b404                UNLOCK_NET_RESOURCE
                0x0082b48c                TK_NEWTASK
                0x0082b6a0                wait_app_sem
                0x0082b754                post_app_sem
 .text          0x0082b7cc      0x568 ../Webserver_bsp//libucosii_bsp.a(targnios.o)
                0x0082b7cc                alt_iniche_init
                0x0082b9e8                pre_task_setup
                0x0082ba5c                post_task_setup
                0x0082ba7c                prep_armintcp
                0x0082bab4                calloc2
                0x0082bae8                npalloc
                0x0082bbdc                npfree
                0x0082bc94                ncpalloc
                0x0082bce8                ncpfree
 .text          0x0082bd34     0x197c ../Webserver_bsp//libucosii_bsp.a(nptcp.o)
                0x0082bd34                pffindtype
                0x0082bdd4                pffindproto
                0x0082bea4                m_getnbuf
                0x0082c04c                m_free
                0x0082c180                m_freem
                0x0082c1c4                m_copy
                0x0082c4e8                m_adj
                0x0082c6b8                mbuf_len
                0x0082c710                dtom
                0x0082c7b8                remque
                0x0082c828                insque
                0x0082c8a4                nptcp_init
                0x0082c9c8                tcp_rcv
                0x0082cbb4                ip_output
                0x0082d1ac                in_broadcast
                0x0082d1ec                np_stripoptions
                0x0082d2d4                so_icmpdu
                0x0082d62c                tcp_tick
 .text          0x0082d6b0      0xa2c ../Webserver_bsp//libucosii_bsp.a(rawsock.o)
                0x0082d6b0                rawip_lookup
                0x0082d720                rawip_soinput
                0x0082d8f4                rawip_usrreq
 .text          0x0082e0dc     0x17fc ../Webserver_bsp//libucosii_bsp.a(sockcall.o)
                0x0082e0dc                DOMAIN_CHECK
                0x0082e128                t_socket
                0x0082e1b8                t_bind
                0x0082e334                t_listen
                0x0082e418                t_accept
                0x0082e6b0                t_connect
                0x0082e958                t_getpeername
                0x0082e99c                t_getsockname
                0x0082ebdc                t_setsockopt
                0x0082edb8                t_getsockopt
                0x0082ef5c                t_recv
                0x0082f04c                t_recvfrom
                0x0082f19c                t_sendto
                0x0082f3c8                t_send
                0x0082f5f0                t_shutdown
                0x0082f6d4                t_socketclose
                0x0082f83c                t_errno
 .text          0x0082f8d8     0x2374 ../Webserver_bsp//libucosii_bsp.a(socket.o)
                0x0082f8d8                socreate
                0x0082faa4                sobind
                0x0082fb00                solisten
                0x0082fbf0                sofree
                0x0082fd20                soclose
                0x00830014                soabort
                0x00830064                soaccept
                0x00830100                soconnect
                0x008301d4                sodisconnect
                0x00830274                sosend
                0x0083087c                soreceive
                0x00831060                soshutdown
                0x00831108                sorflush
                0x00831208                sosetopt
                0x008316c8                sogetopt
                0x00831c08                sohasoutofband
 .text          0x00831c4c     0x1318 ../Webserver_bsp//libucosii_bsp.a(socket2.o)
                0x00831c4c                soisconnecting
                0x00831cb8                soisconnected
                0x00831db4                soisdisconnecting
                0x00831e40                soisdisconnected
                0x00831efc                sonewconn
                0x00832118                soqinsque
                0x008321c4                soqremque
                0x008322e4                socantsendmore
                0x00832334                socantrcvmore
                0x00832384                sbselqueue
                0x008323bc                sbwait
                0x00832424                sbwakeup
                0x008324c0                soreserve
                0x00832540                sbreserve
                0x008325a0                sbrelease
                0x008325e8                sbappend
                0x00832690                sbappendrecord
                0x00832770                sbappendaddr
                0x00832978                sbcompress
                0x00832b60                sbflush
                0x00832bf0                sbdrop
                0x00832dc0                sbdropend
                0x00832ed0                sbdroprecord
 .text          0x00832f64      0x914 ../Webserver_bsp//libucosii_bsp.a(soselect.o)
                0x00832f64                t_select
                0x00833184                sock_selscan
                0x008332dc                sock_select
                0x008334f0                in_pcbnotify
                0x008335bc                tcp_notify
                0x00833624                ifd_clr
                0x00833714                ifd_set
                0x00833788                ifd_isset
                0x00833808                ifd_get
 .text          0x00833878     0x2fe8 ../Webserver_bsp//libucosii_bsp.a(tcp_in.o)
                0x00833878                tcp_reass
                0x00833c80                tcp_input
                0x008361d4                tcp_dooptions
                0x00836364                tcp_pulloutofband
                0x00836490                tcp_xmit_timer
                0x008366fc                ip4_tcpmss
                0x00836744                tcp_mss
 .text          0x00836860     0x1360 ../Webserver_bsp//libucosii_bsp.a(tcp_out.o)
                0x00836860                tcp_output
                0x008379dc                tcp_setpersist
 .text          0x00837bc0      0x9e8 ../Webserver_bsp//libucosii_bsp.a(tcp_subr.o)
                0x00837bc0                tcp_init
                0x00837c18                tcp_template
                0x00837d30                tcp_respond
                0x008381b8                tcp_newtcpcb
                0x008382d0                tcp_drop
                0x0083837c                tcp_close
                0x00838464                tcp_quench
                0x008384b0                tcp_putseq
                0x00838530                tcp_getseq
 .text          0x008385a8      0x798 ../Webserver_bsp//libucosii_bsp.a(tcp_timr.o)
                0x008385a8                tcp_slowtimo
                0x00838848                tcp_canceltimers
                0x008388a4                tcp_timers
 .text          0x00838d40      0x9ec ../Webserver_bsp//libucosii_bsp.a(tcp_usr.o)
                0x00838d40                tcp_usrreq
                0x00839444                tcp_attach
                0x00839578                tcp_disconnect
                0x0083964c                tcp_usrclosed
 .text          0x0083972c       0x4c ../Webserver_bsp//libucosii_bsp.a(tcpport.o)
                0x0083972c                tcpinit
 .text          0x00839778      0xd20 ../Webserver_bsp//libucosii_bsp.a(udpsock.o)
                0x00839778                udp_lookup
                0x008397e8                udp_soinput
                0x008399a0                udp_usrreq
                0x00839c24                udp4_sockbind
                0x00839f60                udp4_socksend
                0x0083a33c                udp4_sockaddr
 .text          0x0083a498      0x154 ../Webserver_bsp//libucosii_bsp.a(alt_alarm_start.o)
                0x0083a498                alt_alarm_start
 .text          0x0083a5ec      0x14c ../Webserver_bsp//libucosii_bsp.a(alt_busy_sleep.o)
                0x0083a5ec                alt_busy_sleep
 .text          0x0083a738      0x15c ../Webserver_bsp//libucosii_bsp.a(alt_close.o)
                0x0083a738                alt_close
 .text          0x0083a894       0x2c ../Webserver_bsp//libucosii_bsp.a(alt_dev.o)
 .text          0x0083a8c0      0x114 ../Webserver_bsp//libucosii_bsp.a(alt_dev_llist_insert.o)
                0x0083a8c0                alt_dev_llist_insert
 .text          0x0083a9d4       0x64 ../Webserver_bsp//libucosii_bsp.a(alt_do_ctors.o)
                0x0083a9d4                _do_ctors
 .text          0x0083aa38       0x64 ../Webserver_bsp//libucosii_bsp.a(alt_do_dtors.o)
                0x0083aa38                _do_dtors
 .text          0x0083aa9c        0x0 ../Webserver_bsp//libucosii_bsp.a(alt_errno.o)
 .text          0x0083aa9c       0x94 ../Webserver_bsp//libucosii_bsp.a(alt_find_dev.o)
                0x0083aa9c                alt_find_dev
 .text          0x0083ab30      0x120 ../Webserver_bsp//libucosii_bsp.a(alt_find_file.o)
                0x0083ab30                alt_find_file
 .text          0x0083ac50       0x90 ../Webserver_bsp//libucosii_bsp.a(alt_fs_reg.o)
                0x0083ac50                alt_fs_reg
 .text          0x0083ace0       0xf4 ../Webserver_bsp//libucosii_bsp.a(alt_get_fd.o)
                0x0083ace0                alt_get_fd
 .text          0x0083add4      0x1d4 ../Webserver_bsp//libucosii_bsp.a(alt_iic.o)
                0x0083add4                alt_ic_isr_register
                0x0083ae24                alt_ic_irq_enable
                0x0083aec0                alt_ic_irq_disable
                0x0083af60                alt_ic_irq_enabled
 .text          0x0083afa8       0xf8 ../Webserver_bsp//libucosii_bsp.a(alt_iic_isr_register.o)
                0x0083afa8                alt_iic_isr_register
 .text          0x0083b0a0      0x13c ../Webserver_bsp//libucosii_bsp.a(alt_io_redirect.o)
                0x0083b164                alt_io_redirect
 .text          0x0083b1dc        0x0 ../Webserver_bsp//libucosii_bsp.a(alt_irq_entry.o)
 .text          0x0083b1dc        0x0 ../Webserver_bsp//libucosii_bsp.a(alt_irq_handler.o)
 .text          0x0083b1dc      0x180 ../Webserver_bsp//libucosii_bsp.a(alt_read.o)
                0x0083b1dc                alt_read
 .text          0x0083b35c       0x38 ../Webserver_bsp//libucosii_bsp.a(alt_remap_cached.o)
                0x0083b35c                alt_remap_cached
 .text          0x0083b394       0x40 ../Webserver_bsp//libucosii_bsp.a(alt_remap_uncached.o)
                0x0083b394                alt_remap_uncached
 .text          0x0083b3d4      0x180 ../Webserver_bsp//libucosii_bsp.a(alt_write.o)
                0x0083b3d4                alt_write
 .text          0x0083b554       0x20 ../Webserver_bsp//libucosii_bsp.a(altera_nios2_qsys_irq.o)
                0x0083b554                altera_nios2_qsys_irq_init
 .text          0x0083b574       0xd0 ../Webserver_bsp//libucosii_bsp.a(os_cpu_a.o)
                0x0083b574                OSCtxSw
                0x0083b574                OSIntCtxSw
                0x0083b600                OSStartHighRdy
                0x0083b620                OSStartTsk
 .text          0x0083b644      0x424 ../Webserver_bsp//libucosii_bsp.a(os_cpu_c.o)
                0x0083b644                OSTaskStkInit
                0x0083b954                OSTaskCreateHook
                0x0083b974                OSTaskDelHook
                0x0083b994                OSTaskSwHook
                0x0083b9b0                OSTaskStatHook
                0x0083b9cc                OSTimeTickHook
                0x0083b9f4                OSInitHookBegin
                0x0083ba10                OSInitHookEnd
                0x0083ba2c                OSTaskIdleHook
                0x0083ba48                OSTCBInitHook
 .text          0x0083ba68      0x3d4 ../Webserver_bsp//libucosii_bsp.a(allports.o)
                0x0083ba68                netmain_init
                0x0083bb64                icmp_port_du
                0x0083bbec                station_state
                0x0083bd38                sysuptime
                0x0083bd74                packet_check
                0x0083bdc0                mcastlist
                0x0083bde4                prep_modules
 .text          0x0083be3c      0x480 ../Webserver_bsp//libucosii_bsp.a(timeouts.o)
                0x0083be3c                inet_timer
                0x0083c098                in_timerset
                0x0083c214                in_timerkill
 .text          0x0083c2bc       0xa4 ../Webserver_bsp//libucosii_bsp.a(tk_misc.o)
                0x0083c2bc                create_apptasks
                0x0083c2e0                task_stats
 .text          0x0083c360       0xb0 ../Webserver_bsp//libucosii_bsp.a(alt_iniche_fcntl.o)
                0x0083c360                fcntl
 .text          0x0083c410     0x14a0 ../Webserver_bsp//libucosii_bsp.a(et_arp.o)
                0x0083c410                etainit
                0x0083c464                et_send
                0x0083c5e0                arp_free_pending
                0x0083c668                arp_send_pending
                0x0083c6dc                send_arp
                0x0083cb74                find_oldest_arp
                0x0083cd1c                make_arp_entry
                0x0083ce30                arpReply
                0x0083d0c4                arprcv
                0x0083d324                send_via_arp
                0x0083d4cc                cb_arpent_tmo
                0x0083d5e4                grat_arp
 .text          0x0083d8b0      0x298 ../Webserver_bsp//libucosii_bsp.a(iface.o)
                0x0083d8b0                if_getbynum
                0x0083d934                isbcast
                0x0083da14                reg_type
                0x0083dab0                if_killsocks
 .text          0x0083db48     0x22a4 ../Webserver_bsp//libucosii_bsp.a(ip.o)
                0x0083db48                ip_init
                0x0083dc44                ip_bldhead
                0x0083dde8                ip_write_internal
                0x0083e568                ip_write
                0x0083e7b0                ip_write2
                0x0083eb60                ip_raw_write
                0x0083ec38                ip_fragment_lc
                0x0083f0c0                ip_fragment
                0x0083f6e4                ip_mymach
                0x0083f790                ip_dump
                0x0083fa48                iproute
                0x0083fcb4                ip_copypkt
 .text          0x0083fdec     0x1d9c ../Webserver_bsp//libucosii_bsp.a(ip_reasm.o)
                0x0083fdec                ip_reasm_match_frag_with_ire
                0x0083febc                ip_reasm_determine_type_of_frag
                0x0083ffa8                ip_reasm_check_mem_useage
                0x00840040                ip_reasm_incr_mem_useage
                0x008400e8                ip_reasm_decr_mem_useage
                0x00840188                ip_reasm_process_first_fragment
                0x00840468                ip_reassm
                0x00840508                ip_reasm_compute_overlap
                0x00840a98                ip_reasm_process_subsequent_fragments
                0x0084102c                ip_reasm_find_ire
                0x00841090                ip_reasm_copy_queued_fragments_into_reassy_buffer
                0x008413ec                ip_reasm_process_timer_tick
                0x008414d0                ip_reasm_delete_ire
                0x00841698                ip_reasm_mark_compact_rfq
                0x008417e0                ipr_stats
                0x00841b34                ip_reasm_send_icmp_timex
 .text          0x00841b88      0xe3c ../Webserver_bsp//libucosii_bsp.a(ipdemux.o)
                0x00841b88                ip_rcv
                0x00841f88                ip_rcv_phase2
                0x00842594                ip_demux
 .text          0x008429c4      0x2f0 ../Webserver_bsp//libucosii_bsp.a(ipmc.o)
                0x008429c4                in_addmulti
                0x00842b2c                in_delmulti
                0x00842c44                lookup_mcast
 .text          0x00842cb4       0xe4 ../Webserver_bsp//libucosii_bsp.a(ipport.o)
                0x00842cb4                prep_ifaces
                0x00842d48                netexit
                0x00842d70                evtmap_setup
 .text          0x00842d98      0x550 ../Webserver_bsp//libucosii_bsp.a(ipraw.o)
                0x00842d98                ip_raw_open
                0x00842e88                ip_raw_close
                0x00842f48                ip_raw_input
                0x00843180                ip_raw_alloc
                0x0084324c                ip_raw_free
                0x0084328c                ip_raw_maxalloc
 .text          0x008432e8      0x6f0 ../Webserver_bsp//libucosii_bsp.a(iproute.o)
                0x008432e8                rt_lookup
                0x0084346c                add_route
                0x00843894                del_route
 .text          0x008439d8      0xe3c ../Webserver_bsp//libucosii_bsp.a(udp.o)
                0x008439d8                udpdemux
                0x00844230                udp_send
                0x008444e8                udpswap
                0x00844618                udp_socket
                0x008446e8                udp_alloc
                0x008447a8                udp_maxalloc
                0x008447d4                udp_free
 .text          0x00844814      0x2e8 ../Webserver_bsp//libucosii_bsp.a(igmp.o)
                0x00844814                igmpv1_input
 .text          0x00844afc      0x7c0 ../Webserver_bsp//libucosii_bsp.a(igmp2.o)
                0x00844afc                igmpv2_input
                0x00844c5c                igmpv2_process_report
                0x00844da8                igmpv2_process_query
                0x00844ff4                igmpv2_chk_set_timer
                0x0084514c                igmpv2_chk4_rtr_alert_opt
 .text          0x008452bc      0x8fc ../Webserver_bsp//libucosii_bsp.a(ipopt.o)
                0x008452bc                IPADDR_TO_NETP
                0x00845404                ip_setmoptions
                0x008459f4                ip_getmoptions
                0x00845b34                ip_freemoptions
 .text          0x00845bb8      0x6ac ../Webserver_bsp//libucosii_bsp.a(u_mctest.o)
                0x00845bb8                u_mctest_init
                0x00845be8                u_mctest_run
 .text          0x00846264      0x38c ../Webserver_bsp//libucosii_bsp.a(dhcsetup.o)
                0x00846264                dhc_setup
                0x008464ec                dhc_main_ipset
 .text          0x008465f0      0x40c ../Webserver_bsp//libucosii_bsp.a(memdev.o)
                0x008465f0                init_memdev
                0x00846668                md_fopen
                0x00846690                md_fclose
                0x008466b0                md_fread
                0x00846830                md_fwrite
                0x008468b0                md_fseek
                0x008468dc                md_ftell
                0x00846900                md_fgetc
                0x008469d8                md_unlink
 .text          0x008469fc      0x1cc ../Webserver_bsp//libucosii_bsp.a(tcpcksum.o)
                0x008469fc                tcp_cksum
 .text          0x00846bc8      0x900 ../Webserver_bsp//libucosii_bsp.a(in_pcb.o)
                0x00846bc8                in_pcballoc
                0x00846c5c                in_pcbdetach
                0x00846cb0                in_pcbbind
                0x00846f04                in_pcbconnect
                0x00847114                in_pcbdisconnect
                0x00847174                in_setsockaddr
                0x008471f0                in_setpeeraddr
                0x0084726c                in_pcblookup
 .text          0x008474c8     0x1a74 ../Webserver_bsp//libucosii_bsp.a(vfsfiles.o)
                0x008474c8                set_vfopen_error
                0x008474f0                get_vfopen_error
                0x00847510                vf_alloc_and_link_vop
                0x0084758c                vf_alloc_buffer
                0x00847664                vf_free_buffer
                0x008476b4                vfopen_locked
                0x00847a1c                vfopen
                0x00847a6c                vfclose_locked
                0x00847c14                vfclose
                0x00847c54                vfflush
                0x00847c9c                vfgets
                0x00847d80                vfeof
                0x00847dd8                vunlink_flag_open_files
                0x00847e34                vunlink
                0x00848054                vfread
                0x00848200                vfwrite_locked
                0x008485e8                vfwrite
                0x00848648                vfseek
                0x008487c4                vftell
                0x008488f8                vgetc_locked
                0x00848a18                vgetc
                0x00848a60                vfslookup_locked
                0x00848b98                vfslookup
                0x00848be0                strippath
                0x00848dc8                isvfile_locked
                0x00848e2c                isvfile
                0x00848e74                vferror
                0x00848ee0                vclearerr
 .text          0x00848f3c       0x24 ../Webserver_bsp//libucosii_bsp.a(vfsport.o)
                0x00848f3c                prep_vfs
 .text          0x00848f60        0x0 ../Webserver_bsp//libucosii_bsp.a(alt_exception_entry.o)
 .text          0x00848f60      0x1b4 ../Webserver_bsp//libucosii_bsp.a(alt_fcntl.o)
                0x00848f60                alt_fcntl
 .text          0x00849114     0x130c ../Webserver_bsp//libucosii_bsp.a(icmp.o)
                0x00849114                icmprcv
                0x00849d48                icmp_destun
                0x0084a098                icmp_timex
                0x0084a3cc                icmp_du
 .text          0x0084a420       0x14 /OPT/altera/12.1/nios2eds/bin/gnu/H-i686-pc-linux-gnu/bin/../lib/gcc/nios2-elf/4.1.2/../../../../nios2-elf/lib/libc.a(lib_a-atexit.o)
                0x0084a420                atexit
 .text          0x0084a434       0x1c /OPT/altera/12.1/nios2eds/bin/gnu/H-i686-pc-linux-gnu/bin/../lib/gcc/nios2-elf/4.1.2/../../../../nios2-elf/lib/libc.a(lib_a-calloc.o)
                0x0084a434                calloc
 .text          0x0084a450       0x38 /OPT/altera/12.1/nios2eds/bin/gnu/H-i686-pc-linux-gnu/bin/../lib/gcc/nios2-elf/4.1.2/../../../../nios2-elf/lib/libc.a(lib_a-exit.o)
                0x0084a450                exit
 .text          0x0084a488      0x128 /OPT/altera/12.1/nios2eds/bin/gnu/H-i686-pc-linux-gnu/bin/../lib/gcc/nios2-elf/4.1.2/../../../../nios2-elf/lib/libc.a(lib_a-getc.o)
                0x0084a488                getc
                0x0084a520                _getc_r
 .text          0x0084a5b0       0x28 /OPT/altera/12.1/nios2eds/bin/gnu/H-i686-pc-linux-gnu/bin/../lib/gcc/nios2-elf/4.1.2/../../../../nios2-elf/lib/libc.a(lib_a-malloc.o)
                0x0084a5b0                free
                0x0084a5c4                malloc
 .text          0x0084a5d8       0x60 /OPT/altera/12.1/nios2eds/bin/gnu/H-i686-pc-linux-gnu/bin/../lib/gcc/nios2-elf/4.1.2/../../../../nios2-elf/lib/libc.a(lib_a-rget.o)
                0x0084a5d8                __srget_r
                0x0084a624                __srget
 .text          0x0084a638       0x34 /OPT/altera/12.1/nios2eds/bin/gnu/H-i686-pc-linux-gnu/bin/../lib/gcc/nios2-elf/4.1.2/../../../../nios2-elf/lib/libc.a(lib_a-vprintf.o)
                0x0084a638                _vprintf_r
                0x0084a64c                vprintf
 .text          0x0084a66c       0x74 /OPT/altera/12.1/nios2eds/bin/gnu/H-i686-pc-linux-gnu/bin/../lib/gcc/nios2-elf/4.1.2/../../../../nios2-elf/lib/libc.a(lib_a-vsprintf.o)
                0x0084a66c                _vsprintf_r
                0x0084a6bc                vsprintf
 .text          0x0084a6e0      0x134 /OPT/altera/12.1/nios2eds/bin/gnu/H-i686-pc-linux-gnu/bin/../lib/gcc/nios2-elf/4.1.2/../../../../nios2-elf/lib/libc.a(lib_a-__atexit.o)
                0x0084a6e0                __register_exitproc
 .text          0x0084a814      0x1b4 /OPT/altera/12.1/nios2eds/bin/gnu/H-i686-pc-linux-gnu/bin/../lib/gcc/nios2-elf/4.1.2/../../../../nios2-elf/lib/libc.a(lib_a-__call_atexit.o)
                0x0084a818                __call_exitprocs
 .text          0x0084a9c8       0x6c ../Webserver_bsp//libucosii_bsp.a(alt_exit.o)
                0x0084aa08                _exit
 *(.gnu.warning.*)
 *(.fini)
                0x0084aa34                PROVIDE (__etext, ABSOLUTE (.))
                0x0084aa34                PROVIDE (_etext, ABSOLUTE (.))
                0x0084aa34                PROVIDE (etext, ABSOLUTE (.))
 *(.eh_frame_hdr)
                0x0084aa34                . = ALIGN (0x4)
                0x0084aa34                PROVIDE (__preinit_array_start, ABSOLUTE (.))
 *(.preinit_array)
                0x0084aa34                PROVIDE (__preinit_array_end, ABSOLUTE (.))
                0x0084aa34                PROVIDE (__init_array_start, ABSOLUTE (.))
 *(.init_array)
                0x0084aa34                PROVIDE (__init_array_end, ABSOLUTE (.))
                0x0084aa34                PROVIDE (__fini_array_start, ABSOLUTE (.))
 *(.fini_array)
                0x0084aa34                PROVIDE (__fini_array_end, ABSOLUTE (.))
 *(.eh_frame)
 *(.gcc_except_table)
 *(.dynamic)
                0x0084aa34                PROVIDE (__CTOR_LIST__, ABSOLUTE (.))
 *(.ctors)
 *(SORT(.ctors.*))
 .ctors.65535   0x0084aa34        0x4 /OPT/altera/12.1/nios2eds/bin/gnu/H-i686-pc-linux-gnu/bin/../lib/gcc/nios2-elf/4.1.2/../../../../nios2-elf/lib/libc.a(lib_a-__call_atexit.o)
                0x0084aa38                PROVIDE (__CTOR_END__, ABSOLUTE (.))
                0x0084aa38                PROVIDE (__DTOR_LIST__, ABSOLUTE (.))
 *(.dtors)
 *(SORT(.dtors.*))
                0x0084aa38                PROVIDE (__DTOR_END__, ABSOLUTE (.))
 *(.jcr)
                0x0084aa38                . = ALIGN (0x4)

.rodata         0x0084aa38     0x42e8
                0x0084aa38                PROVIDE (__ram_rodata_start, ABSOLUTE (.))
                0x0084aa38                . = ALIGN (0x4)
 *(.rodata .rodata.* .gnu.linkonce.r.*)
 .rodata        0x0084aa38      0x654 obj/default/alt_error_handler.o
 .rodata        0x0084b08c       0x64 obj/default/dm9000a.o
 .rodata        0x0084b0f0      0x8d4 obj/default/http.o
 .rodata        0x0084b9c4      0x1a0 obj/default/network_utilities.o
 .rodata        0x0084bb64      0x1ac obj/default/srec_flash.o
 .rodata        0x0084bd10       0x74 obj/default/web_server.o
 .rodata        0x0084bd84      0x281 /OPT/altera/12.1/nios2eds/bin/gnu/H-i686-pc-linux-gnu/bin/../lib/gcc/nios2-elf/4.1.2/../../../../nios2-elf/lib/libc.a(lib_a-ctype_.o)
                0x0084bd84                _ctype_
 *fill*         0x0084c005        0x3 00
 .rodata.str1.4
                0x0084c008        0x2 /OPT/altera/12.1/nios2eds/bin/gnu/H-i686-pc-linux-gnu/bin/../lib/gcc/nios2-elf/4.1.2/../../../../nios2-elf/lib/libc.a(lib_a-impure.o)
                                  0x4 (size before relaxing)
 *fill*         0x0084c00a        0x2 00
 .rodata.str1.4
                0x0084c00c        0x3 /OPT/altera/12.1/nios2eds/bin/gnu/H-i686-pc-linux-gnu/bin/../lib/gcc/nios2-elf/4.1.2/../../../../nios2-elf/lib/libc.a(lib_a-perror.o)
                                  0x4 (size before relaxing)
 *fill*         0x0084c00f        0x1 00
 .rodata.str1.4
                0x0084c010        0x2 /OPT/altera/12.1/nios2eds/bin/gnu/H-i686-pc-linux-gnu/bin/../lib/gcc/nios2-elf/4.1.2/../../../../nios2-elf/lib/libc.a(lib_a-puts.o)
                                  0x4 (size before relaxing)
 *fill*         0x0084c012        0x2 00
 .rodata.str1.4
                0x0084c014      0x7a2 /OPT/altera/12.1/nios2eds/bin/gnu/H-i686-pc-linux-gnu/bin/../lib/gcc/nios2-elf/4.1.2/../../../../nios2-elf/lib/libc.a(lib_a-strerror.o)
                                0x7a8 (size before relaxing)
 *fill*         0x0084c7b6        0x2 00
 .rodata.str1.4
                0x0084c7b8       0x5e /OPT/altera/12.1/nios2eds/bin/gnu/H-i686-pc-linux-gnu/bin/../lib/gcc/nios2-elf/4.1.2/../../../../nios2-elf/lib/libc.a(lib_a-vfprintf.o)
                                 0x60 (size before relaxing)
 .rodata        0x0084c816       0x20 /OPT/altera/12.1/nios2eds/bin/gnu/H-i686-pc-linux-gnu/bin/../lib/gcc/nios2-elf/4.1.2/../../../../nios2-elf/lib/libc.a(lib_a-vfprintf.o)
 *fill*         0x0084c836        0x2 00
 .rodata.str1.4
                0x0084c838        0x5 /OPT/altera/12.1/nios2eds/bin/gnu/H-i686-pc-linux-gnu/bin/../lib/gcc/nios2-elf/4.1.2/../../../../nios2-elf/lib/libc.a(lib_a-vfscanf.o)
                                  0x8 (size before relaxing)
 *fill*         0x0084c83d        0x1 00
 .rodata        0x0084c83e       0x22 /OPT/altera/12.1/nios2eds/bin/gnu/H-i686-pc-linux-gnu/bin/../lib/gcc/nios2-elf/4.1.2/../../../../nios2-elf/lib/libc.a(lib_a-vfscanf.o)
 .rodata.str1.4
                0x0084c860       0x10 /OPT/altera/12.1/nios2eds/bin/gnu/H-i686-pc-linux-gnu/bin/../lib/gcc/nios2-elf/4.1.2/../../../../nios2-elf/lib/libc.a(lib_a-dtoa.o)
                                 0x14 (size before relaxing)
 .rodata.str1.4
                0x0084c870        0xf /OPT/altera/12.1/nios2eds/bin/gnu/H-i686-pc-linux-gnu/bin/../lib/gcc/nios2-elf/4.1.2/../../../../nios2-elf/lib/libc.a(lib_a-locale.o)
                                 0x18 (size before relaxing)
 *fill*         0x0084c87f        0x1 00
 .rodata        0x0084c880       0x30 /OPT/altera/12.1/nios2eds/bin/gnu/H-i686-pc-linux-gnu/bin/../lib/gcc/nios2-elf/4.1.2/../../../../nios2-elf/lib/libc.a(lib_a-locale.o)
 .rodata.str1.4
                0x00000000        0x4 /OPT/altera/12.1/nios2eds/bin/gnu/H-i686-pc-linux-gnu/bin/../lib/gcc/nios2-elf/4.1.2/../../../../nios2-elf/lib/libc.a(lib_a-mbrtowc.o)
 .rodata        0x0084c8b0      0x124 /OPT/altera/12.1/nios2eds/bin/gnu/H-i686-pc-linux-gnu/bin/../lib/gcc/nios2-elf/4.1.2/../../../../nios2-elf/lib/libc.a(lib_a-mprec.o)
                0x0084c8b0                __mprec_tens
                0x0084c978                __mprec_bigtens
                0x0084c9a0                __mprec_tinytens
 .rodata.str1.4
                0x0084c9d4        0xf /OPT/altera/12.1/nios2eds/bin/gnu/H-i686-pc-linux-gnu/bin/../lib/gcc/nios2-elf/4.1.2/../../../../nios2-elf/lib/libc.a(lib_a-strtod.o)
                                 0x10 (size before relaxing)
 *fill*         0x0084c9e3        0x1 00
 .rodata        0x0084c9e4       0x28 /OPT/altera/12.1/nios2eds/bin/gnu/H-i686-pc-linux-gnu/bin/../lib/gcc/nios2-elf/4.1.2/../../../../nios2-elf/lib/libc.a(lib_a-strtod.o)
 .rodata.str1.4
                0x0084ca0c       0x1c /OPT/altera/12.1/nios2eds/bin/gnu/H-i686-pc-linux-gnu/bin/../lib/gcc/nios2-elf/4.1.2/../../../../nios2-elf/lib/libc.a(lib_a-gdtoa-gethex.o)
 .rodata        0x0084ca28       0x14 /OPT/altera/12.1/nios2eds/bin/gnu/H-i686-pc-linux-gnu/bin/../lib/gcc/nios2-elf/4.1.2/libgcc.a(_thenan_df.o)
                0x0084ca28                __thenan_df
 .rodata        0x0084ca3c      0x100 /OPT/altera/12.1/nios2eds/bin/gnu/H-i686-pc-linux-gnu/bin/../lib/gcc/nios2-elf/4.1.2/libgcc.a(_clz.o)
                0x0084ca3c                __clz_tab
 .rodata        0x0084cb3c       0x14 ../Webserver_bsp//libucosii_bsp.a(alt_main.o)
 .rodata        0x0084cb50      0x120 ../Webserver_bsp//libucosii_bsp.a(os_core.o)
                0x0084cb50                OSUnMapTbl
 .rodata        0x0084cc70       0x88 ../Webserver_bsp//libucosii_bsp.a(alt_sys_init.o)
 .rodata        0x0084ccf8       0xd8 ../Webserver_bsp//libucosii_bsp.a(ipnet.o)
 .rodata        0x0084cdd0       0xec ../Webserver_bsp//libucosii_bsp.a(ipstart.o)
 .rodata        0x0084cebc      0x54c ../Webserver_bsp//libucosii_bsp.a(igmp_cmn.o)
 .rodata        0x0084d408       0xb8 ../Webserver_bsp//libucosii_bsp.a(in_utils.o)
 .rodata        0x0084d4c0       0x34 ../Webserver_bsp//libucosii_bsp.a(netmain.o)
 .rodata        0x0084d4f4       0x94 ../Webserver_bsp//libucosii_bsp.a(parseip.o)
 .rodata        0x0084d588      0x1a8 ../Webserver_bsp//libucosii_bsp.a(tk_crnos.o)
 .rodata        0x0084d730        0x8 ../Webserver_bsp//libucosii_bsp.a(dhcpclnt.o)
 .rodata        0x0084d738      0x118 ../Webserver_bsp//libucosii_bsp.a(pktalloc.o)
 .rodata        0x0084d850       0x84 ../Webserver_bsp//libucosii_bsp.a(udp_open.o)
 .rodata        0x0084d8d4       0x2c ../Webserver_bsp//libucosii_bsp.a(brdutils.o)
 .rodata        0x0084d900      0x26c ../Webserver_bsp//libucosii_bsp.a(osportco.o)
 .rodata        0x0084db6c       0xa0 ../Webserver_bsp//libucosii_bsp.a(targnios.o)
 .rodata        0x0084dc0c       0x90 ../Webserver_bsp//libucosii_bsp.a(nptcp.o)
 .rodata        0x0084dc9c        0x8 ../Webserver_bsp//libucosii_bsp.a(sockcall.o)
 .rodata        0x0084dca4       0x50 ../Webserver_bsp//libucosii_bsp.a(socket.o)
 .rodata        0x0084dcf4       0x40 ../Webserver_bsp//libucosii_bsp.a(socket2.o)
 .rodata        0x0084dd34       0x20 ../Webserver_bsp//libucosii_bsp.a(tcp_in.o)
 .rodata        0x0084dd54       0x40 ../Webserver_bsp//libucosii_bsp.a(tcp_out.o)
 .rodata        0x0084dd94       0x24 ../Webserver_bsp//libucosii_bsp.a(tcp_subr.o)
 .rodata        0x0084ddb8       0x2c ../Webserver_bsp//libucosii_bsp.a(tcp_usr.o)
 .rodata        0x0084dde4        0xc ../Webserver_bsp//libucosii_bsp.a(alt_dev.o)
 .rodata        0x0084ddf0        0x4 ../Webserver_bsp//libucosii_bsp.a(os_cpu_c.o)
 .rodata        0x0084ddf4      0x1d4 ../Webserver_bsp//libucosii_bsp.a(allports.o)
 .rodata        0x0084dfc8       0x34 ../Webserver_bsp//libucosii_bsp.a(tk_misc.o)
 .rodata        0x0084dffc       0x44 ../Webserver_bsp//libucosii_bsp.a(et_arp.o)
 .rodata        0x0084e040      0x1dc ../Webserver_bsp//libucosii_bsp.a(ip.o)
 .rodata        0x0084e21c      0x158 ../Webserver_bsp//libucosii_bsp.a(ip_reasm.o)
 .rodata        0x0084e374      0x120 ../Webserver_bsp//libucosii_bsp.a(ipdemux.o)
 .rodata        0x0084e494       0x34 ../Webserver_bsp//libucosii_bsp.a(ipport.o)
 .rodata        0x0084e4c8       0x24 ../Webserver_bsp//libucosii_bsp.a(ipraw.o)
 .rodata        0x0084e4ec       0x38 ../Webserver_bsp//libucosii_bsp.a(iproute.o)
 .rodata        0x0084e524       0xe8 ../Webserver_bsp//libucosii_bsp.a(udp.o)
 .rodata        0x0084e60c      0x2d0 ../Webserver_bsp//libucosii_bsp.a(u_mctest.o)
 .rodata        0x0084e8dc       0xf8 ../Webserver_bsp//libucosii_bsp.a(dhcsetup.o)
 .rodata        0x0084e9d4       0x34 ../Webserver_bsp//libucosii_bsp.a(vfsfiles.o)
 .rodata        0x0084ea08      0x318 ../Webserver_bsp//libucosii_bsp.a(icmp.o)
 *(.rodata1)
                0x0084ed20                . = ALIGN (0x4)
                0x0084ed20                PROVIDE (__ram_rodata_end, ABSOLUTE (.))
                0x0084aa38                PROVIDE (__flash_rodata_start, LOADADDR (.rodata))

.rwdata         0x0084ed20     0x1ed0
                0x0084ed20                PROVIDE (__ram_rwdata_start, ABSOLUTE (.))
                0x0084ed20                . = ALIGN (0x4)
 *(.got.plt)
 *(.got)
 *(.data1)
 *(.data .data.* .gnu.linkonce.d.*)
 .data          0x0084ed20        0x0 ../Webserver_bsp//obj/HAL/src/crt0.o
 .data          0x0084ed20        0x0 obj/default/alt_error_handler.o
 .data          0x0084ed20        0x0 obj/default/dm9000a.o
 .data          0x0084ed20        0x0 obj/default/http.o
 .data          0x0084ed20        0x0 obj/default/network_utilities.o
 .data          0x0084ed20        0x0 obj/default/srec_flash.o
 .data          0x0084ed20       0x18 obj/default/web_server.o
                0x0084ed20                wstask
 .data          0x0084ed38        0x0 /OPT/altera/12.1/nios2eds/bin/gnu/H-i686-pc-linux-gnu/bin/../lib/gcc/nios2-elf/4.1.2/libgcc.a(lib2-divmod.o)
 .data          0x0084ed38        0x0 /OPT/altera/12.1/nios2eds/bin/gnu/H-i686-pc-linux-gnu/bin/../lib/gcc/nios2-elf/4.1.2/../../../../nios2-elf/lib/libc.a(lib_a-atoi.o)
 .data          0x0084ed38        0x0 /OPT/altera/12.1/nios2eds/bin/gnu/H-i686-pc-linux-gnu/bin/../lib/gcc/nios2-elf/4.1.2/../../../../nios2-elf/lib/libc.a(lib_a-ctype_.o)
 .data          0x0084ed38        0x0 /OPT/altera/12.1/nios2eds/bin/gnu/H-i686-pc-linux-gnu/bin/../lib/gcc/nios2-elf/4.1.2/../../../../nios2-elf/lib/libc.a(lib_a-fclose.o)
 .data          0x0084ed38        0x0 /OPT/altera/12.1/nios2eds/bin/gnu/H-i686-pc-linux-gnu/bin/../lib/gcc/nios2-elf/4.1.2/../../../../nios2-elf/lib/libc.a(lib_a-fflush.o)
 .data          0x0084ed38        0x0 /OPT/altera/12.1/nios2eds/bin/gnu/H-i686-pc-linux-gnu/bin/../lib/gcc/nios2-elf/4.1.2/../../../../nios2-elf/lib/libc.a(lib_a-fgetpos.o)
 .data          0x0084ed38        0x0 /OPT/altera/12.1/nios2eds/bin/gnu/H-i686-pc-linux-gnu/bin/../lib/gcc/nios2-elf/4.1.2/../../../../nios2-elf/lib/libc.a(lib_a-findfp.o)
 .data          0x0084ed38        0x0 /OPT/altera/12.1/nios2eds/bin/gnu/H-i686-pc-linux-gnu/bin/../lib/gcc/nios2-elf/4.1.2/../../../../nios2-elf/lib/libc.a(lib_a-fopen.o)
 .data          0x0084ed38        0x0 /OPT/altera/12.1/nios2eds/bin/gnu/H-i686-pc-linux-gnu/bin/../lib/gcc/nios2-elf/4.1.2/../../../../nios2-elf/lib/libc.a(lib_a-fprintf.o)
 .data          0x0084ed38        0x0 /OPT/altera/12.1/nios2eds/bin/gnu/H-i686-pc-linux-gnu/bin/../lib/gcc/nios2-elf/4.1.2/../../../../nios2-elf/lib/libc.a(lib_a-fread.o)
 .data          0x0084ed38        0x0 /OPT/altera/12.1/nios2eds/bin/gnu/H-i686-pc-linux-gnu/bin/../lib/gcc/nios2-elf/4.1.2/../../../../nios2-elf/lib/libc.a(lib_a-freer.o)
 .data          0x0084ed38        0x0 /OPT/altera/12.1/nios2eds/bin/gnu/H-i686-pc-linux-gnu/bin/../lib/gcc/nios2-elf/4.1.2/../../../../nios2-elf/lib/libc.a(lib_a-fseek.o)
 .data          0x0084ed38        0x0 /OPT/altera/12.1/nios2eds/bin/gnu/H-i686-pc-linux-gnu/bin/../lib/gcc/nios2-elf/4.1.2/../../../../nios2-elf/lib/libc.a(lib_a-fstatr.o)
 .data          0x0084ed38        0x0 /OPT/altera/12.1/nios2eds/bin/gnu/H-i686-pc-linux-gnu/bin/../lib/gcc/nios2-elf/4.1.2/../../../../nios2-elf/lib/libc.a(lib_a-ftell.o)
 .data          0x0084ed38        0x0 /OPT/altera/12.1/nios2eds/bin/gnu/H-i686-pc-linux-gnu/bin/../lib/gcc/nios2-elf/4.1.2/../../../../nios2-elf/lib/libc.a(lib_a-fwalk.o)
 .data          0x0084ed38        0x0 /OPT/altera/12.1/nios2eds/bin/gnu/H-i686-pc-linux-gnu/bin/../lib/gcc/nios2-elf/4.1.2/../../../../nios2-elf/lib/libc.a(lib_a-fwrite.o)