Archive member included because of file (symbol)

/OPT/altera/12.1/nios2eds/bin/gnu/H-i686-pc-linux-gnu/bin/../lib/gcc/nios2-elf/4.1.2/../../../../nios2-elf/lib/libc.a(lib_a-exit.o)
                              obj/default/hello_ucosii.o (exit)
/OPT/altera/12.1/nios2eds/bin/gnu/H-i686-pc-linux-gnu/bin/../lib/gcc/nios2-elf/4.1.2/../../../../nios2-elf/lib/libc.a(lib_a-fclose.o)
                              obj/default/hello_ucosii.o (fclose)
/OPT/altera/12.1/nios2eds/bin/gnu/H-i686-pc-linux-gnu/bin/../lib/gcc/nios2-elf/4.1.2/../../../../nios2-elf/lib/libc.a(lib_a-fflush.o)
                              /OPT/altera/12.1/nios2eds/bin/gnu/H-i686-pc-linux-gnu/bin/../lib/gcc/nios2-elf/4.1.2/../../../../nios2-elf/lib/libc.a(lib_a-fclose.o) (_fflush_r)
/OPT/altera/12.1/nios2eds/bin/gnu/H-i686-pc-linux-gnu/bin/../lib/gcc/nios2-elf/4.1.2/../../../../nios2-elf/lib/libc.a(lib_a-fgetc.o)
                              obj/default/hello_ucosii.o (fgetc)
/OPT/altera/12.1/nios2eds/bin/gnu/H-i686-pc-linux-gnu/bin/../lib/gcc/nios2-elf/4.1.2/../../../../nios2-elf/lib/libc.a(lib_a-findfp.o)
                              /OPT/altera/12.1/nios2eds/bin/gnu/H-i686-pc-linux-gnu/bin/../lib/gcc/nios2-elf/4.1.2/../../../../nios2-elf/lib/libc.a(lib_a-fclose.o) (__sfp_lock_acquire)
/OPT/altera/12.1/nios2eds/bin/gnu/H-i686-pc-linux-gnu/bin/../lib/gcc/nios2-elf/4.1.2/../../../../nios2-elf/lib/libc.a(lib_a-fread.o)
                              obj/default/hello_ucosii.o (fread)
/OPT/altera/12.1/nios2eds/bin/gnu/H-i686-pc-linux-gnu/bin/../lib/gcc/nios2-elf/4.1.2/../../../../nios2-elf/lib/libc.a(lib_a-freer.o)
                              /OPT/altera/12.1/nios2eds/bin/gnu/H-i686-pc-linux-gnu/bin/../lib/gcc/nios2-elf/4.1.2/../../../../nios2-elf/lib/libc.a(lib_a-fclose.o) (_free_r)
/OPT/altera/12.1/nios2eds/bin/gnu/H-i686-pc-linux-gnu/bin/../lib/gcc/nios2-elf/4.1.2/../../../../nios2-elf/lib/libc.a(lib_a-fwalk.o)
                              /OPT/altera/12.1/nios2eds/bin/gnu/H-i686-pc-linux-gnu/bin/../lib/gcc/nios2-elf/4.1.2/../../../../nios2-elf/lib/libc.a(lib_a-fflush.o) (_fwalk_reent)
/OPT/altera/12.1/nios2eds/bin/gnu/H-i686-pc-linux-gnu/bin/../lib/gcc/nios2-elf/4.1.2/../../../../nios2-elf/lib/libc.a(lib_a-impure.o)
                              /OPT/altera/12.1/nios2eds/bin/gnu/H-i686-pc-linux-gnu/bin/../lib/gcc/nios2-elf/4.1.2/../../../../nios2-elf/lib/libc.a(lib_a-fclose.o) (_impure_ptr)
/OPT/altera/12.1/nios2eds/bin/gnu/H-i686-pc-linux-gnu/bin/../lib/gcc/nios2-elf/4.1.2/../../../../nios2-elf/lib/libc.a(lib_a-malloc.o)
                              obj/default/hello_ucosii.o (malloc)
/OPT/altera/12.1/nios2eds/bin/gnu/H-i686-pc-linux-gnu/bin/../lib/gcc/nios2-elf/4.1.2/../../../../nios2-elf/lib/libc.a(lib_a-mallocr.o)
                              /OPT/altera/12.1/nios2eds/bin/gnu/H-i686-pc-linux-gnu/bin/../lib/gcc/nios2-elf/4.1.2/../../../../nios2-elf/lib/libc.a(lib_a-findfp.o) (_malloc_r)
/OPT/altera/12.1/nios2eds/bin/gnu/H-i686-pc-linux-gnu/bin/../lib/gcc/nios2-elf/4.1.2/../../../../nios2-elf/lib/libc.a(lib_a-memcpy.o)
                              obj/default/hello_ucosii.o (memcpy)
/OPT/altera/12.1/nios2eds/bin/gnu/H-i686-pc-linux-gnu/bin/../lib/gcc/nios2-elf/4.1.2/../../../../nios2-elf/lib/libc.a(lib_a-memset.o)
                              /OPT/altera/12.1/nios2eds/bin/gnu/H-i686-pc-linux-gnu/bin/../lib/gcc/nios2-elf/4.1.2/../../../../nios2-elf/lib/libc.a(lib_a-findfp.o) (memset)
/OPT/altera/12.1/nios2eds/bin/gnu/H-i686-pc-linux-gnu/bin/../lib/gcc/nios2-elf/4.1.2/../../../../nios2-elf/lib/libc.a(lib_a-printf.o)
                              obj/default/hello_ucosii.o (printf)
/OPT/altera/12.1/nios2eds/bin/gnu/H-i686-pc-linux-gnu/bin/../lib/gcc/nios2-elf/4.1.2/../../../../nios2-elf/lib/libc.a(lib_a-puts.o)
                              obj/default/hello_ucosii.o (puts)
/OPT/altera/12.1/nios2eds/bin/gnu/H-i686-pc-linux-gnu/bin/../lib/gcc/nios2-elf/4.1.2/../../../../nios2-elf/lib/libc.a(lib_a-refill.o)
                              /OPT/altera/12.1/nios2eds/bin/gnu/H-i686-pc-linux-gnu/bin/../lib/gcc/nios2-elf/4.1.2/../../../../nios2-elf/lib/libc.a(lib_a-fread.o) (__srefill_r)
/OPT/altera/12.1/nios2eds/bin/gnu/H-i686-pc-linux-gnu/bin/../lib/gcc/nios2-elf/4.1.2/../../../../nios2-elf/lib/libc.a(lib_a-rget.o)
                              /OPT/altera/12.1/nios2eds/bin/gnu/H-i686-pc-linux-gnu/bin/../lib/gcc/nios2-elf/4.1.2/../../../../nios2-elf/lib/libc.a(lib_a-fgetc.o) (__srget_r)
/OPT/altera/12.1/nios2eds/bin/gnu/H-i686-pc-linux-gnu/bin/../lib/gcc/nios2-elf/4.1.2/../../../../nios2-elf/lib/libc.a(lib_a-sbrkr.o)
                              /OPT/altera/12.1/nios2eds/bin/gnu/H-i686-pc-linux-gnu/bin/../lib/gcc/nios2-elf/4.1.2/../../../../nios2-elf/lib/libc.a(lib_a-freer.o) (_sbrk_r)
/OPT/altera/12.1/nios2eds/bin/gnu/H-i686-pc-linux-gnu/bin/../lib/gcc/nios2-elf/4.1.2/../../../../nios2-elf/lib/libc.a(lib_a-stdio.o)
[...]
Memory Configuration

Name             Origin             Length             Attributes
sdram_0          0x00800000         0x00800000
reset            0x01084000         0x00000020
onchip_memory2_0 0x01084020         0x00003fe0
*default*        0x00000000         0xffffffff

Linker script and memory map

LOAD ../vga_bsp//obj/HAL/src/crt0.o
LOAD obj/default/hello_ucosii.o
LOAD /OPT/altera/12.1/nios2eds/bin/gnu/H-i686-pc-linux-gnu/bin/../lib/gcc/nios2-elf/4.1.2/../../../../nios2-elf/lib/libstdc++.a
LOAD /OPT/altera/12.1/nios2eds/bin/gnu/H-i686-pc-linux-gnu/bin/../lib/gcc/nios2-elf/4.1.2/../../../../nios2-elf/lib/libm.a
LOAD /OPT/altera/12.1/nios2eds/bin/gnu/H-i686-pc-linux-gnu/bin/../lib/gcc/nios2-elf/4.1.2/libgcc.a
START GROUP
LOAD /OPT/altera/12.1/nios2eds/bin/gnu/H-i686-pc-linux-gnu/bin/../lib/gcc/nios2-elf/4.1.2/../../../../nios2-elf/lib/libc.a
LOAD /OPT/altera/12.1/nios2eds/bin/gnu/H-i686-pc-linux-gnu/bin/../lib/gcc/nios2-elf/4.1.2/libgcc.a
LOAD ../vga_bsp//libucosii_bsp.a
END GROUP
LOAD /OPT/altera/12.1/nios2eds/bin/gnu/H-i686-pc-linux-gnu/bin/../lib/gcc/nios2-elf/4.1.2/libgcc.a
                0x00800000                __alt_mem_sdram_0 = 0x800000
                0x01084000                __alt_mem_onchip_memory2_0 = 0x1084000

.entry          0x01084000       0x20
 *(.entry)
 .entry         0x01084000       0x20 ../vga_bsp//obj/HAL/src/crt0.o
                0x01084000                __reset

.exceptions     0x01084020      0x19c load address 0x00800000
                0x01084020                PROVIDE (__ram_exceptions_start, ABSOLUTE (.))
                0x01084020                . = ALIGN (0x20)
 *(.irq)
 *(.exceptions.entry.label)
 .exceptions.entry.label
                0x01084020        0x0 ../vga_bsp//libucosii_bsp.a(alt_irq_entry.o)
                0x01084020                alt_irq_entry
 .exceptions.entry.label
                0x01084020        0x0 ../vga_bsp//libucosii_bsp.a(alt_exception_entry.o)
                0x01084020                alt_exception
 *(.exceptions.entry.user)
 *(.exceptions.entry)
 .exceptions.entry
                0x01084020       0x54 ../vga_bsp//libucosii_bsp.a(alt_exception_entry.o)
 *(.exceptions.irqtest.user)
 *(.exceptions.irqtest)
 .exceptions.irqtest
                0x01084074       0x10 ../vga_bsp//libucosii_bsp.a(alt_irq_entry.o)
 *(.exceptions.irqhandler.user)
 *(.exceptions.irqhandler)
 .exceptions.irqhandler
                0x01084084        0x4 ../vga_bsp//libucosii_bsp.a(alt_irq_entry.o)
 *(.exceptions.irqreturn.user)
 *(.exceptions.irqreturn)
 .exceptions.irqreturn
                0x01084088        0x4 ../vga_bsp//libucosii_bsp.a(alt_irq_entry.o)
 *(.exceptions.notirq.label)
 .exceptions.notirq.label
                0x0108408c        0x0 ../vga_bsp//libucosii_bsp.a(alt_irq_entry.o)
 *(.exceptions.notirq.user)
 *(.exceptions.notirq)
 .exceptions.notirq
                0x0108408c        0x8 ../vga_bsp//libucosii_bsp.a(alt_exception_entry.o)
 *(.exceptions.soft.user)
 *(.exceptions.soft)
 *(.exceptions.unknown.user)
 *(.exceptions.unknown)
 .exceptions.unknown
                0x01084094        0x4 ../vga_bsp//libucosii_bsp.a(alt_exception_entry.o)
 *(.exceptions.exit.label)
 .exceptions.exit.label
                0x01084098        0x0 ../vga_bsp//libucosii_bsp.a(alt_irq_entry.o)
 .exceptions.exit.label
                0x01084098        0x0 ../vga_bsp//libucosii_bsp.a(alt_exception_entry.o)
 *(.exceptions.exit.user)
 *(.exceptions.exit)
 .exceptions.exit
                0x01084098       0x54 ../vga_bsp//libucosii_bsp.a(alt_exception_entry.o)
 *(.exceptions)
 .exceptions    0x010840ec       0xd0 ../vga_bsp//libucosii_bsp.a(alt_irq_handler.o)
                0x010840ec                alt_irq_handler
                0x010841bc                PROVIDE (__ram_exceptions_end, ABSOLUTE (.))
                0x00800000                PROVIDE (__flash_exceptions_start, LOADADDR (.exceptions))

.text           0x0080019c    0x1bd98
                0x0080019c                PROVIDE (stext, ABSOLUTE (.))
 *(.interp)
 *(.hash)
 *(.dynsym)
 *(.dynstr)
 *(.gnu.version)
 *(.gnu.version_d)
 *(.gnu.version_r)
 *(.rel.init)
 *(.rela.init)
 *(.rel.text .rel.text.* .rel.gnu.linkonce.t.*)
 *(.rela.text .rela.text.* .rela.gnu.linkonce.t.*)
 *(.rel.fini)
 *(.rela.fini)
 *(.rel.rodata .rel.rodata.* .rel.gnu.linkonce.r.*)
 *(.rela.rodata .rela.rodata.* .rela.gnu.linkonce.r.*)
 *(.rel.data .rel.data.* .rel.gnu.linkonce.d.*)
 *(.rela.data .rela.data.* .rela.gnu.linkonce.d.*)
 *(.rel.tdata .rel.tdata.* .rel.gnu.linkonce.td.*)
 *(.rela.tdata .rela.tdata.* .rela.gnu.linkonce.td.*)
 *(.rel.tbss .rel.tbss.* .rel.gnu.linkonce.tb.*)
 *(.rela.tbss .rela.tbss.* .rela.gnu.linkonce.tb.*)
 *(.rel.ctors)
 *(.rela.ctors)
 *(.rel.dtors)
 *(.rela.dtors)
 *(.rel.got)
 *(.rela.got)
 *(.rel.sdata .rel.sdata.* .rel.gnu.linkonce.s.*)
 *(.rela.sdata .rela.sdata.* .rela.gnu.linkonce.s.*)
 *(.rel.sbss .rel.sbss.* .rel.gnu.linkonce.sb.*)
 *(.rela.sbss .rela.sbss.* .rela.gnu.linkonce.sb.*)
 *(.rel.sdata2 .rel.sdata2.* .rel.gnu.linkonce.s2.*)
 *(.rela.sdata2 .rela.sdata2.* .rela.gnu.linkonce.s2.*)
 *(.rel.sbss2 .rel.sbss2.* .rel.gnu.linkonce.sb2.*)
 *(.rela.sbss2 .rela.sbss2.* .rela.gnu.linkonce.sb2.*)
 *(.rel.bss .rel.bss.* .rel.gnu.linkonce.b.*)
 *(.rela.bss .rela.bss.* .rela.gnu.linkonce.b.*)
 *(.rel.plt)
 *(.rela.plt)
 *(.rel.dyn)
 *(.init)
 *(.plt)
 *(.text .stub .text.* .gnu.linkonce.t.*)
 .text          0x0080019c       0x4c ../vga_bsp//obj/HAL/src/crt0.o
                0x0080019c                _start
 .text          0x008001e8      0x720 obj/default/hello_ucosii.o
                0x008001e8                fskip
                0x0080023c                load_bmp
                0x0080036c                draw_bitmap
                0x00800448                main
 .text          0x00800908       0x38 /OPT/altera/12.1/nios2eds/bin/gnu/H-i686-pc-linux-gnu/bin/../lib/gcc/nios2-elf/4.1.2/../../../../nios2-elf/lib/libc.a(lib_a-exit.o)
                0x00800908                exit
 .text          0x00800940      0x124 /OPT/altera/12.1/nios2eds/bin/gnu/H-i686-pc-linux-gnu/bin/../lib/gcc/nios2-elf/4.1.2/../../../../nios2-elf/lib/libc.a(lib_a-fclose.o)
                0x00800940                _fclose_r
                0x00800a50                fclose
 .text          0x00800a64      0x230 /OPT/altera/12.1/nios2eds/bin/gnu/H-i686-pc-linux-gnu/bin/../lib/gcc/nios2-elf/4.1.2/../../../../nios2-elf/lib/libc.a(lib_a-fflush.o)
                0x00800a64                _fflush_r
                0x00800c60                fflush
 .text          0x00800c94      0x128 /OPT/altera/12.1/nios2eds/bin/gnu/H-i686-pc-linux-gnu/bin/../lib/gcc/nios2-elf/4.1.2/../../../../nios2-elf/lib/libc.a(lib_a-fgetc.o)
                0x00800c94                fgetc
                0x00800d2c                _fgetc_r
 .text          0x00800dbc      0x2c0 /OPT/altera/12.1/nios2eds/bin/gnu/H-i686-pc-linux-gnu/bin/../lib/gcc/nios2-elf/4.1.2/../../../../nios2-elf/lib/libc.a(lib_a-findfp.o)
                0x00800e14                __sfp_lock_acquire
                0x00800e18                __sfp_lock_release
                0x00800e1c                __sinit_lock_acquire
                0x00800e20                __sinit_lock_release
                0x00800e24                __sinit
                0x00800ed8                __fp_unlock_all
                0x00800ef0                __fp_lock_all
                0x00800f08                _cleanup_r
                0x00800f14                _cleanup
                0x00800f24                __sfmoreglue
                0x00800f8c                __sfp
 .text          0x0080107c      0x23c /OPT/altera/12.1/nios2eds/bin/gnu/H-i686-pc-linux-gnu/bin/../lib/gcc/nios2-elf/4.1.2/../../../../nios2-elf/lib/libc.a(lib_a-fread.o)
                0x0080107c                _fread_r
                0x00801278                fread
 .text          0x008012b8      0x440 /OPT/altera/12.1/nios2eds/bin/gnu/H-i686-pc-linux-gnu/bin/../lib/gcc/nios2-elf/4.1.2/../../../../nios2-elf/lib/libc.a(lib_a-freer.o)
                0x008012b8                _malloc_trim_r
                0x008013e4                _free_r
 .text          0x008016f8      0x180 /OPT/altera/12.1/nios2eds/bin/gnu/H-i686-pc-linux-gnu/bin/../lib/gcc/nios2-elf/4.1.2/../../../../nios2-elf/lib/libc.a(lib_a-fwalk.o)
                0x008016f8                _fwalk_reent
                0x008017c0                _fwalk
 .text          0x00801878        0x0 /OPT/altera/12.1/nios2eds/bin/gnu/H-i686-pc-linux-gnu/bin/../lib/gcc/nios2-elf/4.1.2/../../../../nios2-elf/lib/libc.a(lib_a-impure.o)
 .text          0x00801878       0x28 /OPT/altera/12.1/nios2eds/bin/gnu/H-i686-pc-linux-gnu/bin/../lib/gcc/nios2-elf/4.1.2/../../../../nios2-elf/lib/libc.a(lib_a-malloc.o)
                0x00801878                free
                0x0080188c                malloc
 .text          0x008018a0      0x740 /OPT/altera/12.1/nios2eds/bin/gnu/H-i686-pc-linux-gnu/bin/../lib/gcc/nios2-elf/4.1.2/../../../../nios2-elf/lib/libc.a(lib_a-mallocr.o)
                0x008018a0                _malloc_r
 .text          0x00801fe0       0xa0 /OPT/altera/12.1/nios2eds/bin/gnu/H-i686-pc-linux-gnu/bin/../lib/gcc/nios2-elf/4.1.2/../../../../nios2-elf/lib/libc.a(lib_a-memcpy.o)
                0x00801fe0                memcpy
 .text          0x00802080       0x98 /OPT/altera/12.1/nios2eds/bin/gnu/H-i686-pc-linux-gnu/bin/../lib/gcc/nios2-elf/4.1.2/../../../../nios2-elf/lib/libc.a(lib_a-memset.o)
                0x00802080                memset
 .text          0x00802118       0x78 /OPT/altera/12.1/nios2eds/bin/gnu/H-i686-pc-linux-gnu/bin/../lib/gcc/nios2-elf/4.1.2/../../../../nios2-elf/lib/libc.a(lib_a-printf.o)
                0x00802118                printf
                0x0080215c                _printf_r
 .text          0x00802190       0xb4 /OPT/altera/12.1/nios2eds/bin/gnu/H-i686-pc-linux-gnu/bin/../lib/gcc/nios2-elf/4.1.2/../../../../nios2-elf/lib/libc.a(lib_a-puts.o)
                0x00802190                _puts_r
                0x00802230                puts
 .text          0x00802244      0x1e0 /OPT/altera/12.1/nios2eds/bin/gnu/H-i686-pc-linux-gnu/bin/../lib/gcc/nios2-elf/4.1.2/../../../../nios2-elf/lib/libc.a(lib_a-refill.o)
                0x00802244                __srefill_r
 .text          0x00802424       0x60 /OPT/altera/12.1/nios2eds/bin/gnu/H-i686-pc-linux-gnu/bin/../lib/gcc/nios2-elf/4.1.2/../../../../nios2-elf/lib/libc.a(lib_a-rget.o)
                0x00802424                __srget_r
                0x00802470                __srget
 .text          0x00802484       0x70 /OPT/altera/12.1/nios2eds/bin/gnu/H-i686-pc-linux-gnu/bin/../lib/gcc/nios2-elf/4.1.2/../../../../nios2-elf/lib/libc.a(lib_a-sbrkr.o)
                0x00802484                _sbrk_r
 .text          0x008024f4      0x14c /OPT/altera/12.1/nios2eds/bin/gnu/H-i686-pc-linux-gnu/bin/../lib/gcc/nios2-elf/4.1.2/../../../../nios2-elf/lib/libc.a(lib_a-stdio.o)
                0x008024f4                __sclose
                0x008024fc                __sseek
                0x00802564                __swrite
                0x008025e0                __sread
 .text          0x00802640       0x74 /OPT/altera/12.1/nios2eds/bin/gnu/H-i686-pc-linux-gnu/bin/../lib/gcc/nios2-elf/4.1.2/../../../../nios2-elf/lib/libc.a(lib_a-strlen.o)
                0x00802640                strlen
 .text          0x008026b4     0x1f28 /OPT/altera/12.1/nios2eds/bin/gnu/H-i686-pc-linux-gnu/bin/../lib/gcc/nios2-elf/4.1.2/../../../../nios2-elf/lib/libc.a(lib_a-vfprintf.o)
                0x0080270c                ___vfprintf_internal_r
                0x008045b8                __vfprintf_internal
 .text          0x008045dc       0x78 /OPT/altera/12.1/nios2eds/bin/gnu/H-i686-pc-linux-gnu/bin/../lib/gcc/nios2-elf/4.1.2/../../../../nios2-elf/lib/libc.a(lib_a-writer.o)
                0x008045dc                _write_r
 .text          0x00804654      0x13c /OPT/altera/12.1/nios2eds/bin/gnu/H-i686-pc-linux-gnu/bin/../lib/gcc/nios2-elf/4.1.2/../../../../nios2-elf/lib/libc.a(lib_a-wsetup.o)
                0x00804654                __swsetup_r
 .text          0x00804790      0x1b4 /OPT/altera/12.1/nios2eds/bin/gnu/H-i686-pc-linux-gnu/bin/../lib/gcc/nios2-elf/4.1.2/../../../../nios2-elf/lib/libc.a(lib_a-__call_atexit.o)
                0x00804794                __call_exitprocs
 .text          0x00804944       0x70 /OPT/altera/12.1/nios2eds/bin/gnu/H-i686-pc-linux-gnu/bin/../lib/gcc/nios2-elf/4.1.2/../../../../nios2-elf/lib/libc.a(lib_a-closer.o)
                0x00804944                _close_r
 .text          0x008049b4     0x17cc /OPT/altera/12.1/nios2eds/bin/gnu/H-i686-pc-linux-gnu/bin/../lib/gcc/nios2-elf/4.1.2/../../../../nios2-elf/lib/libc.a(lib_a-dtoa.o)
                0x00804bcc                _dtoa_r
 .text          0x00806180      0x49c /OPT/altera/12.1/nios2eds/bin/gnu/H-i686-pc-linux-gnu/bin/../lib/gcc/nios2-elf/4.1.2/../../../../nios2-elf/lib/libc.a(lib_a-fvwrite.o)
                0x00806180                __sfvwrite_r
 .text          0x0080661c        0x0 /OPT/altera/12.1/nios2eds/bin/gnu/H-i686-pc-linux-gnu/bin/../lib/gcc/nios2-elf/4.1.2/../../../../nios2-elf/lib/libc.a(lib_a-int_errno.o)
 .text          0x0080661c       0xc4 /OPT/altera/12.1/nios2eds/bin/gnu/H-i686-pc-linux-gnu/bin/../lib/gcc/nios2-elf/4.1.2/../../../../nios2-elf/lib/libc.a(lib_a-locale.o)
                0x0080661c                __locale_charset
                0x00806624                _localeconv_r
                0x00806630                localeconv
                0x00806640                _setlocale_r
                0x008066c4                setlocale
 .text          0x008066e0       0x78 /OPT/altera/12.1/nios2eds/bin/gnu/H-i686-pc-linux-gnu/bin/../lib/gcc/nios2-elf/4.1.2/../../../../nios2-elf/lib/libc.a(lib_a-lseekr.o)
                0x008066e0                _lseek_r
 .text          0x00806758      0x194 /OPT/altera/12.1/nios2eds/bin/gnu/H-i686-pc-linux-gnu/bin/../lib/gcc/nios2-elf/4.1.2/../../../../nios2-elf/lib/libc.a(lib_a-makebuf.o)
                0x00806758                __smakebuf_r
 .text          0x008068ec       0xe4 /OPT/altera/12.1/nios2eds/bin/gnu/H-i686-pc-linux-gnu/bin/../lib/gcc/nios2-elf/4.1.2/../../../../nios2-elf/lib/libc.a(lib_a-memchr.o)
                0x008068ec                memchr
 .text          0x008069d0       0xe0 /OPT/altera/12.1/nios2eds/bin/gnu/H-i686-pc-linux-gnu/bin/../lib/gcc/nios2-elf/4.1.2/../../../../nios2-elf/lib/libc.a(lib_a-memmove.o)
                0x008069d0                memmove
 .text          0x00806ab0      0xff4 /OPT/altera/12.1/nios2eds/bin/gnu/H-i686-pc-linux-gnu/bin/../lib/gcc/nios2-elf/4.1.2/../../../../nios2-elf/lib/libc.a(lib_a-mprec.o)
                0x00806ab0                _Bfree
                0x00806ad8                __hi0bits
                0x00806b48                __lo0bits
                0x00806c0c                __mcmp
                0x00806c6c                __ulp
                0x00806cec                __b2d
                0x00806e0c                __ratio
                0x00806ebc                _mprec_log10
                0x00806f50                __copybits
                0x00806fa8                __any_on
                0x00807030                _Balloc
                0x008070ec                __d2b
                0x00807268                __mdiff
                0x008073f4                __lshift
                0x00807540                __multiply
                0x00807728                __i2b
                0x00807764                __multadd
                0x00807864                __pow5mult
                0x00807984                __s2b
 .text          0x00807aa4       0x78 /OPT/altera/12.1/nios2eds/bin/gnu/H-i686-pc-linux-gnu/bin/../lib/gcc/nios2-elf/4.1.2/../../../../nios2-elf/lib/libc.a(lib_a-readr.o)
                0x00807aa4                _read_r
 .text          0x00807b1c      0x5f4 /OPT/altera/12.1/nios2eds/bin/gnu/H-i686-pc-linux-gnu/bin/../lib/gcc/nios2-elf/4.1.2/../../../../nios2-elf/lib/libc.a(lib_a-reallocr.o)
                0x00807b1c                _realloc_r
 .text          0x00808110       0x40 /OPT/altera/12.1/nios2eds/bin/gnu/H-i686-pc-linux-gnu/bin/../lib/gcc/nios2-elf/4.1.2/../../../../nios2-elf/lib/libc.a(lib_a-s_isinfd.o)
                0x00808110                __isinfd
 .text          0x00808150       0x30 /OPT/altera/12.1/nios2eds/bin/gnu/H-i686-pc-linux-gnu/bin/../lib/gcc/nios2-elf/4.1.2/../../../../nios2-elf/lib/libc.a(lib_a-s_isnand.o)
                0x00808150                __isnand
 .text          0x00808180       0xbc /OPT/altera/12.1/nios2eds/bin/gnu/H-i686-pc-linux-gnu/bin/../lib/gcc/nios2-elf/4.1.2/../../../../nios2-elf/lib/libc.a(lib_a-strcmp.o)
                0x00808180                strcmp
 .text          0x0080823c       0xb4 /OPT/altera/12.1/nios2eds/bin/gnu/H-i686-pc-linux-gnu/bin/../lib/gcc/nios2-elf/4.1.2/../../../../nios2-elf/lib/libc.a(lib_a-callocr.o)
                0x0080823c                _calloc_r
 .text          0x008082f0       0x74 /OPT/altera/12.1/nios2eds/bin/gnu/H-i686-pc-linux-gnu/bin/../lib/gcc/nios2-elf/4.1.2/../../../../nios2-elf/lib/libc.a(lib_a-fstatr.o)
                0x008082f0                _fstat_r
 .text          0x00808364       0x70 /OPT/altera/12.1/nios2eds/bin/gnu/H-i686-pc-linux-gnu/bin/../lib/gcc/nios2-elf/4.1.2/../../../../nios2-elf/lib/libc.a(lib_a-isattyr.o)
                0x00808364                _isatty_r
 .text          0x008083d4      0x5dc /OPT/altera/12.1/nios2eds/bin/gnu/H-i686-pc-linux-gnu/bin/../lib/gcc/nios2-elf/4.1.2/libgcc.a(_udivdi3.o)
                0x008083d4                __udivdi3
 .text          0x008089b0      0x5b0 /OPT/altera/12.1/nios2eds/bin/gnu/H-i686-pc-linux-gnu/bin/../lib/gcc/nios2-elf/4.1.2/libgcc.a(_umoddi3.o)
                0x008089b0                __umoddi3
 .text          0x00808f60      0x504 /OPT/altera/12.1/nios2eds/bin/gnu/H-i686-pc-linux-gnu/bin/../lib/gcc/nios2-elf/4.1.2/libgcc.a(_addsub_df.o)
                0x00809370                __subdf3
                0x008093f0                __adddf3
 .text          0x00809464      0x3c4 /OPT/altera/12.1/nios2eds/bin/gnu/H-i686-pc-linux-gnu/bin/../lib/gcc/nios2-elf/4.1.2/libgcc.a(_mul_df.o)
                0x00809464                __muldf3
 .text          0x00809828      0x258 /OPT/altera/12.1/nios2eds/bin/gnu/H-i686-pc-linux-gnu/bin/../lib/gcc/nios2-elf/4.1.2/libgcc.a(_div_df.o)
                0x00809828                __divdf3
 .text          0x00809a80       0x88 /OPT/altera/12.1/nios2eds/bin/gnu/H-i686-pc-linux-gnu/bin/../lib/gcc/nios2-elf/4.1.2/libgcc.a(_eq_df.o)
                0x00809a80                __eqdf2
 .text          0x00809b08       0x88 /OPT/altera/12.1/nios2eds/bin/gnu/H-i686-pc-linux-gnu/bin/../lib/gcc/nios2-elf/4.1.2/libgcc.a(_ne_df.o)
                0x00809b08                __nedf2
 .text          0x00809b90       0x88 /OPT/altera/12.1/nios2eds/bin/gnu/H-i686-pc-linux-gnu/bin/../lib/gcc/nios2-elf/4.1.2/libgcc.a(_gt_df.o)
                0x00809b90                __gtdf2
 .text          0x00809c18       0x88 /OPT/altera/12.1/nios2eds/bin/gnu/H-i686-pc-linux-gnu/bin/../lib/gcc/nios2-elf/4.1.2/libgcc.a(_ge_df.o)
                0x00809c18                __gedf2
 .text          0x00809ca0       0x88 /OPT/altera/12.1/nios2eds/bin/gnu/H-i686-pc-linux-gnu/bin/../lib/gcc/nios2-elf/4.1.2/libgcc.a(_lt_df.o)
                0x00809ca0                __ltdf2
 .text          0x00809d28       0xf8 /OPT/altera/12.1/nios2eds/bin/gnu/H-i686-pc-linux-gnu/bin/../lib/gcc/nios2-elf/4.1.2/libgcc.a(_si_to_df.o)
                0x00809d28                __floatsidf
 .text          0x00809e20       0xd8 /OPT/altera/12.1/nios2eds/bin/gnu/H-i686-pc-linux-gnu/bin/../lib/gcc/nios2-elf/4.1.2/libgcc.a(_df_to_si.o)
                0x00809e20                __fixdfsi
 .text          0x00809ef8        0x0 /OPT/altera/12.1/nios2eds/bin/gnu/H-i686-pc-linux-gnu/bin/../lib/gcc/nios2-elf/4.1.2/libgcc.a(_thenan_df.o)
 .text          0x00809ef8      0x194 /OPT/altera/12.1/nios2eds/bin/gnu/H-i686-pc-linux-gnu/bin/../lib/gcc/nios2-elf/4.1.2/libgcc.a(_usi_to_df.o)
                0x00809ef8                __floatunsidf
 .text          0x0080a08c      0x14c /OPT/altera/12.1/nios2eds/bin/gnu/H-i686-pc-linux-gnu/bin/../lib/gcc/nios2-elf/4.1.2/libgcc.a(lib2-divmod.o)
                0x0080a108                __divsi3
                0x0080a168                __modsi3
                0x0080a1c8                __udivsi3
                0x0080a1d0                __umodsi3
 .text          0x0080a1d8       0x98 /OPT/altera/12.1/nios2eds/bin/gnu/H-i686-pc-linux-gnu/bin/../lib/gcc/nios2-elf/4.1.2/libgcc.a(_muldi3.o)
                0x0080a1d8                __muldi3
 .text          0x0080a270        0x0 /OPT/altera/12.1/nios2eds/bin/gnu/H-i686-pc-linux-gnu/bin/../lib/gcc/nios2-elf/4.1.2/libgcc.a(_clz.o)
 .text          0x0080a270       0x80 /OPT/altera/12.1/nios2eds/bin/gnu/H-i686-pc-linux-gnu/bin/../lib/gcc/nios2-elf/4.1.2/libgcc.a(_clzsi2.o)
                0x0080a270                __clzsi2
 .text          0x0080a2f0      0x314 /OPT/altera/12.1/nios2eds/bin/gnu/H-i686-pc-linux-gnu/bin/../lib/gcc/nios2-elf/4.1.2/libgcc.a(_pack_df.o)
                0x0080a2f0                __pack_d
 .text          0x0080a604      0x138 /OPT/altera/12.1/nios2eds/bin/gnu/H-i686-pc-linux-gnu/bin/../lib/gcc/nios2-elf/4.1.2/libgcc.a(_unpack_df.o)
                0x0080a604                __unpack_d
 .text          0x0080a73c       0xc8 /OPT/altera/12.1/nios2eds/bin/gnu/H-i686-pc-linux-gnu/bin/../lib/gcc/nios2-elf/4.1.2/libgcc.a(_fpcmp_parts_df.o)
                0x0080a73c                __fpcmp_parts_d
 .text          0x0080a804      0x15c ../vga_bsp//libucosii_bsp.a(alt_close.o)
                0x0080a804                close
 .text          0x0080a960       0x2c ../vga_bsp//libucosii_bsp.a(alt_dev.o)
 .text          0x0080a98c        0x0 ../vga_bsp//libucosii_bsp.a(alt_errno.o)
 .text          0x0080a98c       0x6c ../vga_bsp//libucosii_bsp.a(alt_exit.o)
                0x0080a9cc                _exit
 .text          0x0080a9f8      0x134 ../vga_bsp//libucosii_bsp.a(alt_fstat.o)
                0x0080a9f8                fstat
 .text          0x0080ab2c      0x120 ../vga_bsp//libucosii_bsp.a(alt_isatty.o)
                0x0080ab2c                isatty
 .text          0x0080ac4c       0xec ../vga_bsp//libucosii_bsp.a(alt_load.o)
                0x0080ac4c                alt_load
 .text          0x0080ad38      0x150 ../vga_bsp//libucosii_bsp.a(alt_lseek.o)
                0x0080ad38                lseek
 .text          0x0080ae88       0xc8 ../vga_bsp//libucosii_bsp.a(alt_main.o)
                0x0080ae88                alt_main
 .text          0x0080af50      0x180 ../vga_bsp//libucosii_bsp.a(alt_read.o)
                0x0080af50                read
 .text          0x0080b0d0       0x60 ../vga_bsp//libucosii_bsp.a(alt_release_fd.o)
                0x0080b0d0                alt_release_fd
 .text          0x0080b130       0xbc ../vga_bsp//libucosii_bsp.a(alt_sbrk.o)
                0x0080b130                sbrk
 .text          0x0080b1ec      0x180 ../vga_bsp//libucosii_bsp.a(alt_write.o)
                0x0080b1ec                write
 .text          0x0080b36c      0x108 ../vga_bsp//libucosii_bsp.a(alt_env_lock.o)
                0x0080b36c                __env_lock
                0x0080b418                __env_unlock
 .text          0x0080b474      0x1d8 ../vga_bsp//libucosii_bsp.a(alt_malloc_lock.o)
                0x0080b474                __malloc_lock
                0x0080b57c                __malloc_unlock
 .text          0x0080b64c     0x2128 ../vga_bsp//libucosii_bsp.a(os_core.o)
                0x0080b64c                OSEventNameGet
                0x0080b77c                OSEventNameSet
                0x0080b8c0                OSEventPendMulti
                0x0080bf74                OSInit
                0x0080bfc8                OSIntEnter
                0x0080c044                OSIntExit
                0x0080c144                OSSchedLock
                0x0080c1d0                OSSchedUnlock
                0x0080c2b4                OSStart
                0x0080c324                OSStatInit
                0x0080c3d0                OSTimeTick
                0x0080c610                OSVersion
                0x0080c630                OS_Dummy
                0x0080c64c                OS_EventTaskRdy
                0x0080c7e0                OS_EventTaskWait
                0x0080c8f0                OS_EventTaskWaitMulti
                0x0080ca44                OS_EventTaskRemove
                0x0080cafc                OS_EventTaskRemoveMulti
                0x0080cc00                OS_EventWaitListInit
                0x0080cfcc                OS_MemClr
                0x0080d020                OS_MemCopy
                0x0080d08c                OS_Sched
                0x0080d1d0                OS_StrCopy
                0x0080d250                OS_StrLen
                0x0080d2a8                OS_TaskIdle
                0x0080d304                OS_TaskStat
                0x0080d3cc                OS_TaskStatStkChk
                0x0080d494                OS_TCBInit
 .text          0x0080d774      0x18c ../vga_bsp//libucosii_bsp.a(os_dbg.o)
                0x0080d774                OSDebugInit
 .text          0x0080d900     0x193c ../vga_bsp//libucosii_bsp.a(os_flag.o)
                0x0080d900                OSFlagAccept
                0x0080dc34                OSFlagCreate
                0x0080dd70                OSFlagDel
                0x0080e018                OSFlagNameGet
                0x0080e15c                OSFlagNameSet
                0x0080e2b0                OSFlagPend
                0x0080e8f4                OSFlagPendGetFlagsRdy
                0x0080e95c                OSFlagPost
                0x0080ed04                OSFlagQuery
                0x0080ef9c                OS_FlagInit
                0x0080f190                OS_FlagUnlink
 .text          0x0080f23c      0x808 ../vga_bsp//libucosii_bsp.a(os_mem.o)
                0x0080f23c                OSMemCreate
                0x0080f458                OSMemGet
                0x0080f55c                OSMemNameGet
                0x0080f668                OSMemNameSet
                0x0080f788                OSMemPut
                0x0080f878                OSMemQuery
                0x0080f974                OS_MemInit
 .text          0x0080fa44     0x1334 ../vga_bsp//libucosii_bsp.a(os_q.o)
                0x0080fa44                OSQAccept
                0x0080fb98                OSQCreate
                0x0080fdac                OSQDel
                0x008100ac                OSQFlush
                0x00810174                OSQPend
                0x00810494                OSQPendAbort
                0x00810610                OSQPost
                0x00810790                OSQPostFront
                0x00810918                OSQPostOpt
                0x00810b4c                OSQQuery
                0x00810ccc                OS_QInit
 .text          0x00810d78      0xbc8 ../vga_bsp//libucosii_bsp.a(os_sem.o)
                0x00810d78                OSSemAccept
                0x00810e38                OSSemCreate
                0x00810f4c                OSSemDel
                0x008111ec                OSSemPend
                0x00811468                OSSemPendAbort
                0x008115e4                OSSemPost
                0x0081170c                OSSemQuery
                0x0081183c                OSSemSet
 .text          0x00811940     0x1a40 ../vga_bsp//libucosii_bsp.a(os_task.o)
                0x00811940                OSTaskChangePrio
                0x00811eb4                OSTaskCreate
                0x00812088                OSTaskCreateExt
                0x00812288                OSTaskDel
                0x00812694                OSTaskDelReq
                0x00812804                OSTaskNameGet
                0x008129bc                OSTaskNameSet
                0x00812b80                OSTaskResume
                0x00812d98                OSTaskStkChk
                0x00812f94                OSTaskSuspend
                0x008131c0                OSTaskQuery
                0x00813304                OS_TaskStkClr
 .text          0x00813380      0x598 ../vga_bsp//libucosii_bsp.a(os_time.o)
                0x00813380                OSTimeDly
                0x008134cc                OSTimeDlyHMSM
                0x00813640                OSTimeDlyResume
                0x00813850                OSTimeGet
                0x008138b4                OSTimeSet
 .text          0x00813918      0x2e4 ../vga_bsp//libucosii_bsp.a(alt_sys_init.o)
                0x00813918                alt_irq_init
                0x0081394c                alt_sys_init
 .text          0x00813bfc      0x148 ../vga_bsp//libucosii_bsp.a(altera_avalon_jtag_uart_fd.o)
                0x00813bfc                altera_avalon_jtag_uart_read_fd
                0x00813c54                altera_avalon_jtag_uart_write_fd
                0x00813cac                altera_avalon_jtag_uart_close_fd
                0x00813cf4                altera_avalon_jtag_uart_ioctl_fd
 .text          0x00813d44      0x584 ../vga_bsp//libucosii_bsp.a(altera_avalon_jtag_uart_init.o)
                0x00813d44                altera_avalon_jtag_uart_init
                0x00814254                altera_avalon_jtag_uart_close
 .text          0x008142c8       0xf4 ../vga_bsp//libucosii_bsp.a(altera_avalon_jtag_uart_ioctl.o)
                0x008142c8                altera_avalon_jtag_uart_ioctl
 .text          0x008143bc      0x2c0 ../vga_bsp//libucosii_bsp.a(altera_avalon_jtag_uart_read.o)
                0x008143bc                altera_avalon_jtag_uart_read
 .text          0x0081467c      0x2dc ../vga_bsp//libucosii_bsp.a(altera_avalon_jtag_uart_write.o)
                0x0081467c                altera_avalon_jtag_uart_write
 .text          0x00814958      0x100 ../vga_bsp//libucosii_bsp.a(altera_avalon_timer_sc.o)
                0x008149c8                alt_avalon_timer_sc_init
 .text          0x00814a58      0x530 ../vga_bsp//libucosii_bsp.a(altera_up_avalon_character_lcd.o)
                0x00814a58                get_DDRAM_addr
                0x00814ad4                alt_up_character_lcd_send_cmd
                0x00814b08                alt_up_character_lcd_init
                0x00814b3c                alt_up_character_lcd_open_dev
                0x00814b7c                alt_up_character_lcd_write
                0x00814bf4                alt_up_character_lcd_string
                0x00814c6c                alt_up_character_lcd_write_fd
                0x00814cb8                alt_up_character_lcd_set_cursor_pos
                0x00814d30                alt_up_character_lcd_shift_cursor
                0x00814de0                alt_up_character_lcd_shift_display
                0x00814e90                alt_up_character_lcd_erase_pos
                0x00814f20                alt_up_character_lcd_cursor_off
                0x00814f54                alt_up_character_lcd_cursor_blink_on
 .text          0x00814f88     0x156c ../vga_bsp//libucosii_bsp.a(altera_up_avalon_video_pixel_buffer_dma.o)
                0x00814f88                alt_up_pixel_buffer_dma_open_dev
                0x00814fc8                alt_up_pixel_buffer_dma_draw
                0x00815168                alt_up_pixel_buffer_dma_change_back_buffer_address
                0x008151c0                alt_up_pixel_buffer_dma_swap_buffers
                0x00815218                alt_up_pixel_buffer_dma_check_swap_buffers_status
                0x0081524c                alt_up_pixel_buffer_dma_clear_screen
                0x008153b0                alt_up_pixel_buffer_dma_draw_box
                0x008158a4                alt_up_pixel_buffer_dma_draw_hline
                0x00815bf4                alt_up_pixel_buffer_dma_draw_vline
                0x00815fc4                alt_up_pixel_buffer_dma_draw_rectangle
                0x00816088                helper_plot_pixel
                0x00816158                alt_up_pixel_buffer_dma_draw_line
 .text          0x008164f4     0x4428 ../vga_bsp//libucosii_bsp.a(altera_up_sd_card_avalon_interface.o)
                0x008164f4                Write_Sector_Data
                0x008165bc                Save_Modified_Sector
                0x0081660c                Read_Sector_Data
                0x00816708                get_cluster_flag
                0x008167c0                mark_cluster
                0x008168a4                Check_for_Master_Boot_Record
                0x00816a54                Read_File_Record_At_Offset
                0x00816cd8                Write_File_Record_At_Offset
                0x00816f90                Check_for_DOS_FAT
                0x008175d8                Look_for_FAT16
                0x008176d0                filename_to_upper_case
                0x008177a0                check_file_name_for_FAT16_compliance
                0x00817a30                get_dir_divider_location
                0x00817af0                match_file_record_to_name_ext
                0x00817ddc                get_home_directory_cluster_for_file
                0x008182f0                find_file_in_directory
                0x00818754                find_first_empty_cluster
                0x008188f8                find_first_empty_record_in_a_subdirectory
                0x00818b44                find_first_empty_record_in_root_directory
                0x00818c70                convert_filename_to_name_extension
                0x00818e28                create_file
                0x008190fc                copy_file_record_name_to_string
                0x00819250                alt_up_sd_card_open_dev
                0x00819314                alt_up_sd_card_is_Present
                0x008193dc                alt_up_sd_card_is_FAT16
                0x00819450                alt_up_sd_card_find_first
                0x00819524                alt_up_sd_card_find_next
                0x008198d4                alt_up_sd_card_fopen
                0x00819c7c                alt_up_sd_card_set_attributes
                0x00819d0c                alt_up_sd_card_get_attributes
                0x00819d98                alt_up_sd_card_read
                0x0081a12c                alt_up_sd_card_write
                0x0081a750                alt_up_sd_card_fclose
 .text          0x0081a91c      0x154 ../vga_bsp//libucosii_bsp.a(alt_alarm_start.o)
                0x0081a91c                alt_alarm_start
 .text          0x0081aa70       0x44 ../vga_bsp//libucosii_bsp.a(alt_dcache_flush_all.o)
                0x0081aa70                alt_dcache_flush_all
 .text          0x0081aab4      0x114 ../vga_bsp//libucosii_bsp.a(alt_dev_llist_insert.o)
                0x0081aab4                alt_dev_llist_insert
 .text          0x0081abc8       0x64 ../vga_bsp//libucosii_bsp.a(alt_do_ctors.o)
                0x0081abc8                _do_ctors
 .text          0x0081ac2c       0x64 ../vga_bsp//libucosii_bsp.a(alt_do_dtors.o)
                0x0081ac2c                _do_dtors
 .text          0x0081ac90       0x94 ../vga_bsp//libucosii_bsp.a(alt_find_dev.o)
                0x0081ac90                alt_find_dev
 .text          0x0081ad24       0x30 ../vga_bsp//libucosii_bsp.a(alt_icache_flush_all.o)
                0x0081ad24                alt_icache_flush_all
 .text          0x0081ad54      0x1d4 ../vga_bsp//libucosii_bsp.a(alt_iic.o)
                0x0081ad54                alt_ic_isr_register
                0x0081ada4                alt_ic_irq_enable
                0x0081ae40                alt_ic_irq_disable
                0x0081aee0                alt_ic_irq_enabled
 .text          0x0081af28       0xf8 ../vga_bsp//libucosii_bsp.a(alt_iic_isr_register.o)
                0x0081af28                alt_iic_isr_register
 .text          0x0081b020      0x13c ../vga_bsp//libucosii_bsp.a(alt_io_redirect.o)
                0x0081b0e4                alt_io_redirect
 .text          0x0081b15c        0x0 ../vga_bsp//libucosii_bsp.a(alt_irq_entry.o)
 .text          0x0081b15c        0x0 ../vga_bsp//libucosii_bsp.a(alt_irq_handler.o)
 .text          0x0081b15c        0x0 ../vga_bsp//libucosii_bsp.a(alt_irq_vars.o)
 .text          0x0081b15c      0x2c4 ../vga_bsp//libucosii_bsp.a(alt_open.o)
                0x0081b238                open
 .text          0x0081b420      0x1a8 ../vga_bsp//libucosii_bsp.a(alt_tick.o)
                0x0081b420                alt_alarm_stop
                0x0081b4b8                alt_tick
 .text          0x0081b5c8       0x20 ../vga_bsp//libucosii_bsp.a(altera_nios2_qsys_irq.o)
                0x0081b5c8                altera_nios2_qsys_irq_init
 .text          0x0081b5e8       0xd0 ../vga_bsp//libucosii_bsp.a(os_cpu_a.o)
                0x0081b5e8                OSCtxSw
                0x0081b5e8                OSIntCtxSw
                0x0081b674                OSStartHighRdy
                0x0081b694                OSStartTsk
 .text          0x0081b6b8      0x418 ../vga_bsp//libucosii_bsp.a(os_cpu_c.o)
                0x0081b6b8                OSTaskStkInit
                0x0081b9c8                OSTaskCreateHook
                0x0081b9e8                OSTaskDelHook
                0x0081ba08                OSTaskSwHook
                0x0081ba24                OSTaskStatHook
                0x0081ba40                OSTimeTickHook
                0x0081ba5c                OSInitHookBegin
                0x0081ba78                OSInitHookEnd
                0x0081ba94                OSTaskIdleHook
                0x0081bab0                OSTCBInitHook
 .text          0x0081bad0        0x0 ../vga_bsp//libucosii_bsp.a(alt_exception_entry.o)
 .text          0x0081bad0      0x120 ../vga_bsp//libucosii_bsp.a(alt_find_file.o)
                0x0081bad0                alt_find_file
 .text          0x0081bbf0       0xf4 ../vga_bsp//libucosii_bsp.a(alt_get_fd.o)
                0x0081bbf0                alt_get_fd
 .text          0x0081bce4       0x90 ../vga_bsp//libucosii_bsp.a(alt_icache_flush.o)
                0x0081bce4                alt_icache_flush
 .text          0x0081bd74       0x14 /OPT/altera/12.1/nios2eds/bin/gnu/H-i686-pc-linux-gnu/bin/../lib/gcc/nios2-elf/4.1.2/../../../../nios2-elf/lib/libc.a(lib_a-atexit.o)
                0x0081bd74                atexit
 .text          0x0081bd88       0x74 /OPT/altera/12.1/nios2eds/bin/gnu/H-i686-pc-linux-gnu/bin/../lib/gcc/nios2-elf/4.1.2/../../../../nios2-elf/lib/libc.a(lib_a-memcmp.o)
                0x0081bd88                memcmp
 .text          0x0081bdfc      0x134 /OPT/altera/12.1/nios2eds/bin/gnu/H-i686-pc-linux-gnu/bin/../lib/gcc/nios2-elf/4.1.2/../../../../nios2-elf/lib/libc.a(lib_a-__atexit.o)
                0x0081bdfc                __register_exitproc
 *(.gnu.warning.*)
 *(.fini)
                0x0081bf30                PROVIDE (__etext, ABSOLUTE (.))
                0x0081bf30                PROVIDE (_etext, ABSOLUTE (.))
                0x0081bf30                PROVIDE (etext, ABSOLUTE (.))
 *(.eh_frame_hdr)
                0x0081bf30                . = ALIGN (0x4)
                0x0081bf30                PROVIDE (__preinit_array_start, ABSOLUTE (.))
 *(.preinit_array)
                0x0081bf30                PROVIDE (__preinit_array_end, ABSOLUTE (.))
                0x0081bf30                PROVIDE (__init_array_start, ABSOLUTE (.))
 *(.init_array)
                0x0081bf30                PROVIDE (__init_array_end, ABSOLUTE (.))
                0x0081bf30                PROVIDE (__fini_array_start, ABSOLUTE (.))
 *(.fini_array)
                0x0081bf30                PROVIDE (__fini_array_end, ABSOLUTE (.))
 *(.eh_frame)
 *(.gcc_except_table)
 *(.dynamic)
                0x0081bf30                PROVIDE (__CTOR_LIST__, ABSOLUTE (.))
 *(.ctors)
 *(SORT(.ctors.*))
 .ctors.65535   0x0081bf30        0x4 /OPT/altera/12.1/nios2eds/bin/gnu/H-i686-pc-linux-gnu/bin/../lib/gcc/nios2-elf/4.1.2/../../../../nios2-elf/lib/libc.a(lib_a-__call_atexit.o)
                0x0081bf34                PROVIDE (__CTOR_END__, ABSOLUTE (.))
                0x0081bf34                PROVIDE (__DTOR_LIST__, ABSOLUTE (.))
 *(.dtors)
 *(SORT(.dtors.*))
                0x0081bf34                PROVIDE (__DTOR_END__, ABSOLUTE (.))
 *(.jcr)
                0x0081bf34                . = ALIGN (0x4)

.rodata         0x0081bf34      0x610
                0x0081bf34                PROVIDE (__ram_rodata_start, ABSOLUTE (.))
                0x0081bf34                . = ALIGN (0x4)
 *(.rodata .rodata.* .gnu.linkonce.r.*)
 .rodata        0x0081bf34      0x144 obj/default/hello_ucosii.o
 .rodata.str1.4
                0x0081c078        0x2 /OPT/altera/12.1/nios2eds/bin/gnu/H-i686-pc-linux-gnu/bin/../lib/gcc/nios2-elf/4.1.2/../../../../nios2-elf/lib/libc.a(lib_a-impure.o)
                                  0x4 (size before relaxing)
 *fill*         0x0081c07a        0x2 00
 .rodata.str1.4
                0x0081c07c        0x2 /OPT/altera/12.1/nios2eds/bin/gnu/H-i686-pc-linux-gnu/bin/../lib/gcc/nios2-elf/4.1.2/../../../../nios2-elf/lib/libc.a(lib_a-puts.o)
                                  0x4 (size before relaxing)
 *fill*         0x0081c07e        0x2 00
 .rodata.str1.4
                0x0081c080       0x5e /OPT/altera/12.1/nios2eds/bin/gnu/H-i686-pc-linux-gnu/bin/../lib/gcc/nios2-elf/4.1.2/../../../../nios2-elf/lib/libc.a(lib_a-vfprintf.o)
                                 0x60 (size before relaxing)
 .rodata        0x0081c0de       0x20 /OPT/altera/12.1/nios2eds/bin/gnu/H-i686-pc-linux-gnu/bin/../lib/gcc/nios2-elf/4.1.2/../../../../nios2-elf/lib/libc.a(lib_a-vfprintf.o)
 *fill*         0x0081c0fe        0x2 00
 .rodata.str1.4
                0x0081c100       0x10 /OPT/altera/12.1/nios2eds/bin/gnu/H-i686-pc-linux-gnu/bin/../lib/gcc/nios2-elf/4.1.2/../../../../nios2-elf/lib/libc.a(lib_a-dtoa.o)
                                 0x14 (size before relaxing)
 .rodata.str1.4
                0x0081c110       0x10 /OPT/altera/12.1/nios2eds/bin/gnu/H-i686-pc-linux-gnu/bin/../lib/gcc/nios2-elf/4.1.2/../../../../nios2-elf/lib/libc.a(lib_a-locale.o)
                                 0x18 (size before relaxing)
 .rodata        0x0081c120       0x30 /OPT/altera/12.1/nios2eds/bin/gnu/H-i686-pc-linux-gnu/bin/../lib/gcc/nios2-elf/4.1.2/../../../../nios2-elf/lib/libc.a(lib_a-locale.o)
 .rodata        0x0081c150      0x124 /OPT/altera/12.1/nios2eds/bin/gnu/H-i686-pc-linux-gnu/bin/../lib/gcc/nios2-elf/4.1.2/../../../../nios2-elf/lib/libc.a(lib_a-mprec.o)
                0x0081c150                __mprec_tens
                0x0081c218                __mprec_bigtens
                0x0081c240                __mprec_tinytens
 .rodata        0x0081c274       0x14 /OPT/altera/12.1/nios2eds/bin/gnu/H-i686-pc-linux-gnu/bin/../lib/gcc/nios2-elf/4.1.2/libgcc.a(_thenan_df.o)
                0x0081c274                __thenan_df
 .rodata        0x0081c288      0x100 /OPT/altera/12.1/nios2eds/bin/gnu/H-i686-pc-linux-gnu/bin/../lib/gcc/nios2-elf/4.1.2/libgcc.a(_clz.o)
                0x0081c288                __clz_tab
 .rodata        0x0081c388        0xc ../vga_bsp//libucosii_bsp.a(alt_dev.o)
 .rodata        0x0081c394       0x14 ../vga_bsp//libucosii_bsp.a(alt_main.o)
 .rodata        0x0081c3a8      0x120 ../vga_bsp//libucosii_bsp.a(os_core.o)
                0x0081c3a8                OSUnMapTbl
 .rodata        0x0081c4c8       0x78 ../vga_bsp//libucosii_bsp.a(alt_sys_init.o)
 .rodata        0x0081c540        0x4 ../vga_bsp//libucosii_bsp.a(os_cpu_c.o)
 *(.rodata1)
                0x0081c544                . = ALIGN (0x4)
                0x0081c544                PROVIDE (__ram_rodata_end, ABSOLUTE (.))
                0x0081bf34                PROVIDE (__flash_rodata_start, LOADADDR (.rodata))

.rwdata         0x0081c544     0x1b98 load address 0x0081e0dc
                0x0081c544                PROVIDE (__ram_rwdata_start, ABSOLUTE (.))
                0x0081c544                . = ALIGN (0x4)
 *(.got.plt)
 *(.got)
 *(.data1)
 *(.data .data.* .gnu.linkonce.d.*)
 .data          0x0081c544        0x0 ../vga_bsp//obj/HAL/src/crt0.o
 .data          0x0081c544        0x0 obj/default/hello_ucosii.o
 .data          0x0081c544        0x0 /OPT/altera/12.1/nios2eds/bin/gnu/H-i686-pc-linux-gnu/bin/../lib/gcc/nios2-elf/4.1.2/../../../../nios2-elf/lib/libc.a(lib_a-exit.o)
 .data          0x0081c544        0x0 /OPT/altera/12.1/nios2eds/bin/gnu/H-i686-pc-linux-gnu/bin/../lib/gcc/nios2-elf/4.1.2/../../../../nios2-elf/lib/libc.a(lib_a-fclose.o)
 .data          0x0081c544        0x0 /OPT/altera/12.1/nios2eds/bin/gnu/H-i686-pc-linux-gnu/bin/../lib/gcc/nios2-elf/4.1.2/../../../../nios2-elf/lib/libc.a(lib_a-fflush.o)
 .data          0x0081c544        0x0 /OPT/altera/12.1/nios2eds/bin/gnu/H-i686-pc-linux-gnu/bin/../lib/gcc/nios2-elf/4.1.2/../../../../nios2-elf/lib/libc.a(lib_a-fgetc.o)
 .data          0x0081c544        0x0 /OPT/altera/12.1/nios2eds/bin/gnu/H-i686-pc-linux-gnu/bin/../lib/gcc/nios2-elf/4.1.2/../../../../nios2-elf/lib/libc.a(lib_a-findfp.o)
 .data          0x0081c544        0x0 /OPT/altera/12.1/nios2eds/bin/gnu/H-i686-pc-linux-gnu/bin/../lib/gcc/nios2-elf/4.1.2/../../../../nios2-elf/lib/libc.a(lib_a-fread.o)
 .data          0x0081c544        0x0 /OPT/altera/12.1/nios2eds/bin/gnu/H-i686-pc-linux-gnu/bin/../lib/gcc/nios2-elf/4.1.2/../../../../nios2-elf/lib/libc.a(lib_a-freer.o)
 .data          0x0081c544        0x0 /OPT/altera/12.1/nios2eds/bin/gnu/H-i686-pc-linux-gnu/bin/../lib/gcc/nios2-elf/4.1.2/../../../../nios2-elf/lib/libc.a(lib_a-fwalk.o)
 .data          0x0081c544      0x400 /OPT/altera/12.1/nios2eds/bin/gnu/H-i686-pc-linux-gnu/bin/../lib/gcc/nios2-elf/4.1.2/../../../../nios2-elf/lib/libc.a(lib_a-impure.o)
 .data          0x0081c944        0x0 /OPT/altera/12.1/nios2eds/bin/gnu/H-i686-pc-linux-gnu/bin/../lib/gcc/nios2-elf/4.1.2/../../../../nios2-elf/lib/libc.a(lib_a-malloc.o)
 .data          0x0081c944      0x408 /OPT/altera/12.1/nios2eds/bin/gnu/H-i686-pc-linux-gnu/bin/../lib/gcc/nios2-elf/4.1.2/../../../../nios2-elf/lib/libc.a(lib_a-mallocr.o)
                0x0081c944                __malloc_av_
 .data          0x0081cd4c        0x0 /OPT/altera/12.1/nios2eds/bin/gnu/H-i686-pc-linux-gnu/bin/../lib/gcc/nios2-elf/4.1.2/../../../../nios2-elf/lib/libc.a(lib_a-memcpy.o)
 .data          0x0081cd4c        0x0 /OPT/altera/12.1/nios2eds/bin/gnu/H-i686-pc-linux-gnu/bin/../lib/gcc/nios2-elf/4.1.2/../../../../nios2-elf/lib/libc.a(lib_a-memset.o)
 .data          0x0081cd4c        0x0 /OPT/altera/12.1/nios2eds/bin/gnu/H-i686-pc-linux-gnu/bin/../lib/gcc/nios2-elf/4.1.2/../../../../nios2-elf/lib/libc.a(lib_a-printf.o)
 .data          0x0081cd4c        0x0 /OPT/altera/12.1/nios2eds/bin/gnu/H-i686-pc-linux-gnu/bin/../lib/gcc/nios2-elf/4.1.2/../../../../nios2-elf/lib/libc.a(lib_a-puts.o)
 .data          0x0081cd4c        0x0 /OPT/altera/12.1/nios2eds/bin/gnu/H-i686-pc-linux-gnu/bin/../lib/gcc/nios2-elf/4.1.2/../../../../nios2-elf/lib/libc.a(lib_a-refill.o)
 .data          0x0081cd4c        0x0 /OPT/altera/12.1/nios2eds/bin/gnu/H-i686-pc-linux-gnu/bin/../lib/gcc/nios2-elf/4.1.2/../../../../nios2-elf/lib/libc.a(lib_a-rget.o)
 .data          0x0081cd4c        0x0 /OPT/altera/12.1/nios2eds/bin/gnu/H-i686-pc-linux-gnu/bin/../lib/gcc/nios2-elf/4.1.2/../../../../nios2-elf/lib/libc.a(lib_a-sbrkr.o)
 .data          0x0081cd4c        0x0 /OPT/altera/12.1/nios2eds/bin/gnu/H-i686-pc-linux-gnu/bin/../lib/gcc/nios2-elf/4.1.2/../../../../nios2-elf/lib/libc.a(lib_a-stdio.o)
 .data          0x0081cd4c        0x0 /OPT/altera/12.1/nios2eds/bin/gnu/H-i686-pc-linux-gnu/bin/../lib/gcc/nios2-elf/4.1.2/../../../../nios2-elf/lib/libc.a(lib_a-strlen.o)
 .data          0x0081cd4c        0x0 /OPT/altera/12.1/nios2eds/bin/gnu/H-i686-pc-linux-gnu/bin/../lib/gcc/nios2-elf/4.1.2/../../../../nios2-elf/lib/libc.a(lib_a-vfprintf.o)
 .data          0x0081cd4c        0x0 /OPT/altera/12.1/nios2eds/bin/gnu/H-i686-pc-linux-gnu/bin/../lib/gcc/nios2-elf/4.1.2/../../../../nios2-elf/lib/libc.a(lib_a-writer.o)
 .data          0x0081cd4c        0x0 /OPT/altera/12.1/nios2eds/bin/gnu/H-i686-pc-linux-gnu/bin/../lib/gcc/nios2-elf/4.1.2/../../../../nios2-elf/lib/libc.a(lib_a-wsetup.o)
 .data          0x0081cd4c        0x0 /OPT/altera/12.1/nios2eds/bin/gnu/H-i686-pc-linux-gnu/bin/../lib/gcc/nios2-elf/4.1.2/../../../../nios2-elf/lib/libc.a(lib_a-__call_atexit.o)
 .data          0x0081cd4c        0x0 /OPT/altera/12.1/nios2eds/bin/gnu/H-i686-pc-linux-gnu/bin/../lib/gcc/nios2-elf/4.1.2/../../../../nios2-elf/lib/libc.a(lib_a-closer.o)
 .data          0x0081cd4c        0x0 /OPT/altera/12.1/nios2eds/bin/gnu/H-i686-pc-linux-gnu/bin/../lib/gcc/nios2-elf/4.1.2/../../../../nios2-elf/lib/libc.a(lib_a-dtoa.o)
 .data          0x0081cd4c        0x0 /OPT/altera/12.1/nios2eds/bin/gnu/H-i686-pc-linux-gnu/bin/../lib/gcc/nios2-elf/4.1.2/../../../../nios2-elf/lib/libc.a(lib_a-fvwrite.o)
 .data          0x0081cd4c        0x0 /OPT/altera/12.1/nios2eds/bin/gnu/H-i686-pc-linux-gnu/bin/../lib/gcc/nios2-elf/4.1.2/../../../../nios2-elf/lib/libc.a(lib_a-int_errno.o)
 .data          0x0081cd4c        0xc /OPT/altera/12.1/nios2eds/bin/gnu/H-i686-pc-linux-gnu/bin/../lib/gcc/nios2-elf/4.1.2/../../../../nios2-elf/lib/libc.a(lib_a-locale.o)
                0x0081cd4c                __lc_ctype
 .data          0x0081cd58        0x0 /OPT/altera/12.1/nios2eds/bin/gnu/H-i686-pc-linux-gnu/bin/../lib/gcc/nios2-elf/4.1.2/../../../../nios2-elf/lib/libc.a(lib_a-lseekr.o)
 .data          0x0081cd58        0x0 /OPT/altera/12.1/nios2eds/bin/gnu/H-i686-pc-linux-gnu/bin/../lib/gcc/nios2-elf/4.1.2/../../../../nios2-elf/lib/libc.a(lib_a-makebuf.o)
 .data          0x0081cd58        0x0 /OPT/altera/12.1/nios2eds/bin/gnu/H-i686-pc-linux-gnu/bin/../lib/gcc/nios2-elf/4.1.2/../../../../nios2-elf/lib/libc.a(lib_a-memchr.o)
 .data          0x0081cd58        0x0 /OPT/altera/12.1/nios2eds/bin/gnu/H-i686-pc-linux-gnu/bin/../lib/gcc/nios2-elf/4.1.2/../../../../nios2-elf/lib/libc.a(lib_a-memmove.o)
 .data          0x0081cd58        0x0 /OPT/altera/12.1/nios2eds/bin/gnu/H-i686-pc-linux-gnu/bin/../lib/gcc/nios2-elf/4.1.2/../../../../nios2-elf/lib/libc.a(lib_a-mprec.o)
 .data          0x0081cd58        0x0 /OPT/altera/12.1/nios2eds/bin/gnu/H-i686-pc-linux-gnu/bin/../lib/gcc/nios2-elf/4.1.2/../../../../nios2-elf/lib/libc.a(lib_a-readr.o)
 .data          0x0081cd58        0x0 /OPT/altera/12.1/nios2eds/bin/gnu/H-i686-pc-linux-gnu/bin/../lib/gcc/nios2-elf/4.1.2/../../../../nios2-elf/lib/libc.a(lib_a-reallocr.o)
 .data          0x0081cd58        0x0 /OPT/altera/12.1/nios2eds/bin/gnu/H-i686-pc-linux-gnu/bin/../lib/gcc/nios2-elf/4.1.2/../../../../nios2-elf/lib/libc.a(lib_a-s_isinfd.o)
 .data          0x0081cd58        0x0 /OPT/altera/12.1/nios2eds/bin/gnu/H-i686-pc-linux-gnu/bin/../lib/gcc/nios2-elf/4.1.2/../../../../nios2-elf/lib/libc.a(lib_a-s_isnand.o)
 .data          0x0081cd58        0x0 /OPT/altera/12.1/nios2eds/bin/gnu/H-i686-pc-linux-gnu/bin/../lib/gcc/nios2-elf/4.1.2/../../../../nios2-elf/lib/libc.a(lib_a-strcmp.o)
 .data          0x0081cd58        0x0 /OPT/altera/12.1/nios2eds/bin/gnu/H-i686-pc-linux-gnu/bin/../lib/gcc/nios2-elf/4.1.2/../../../../nios2-elf/lib/libc.a(lib_a-callocr.o)
 .data          0x0081cd58        0x0 /OPT/altera/12.1/nios2eds/bin/gnu/H-i686-pc-linux-gnu/bin/../lib/gcc/nios2-elf/4.1.2/../../../../nios2-elf/lib/libc.a(lib_a-fstatr.o)
 .data          0x0081cd58        0x0 /OPT/altera/12.1/nios2eds/bin/gnu/H-i686-pc-linux-gnu/bin/../lib/gcc/nios2-elf/4.1.2/../../../../nios2-elf/lib/libc.a(lib_a-isattyr.o)
 .data          0x0081cd58        0x0 /OPT/altera/12.1/nios2eds/bin/gnu/H-i686-pc-linux-gnu/bin/../lib/gcc/nios2-elf/4.1.2/libgcc.a(_udivdi3.o)
 .data          0x0081cd58        0x0 /OPT/altera/12.1/nios2eds/bin/gnu/H-i686-pc-linux-gnu/bin/../lib/gcc/nios2-elf/4.1.2/libgcc.a(_umoddi3.o)
 .data          0x0081cd58        0x0 /OPT/altera/12.1/nios2eds/bin/gnu/H-i686-pc-linux-gnu/bin/../lib/gcc/nios2-elf/4.1.2/libgcc.a(_addsub_df.o)
 .data          0x0081cd58        0x0 /OPT/altera/12.1/nios2eds/bin/gnu/H-i686-pc-linux-gnu/bin/../lib/gcc/nios2-elf/4.1.2/libgcc.a(_mul_df.o)
 .data          0x0081cd58        0x0 /OPT/altera/12.1/nios2eds/bin/gnu/H-i686-pc-linux-gnu/bin/../lib/gcc/nios2-elf/4.1.2/libgcc.a(_div_df.o)
 .data          0x0081cd58        0x0 /OPT/altera/12.1/nios2eds/bin/gnu/H-i686-pc-linux-gnu/bin/../lib/gcc/nios2-elf/4.1.2/libgcc.a(_eq_df.o)
 .data          0x0081cd58        0x0 /OPT/altera/12.1/nios2eds/bin/gnu/H-i686-pc-linux-gnu/bin/../lib/gcc/nios2-elf/4.1.2/libgcc.a(_ne_df.o)
 .data          0x0081cd58        0x0 /OPT/altera/12.1/nios2eds/bin/gnu/H-i686-pc-linux-gnu/bin/../lib/gcc/nios2-elf/4.1.2/libgcc.a(_gt_df.o)
 .data          0x0081cd58        0x0 /OPT/altera/12.1/nios2eds/bin/gnu/H-i686-pc-linux-gnu/bin/../lib/gcc/nios2-elf/4.1.2/libgcc.a(_ge_df.o)
 .data          0x0081cd58        0x0 /OPT/altera/12.1/nios2eds/bin/gnu/H-i686-pc-linux-gnu/bin/../lib/gcc/nios2-elf/4.1.2/libgcc.a(_lt_df.o)
 .data          0x0081cd58        0x0 /OPT/altera/12.1/nios2eds/bin/gnu/H-i686-pc-linux-gnu/bin/../lib/gcc/nios2-elf/4.1.2/libgcc.a(_si_to_df.o)
 .data          0x0081cd58        0x0 /OPT/altera/12.1/nios2eds/bin/gnu/H-i686-pc-linux-gnu/bin/../lib/gcc/nios2-elf/4.1.2/libgcc.a(_df_to_si.o)
 .data          0x0081cd58        0x0 /OPT/altera/12.1/nios2eds/bin/gnu/H-i686-pc-linux-gnu/bin/../lib/gcc/nios2-elf/4.1.2/libgcc.a(_thenan_df.o)
 .data          0x0081cd58        0x0 /OPT/altera/12.1/nios2eds/bin/gnu/H-i686-pc-linux-gnu/bin/../lib/gcc/nios2-elf/4.1.2/libgcc.a(_usi_to_df.o)
 .data          0x0081cd58        0x0 /OPT/altera/12.1/nios2eds/bin/gnu/H-i686-pc-linux-gnu/bin/../lib/gcc/nios2-elf/4.1.2/libgcc.a(lib2-divmod.o)
 .data          0x0081cd58        0x0 /OPT/altera/12.1/nios2eds/bin/gnu/H-i686-pc-linux-gnu/bin/../lib/gcc/nios2-elf/4.1.2/libgcc.a(_muldi3.o)
 .data          0x0081cd58        0x0 /OPT/altera/12.1/nios2eds/bin/gnu/H-i686-pc-linux-gnu/bin/../lib/gcc/nios2-elf/4.1.2/libgcc.a(_clz.o)
 .data          0x0081cd58        0x0 /OPT/altera/12.1/nios2eds/bin/gnu/H-i686-pc-linux-gnu/bin/../lib/gcc/nios2-elf/4.1.2/libgcc.a(_clzsi2.o)
 .data          0x0081cd58        0x0 /OPT/altera/12.1/nios2eds/bin/gnu/H-i686-pc-linux-gnu/bin/../lib/gcc/nios2-elf/4.1.2/libgcc.a(_pack_df.o)
 .data          0x0081cd58        0x0 /OPT/altera/12.1/nios2eds/bin/gnu/H-i686-pc-linux-gnu/bin/../lib/gcc/nios2-elf/4.1.2/libgcc.a(_unpack_df.o)
 .data          0x0081cd58        0x0 /OPT/altera/12.1/nios2eds/bin/gnu/H-i686-pc-linux-gnu/bin/../lib/gcc/nios2-elf/4.1.2/libgcc.a(_fpcmp_parts_df.o)
 .data          0x0081cd58        0x0 ../vga_bsp//libucosii_bsp.a(alt_close.o)
 .data          0x0081cd58      0x1a8 ../vga_bsp//libucosii_bsp.a(alt_dev.o)
                0x0081cd58                alt_dev_null
                0x0081cd80                alt_fd_list
 .data          0x0081cf00        0x0 ../vga_bsp//libucosii_bsp.a(alt_errno.o)
 .data          0x0081cf00        0x0 ../vga_bsp//libucosii_bsp.a(alt_exit.o)
 .data          0x0081cf00        0x0 ../vga_bsp//libucosii_bsp.a(alt_fstat.o)
 .data          0x0081cf00        0x0 ../vga_bsp//libucosii_bsp.a(alt_isatty.o)
 .data          0x0081cf00        0x0 ../vga_bsp//libucosii_bsp.a(alt_load.o)
 .data          0x0081cf00        0x0 ../vga_bsp//libucosii_bsp.a(alt_lseek.o)
 .data          0x0081cf00        0x0 ../vga_bsp//libucosii_bsp.a(alt_main.o)
 .data          0x0081cf00        0x0 ../vga_bsp//libucosii_bsp.a(alt_read.o)
 .data          0x0081cf00        0x0 ../vga_bsp//libucosii_bsp.a(alt_release_fd.o)
 .data          0x0081cf00        0x0 ../vga_bsp//libucosii_bsp.a(alt_sbrk.o)
 .data          0x0081cf00        0x0 ../vga_bsp//libucosii_bsp.a(alt_write.o)
 .data          0x0081cf00        0x0 ../vga_bsp//libucosii_bsp.a(alt_env_lock.o)
 .data          0x0081cf00        0x0 ../vga_bsp//libucosii_bsp.a(alt_malloc_lock.o)
 .data          0x0081cf00        0x0 ../vga_bsp//libucosii_bsp.a(os_core.o)
 .data          0x0081cf00        0x0 ../vga_bsp//libucosii_bsp.a(os_dbg.o)
 .data          0x0081cf00        0x0 ../vga_bsp//libucosii_bsp.a(os_flag.o)
 .data          0x0081cf00        0x0 ../vga_bsp//libucosii_bsp.a(os_mem.o)
 .data          0x0081cf00        0x0 ../vga_bsp//libucosii_bsp.a(os_q.o)
 .data          0x0081cf00        0x0 ../vga_bsp//libucosii_bsp.a(os_sem.o)
 .data          0x0081cf00        0x0 ../vga_bsp//libucosii_bsp.a(os_task.o)
 .data          0x0081cf00        0x0 ../vga_bsp//libucosii_bsp.a(os_time.o)
 .data          0x0081cf00     0x1118 ../vga_bsp//libucosii_bsp.a(alt_sys_init.o)
 .data          0x0081e018        0x0 ../vga_bsp//libucosii_bsp.a(altera_avalon_jtag_uart_fd.o)
 .data          0x0081e018        0x0 ../vga_bsp//libucosii_bsp.a(altera_avalon_jtag_uart_init.o)
 .data          0x0081e018        0x0 ../vga_bsp//libucosii_bsp.a(altera_avalon_jtag_uart_ioctl.o)
 .data          0x0081e018        0x0 ../vga_bsp//libucosii_bsp.a(altera_avalon_jtag_uart_read.o)
 .data          0x0081e018        0x0 ../vga_bsp//libucosii_bsp.a(altera_avalon_jtag_uart_write.o)
 .data          0x0081e018        0x0 ../vga_bsp//libucosii_bsp.a(altera_avalon_timer_sc.o)
 .data          0x0081e018        0x0 ../vga_bsp//libucosii_bsp.a(altera_up_avalon_character_lcd.o)
 .data          0x0081e018        0x0 ../vga_bsp//libucosii_bsp.a(altera_up_avalon_video_pixel_buffer_dma.o)
 .data          0x0081e018        0x0 ../vga_bsp//libucosii_bsp.a(altera_up_sd_card_avalon_interface.o)
 .data          0x0081e018        0x0 ../vga_bsp//libucosii_bsp.a(alt_alarm_start.o)
 .data          0x0081e018        0x0 ../vga_bsp//libucosii_bsp.a(alt_dcache_flush_all.o)
 .data          0x0081e018        0x0 ../vga_bsp//libucosii_bsp.a(alt_dev_llist_insert.o)
 .data          0x0081e018        0x0 ../vga_bsp//libucosii_bsp.a(alt_do_ctors.o)
 .data          0x0081e018        0x0 ../vga_bsp//libucosii_bsp.a(alt_do_dtors.o)
 .data          0x0081e018        0x0 ../vga_bsp//libucosii_bsp.a(alt_find_dev.o)
 .data          0x0081e018        0x0 ../vga_bsp//libucosii_bsp.a(alt_icache_flush_all.o)
 .data          0x0081e018        0x0 ../vga_bsp//libucosii_bsp.a(alt_iic.o)
 .data          0x0081e018        0x0 ../vga_bsp//libucosii_bsp.a(alt_iic_isr_register.o)
 .data          0x0081e018        0x0 ../vga_bsp//libucosii_bsp.a(alt_io_redirect.o)
 .data          0x0081e018        0x0 ../vga_bsp//libucosii_bsp.a(alt_irq_entry.o)
 .data          0x0081e018        0x0 ../vga_bsp//libucosii_bsp.a(alt_irq_handler.o)
 .data          0x0081e018        0x0 ../vga_bsp//libucosii_bsp.a(alt_irq_vars.o)
 .data          0x0081e018        0x0 ../vga_bsp//libucosii_bsp.a(alt_open.o)
 .data          0x0081e018        0x0 ../vga_bsp//libucosii_bsp.a(alt_tick.o)
 .data          0x0081e018        0x0 ../vga_bsp//libucosii_bsp.a(altera_nios2_qsys_irq.o)
 .data          0x0081e018        0x0 ../vga_bsp//libucosii_bsp.a(os_cpu_a.o)
 .data          0x0081e018        0x0 ../vga_bsp//libucosii_bsp.a(os_cpu_c.o)
 .data          0x0081e018        0x0 ../vga_bsp//libucosii_bsp.a(alt_exception_entry.o)
 .data          0x0081e018        0x0 ../vga_bsp//libucosii_bsp.a(alt_find_file.o)
 .data          0x0081e018        0x0 ../vga_bsp//libucosii_bsp.a(alt_get_fd.o)
 .data          0x0081e018        0x0 ../vga_bsp//libucosii_bsp.a(alt_icache_flush.o)
 .data          0x0081e018        0x0 /OPT/altera/12.1/nios2eds/bin/gnu/H-i686-pc-linux-gnu/bin/../lib/gcc/nios2-elf/4.1.2/../../../../nios2-elf/lib/libc.a(lib_a-atexit.o)
 .data          0x0081e018        0x0 /OPT/altera/12.1/nios2eds/bin/gnu/H-i686-pc-linux-gnu/bin/../lib/gcc/nios2-elf/4.1.2/../../../../nios2-elf/lib/libc.a(lib_a-memcmp.o)
 .data          0x0081e018        0x0 /OPT/altera/12.1/nios2eds/bin/gnu/H-i686-pc-linux-gnu/bin/../lib/gcc/nios2-elf/4.1.2/../../../../nios2-elf/lib/libc.a(lib_a-__atexit.o)
                0x00826018                _gp = ABSOLUTE ((. + 0x8000))
                0x00826018                PROVIDE (gp, _gp)
 *(.rwdata .rwdata.*)
 *(.sdata .sdata.* .gnu.linkonce.s.*)
 .sdata         0x0081e018        0x8 obj/default/hello_ucosii.o
                0x0081e018                VGA
                0x0081e01c                my_clock
 .sdata         0x0081e020        0x8 /OPT/altera/12.1/nios2eds/bin/gnu/H-i686-pc-linux-gnu/bin/../lib/gcc/nios2-elf/4.1.2/../../../../nios2-elf/lib/libc.a(lib_a-impure.o)
                0x0081e020                _impure_ptr
                0x0081e024                _global_impure_ptr
 .sdata         0x0081e028        0x8 /OPT/altera/12.1/nios2eds/bin/gnu/H-i686-pc-linux-gnu/bin/../lib/gcc/nios2-elf/4.1.2/../../../../nios2-elf/lib/libc.a(lib_a-mallocr.o)
                0x0081e028                __malloc_trim_threshold
                0x0081e02c                __malloc_sbrk_base
 .sdata         0x0081e030        0x8 /OPT/altera/12.1/nios2eds/bin/gnu/H-i686-pc-linux-gnu/bin/../lib/gcc/nios2-elf/4.1.2/../../../../nios2-elf/lib/libc.a(lib_a-locale.o)
                0x0081e030                __mb_cur_max
 .sdata         0x0081e038       0x14 ../vga_bsp//libucosii_bsp.a(alt_dev.o)
                0x0081e038                alt_fs_list
                0x0081e040                alt_dev_list
                0x0081e048                alt_max_fd
 .sdata         0x0081e04c        0x4 ../vga_bsp//libucosii_bsp.a(alt_errno.o)
                0x0081e04c                alt_errno
 .sdata         0x0081e050        0x4 ../vga_bsp//libucosii_bsp.a(alt_sbrk.o)
 .sdata         0x0081e054        0x4 ../vga_bsp//libucosii_bsp.a(alt_env_lock.o)
 .sdata         0x0081e058        0x4 ../vga_bsp//libucosii_bsp.a(alt_malloc_lock.o)
 .sdata         0x0081e05c       0x74 ../vga_bsp//libucosii_bsp.a(os_dbg.o)
                0x0081e05c                OSDebugEn
                0x0081e060                OSEndiannessTest
                0x0081e064                OSEventEn
                0x0081e066                OSEventMax
                0x0081e068                OSEventNameSize
                0x0081e06a                OSEventSize
                0x0081e06c                OSEventTblSize
                0x0081e06e                OSEventMultiEn
                0x0081e070                OSFlagEn
                0x0081e072                OSFlagGrpSize
                0x0081e074                OSFlagNodeSize
                0x0081e076                OSFlagWidth
                0x0081e078                OSFlagMax
                0x0081e07a                OSFlagNameSize
                0x0081e07c                OSLowestPrio
                0x0081e07e                OSMboxEn
                0x0081e080                OSMemEn
                0x0081e082                OSMemMax
                0x0081e084                OSMemNameSize
                0x0081e086                OSMemSize
                0x0081e088                OSMemTblSize
                0x0081e08a                OSMutexEn
                0x0081e08c                OSPtrSize
                0x0081e08e                OSQEn
                0x0081e090                OSQMax
                0x0081e092                OSQSize
                0x0081e094                OSRdyTblSize
                0x0081e096                OSSemEn
                0x0081e098                OSStkWidth
                0x0081e09a                OSTaskCreateEn
                0x0081e09c                OSTaskCreateExtEn
                0x0081e09e                OSTaskDelEn
                0x0081e0a0                OSTaskIdleStkSize
                0x0081e0a2                OSTaskProfileEn
                0x0081e0a4                OSTaskMax
                0x0081e0a6                OSTaskNameSize
                0x0081e0a8                OSTaskStatEn
                0x0081e0aa                OSTaskStatStkSize
                0x0081e0ac                OSTaskStatStkChkEn
                0x0081e0ae                OSTaskSwHookEn
                0x0081e0b0                OSTCBPrioTblMax
                0x0081e0b2                OSTCBSize
                0x0081e0b4                OSTicksPerSec
                0x0081e0b6                OSTimeTickHookEn
                0x0081e0b8                OSVersionNbr
                0x0081e0ba                OSTmrEn
                0x0081e0bc                OSTmrCfgMax
                0x0081e0be                OSTmrCfgNameSize
                0x0081e0c0                OSTmrCfgWheelSize
                0x0081e0c2                OSTmrCfgTicksPerSec
                0x0081e0c4                OSTmrSize
                0x0081e0c6                OSTmrTblSize
                0x0081e0c8                OSTmrWheelSize
                0x0081e0ca                OSTmrWheelTblSize
                0x0081e0cc                OSDataSize
 .sdata         0x0081e0d0        0x4 ../vga_bsp//libucosii_bsp.a(alt_irq_vars.o)
                0x0081e0d0                alt_priority_mask
 .sdata         0x0081e0d4        0x8 ../vga_bsp//libucosii_bsp.a(alt_tick.o)
                0x0081e0d4                alt_alarm_list
 *(.sdata2 .sdata2.* .gnu.linkonce.s2.*)
                0x0081e0dc                . = ALIGN (0x4)
                0x0081e0dc                _edata = ABSOLUTE (.)
                0x0081e0dc                PROVIDE (edata, ABSOLUTE (.))
                0x0081e0dc                PROVIDE (__ram_rwdata_end, ABSOLUTE (.))
                0x0081e0dc                PROVIDE (__flash_rwdata_start, LOADADDR (.rwdata))

.bss            0x0081fc74     0x7b10
                0x0081fc74                __bss_start = ABSOLUTE (.)
                0x0081fc74                PROVIDE (__sbss_start, ABSOLUTE (.))
                0x0081fc74                PROVIDE (___sbss_start, ABSOLUTE (.))
 *(.dynsbss)
 *(.sbss .sbss.* .gnu.linkonce.sb.*)
 .sbss          0x0081fc74        0xc /OPT/altera/12.1/nios2eds/bin/gnu/H-i686-pc-linux-gnu/bin/../lib/gcc/nios2-elf/4.1.2/../../../../nios2-elf/lib/libc.a(lib_a-mallocr.o)
                0x0081fc74                __malloc_top_pad
                0x0081fc78                __malloc_max_sbrked_mem
                0x0081fc7c                __malloc_max_total_mem
 .sbss          0x0081fc80        0x4 /OPT/altera/12.1/nios2eds/bin/gnu/H-i686-pc-linux-gnu/bin/../lib/gcc/nios2-elf/4.1.2/../../../../nios2-elf/lib/libc.a(lib_a-int_errno.o)
                0x0081fc80                errno
 .sbss          0x0081fc84        0xc /OPT/altera/12.1/nios2eds/bin/gnu/H-i686-pc-linux-gnu/bin/../lib/gcc/nios2-elf/4.1.2/../../../../nios2-elf/lib/libc.a(lib_a-locale.o)
                0x0081fc84                __nlocale_changed
                0x0081fc88                __mlocale_changed
                0x0081fc8c                _PathLocale
 .sbss          0x0081fc90        0x4 ../vga_bsp//libucosii_bsp.a(alt_dev.o)
                0x0081fc90                alt_fd_list_lock
 .sbss          0x0081fc94        0xc ../vga_bsp//libucosii_bsp.a(alt_main.o)
                0x0081fc94                alt_argc
                0x0081fc98                alt_argv
                0x0081fc9c                alt_envp
 .sbss          0x0081fca0        0x8 ../vga_bsp//libucosii_bsp.a(alt_env_lock.o)
                0x0081fca4                alt_envsem
 .sbss          0x0081fca8        0x8 ../vga_bsp//libucosii_bsp.a(alt_malloc_lock.o)
                0x0081fcac                alt_heapsem
 .sbss          0x0081fcb0       0x50 ../vga_bsp//libucosii_bsp.a(os_core.o)
                0x0081fcb0                OSLockNesting
                0x0081fcb1                OSRunning
                0x0081fcb4                OSIdleCtr
                0x0081fcb8                OSPrioHighRdy
                0x0081fcb9                OSPrioCur
                0x0081fcbc                OSTCBList
                0x0081fcc0                OSTickStepState
                0x0081fcc4                OSCtxSwCtr
                0x0081fcc8                OSIdleCtrMax
                0x0081fccc                OSTCBFreeList
                0x0081fcd0                OSCPUUsage
                0x0081fcd1                OSTaskCtr
                0x0081fcd4                OSMemFreeList
                0x0081fcd8                OSTCBHighRdy
                0x0081fcdc                OSQFreeList
                0x0081fce0                OSRdyGrp
                0x0081fce1                OSRdyTbl
                0x0081fce4                OSEventFreeList
                0x0081fce8                OSIntNesting
                0x0081fcec                OSTCBCur
                0x0081fcf0                OSTime
                0x0081fcf4                OSFlagFreeList
                0x0081fcf8                OSStatRdy
                0x0081fcfc                OSIdleCtrRun
 .sbss          0x0081fd00       0x34 ../vga_bsp//libucosii_bsp.a(altera_up_sd_card_avalon_interface.o)
                0x0081fd00                initialized
                0x0081fd04                is_sd_card_formated_as_FAT16
                0x0081fd08                aux_status_register
                0x0081fd0c                status_register
                0x0081fd10                CSD_register_w0
                0x0081fd14                command_register
                0x0081fd18                command_argument_register
                0x0081fd1c                buffer_memory
                0x0081fd20                fat_partition_offset_in_512_byte_sectors
                0x0081fd24                fat_partition_size_in_512_byte_sectors
                0x0081fd28                device_pointer
                0x0081fd2c                current_sector_modified
                0x0081fd30                current_sector_index
 .sbss          0x0081fd34        0x4 ../vga_bsp//libucosii_bsp.a(alt_irq_vars.o)
                0x0081fd34                alt_irq_active
 .sbss          0x0081fd38        0x8 ../vga_bsp//libucosii_bsp.a(alt_tick.o)
                0x0081fd38                _alt_tick_rate
                0x0081fd3c                _alt_nticks
 *(.sbss2 .sbss2.* .gnu.linkonce.sb2.*)
 *(.scommon)
                0x0081fd40                PROVIDE (__sbss_end, ABSOLUTE (.))
                0x0081fd40                PROVIDE (___sbss_end, ABSOLUTE (.))
 *(.dynbss)
 *(.bss .bss.* .gnu.linkonce.b.*)
 .bss           0x0081fd40        0x0 ../vga_bsp//obj/HAL/src/crt0.o
 .bss           0x0081fd40        0x0 obj/default/hello_ucosii.o
 .bss           0x0081fd40        0x0 /OPT/altera/12.1/nios2eds/bin/gnu/H-i686-pc-linux-gnu/bin/../lib/gcc/nios2-elf/4.1.2/../../../../nios2-elf/lib/libc.a(lib_a-exit.o)
 .bss           0x0081fd40        0x0 /OPT/altera/12.1/nios2eds/bin/gnu/H-i686-pc-linux-gnu/bin/../lib/gcc/nios2-elf/4.1.2/../../../../nios2-elf/lib/libc.a(lib_a-fclose.o)
 .bss           0x0081fd40        0x0 /OPT/altera/12.1/nios2eds/bin/gnu/H-i686-pc-linux-gnu/bin/../lib/gcc/nios2-elf/4.1.2/../../../../nios2-elf/lib/libc.a(lib_a-fflush.o)
 .bss           0x0081fd40        0x0 /OPT/altera/12.1/nios2eds/bin/gnu/H-i686-pc-linux-gnu/bin/../lib/gcc/nios2-elf/4.1.2/../../../../nios2-elf/lib/libc.a(lib_a-fgetc.o)
 .bss           0x0081fd40        0x0 /OPT/altera/12.1/nios2eds/bin/gnu/H-i686-pc-linux-gnu/bin/../lib/gcc/nios2-elf/4.1.2/../../../../nios2-elf/lib/libc.a(lib_a-findfp.o)
 .bss           0x0081fd40        0x0 /OPT/altera/12.1/nios2eds/bin/gnu/H-i686-pc-linux-gnu/bin/../lib/gcc/nios2-elf/4.1.2/../../../../nios2-elf/lib/libc.a(lib_a-fread.o)
 .bss           0x0081fd40        0x0 /OPT/altera/12.1/nios2eds/bin/gnu/H-i686-pc-linux-gnu/bin/../lib/gcc/nios2-elf/4.1.2/../../../../nios2-elf/lib/libc.a(lib_a-freer.o)
 .bss           0x0081fd40        0x0 /OPT/altera/12.1/nios2eds/bin/gnu/H-i686-pc-linux-gnu/bin/../lib/gcc/nios2-elf/4.1.2/../../../../nios2-elf/lib/libc.a(lib_a-fwalk.o)
 .bss           0x0081fd40        0x0 /OPT/altera/12.1/nios2eds/bin/gnu/H-i686-pc-linux-gnu/bin/../lib/gcc/nios2-elf/4.1.2/../../../../nios2-elf/lib/libc.a(lib_a-impure.o)
 .bss           0x0081fd40        0x0 /OPT/altera/12.1/nios2eds/bin/gnu/H-i686-pc-linux-gnu/bin/../lib/gcc/nios2-elf/4.1.2/../../../../nios2-elf/lib/libc.a(lib_a-malloc.o)
 .bss           0x0081fd40       0x28 /OPT/altera/12.1/nios2eds/bin/gnu/H-i686-pc-linux-gnu/bin/../lib/gcc/nios2-elf/4.1.2/../../../../nios2-elf/lib/libc.a(lib_a-mallocr.o)
                0x0081fd40                __malloc_current_mallinfo
 .bss           0x0081fd68        0x0 /OPT/altera/12.1/nios2eds/bin/gnu/H-i686-pc-linux-gnu/bin/../lib/gcc/nios2-elf/4.1.2/../../../../nios2-elf/lib/libc.a(lib_a-memcpy.o)
 .bss           0x0081fd68        0x0 /OPT/altera/12.1/nios2eds/bin/gnu/H-i686-pc-linux-gnu/bin/../lib/gcc/nios2-elf/4.1.2/../../../../nios2-elf/lib/libc.a(lib_a-memset.o)
 .bss           0x0081fd68        0x0 /OPT/altera/12.1/nios2eds/bin/gnu/H-i686-pc-linux-gnu/bin/../lib/gcc/nios2-elf/4.1.2/../../../../nios2-elf/lib/libc.a(lib_a-printf.o)
 .bss           0x0081fd68        0x0 /OPT/altera/12.1/nios2eds/bin/gnu/H-i686-pc-linux-gnu/bin/../lib/gcc/nios2-elf/4.1.2/../../../../nios2-elf/lib/libc.a(lib_a-puts.o)
 .bss           0x0081fd68        0x0 /OPT/altera/12.1/nios2eds/bin/gnu/H-i686-pc-linux-gnu/bin/../lib/gcc/nios2-elf/4.1.2/../../../../nios2-elf/lib/libc.a(lib_a-refill.o)
 .bss           0x0081fd68        0x0 /OPT/altera/12.1/nios2eds/bin/gnu/H-i686-pc-linux-gnu/bin/../lib/gcc/nios2-elf/4.1.2/../../../../nios2-elf/lib/libc.a(lib_a-rget.o)
 .bss           0x0081fd68        0x0 /OPT/altera/12.1/nios2eds/bin/gnu/H-i686-pc-linux-gnu/bin/../lib/gcc/nios2-elf/4.1.2/../../../../nios2-elf/lib/libc.a(lib_a-sbrkr.o)
 .bss           0x0081fd68        0x0 /OPT/altera/12.1/nios2eds/bin/gnu/H-i686-pc-linux-gnu/bin/../lib/gcc/nios2-elf/4.1.2/../../../../nios2-elf/lib/libc.a(lib_a-stdio.o)
 .bss           0x0081fd68        0x0 /OPT/altera/12.1/nios2eds/bin/gnu/H-i686-pc-linux-gnu/bin/../lib/gcc/nios2-elf/4.1.2/../../../../nios2-elf/lib/libc.a(lib_a-strlen.o)
 .bss           0x0081fd68        0x0 /OPT/altera/12.1/nios2eds/bin/gnu/H-i686-pc-linux-gnu/bin/../lib/gcc/nios2-elf/4.1.2/../../../../nios2-elf/lib/libc.a(lib_a-vfprintf.o)
 .bss           0x0081fd68        0x0 /OPT/altera/12.1/nios2eds/bin/gnu/H-i686-pc-linux-gnu/bin/../lib/gcc/nios2-elf/4.1.2/../../../../nios2-elf/lib/libc.a(lib_a-writer.o)
 .bss           0x0081fd68        0x0 /OPT/altera/12.1/nios2eds/bin/gnu/H-i686-pc-linux-gnu/bin/../lib/gcc/nios2-elf/4.1.2/../../../../nios2-elf/lib/libc.a(lib_a-wsetup.o)
 .bss           0x0081fd68        0x0 /OPT/altera/12.1/nios2eds/bin/gnu/H-i686-pc-linux-gnu/bin/../lib/gcc/nios2-elf/4.1.2/../../../../nios2-elf/lib/libc.a(lib_a-__call_atexit.o)
 .bss           0x0081fd68        0x0 /OPT/altera/12.1/nios2eds/bin/gnu/H-i686-pc-linux-gnu/bin/../lib/gcc/nios2-elf/4.1.2/../../../../nios2-elf/lib/libc.a(lib_a-closer.o)
 .bss           0x0081fd68        0x0 /OPT/altera/12.1/nios2eds/bin/gnu/H-i686-pc-linux-gnu/bin/../lib/gcc/nios2-elf/4.1.2/../../../../nios2-elf/lib/libc.a(lib_a-dtoa.o)
 .bss           0x0081fd68        0x0 /OPT/altera/12.1/nios2eds/bin/gnu/H-i686-pc-linux-gnu/bin/../lib/gcc/nios2-elf/4.1.2/../../../../nios2-elf/lib/libc.a(lib_a-fvwrite.o)
 .bss           0x0081fd68        0x0 /OPT/altera/12.1/nios2eds/bin/gnu/H-i686-pc-linux-gnu/bin/../lib/gcc/nios2-elf/4.1.2/../../../../nios2-elf/lib/libc.a(lib_a-int_errno.o)
 .bss           0x0081fd68        0x0 /OPT/altera/12.1/nios2eds/bin/gnu/H-i686-pc-linux-gnu/bin/../lib/gcc/nios2-elf/4.1.2/../../../../nios2-elf/lib/libc.a(lib_a-locale.o)
 .bss           0x0081fd68        0x0 /OPT/altera/12.1/nios2eds/bin/gnu/H-i686-pc-linux-gnu/bin/../lib/gcc/nios2-elf/4.1.2/../../../../nios2-elf/lib/libc.a(lib_a-lseekr.o)
 .bss           0x0081fd68        0x0 /OPT/altera/12.1/nios2eds/bin/gnu/H-i686-pc-linux-gnu/bin/../lib/gcc/nios2-elf/4.1.2/../../../../nios2-elf/lib/libc.a(lib_a-makebuf.o)
 .bss           0x0081fd68        0x0 /OPT/altera/12.1/nios2eds/bin/gnu/H-i686-pc-linux-gnu/bin/../lib/gcc/nios2-elf/4.1.2/../../../../nios2-elf/lib/libc.a(lib_a-memchr.o)
 .bss           0x0081fd68        0x0 /OPT/altera/12.1/nios2eds/bin/gnu/H-i686-pc-linux-gnu/bin/../lib/gcc/nios2-elf/4.1.2/../../../../nios2-elf/lib/libc.a(lib_a-memmove.o)
 .bss           0x0081fd68        0x0 /OPT/altera/12.1/nios2eds/bin/gnu/H-i686-pc-linux-gnu/bin/../lib/gcc/nios2-elf/4.1.2/../../../../nios2-elf/lib/libc.a(lib_a-mprec.o)
 .bss           0x0081fd68        0x0 /OPT/altera/12.1/nios2eds/bin/gnu/H-i686-pc-linux-gnu/bin/../lib/gcc/nios2-elf/4.1.2/../../../../nios2-elf/lib/libc.a(lib_a-readr.o)
 .bss           0x0081fd68        0x0 /OPT/altera/12.1/nios2eds/bin/gnu/H-i686-pc-linux-gnu/bin/../lib/gcc/nios2-elf/4.1.2/../../../../nios2-elf/lib/libc.a(lib_a-reallocr.o)
 .bss           0x0081fd68        0x0 /OPT/altera/12.1/nios2eds/bin/gnu/H-i686-pc-linux-gnu/bin/../lib/gcc/nios2-elf/4.1.2/../../../../nios2-elf/lib/libc.a(lib_a-s_isinfd.o)
 .bss           0x0081fd68        0x0 /OPT/altera/12.1/nios2eds/bin/gnu/H-i686-pc-linux-gnu/bin/../lib/gcc/nios2-elf/4.1.2/../../../../nios2-elf/lib/libc.a(lib_a-s_isnand.o)
 .bss           0x0081fd68        0x0 /OPT/altera/12.1/nios2eds/bin/gnu/H-i686-pc-linux-gnu/bin/../lib/gcc/nios2-elf/4.1.2/../../../../nios2-elf/lib/libc.a(lib_a-strcmp.o)
 .bss           0x0081fd68        0x0 /OPT/altera/12.1/nios2eds/bin/gnu/H-i686-pc-linux-gnu/bin/../lib/gcc/nios2-elf/4.1.2/../../../../nios2-elf/lib/libc.a(lib_a-callocr.o)
 .bss           0x0081fd68        0x0 /OPT/altera/12.1/nios2eds/bin/gnu/H-i686-pc-linux-gnu/bin/../lib/gcc/nios2-elf/4.1.2/../../../../nios2-elf/lib/libc.a(lib_a-fstatr.o)
 .bss           0x0081fd68        0x0 /OPT/altera/12.1/nios2eds/bin/gnu/H-i686-pc-linux-gnu/bin/../lib/gcc/nios2-elf/4.1.2/../../../../nios2-elf/lib/libc.a(lib_a-isattyr.o)
 .bss           0x0081fd68        0x0 /OPT/altera/12.1/nios2eds/bin/gnu/H-i686-pc-linux-gnu/bin/../lib/gcc/nios2-elf/4.1.2/libgcc.a(_udivdi3.o)
 .bss           0x0081fd68        0x0 /OPT/altera/12.1/nios2eds/bin/gnu/H-i686-pc-linux-gnu/bin/../lib/gcc/nios2-elf/4.1.2/libgcc.a(_umoddi3.o)
 .bss           0x0081fd68        0x0 /OPT/altera/12.1/nios2eds/bin/gnu/H-i686-pc-linux-gnu/bin/../lib/gcc/nios2-elf/4.1.2/libgcc.a(_addsub_df.o)
 .bss           0x0081fd68        0x0 /OPT/altera/12.1/nios2eds/bin/gnu/H-i686-pc-linux-gnu/bin/../lib/gcc/nios2-elf/4.1.2/libgcc.a(_mul_df.o)
 .bss           0x0081fd68        0x0 /OPT/altera/12.1/nios2eds/bin/gnu/H-i686-pc-linux-gnu/bin/../lib/gcc/nios2-elf/4.1.2/libgcc.a(_div_df.o)
 .bss           0x0081fd68        0x0 /OPT/altera/12.1/nios2eds/bin/gnu/H-i686-pc-linux-gnu/bin/../lib/gcc/nios2-elf/4.1.2/libgcc.a(_eq_df.o)
 .bss           0x0081fd68        0x0 /OPT/altera/12.1/nios2eds/bin/gnu/H-i686-pc-linux-gnu/bin/../lib/gcc/nios2-elf/4.1.2/libgcc.a(_ne_df.o)
 .bss           0x0081fd68        0x0 /OPT/altera/12.1/nios2eds/bin/gnu/H-i686-pc-linux-gnu/bin/../lib/gcc/nios2-elf/4.1.2/libgcc.a(_gt_df.o)
 .bss           0x0081fd68        0x0 /OPT/altera/12.1/nios2eds/bin/gnu/H-i686-pc-linux-gnu/bin/../lib/gcc/nios2-elf/4.1.2/libgcc.a(_ge_df.o)
 .bss           0x0081fd68        0x0 /OPT/altera/12.1/nios2eds/bin/gnu/H-i686-pc-linux-gnu/bin/../lib/gcc/nios2-elf/4.1.2/libgcc.a(_lt_df.o)
 .bss           0x0081fd68        0x0 /OPT/altera/12.1/nios2eds/bin/gnu/H-i686-pc-linux-gnu/bin/../lib/gcc/nios2-elf/4.1.2/libgcc.a(_si_to_df.o)
 .bss           0x0081fd68        0x0 /OPT/altera/12.1/nios2eds/bin/gnu/H-i686-pc-linux-gnu/bin/../lib/gcc/nios2-elf/4.1.2/libgcc.a(_df_to_si.o)
 .bss           0x0081fd68        0x0 /OPT/altera/12.1/nios2eds/bin/gnu/H-i686-pc-linux-gnu/bin/../lib/gcc/nios2-elf/4.1.2/libgcc.a(_thenan_df.o)
 .bss           0x0081fd68        0x0 /OPT/altera/12.1/nios2eds/bin/gnu/H-i686-pc-linux-gnu/bin/../lib/gcc/nios2-elf/4.1.2/libgcc.a(_usi_to_df.o)
 .bss           0x0081fd68        0x0 /OPT/altera/12.1/nios2eds/bin/gnu/H-i686-pc-linux-gnu/bin/../lib/gcc/nios2-elf/4.1.2/libgcc.a(lib2-divmod.o)
 .bss           0x0081fd68        0x0 /OPT/altera/12.1/nios2eds/bin/gnu/H-i686-pc-linux-gnu/bin/../lib/gcc/nios2-elf/4.1.2/libgcc.a(_muldi3.o)
 .bss           0x0081fd68        0x0 /OPT/altera/12.1/nios2eds/bin/gnu/H-i686-pc-linux-gnu/bin/../lib/gcc/nios2-elf/4.1.2/libgcc.a(_clz.o)
 .bss           0x0081fd68        0x0 /OPT/altera/12.1/nios2eds/bin/gnu/H-i686-pc-linux-gnu/bin/../lib/gcc/nios2-elf/4.1.2/libgcc.a(_clzsi2.o)
 .bss           0x0081fd68        0x0 /OPT/altera/12.1/nios2eds/bin/gnu/H-i686-pc-linux-gnu/bin/../lib/gcc/nios2-elf/4.1.2/libgcc.a(_pack_df.o)
 .bss           0x0081fd68        0x0 /OPT/altera/12.1/nios2eds/bin/gnu/H-i686-pc-linux-gnu/bin/../lib/gcc/nios2-elf/4.1.2/libgcc.a(_unpack_df.o)
 .bss           0x0081fd68        0x0 /OPT/altera/12.1/nios2eds/bin/gnu/H-i686-pc-linux-gnu/bin/../lib/gcc/nios2-elf/4.1.2/libgcc.a(_fpcmp_parts_df.o)
 .bss           0x0081fd68        0x0 ../vga_bsp//libucosii_bsp.a(alt_close.o)
 .bss           0x0081fd68        0x0 ../vga_bsp//libucosii_bsp.a(alt_dev.o)
 .bss           0x0081fd68        0x0 ../vga_bsp//libucosii_bsp.a(alt_errno.o)
 .bss           0x0081fd68        0x0 ../vga_bsp//libucosii_bsp.a(alt_exit.o)
 .bss           0x0081fd68        0x0 ../vga_bsp//libucosii_bsp.a(alt_fstat.o)
 .bss           0x0081fd68        0x0 ../vga_bsp//libucosii_bsp.a(alt_isatty.o)
 .bss           0x0081fd68        0x0 ../vga_bsp//libucosii_bsp.a(alt_load.o)
 .bss           0x0081fd68        0x0 ../vga_bsp//libucosii_bsp.a(alt_lseek.o)
 .bss           0x0081fd68        0x0 ../vga_bsp//libucosii_bsp.a(alt_main.o)
 .bss           0x0081fd68        0x0 ../vga_bsp//libucosii_bsp.a(alt_read.o)
 .bss           0x0081fd68        0x0 ../vga_bsp//libucosii_bsp.a(alt_release_fd.o)
 .bss           0x0081fd68        0x0 ../vga_bsp//libucosii_bsp.a(alt_sbrk.o)
 .bss           0x0081fd68        0x0 ../vga_bsp//libucosii_bsp.a(alt_write.o)
 .bss           0x0081fd68        0x0 ../vga_bsp//libucosii_bsp.a(alt_env_lock.o)
 .bss           0x0081fd68        0x0 ../vga_bsp//libucosii_bsp.a(alt_malloc_lock.o)
 .bss           0x0081fd68        0x0 ../vga_bsp//libucosii_bsp.a(os_core.o)
 .bss           0x0081fd68        0x0 ../vga_bsp//libucosii_bsp.a(os_dbg.o)
 .bss           0x0081fd68        0x0 ../vga_bsp//libucosii_bsp.a(os_flag.o)
 .bss           0x0081fd68        0x0 ../vga_bsp//libucosii_bsp.a(os_mem.o)
 .bss           0x0081fd68        0x0 ../vga_bsp//libucosii_bsp.a(os_q.o)
 .bss           0x0081fd68        0x0 ../vga_bsp//libucosii_bsp.a(os_sem.o)
 .bss           0x0081fd68        0x0 ../vga_bsp//libucosii_bsp.a(os_task.o)
 .bss           0x0081fd68        0x0 ../vga_bsp//libucosii_bsp.a(os_time.o)
 .bss           0x0081fd68        0x0 ../vga_bsp//libucosii_bsp.a(alt_sys_init.o)
 .bss           0x0081fd68        0x0 ../vga_bsp//libucosii_bsp.a(altera_avalon_jtag_uart_fd.o)
 .bss           0x0081fd68        0x0 ../vga_bsp//libucosii_bsp.a(altera_avalon_jtag_uart_init.o)
 .bss           0x0081fd68        0x0 ../vga_bsp//libucosii_bsp.a(altera_avalon_jtag_uart_ioctl.o)
 .bss           0x0081fd68        0x0 ../vga_bsp//libucosii_bsp.a(altera_avalon_jtag_uart_read.o)
 .bss           0x0081fd68        0x0 ../vga_bsp//libucosii_bsp.a(altera_avalon_jtag_uart_write.o)
 .bss           0x0081fd68        0x0 ../vga_bsp//libucosii_bsp.a(altera_avalon_timer_sc.o)
 .bss           0x0081fd68        0x0 ../vga_bsp//libucosii_bsp.a(altera_up_avalon_character_lcd.o)
 .bss           0x0081fd68        0x0 ../vga_bsp//libucosii_bsp.a(altera_up_avalon_video_pixel_buffer_dma.o)
 .bss           0x0081fd68        0x0 ../vga_bsp//libucosii_bsp.a(altera_up_sd_card_avalon_interface.o)
 .bss           0x0081fd68        0x0 ../vga_bsp//libucosii_bsp.a(alt_alarm_start.o)
 .bss           0x0081fd68        0x0 ../vga_bsp//libucosii_bsp.a(alt_dcache_flush_all.o)
 .bss           0x0081fd68        0x0 ../vga_bsp//libucosii_bsp.a(alt_dev_llist_insert.o)
 .bss           0x0081fd68        0x0 ../vga_bsp//libucosii_bsp.a(alt_do_ctors.o)
 .bss           0x0081fd68        0x0 ../vga_bsp//libucosii_bsp.a(alt_do_dtors.o)
 .bss           0x0081fd68        0x0 ../vga_bsp//libucosii_bsp.a(alt_find_dev.o)
 .bss           0x0081fd68        0x0 ../vga_bsp//libucosii_bsp.a(alt_icache_flush_all.o)
 .bss           0x0081fd68        0x0 ../vga_bsp//libucosii_bsp.a(alt_iic.o)
 .bss           0x0081fd68        0x0 ../vga_bsp//libucosii_bsp.a(alt_iic_isr_register.o)
 .bss           0x0081fd68        0x0 ../vga_bsp//libucosii_bsp.a(alt_io_redirect.o)
 .bss           0x0081fd68        0x0 ../vga_bsp//libucosii_bsp.a(alt_irq_entry.o)
 .bss           0x0081fd68        0x0 ../vga_bsp//libucosii_bsp.a(alt_irq_handler.o)
 .bss           0x0081fd68        0x0 ../vga_bsp//libucosii_bsp.a(alt_irq_vars.o)
 .bss           0x0081fd68        0x0 ../vga_bsp//libucosii_bsp.a(alt_open.o)
 .bss           0x0081fd68        0x0 ../vga_bsp//libucosii_bsp.a(alt_tick.o)
 .bss           0x0081fd68        0x0 ../vga_bsp//libucosii_bsp.a(altera_nios2_qsys_irq.o)
 .bss           0x0081fd68        0x0 ../vga_bsp//libucosii_bsp.a(os_cpu_a.o)
 .bss           0x0081fd68        0x0 ../vga_bsp//libucosii_bsp.a(os_cpu_c.o)
 .bss           0x0081fd68        0x0 ../vga_bsp//libucosii_bsp.a(alt_exception_entry.o)
 .bss           0x0081fd68        0x0 ../vga_bsp//libucosii_bsp.a(alt_find_file.o)
 .bss           0x0081fd68        0x0 ../vga_bsp//libucosii_bsp.a(alt_get_fd.o)
 .bss           0x0081fd68        0x0 ../vga_bsp//libucosii_bsp.a(alt_icache_flush.o)
 .bss           0x0081fd68        0x0 /OPT/altera/12.1/nios2eds/bin/gnu/H-i686-pc-linux-gnu/bin/../lib/gcc/nios2-elf/4.1.2/../../../../nios2-elf/lib/libc.a(lib_a-atexit.o)
 .bss           0x0081fd68        0x0 /OPT/altera/12.1/nios2eds/bin/gnu/H-i686-pc-linux-gnu/bin/../lib/gcc/nios2-elf/4.1.2/../../../../nios2-elf/lib/libc.a(lib_a-memcmp.o)
 .bss           0x0081fd68        0x0 /OPT/altera/12.1/nios2eds/bin/gnu/H-i686-pc-linux-gnu/bin/../lib/gcc/nios2-elf/4.1.2/../../../../nios2-elf/lib/libc.a(lib_a-__atexit.o)
 *(COMMON)
 COMMON         0x0081fd68     0x4000 obj/default/hello_ucosii.o
                0x0081fd68                task1_stk
                0x00821d68                task2_stk
 COMMON         0x00823d68     0x3224 ../vga_bsp//libucosii_bsp.a(os_core.o)
                0x00823d68                OSFlagTbl
                0x008240d8                OSMemTbl
                0x00824d08                OSTaskStatStk
                0x00825508                OSQTbl
                0x008256e8                OSTaskIdleStk
                0x00825ee8                OSEventTbl
                0x00826a28                OSTCBTbl
                0x00826f38                OSTCBPrioTbl
 COMMON         0x00826f8c      0x568 ../vga_bsp//libucosii_bsp.a(altera_up_sd_card_avalon_interface.o)
                0x00826f8c                search_data
                0x00826fa0                boot_sector_data
                0x00826ff4                active_files
 COMMON         0x008274f4      0x100 ../vga_bsp//libucosii_bsp.a(alt_irq_handler.o)
                0x008274f4                alt_irq
 COMMON         0x008275f4      0x190 /OPT/altera/12.1/nios2eds/bin/gnu/H-i686-pc-linux-gnu/bin/../lib/gcc/nios2-elf/4.1.2/../../../../nios2-elf/lib/libc.a(lib_a-atexit.o)
                0x008275f4                _atexit0
                0x00827784                . = ALIGN (0x4)
                0x00827784                __bss_end = ABSOLUTE (.)

.sdram_0        0x00827784        0x0
                0x00827784                PROVIDE (_alt_partition_sdram_0_start, ABSOLUTE (.))
 *(.sdram_0. sdram_0.*)
                0x00827784                . = ALIGN (0x4)
                0x00827784                PROVIDE (_alt_partition_sdram_0_end, ABSOLUTE (.))
                0x00827784                _end = ABSOLUTE (.)
                0x00827784                end = ABSOLUTE (.)
                0x00827784                __alt_stack_base = ABSOLUTE (.)
                0x00827784                PROVIDE (_alt_partition_sdram_0_load_addr, LOADADDR (.sdram_0))

.onchip_memory2_0
                0x010841bc        0x0 load address 0x00827784
                0x010841bc                PROVIDE (_alt_partition_onchip_memory2_0_start, ABSOLUTE (.))
 *(.onchip_memory2_0. onchip_memory2_0.*)
                0x010841bc                . = ALIGN (0x4)
                0x010841bc                PROVIDE (_alt_partition_onchip_memory2_0_end, ABSOLUTE (.))
                0x00827784                PROVIDE (_alt_partition_onchip_memory2_0_load_addr, LOADADDR (.onchip_memory2_0))

.stab
 *(.stab)

.stabstr
 *(.stabstr)

.stab.excl
 *(.stab.excl)

.stab.exclstr
 *(.stab.exclstr)

.stab.index
 *(.stab.index)

.stab.indexstr
 *(.stab.indexstr)

.comment        0x00000000       0x26
 *(.comment)
 .comment       0x00000000       0x26 obj/default/hello_ucosii.o
                                 0x27 (size before relaxing)
 .comment       0x00000000       0x27 /OPT/altera/12.1/nios2eds/bin/gnu/H-i686-pc-linux-gnu/bin/../lib/gcc/nios2-elf/4.1.2/../../../../nios2-elf/lib/libc.a(lib_a-exit.o)
 .comment       0x00000000       0x27 /OPT/altera/12.1/nios2eds/bin/gnu/H-i686-pc-linux-gnu/bin/../lib/gcc/nios2-elf/4.1.2/../../../../nios2-elf/lib/libc.a(lib_a-fclose.o)
 .comment       0x00000000       0x27 /OPT/altera/12.1/nios2eds/bin/gnu/H-i686-pc-linux-gnu/bin/../lib/gcc/nios2-elf/4.1.2/../../../../nios2-elf/lib/libc.a(lib_a-fflush.o)
 .comment       0x00000000       0x27 /OPT/altera/12.1/nios2eds/bin/gnu/H-i686-pc-linux-gnu/bin/../lib/gcc/nios2-elf/4.1.2/../../../../nios2-elf/lib/libc.a(lib_a-fgetc.o)
 .comment       0x00000000       0x27 /OPT/altera/12.1/nios2eds/bin/gnu/H-i686-pc-linux-gnu/bin/../lib/gcc/nios2-elf/4.1.2/../../../../nios2-elf/lib/libc.a(lib_a-findfp.o)
 .comment       0x00000000       0x27 /OPT/altera/12.1/nios2eds/bin/gnu/H-i686-pc-linux-gnu/bin/../lib/gcc/nios2-elf/4.1.2/../../../../nios2-elf/lib/libc.a(lib_a-fread.o)
 .comment       0x00000000       0x27 /OPT/altera/12.1/nios2eds/bin/gnu/H-i686-pc-linux-gnu/bin/../lib/gcc/nios2-elf/4.1.2/../../../../nios2-elf/lib/libc.a(lib_a-freer.o)
 .comment       0x00000000       0x27 /OPT/altera/12.1/nios2eds/bin/gnu/H-i686-pc-linux-gnu/bin/../lib/gcc/nios2-elf/4.1.2/../../../../nios2-elf/lib/libc.a(lib_a-fwalk.o)
 .comment       0x00000000       0x27 /OPT/altera/12.1/nios2eds/bin/gnu/H-i686-pc-linux-gnu/bin/../lib/gcc/nios2-elf/4.1.2/../../../../nios2-elf/lib/libc.a(lib_a-impure.o)
 .comment       0x00000000       0x27 /OPT/altera/12.1/nios2eds/bin/gnu/H-i686-pc-linux-gnu/bin/../lib/gcc/nios2-elf/4.1.2/../../../../nios2-elf/lib/libc.a(lib_a-malloc.o)
 .comment       0x00000000       0x27 /OPT/altera/12.1/nios2eds/bin/gnu/H-i686-pc-linux-gnu/bin/../lib/gcc/nios2-elf/4.1.2/../../../../nios2-elf/lib/libc.a(lib_a-mallocr.o)
 .comment       0x00000000       0x27 /OPT/altera/12.1/nios2eds/bin/gnu/H-i686-pc-linux-gnu/bin/../lib/gcc/nios2-elf/4.1.2/../../../../nios2-elf/lib/libc.a(lib_a-memcpy.o)
 .comment       0x00000000       0x27 /OPT/altera/12.1/nios2eds/bin/gnu/H-i686-pc-linux-gnu/bin/../lib/gcc/nios2-elf/4.1.2/../../../../nios2-elf/lib/libc.a(lib_a-memset.o)
 .comment       0x00000000       0x27 /OPT/altera/12.1/nios2eds/bin/gnu/H-i686-pc-linux-gnu/bin/../lib/gcc/nios2-elf/4.1.2/../../../../nios2-elf/lib/libc.a(lib_a-printf.o)
 .comment       0x00000000       0x27 /OPT/altera/12.1/nios2eds/bin/gnu/H-i686-pc-linux-gnu/bin/../lib/gcc/nios2-elf/4.1.2/../../../../nios2-elf/lib/libc.a(lib_a-puts.o)
 .comment       0x00000000       0x27 /OPT/altera/12.1/nios2eds/bin/gnu/H-i686-pc-linux-gnu/bin/../lib/gcc/nios2-elf/4.1.2/../../../../nios2-elf/lib/libc.a(lib_a-refill.o)
 .comment       0x00000000       0x27 /OPT/altera/12.1/nios2eds/bin/gnu/H-i686-pc-linux-gnu/bin/../lib/gcc/nios2-elf/4.1.2/../../../../nios2-elf/lib/libc.a(lib_a-rget.o)
 .comment       0x00000000       0x27 /OPT/altera/12.1/nios2eds/bin/gnu/H-i686-pc-linux-gnu/bin/../lib/gcc/nios2-elf/4.1.2/../../../../nios2-elf/lib/libc.a(lib_a-sbrkr.o)
 .comment       0x00000000       0x27 /OPT/altera/12.1/nios2eds/bin/gnu/H-i686-pc-linux-gnu/bin/../lib/gcc/nios2-elf/4.1.2/../../../../nios2-elf/lib/libc.a(lib_a-stdio.o)
 .comment       0x00000000       0x27 /OPT/altera/12.1/nios2eds/bin/gnu/H-i686-pc-linux-gnu/bin/../lib/gcc/nios2-elf/4.1.2/../../../../nios2-elf/lib/libc.a(lib_a-strlen.o)
 .comment       0x00000000       0x27 /OPT/altera/12.1/nios2eds/bin/gnu/H-i686-pc-linux-gnu/bin/../lib/gcc/nios2-elf/4.1.2/../../../../nios2-elf/lib/libc.a(lib_a-vfprintf.o)
 .comment       0x00000000       0x27 /OPT/altera/12.1/nios2eds/bin/gnu/H-i686-pc-linux-gnu/bin/../lib/gcc/nios2-elf/4.1.2/../../../../nios2-elf/lib/libc.a(lib_a-writer.o)
 .comment       0x00000000       0x27 /OPT/altera/12.1/nios2eds/bin/gnu/H-i686-pc-linux-gnu/bin/../lib/gcc/nios2-elf/4.1.2/../../../../nios2-elf/lib/libc.a(lib_a-wsetup.o)
 .comment       0x00000000       0x27 /OPT/altera/12.1/nios2eds/bin/gnu/H-i686-pc-linux-gnu/bin/../lib/gcc/nios2-elf/4.1.2/../../../../nios2-elf/lib/libc.a(lib_a-__call_atexit.o)
 .comment       0x00000000       0x27 /OPT/altera/12.1/nios2eds/bin/gnu/H-i686-pc-linux-gnu/bin/../lib/gcc/nios2-elf/4.1.2/../../../../nios2-elf/lib/libc.a(lib_a-closer.o)
 .comment       0x00000000       0x27 /OPT/altera/12.1/nios2eds/bin/gnu/H-i686-pc-linux-gnu/bin/../lib/gcc/nios2-elf/4.1.2/../../../../nios2-elf/lib/libc.a(lib_a-dtoa.o)
 .comment       0x00000000       0x27 /OPT/altera/12.1/nios2eds/bin/gnu/H-i686-pc-linux-gnu/bin/../lib/gcc/nios2-elf/4.1.2/../../../../nios2-elf/lib/libc.a(lib_a-fvwrite.o)
 .comment       0x00000000       0x27 /OPT/altera/12.1/nios2eds/bin/gnu/H-i686-pc-linux-gnu/bin/../lib/gcc/nios2-elf/4.1.2/../../../../nios2-elf/lib/libc.a(lib_a-int_errno.o)
 .comment       0x00000000       0x27 /OPT/altera/12.1/nios2eds/bin/gnu/H-i686-pc-linux-gnu/bin/../lib/gcc/nios2-elf/4.1.2/../../../../nios2-elf/lib/libc.a(lib_a-locale.o)
 .comment       0x00000000       0x27 /OPT/altera/12.1/nios2eds/bin/gnu/H-i686-pc-linux-gnu/bin/../lib/gcc/nios2-elf/4.1.2/../../../../nios2-elf/lib/libc.a(lib_a-lseekr.o)
 .comment       0x00000000       0x27 /OPT/altera/12.1/nios2eds/bin/gnu/H-i686-pc-linux-gnu/bin/../lib/gcc/nios2-elf/4.1.2/../../../../nios2-elf/lib/libc.a(lib_a-makebuf.o)
 .comment       0x00000000       0x27 /OPT/altera/12.1/nios2eds/bin/gnu/H-i686-pc-linux-gnu/bin/../lib/gcc/nios2-elf/4.1.2/../../../../nios2-elf/lib/libc.a(lib_a-memchr.o)
 .comment       0x00000000       0x27 /OPT/altera/12.1/nios2eds/bin/gnu/H-i686-pc-linux-gnu/bin/../lib/gcc/nios2-elf/4.1.2/../../../../nios2-elf/lib/libc.a(lib_a-memmove.o)
 .comment       0x00000000       0x27 /OPT/altera/12.1/nios2eds/bin/gnu/H-i686-pc-linux-gnu/bin/../lib/gcc/nios2-elf/4.1.2/../../../../nios2-elf/lib/libc.a(lib_a-mprec.o)