Archive member included because of file (symbol)

/OPT/altera/12.1/nios2eds/bin/gnu/H-i686-pc-linux-gnu/bin/../lib/gcc/nios2-elf/4.1.2/../../../../nios2-elf/lib/libc.a(lib_a-printf.o)
                              obj/default/hello_ucosii.o (printf)
/OPT/altera/12.1/nios2eds/bin/gnu/H-i686-pc-linux-gnu/bin/../lib/gcc/nios2-elf/4.1.2/../../../../nios2-elf/lib/libc.a(lib_a-puts.o)
                              obj/default/hello_ucosii.o (puts)
/OPT/altera/12.1/nios2eds/bin/gnu/H-i686-pc-linux-gnu/bin/../lib/gcc/nios2-elf/4.1.2/../../../../nios2-elf/lib/libc.a(lib_a-strlen.o)
                              /OPT/altera/12.1/nios2eds/bin/gnu/H-i686-pc-linux-gnu/bin/../lib/gcc/nios2-elf/4.1.2/../../../../nios2-elf/lib/libc.a(lib_a-puts.o) (strlen)
/OPT/altera/12.1/nios2eds/bin/gnu/H-i686-pc-linux-gnu/bin/../lib/gcc/nios2-elf/4.1.2/../../../../nios2-elf/lib/libc.a(lib_a-vfprintf.o)
                              /OPT/altera/12.1/nios2eds/bin/gnu/H-i686-pc-linux-gnu/bin/../lib/gcc/nios2-elf/4.1.2/../../../../nios2-elf/lib/libc.a(lib_a-printf.o) (___vfprintf_internal_r)
/OPT/altera/12.1/nios2eds/bin/gnu/H-i686-pc-linux-gnu/bin/../lib/gcc/nios2-elf/4.1.2/../../../../nios2-elf/lib/libc.a(lib_a-wsetup.o)
                              /OPT/altera/12.1/nios2eds/bin/gnu/H-i686-pc-linux-gnu/bin/../lib/gcc/nios2-elf/4.1.2/../../../../nios2-elf/lib/libc.a(lib_a-vfprintf.o) (__swsetup_r)
/OPT/altera/12.1/nios2eds/bin/gnu/H-i686-pc-linux-gnu/bin/../lib/gcc/nios2-elf/4.1.2/../../../../nios2-elf/lib/libc.a(lib_a-dtoa.o)
                              /OPT/altera/12.1/nios2eds/bin/gnu/H-i686-pc-linux-gnu/bin/../lib/gcc/nios2-elf/4.1.2/../../../../nios2-elf/lib/libc.a(lib_a-vfprintf.o) (_dtoa_r)
/OPT/altera/12.1/nios2eds/bin/gnu/H-i686-pc-linux-gnu/bin/../lib/gcc/nios2-elf/4.1.2/../../../../nios2-elf/lib/libc.a(lib_a-fflush.o)
                              /OPT/altera/12.1/nios2eds/bin/gnu/H-i686-pc-linux-gnu/bin/../lib/gcc/nios2-elf/4.1.2/../../../../nios2-elf/lib/libc.a(lib_a-vfprintf.o) (_fflush_r)
/OPT/altera/12.1/nios2eds/bin/gnu/H-i686-pc-linux-gnu/bin/../lib/gcc/nios2-elf/4.1.2/../../../../nios2-elf/lib/libc.a(lib_a-findfp.o)
                              /OPT/altera/12.1/nios2eds/bin/gnu/H-i686-pc-linux-gnu/bin/../lib/gcc/nios2-elf/4.1.2/../../../../nios2-elf/lib/libc.a(lib_a-vfprintf.o) (__sinit)
/OPT/altera/12.1/nios2eds/bin/gnu/H-i686-pc-linux-gnu/bin/../lib/gcc/nios2-elf/4.1.2/../../../../nios2-elf/lib/libc.a(lib_a-freer.o)
                              /OPT/altera/12.1/nios2eds/bin/gnu/H-i686-pc-linux-gnu/bin/../lib/gcc/nios2-elf/4.1.2/../../../../nios2-elf/lib/libc.a(lib_a-wsetup.o) (_free_r)
/OPT/altera/12.1/nios2eds/bin/gnu/H-i686-pc-linux-gnu/bin/../lib/gcc/nios2-elf/4.1.2/../../../../nios2-elf/lib/libc.a(lib_a-fvwrite.o)
                              /OPT/altera/12.1/nios2eds/bin/gnu/H-i686-pc-linux-gnu/bin/../lib/gcc/nios2-elf/4.1.2/../../../../nios2-elf/lib/libc.a(lib_a-puts.o) (__sfvwrite_r)
/OPT/altera/12.1/nios2eds/bin/gnu/H-i686-pc-linux-gnu/bin/../lib/gcc/nios2-elf/4.1.2/../../../../nios2-elf/lib/libc.a(lib_a-fwalk.o)
                              /OPT/altera/12.1/nios2eds/bin/gnu/H-i686-pc-linux-gnu/bin/../lib/gcc/nios2-elf/4.1.2/../../../../nios2-elf/lib/libc.a(lib_a-fflush.o) (_fwalk_reent)
/OPT/altera/12.1/nios2eds/bin/gnu/H-i686-pc-linux-gnu/bin/../lib/gcc/nios2-elf/4.1.2/../../../../nios2-elf/lib/libc.a(lib_a-impure.o)
                              /OPT/altera/12.1/nios2eds/bin/gnu/H-i686-pc-linux-gnu/bin/../lib/gcc/nios2-elf/4.1.2/../../../../nios2-elf/lib/libc.a(lib_a-printf.o) (_impure_ptr)
/OPT/altera/12.1/nios2eds/bin/gnu/H-i686-pc-linux-gnu/bin/../lib/gcc/nios2-elf/4.1.2/../../../../nios2-elf/lib/libc.a(lib_a-locale.o)
                              /OPT/altera/12.1/nios2eds/bin/gnu/H-i686-pc-linux-gnu/bin/../lib/gcc/nios2-elf/4.1.2/../../../../nios2-elf/lib/libc.a(lib_a-vfprintf.o) (_localeconv_r)
/OPT/altera/12.1/nios2eds/bin/gnu/H-i686-pc-linux-gnu/bin/../lib/gcc/nios2-elf/4.1.2/../../../../nios2-elf/lib/libc.a(lib_a-makebuf.o)
                              /OPT/altera/12.1/nios2eds/bin/gnu/H-i686-pc-linux-gnu/bin/../lib/gcc/nios2-elf/4.1.2/../../../../nios2-elf/lib/libc.a(lib_a-wsetup.o) (__smakebuf_r)
/OPT/altera/12.1/nios2eds/bin/gnu/H-i686-pc-linux-gnu/bin/../lib/gcc/nios2-elf/4.1.2/../../../../nios2-elf/lib/libc.a(lib_a-mallocr.o)
                              /OPT/altera/12.1/nios2eds/bin/gnu/H-i686-pc-linux-gnu/bin/../lib/gcc/nios2-elf/4.1.2/../../../../nios2-elf/lib/libc.a(lib_a-findfp.o) (_malloc_r)
/OPT/altera/12.1/nios2eds/bin/gnu/H-i686-pc-linux-gnu/bin/../lib/gcc/nios2-elf/4.1.2/../../../../nios2-elf/lib/libc.a(lib_a-memchr.o)
                              /OPT/altera/12.1/nios2eds/bin/gnu/H-i686-pc-linux-gnu/bin/../lib/gcc/nios2-elf/4.1.2/../../../../nios2-elf/lib/libc.a(lib_a-vfprintf.o) (memchr)
/OPT/altera/12.1/nios2eds/bin/gnu/H-i686-pc-linux-gnu/bin/../lib/gcc/nios2-elf/4.1.2/../../../../nios2-elf/lib/libc.a(lib_a-memcpy.o)
[...]
Memory Configuration

Name             Origin             Length             Attributes
sdram_0          0x00800000         0x00800000
reset            0x01084000         0x00000020
onchip_memory2_0 0x01084020         0x00003fe0
*default*        0x00000000         0xffffffff

Linker script and memory map

LOAD ../vga_bsp//obj/HAL/src/crt0.o
LOAD obj/default/hello_ucosii.o
LOAD /OPT/altera/12.1/nios2eds/bin/gnu/H-i686-pc-linux-gnu/bin/../lib/gcc/nios2-elf/4.1.2/../../../../nios2-elf/lib/libstdc++.a
LOAD /OPT/altera/12.1/nios2eds/bin/gnu/H-i686-pc-linux-gnu/bin/../lib/gcc/nios2-elf/4.1.2/../../../../nios2-elf/lib/libm.a
LOAD /OPT/altera/12.1/nios2eds/bin/gnu/H-i686-pc-linux-gnu/bin/../lib/gcc/nios2-elf/4.1.2/libgcc.a
START GROUP
LOAD /OPT/altera/12.1/nios2eds/bin/gnu/H-i686-pc-linux-gnu/bin/../lib/gcc/nios2-elf/4.1.2/../../../../nios2-elf/lib/libc.a
LOAD /OPT/altera/12.1/nios2eds/bin/gnu/H-i686-pc-linux-gnu/bin/../lib/gcc/nios2-elf/4.1.2/libgcc.a
LOAD ../vga_bsp//libucosii_bsp.a
END GROUP
LOAD /OPT/altera/12.1/nios2eds/bin/gnu/H-i686-pc-linux-gnu/bin/../lib/gcc/nios2-elf/4.1.2/libgcc.a
                0x00800000                __alt_mem_sdram_0 = 0x800000
                0x01084000                __alt_mem_onchip_memory2_0 = 0x1084000

.entry          0x01084000       0x20
 *(.entry)
 .entry         0x01084000       0x20 ../vga_bsp//obj/HAL/src/crt0.o
                0x01084000                __reset

.exceptions     0x01084020      0x19c load address 0x00800000
                0x01084020                PROVIDE (__ram_exceptions_start, ABSOLUTE (.))
                0x01084020                . = ALIGN (0x20)
 *(.irq)
 *(.exceptions.entry.label)
 .exceptions.entry.label
                0x01084020        0x0 ../vga_bsp//libucosii_bsp.a(alt_irq_entry.o)
                0x01084020                alt_irq_entry
 .exceptions.entry.label
                0x01084020        0x0 ../vga_bsp//libucosii_bsp.a(alt_exception_entry.o)
                0x01084020                alt_exception
 *(.exceptions.entry.user)
 *(.exceptions.entry)
 .exceptions.entry
                0x01084020       0x54 ../vga_bsp//libucosii_bsp.a(alt_exception_entry.o)
 *(.exceptions.irqtest.user)
 *(.exceptions.irqtest)
 .exceptions.irqtest
                0x01084074       0x10 ../vga_bsp//libucosii_bsp.a(alt_irq_entry.o)
 *(.exceptions.irqhandler.user)
 *(.exceptions.irqhandler)
 .exceptions.irqhandler
                0x01084084        0x4 ../vga_bsp//libucosii_bsp.a(alt_irq_entry.o)
 *(.exceptions.irqreturn.user)
 *(.exceptions.irqreturn)
 .exceptions.irqreturn
                0x01084088        0x4 ../vga_bsp//libucosii_bsp.a(alt_irq_entry.o)
 *(.exceptions.notirq.label)
 .exceptions.notirq.label
                0x0108408c        0x0 ../vga_bsp//libucosii_bsp.a(alt_irq_entry.o)
 *(.exceptions.notirq.user)
 *(.exceptions.notirq)
 .exceptions.notirq
                0x0108408c        0x8 ../vga_bsp//libucosii_bsp.a(alt_exception_entry.o)
 *(.exceptions.soft.user)
 *(.exceptions.soft)
 *(.exceptions.unknown.user)
 *(.exceptions.unknown)
 .exceptions.unknown
                0x01084094        0x4 ../vga_bsp//libucosii_bsp.a(alt_exception_entry.o)
 *(.exceptions.exit.label)
 .exceptions.exit.label
                0x01084098        0x0 ../vga_bsp//libucosii_bsp.a(alt_irq_entry.o)
 .exceptions.exit.label
                0x01084098        0x0 ../vga_bsp//libucosii_bsp.a(alt_exception_entry.o)
 *(.exceptions.exit.user)
 *(.exceptions.exit)
 .exceptions.exit
                0x01084098       0x54 ../vga_bsp//libucosii_bsp.a(alt_exception_entry.o)
 *(.exceptions)
 .exceptions    0x010840ec       0xd0 ../vga_bsp//libucosii_bsp.a(alt_irq_handler.o)
                0x010840ec                alt_irq_handler
                0x010841bc                PROVIDE (__ram_exceptions_end, ABSOLUTE (.))
                0x00800000                PROVIDE (__flash_exceptions_start, LOADADDR (.exceptions))

.text           0x0080019c    0x1b59c
                0x0080019c                PROVIDE (stext, ABSOLUTE (.))
 *(.interp)
 *(.hash)
 *(.dynsym)
 *(.dynstr)
 *(.gnu.version)
 *(.gnu.version_d)
 *(.gnu.version_r)
 *(.rel.init)
 *(.rela.init)
 *(.rel.text .rel.text.* .rel.gnu.linkonce.t.*)
 *(.rela.text .rela.text.* .rela.gnu.linkonce.t.*)
 *(.rel.fini)
 *(.rela.fini)
 *(.rel.rodata .rel.rodata.* .rel.gnu.linkonce.r.*)
 *(.rela.rodata .rela.rodata.* .rela.gnu.linkonce.r.*)
 *(.rel.data .rel.data.* .rel.gnu.linkonce.d.*)
 *(.rela.data .rela.data.* .rela.gnu.linkonce.d.*)
 *(.rel.tdata .rel.tdata.* .rel.gnu.linkonce.td.*)
 *(.rela.tdata .rela.tdata.* .rela.gnu.linkonce.td.*)
 *(.rel.tbss .rel.tbss.* .rel.gnu.linkonce.tb.*)
 *(.rela.tbss .rela.tbss.* .rela.gnu.linkonce.tb.*)
 *(.rel.ctors)
 *(.rela.ctors)
 *(.rel.dtors)
 *(.rela.dtors)
 *(.rel.got)
 *(.rela.got)
 *(.rel.sdata .rel.sdata.* .rel.gnu.linkonce.s.*)
 *(.rela.sdata .rela.sdata.* .rela.gnu.linkonce.s.*)
 *(.rel.sbss .rel.sbss.* .rel.gnu.linkonce.sb.*)
 *(.rela.sbss .rela.sbss.* .rela.gnu.linkonce.sb.*)
 *(.rel.sdata2 .rel.sdata2.* .rel.gnu.linkonce.s2.*)
 *(.rela.sdata2 .rela.sdata2.* .rela.gnu.linkonce.s2.*)
 *(.rel.sbss2 .rel.sbss2.* .rel.gnu.linkonce.sb2.*)
 *(.rela.sbss2 .rela.sbss2.* .rela.gnu.linkonce.sb2.*)
 *(.rel.bss .rel.bss.* .rel.gnu.linkonce.b.*)
 *(.rela.bss .rela.bss.* .rela.gnu.linkonce.b.*)
 *(.rel.plt)
 *(.rela.plt)
 *(.rel.dyn)
 *(.init)
 *(.plt)
 *(.text .stub .text.* .gnu.linkonce.t.*)
 .text          0x0080019c       0x4c ../vga_bsp//obj/HAL/src/crt0.o
                0x0080019c                _start
 .text          0x008001e8      0x4f0 obj/default/hello_ucosii.o
                0x008001e8                main
 .text          0x008006d8       0x78 /OPT/altera/12.1/nios2eds/bin/gnu/H-i686-pc-linux-gnu/bin/../lib/gcc/nios2-elf/4.1.2/../../../../nios2-elf/lib/libc.a(lib_a-printf.o)
                0x008006d8                printf
                0x0080071c                _printf_r
 .text          0x00800750       0xb4 /OPT/altera/12.1/nios2eds/bin/gnu/H-i686-pc-linux-gnu/bin/../lib/gcc/nios2-elf/4.1.2/../../../../nios2-elf/lib/libc.a(lib_a-puts.o)
                0x00800750                _puts_r
                0x008007f0                puts
 .text          0x00800804       0x74 /OPT/altera/12.1/nios2eds/bin/gnu/H-i686-pc-linux-gnu/bin/../lib/gcc/nios2-elf/4.1.2/../../../../nios2-elf/lib/libc.a(lib_a-strlen.o)
                0x00800804                strlen
 .text          0x00800878     0x1f28 /OPT/altera/12.1/nios2eds/bin/gnu/H-i686-pc-linux-gnu/bin/../lib/gcc/nios2-elf/4.1.2/../../../../nios2-elf/lib/libc.a(lib_a-vfprintf.o)
                0x008008d0                ___vfprintf_internal_r
                0x0080277c                __vfprintf_internal
 .text          0x008027a0      0x13c /OPT/altera/12.1/nios2eds/bin/gnu/H-i686-pc-linux-gnu/bin/../lib/gcc/nios2-elf/4.1.2/../../../../nios2-elf/lib/libc.a(lib_a-wsetup.o)
                0x008027a0                __swsetup_r
 .text          0x008028dc     0x17cc /OPT/altera/12.1/nios2eds/bin/gnu/H-i686-pc-linux-gnu/bin/../lib/gcc/nios2-elf/4.1.2/../../../../nios2-elf/lib/libc.a(lib_a-dtoa.o)
                0x00802af4                _dtoa_r
 .text          0x008040a8      0x230 /OPT/altera/12.1/nios2eds/bin/gnu/H-i686-pc-linux-gnu/bin/../lib/gcc/nios2-elf/4.1.2/../../../../nios2-elf/lib/libc.a(lib_a-fflush.o)
                0x008040a8                _fflush_r
                0x008042a4                fflush
 .text          0x008042d8      0x2c0 /OPT/altera/12.1/nios2eds/bin/gnu/H-i686-pc-linux-gnu/bin/../lib/gcc/nios2-elf/4.1.2/../../../../nios2-elf/lib/libc.a(lib_a-findfp.o)
                0x00804330                __sfp_lock_acquire
                0x00804334                __sfp_lock_release
                0x00804338                __sinit_lock_acquire
                0x0080433c                __sinit_lock_release
                0x00804340                __sinit
                0x008043f4                __fp_unlock_all
                0x0080440c                __fp_lock_all
                0x00804424                _cleanup_r
                0x00804430                _cleanup
                0x00804440                __sfmoreglue
                0x008044a8                __sfp
 .text          0x00804598      0x440 /OPT/altera/12.1/nios2eds/bin/gnu/H-i686-pc-linux-gnu/bin/../lib/gcc/nios2-elf/4.1.2/../../../../nios2-elf/lib/libc.a(lib_a-freer.o)
                0x00804598                _malloc_trim_r
                0x008046c4                _free_r
 .text          0x008049d8      0x49c /OPT/altera/12.1/nios2eds/bin/gnu/H-i686-pc-linux-gnu/bin/../lib/gcc/nios2-elf/4.1.2/../../../../nios2-elf/lib/libc.a(lib_a-fvwrite.o)
                0x008049d8                __sfvwrite_r
 .text          0x00804e74      0x180 /OPT/altera/12.1/nios2eds/bin/gnu/H-i686-pc-linux-gnu/bin/../lib/gcc/nios2-elf/4.1.2/../../../../nios2-elf/lib/libc.a(lib_a-fwalk.o)
                0x00804e74                _fwalk_reent
                0x00804f3c                _fwalk
 .text          0x00804ff4        0x0 /OPT/altera/12.1/nios2eds/bin/gnu/H-i686-pc-linux-gnu/bin/../lib/gcc/nios2-elf/4.1.2/../../../../nios2-elf/lib/libc.a(lib_a-impure.o)
 .text          0x00804ff4       0xc4 /OPT/altera/12.1/nios2eds/bin/gnu/H-i686-pc-linux-gnu/bin/../lib/gcc/nios2-elf/4.1.2/../../../../nios2-elf/lib/libc.a(lib_a-locale.o)
                0x00804ff4                __locale_charset
                0x00804ffc                _localeconv_r
                0x00805008                localeconv
                0x00805018                _setlocale_r
                0x0080509c                setlocale
 .text          0x008050b8      0x194 /OPT/altera/12.1/nios2eds/bin/gnu/H-i686-pc-linux-gnu/bin/../lib/gcc/nios2-elf/4.1.2/../../../../nios2-elf/lib/libc.a(lib_a-makebuf.o)
                0x008050b8                __smakebuf_r
 .text          0x0080524c      0x740 /OPT/altera/12.1/nios2eds/bin/gnu/H-i686-pc-linux-gnu/bin/../lib/gcc/nios2-elf/4.1.2/../../../../nios2-elf/lib/libc.a(lib_a-mallocr.o)
                0x0080524c                _malloc_r
 .text          0x0080598c       0xe4 /OPT/altera/12.1/nios2eds/bin/gnu/H-i686-pc-linux-gnu/bin/../lib/gcc/nios2-elf/4.1.2/../../../../nios2-elf/lib/libc.a(lib_a-memchr.o)
                0x0080598c                memchr
 .text          0x00805a70       0xa0 /OPT/altera/12.1/nios2eds/bin/gnu/H-i686-pc-linux-gnu/bin/../lib/gcc/nios2-elf/4.1.2/../../../../nios2-elf/lib/libc.a(lib_a-memcpy.o)
                0x00805a70                memcpy
 .text          0x00805b10       0xe0 /OPT/altera/12.1/nios2eds/bin/gnu/H-i686-pc-linux-gnu/bin/../lib/gcc/nios2-elf/4.1.2/../../../../nios2-elf/lib/libc.a(lib_a-memmove.o)
                0x00805b10                memmove
 .text          0x00805bf0       0x98 /OPT/altera/12.1/nios2eds/bin/gnu/H-i686-pc-linux-gnu/bin/../lib/gcc/nios2-elf/4.1.2/../../../../nios2-elf/lib/libc.a(lib_a-memset.o)
                0x00805bf0                memset
 .text          0x00805c88      0xff4 /OPT/altera/12.1/nios2eds/bin/gnu/H-i686-pc-linux-gnu/bin/../lib/gcc/nios2-elf/4.1.2/../../../../nios2-elf/lib/libc.a(lib_a-mprec.o)
                0x00805c88                _Bfree
                0x00805cb0                __hi0bits
                0x00805d20                __lo0bits
                0x00805de4                __mcmp
                0x00805e44                __ulp
                0x00805ec4                __b2d
                0x00805fe4                __ratio
                0x00806094                _mprec_log10
                0x00806128                __copybits
                0x00806180                __any_on
                0x00806208                _Balloc
                0x008062c4                __d2b
                0x00806440                __mdiff
                0x008065cc                __lshift
                0x00806718                __multiply
                0x00806900                __i2b
                0x0080693c                __multadd
                0x00806a3c                __pow5mult
                0x00806b5c                __s2b
 .text          0x00806c7c      0x5f4 /OPT/altera/12.1/nios2eds/bin/gnu/H-i686-pc-linux-gnu/bin/../lib/gcc/nios2-elf/4.1.2/../../../../nios2-elf/lib/libc.a(lib_a-reallocr.o)
                0x00806c7c                _realloc_r
 .text          0x00807270       0x40 /OPT/altera/12.1/nios2eds/bin/gnu/H-i686-pc-linux-gnu/bin/../lib/gcc/nios2-elf/4.1.2/../../../../nios2-elf/lib/libc.a(lib_a-s_isinfd.o)
                0x00807270                __isinfd
 .text          0x008072b0       0x30 /OPT/altera/12.1/nios2eds/bin/gnu/H-i686-pc-linux-gnu/bin/../lib/gcc/nios2-elf/4.1.2/../../../../nios2-elf/lib/libc.a(lib_a-s_isnand.o)
                0x008072b0                __isnand
 .text          0x008072e0       0x70 /OPT/altera/12.1/nios2eds/bin/gnu/H-i686-pc-linux-gnu/bin/../lib/gcc/nios2-elf/4.1.2/../../../../nios2-elf/lib/libc.a(lib_a-sbrkr.o)
                0x008072e0                _sbrk_r
 .text          0x00807350      0x14c /OPT/altera/12.1/nios2eds/bin/gnu/H-i686-pc-linux-gnu/bin/../lib/gcc/nios2-elf/4.1.2/../../../../nios2-elf/lib/libc.a(lib_a-stdio.o)
                0x00807350                __sclose
                0x00807358                __sseek
                0x008073c0                __swrite
                0x0080743c                __sread
 .text          0x0080749c       0xbc /OPT/altera/12.1/nios2eds/bin/gnu/H-i686-pc-linux-gnu/bin/../lib/gcc/nios2-elf/4.1.2/../../../../nios2-elf/lib/libc.a(lib_a-strcmp.o)
                0x0080749c                strcmp
 .text          0x00807558       0x78 /OPT/altera/12.1/nios2eds/bin/gnu/H-i686-pc-linux-gnu/bin/../lib/gcc/nios2-elf/4.1.2/../../../../nios2-elf/lib/libc.a(lib_a-writer.o)
                0x00807558                _write_r
 .text          0x008075d0       0xb4 /OPT/altera/12.1/nios2eds/bin/gnu/H-i686-pc-linux-gnu/bin/../lib/gcc/nios2-elf/4.1.2/../../../../nios2-elf/lib/libc.a(lib_a-callocr.o)
                0x008075d0                _calloc_r
 .text          0x00807684       0x70 /OPT/altera/12.1/nios2eds/bin/gnu/H-i686-pc-linux-gnu/bin/../lib/gcc/nios2-elf/4.1.2/../../../../nios2-elf/lib/libc.a(lib_a-closer.o)
                0x00807684                _close_r
 .text          0x008076f4      0x124 /OPT/altera/12.1/nios2eds/bin/gnu/H-i686-pc-linux-gnu/bin/../lib/gcc/nios2-elf/4.1.2/../../../../nios2-elf/lib/libc.a(lib_a-fclose.o)
                0x008076f4                _fclose_r
                0x00807804                fclose
 .text          0x00807818       0x74 /OPT/altera/12.1/nios2eds/bin/gnu/H-i686-pc-linux-gnu/bin/../lib/gcc/nios2-elf/4.1.2/../../../../nios2-elf/lib/libc.a(lib_a-fstatr.o)
                0x00807818                _fstat_r
 .text          0x0080788c        0x0 /OPT/altera/12.1/nios2eds/bin/gnu/H-i686-pc-linux-gnu/bin/../lib/gcc/nios2-elf/4.1.2/../../../../nios2-elf/lib/libc.a(lib_a-int_errno.o)
 .text          0x0080788c       0x70 /OPT/altera/12.1/nios2eds/bin/gnu/H-i686-pc-linux-gnu/bin/../lib/gcc/nios2-elf/4.1.2/../../../../nios2-elf/lib/libc.a(lib_a-isattyr.o)
                0x0080788c                _isatty_r
 .text          0x008078fc       0x78 /OPT/altera/12.1/nios2eds/bin/gnu/H-i686-pc-linux-gnu/bin/../lib/gcc/nios2-elf/4.1.2/../../../../nios2-elf/lib/libc.a(lib_a-lseekr.o)
                0x008078fc                _lseek_r
 .text          0x00807974       0x78 /OPT/altera/12.1/nios2eds/bin/gnu/H-i686-pc-linux-gnu/bin/../lib/gcc/nios2-elf/4.1.2/../../../../nios2-elf/lib/libc.a(lib_a-readr.o)
                0x00807974                _read_r
 .text          0x008079ec      0x5dc /OPT/altera/12.1/nios2eds/bin/gnu/H-i686-pc-linux-gnu/bin/../lib/gcc/nios2-elf/4.1.2/libgcc.a(_udivdi3.o)
                0x008079ec                __udivdi3
 .text          0x00807fc8      0x5b0 /OPT/altera/12.1/nios2eds/bin/gnu/H-i686-pc-linux-gnu/bin/../lib/gcc/nios2-elf/4.1.2/libgcc.a(_umoddi3.o)
                0x00807fc8                __umoddi3
 .text          0x00808578      0x504 /OPT/altera/12.1/nios2eds/bin/gnu/H-i686-pc-linux-gnu/bin/../lib/gcc/nios2-elf/4.1.2/libgcc.a(_addsub_df.o)
                0x00808988                __subdf3
                0x00808a08                __adddf3
 .text          0x00808a7c      0x3c4 /OPT/altera/12.1/nios2eds/bin/gnu/H-i686-pc-linux-gnu/bin/../lib/gcc/nios2-elf/4.1.2/libgcc.a(_mul_df.o)
                0x00808a7c                __muldf3
 .text          0x00808e40      0x258 /OPT/altera/12.1/nios2eds/bin/gnu/H-i686-pc-linux-gnu/bin/../lib/gcc/nios2-elf/4.1.2/libgcc.a(_div_df.o)
                0x00808e40                __divdf3
 .text          0x00809098       0x88 /OPT/altera/12.1/nios2eds/bin/gnu/H-i686-pc-linux-gnu/bin/../lib/gcc/nios2-elf/4.1.2/libgcc.a(_eq_df.o)
                0x00809098                __eqdf2
 .text          0x00809120       0x88 /OPT/altera/12.1/nios2eds/bin/gnu/H-i686-pc-linux-gnu/bin/../lib/gcc/nios2-elf/4.1.2/libgcc.a(_ne_df.o)
                0x00809120                __nedf2
 .text          0x008091a8       0x88 /OPT/altera/12.1/nios2eds/bin/gnu/H-i686-pc-linux-gnu/bin/../lib/gcc/nios2-elf/4.1.2/libgcc.a(_gt_df.o)
                0x008091a8                __gtdf2
 .text          0x00809230       0x88 /OPT/altera/12.1/nios2eds/bin/gnu/H-i686-pc-linux-gnu/bin/../lib/gcc/nios2-elf/4.1.2/libgcc.a(_ge_df.o)
                0x00809230                __gedf2
 .text          0x008092b8       0x88 /OPT/altera/12.1/nios2eds/bin/gnu/H-i686-pc-linux-gnu/bin/../lib/gcc/nios2-elf/4.1.2/libgcc.a(_lt_df.o)
                0x008092b8                __ltdf2
 .text          0x00809340       0xf8 /OPT/altera/12.1/nios2eds/bin/gnu/H-i686-pc-linux-gnu/bin/../lib/gcc/nios2-elf/4.1.2/libgcc.a(_si_to_df.o)
                0x00809340                __floatsidf
 .text          0x00809438       0xd8 /OPT/altera/12.1/nios2eds/bin/gnu/H-i686-pc-linux-gnu/bin/../lib/gcc/nios2-elf/4.1.2/libgcc.a(_df_to_si.o)
                0x00809438                __fixdfsi
 .text          0x00809510        0x0 /OPT/altera/12.1/nios2eds/bin/gnu/H-i686-pc-linux-gnu/bin/../lib/gcc/nios2-elf/4.1.2/libgcc.a(_thenan_df.o)
 .text          0x00809510      0x194 /OPT/altera/12.1/nios2eds/bin/gnu/H-i686-pc-linux-gnu/bin/../lib/gcc/nios2-elf/4.1.2/libgcc.a(_usi_to_df.o)
                0x00809510                __floatunsidf
 .text          0x008096a4      0x14c /OPT/altera/12.1/nios2eds/bin/gnu/H-i686-pc-linux-gnu/bin/../lib/gcc/nios2-elf/4.1.2/libgcc.a(lib2-divmod.o)
                0x00809720                __divsi3
                0x00809780                __modsi3
                0x008097e0                __udivsi3
                0x008097e8                __umodsi3
 .text          0x008097f0       0x98 /OPT/altera/12.1/nios2eds/bin/gnu/H-i686-pc-linux-gnu/bin/../lib/gcc/nios2-elf/4.1.2/libgcc.a(_muldi3.o)
                0x008097f0                __muldi3
 .text          0x00809888        0x0 /OPT/altera/12.1/nios2eds/bin/gnu/H-i686-pc-linux-gnu/bin/../lib/gcc/nios2-elf/4.1.2/libgcc.a(_clz.o)
 .text          0x00809888       0x80 /OPT/altera/12.1/nios2eds/bin/gnu/H-i686-pc-linux-gnu/bin/../lib/gcc/nios2-elf/4.1.2/libgcc.a(_clzsi2.o)
                0x00809888                __clzsi2
 .text          0x00809908      0x314 /OPT/altera/12.1/nios2eds/bin/gnu/H-i686-pc-linux-gnu/bin/../lib/gcc/nios2-elf/4.1.2/libgcc.a(_pack_df.o)
                0x00809908                __pack_d
 .text          0x00809c1c      0x138 /OPT/altera/12.1/nios2eds/bin/gnu/H-i686-pc-linux-gnu/bin/../lib/gcc/nios2-elf/4.1.2/libgcc.a(_unpack_df.o)
                0x00809c1c                __unpack_d
 .text          0x00809d54       0xc8 /OPT/altera/12.1/nios2eds/bin/gnu/H-i686-pc-linux-gnu/bin/../lib/gcc/nios2-elf/4.1.2/libgcc.a(_fpcmp_parts_df.o)
                0x00809d54                __fpcmp_parts_d
 .text          0x00809e1c      0x15c ../vga_bsp//libucosii_bsp.a(alt_close.o)
                0x00809e1c                close
 .text          0x00809f78       0x2c ../vga_bsp//libucosii_bsp.a(alt_dev.o)
 .text          0x00809fa4        0x0 ../vga_bsp//libucosii_bsp.a(alt_errno.o)
 .text          0x00809fa4      0x134 ../vga_bsp//libucosii_bsp.a(alt_fstat.o)
                0x00809fa4                fstat
 .text          0x0080a0d8      0x120 ../vga_bsp//libucosii_bsp.a(alt_isatty.o)
                0x0080a0d8                isatty
 .text          0x0080a1f8       0xec ../vga_bsp//libucosii_bsp.a(alt_load.o)
                0x0080a1f8                alt_load
 .text          0x0080a2e4      0x150 ../vga_bsp//libucosii_bsp.a(alt_lseek.o)
                0x0080a2e4                lseek
 .text          0x0080a434       0xc8 ../vga_bsp//libucosii_bsp.a(alt_main.o)
                0x0080a434                alt_main
 .text          0x0080a4fc      0x180 ../vga_bsp//libucosii_bsp.a(alt_read.o)
                0x0080a4fc                read
 .text          0x0080a67c       0x60 ../vga_bsp//libucosii_bsp.a(alt_release_fd.o)
                0x0080a67c                alt_release_fd
 .text          0x0080a6dc       0xbc ../vga_bsp//libucosii_bsp.a(alt_sbrk.o)
                0x0080a6dc                sbrk
 .text          0x0080a798      0x180 ../vga_bsp//libucosii_bsp.a(alt_write.o)
                0x0080a798                write
 .text          0x0080a918      0x108 ../vga_bsp//libucosii_bsp.a(alt_env_lock.o)
                0x0080a918                __env_lock
                0x0080a9c4                __env_unlock
 .text          0x0080aa20      0x1d8 ../vga_bsp//libucosii_bsp.a(alt_malloc_lock.o)
                0x0080aa20                __malloc_lock
                0x0080ab28                __malloc_unlock
 .text          0x0080abf8     0x2128 ../vga_bsp//libucosii_bsp.a(os_core.o)
                0x0080abf8                OSEventNameGet
                0x0080ad28                OSEventNameSet
                0x0080ae6c                OSEventPendMulti
                0x0080b520                OSInit
                0x0080b574                OSIntEnter
                0x0080b5f0                OSIntExit
                0x0080b6f0                OSSchedLock
                0x0080b77c                OSSchedUnlock
                0x0080b860                OSStart
                0x0080b8d0                OSStatInit
                0x0080b97c                OSTimeTick
                0x0080bbbc                OSVersion
                0x0080bbdc                OS_Dummy
                0x0080bbf8                OS_EventTaskRdy
                0x0080bd8c                OS_EventTaskWait
                0x0080be9c                OS_EventTaskWaitMulti
                0x0080bff0                OS_EventTaskRemove
                0x0080c0a8                OS_EventTaskRemoveMulti
                0x0080c1ac                OS_EventWaitListInit
                0x0080c578                OS_MemClr
                0x0080c5cc                OS_MemCopy
                0x0080c638                OS_Sched
                0x0080c77c                OS_StrCopy
                0x0080c7fc                OS_StrLen
                0x0080c854                OS_TaskIdle
                0x0080c8b0                OS_TaskStat
                0x0080c978                OS_TaskStatStkChk
                0x0080ca40                OS_TCBInit
 .text          0x0080cd20      0x18c ../vga_bsp//libucosii_bsp.a(os_dbg.o)
                0x0080cd20                OSDebugInit
 .text          0x0080ceac     0x193c ../vga_bsp//libucosii_bsp.a(os_flag.o)
                0x0080ceac                OSFlagAccept
                0x0080d1e0                OSFlagCreate
                0x0080d31c                OSFlagDel
                0x0080d5c4                OSFlagNameGet
                0x0080d708                OSFlagNameSet
                0x0080d85c                OSFlagPend
                0x0080dea0                OSFlagPendGetFlagsRdy
                0x0080df08                OSFlagPost
                0x0080e2b0                OSFlagQuery
                0x0080e548                OS_FlagInit
                0x0080e73c                OS_FlagUnlink
 .text          0x0080e7e8      0x808 ../vga_bsp//libucosii_bsp.a(os_mem.o)
                0x0080e7e8                OSMemCreate
                0x0080ea04                OSMemGet
                0x0080eb08                OSMemNameGet
                0x0080ec14                OSMemNameSet
                0x0080ed34                OSMemPut
                0x0080ee24                OSMemQuery
                0x0080ef20                OS_MemInit
 .text          0x0080eff0     0x1334 ../vga_bsp//libucosii_bsp.a(os_q.o)
                0x0080eff0                OSQAccept
                0x0080f144                OSQCreate
                0x0080f358                OSQDel
                0x0080f658                OSQFlush
                0x0080f720                OSQPend
                0x0080fa40                OSQPendAbort
                0x0080fbbc                OSQPost
                0x0080fd3c                OSQPostFront
                0x0080fec4                OSQPostOpt
                0x008100f8                OSQQuery
                0x00810278                OS_QInit
 .text          0x00810324      0xbc8 ../vga_bsp//libucosii_bsp.a(os_sem.o)
                0x00810324                OSSemAccept
                0x008103e4                OSSemCreate
                0x008104f8                OSSemDel
                0x00810798                OSSemPend
                0x00810a14                OSSemPendAbort
                0x00810b90                OSSemPost
                0x00810cb8                OSSemQuery
                0x00810de8                OSSemSet
 .text          0x00810eec     0x1a40 ../vga_bsp//libucosii_bsp.a(os_task.o)
                0x00810eec                OSTaskChangePrio
                0x00811460                OSTaskCreate
                0x00811634                OSTaskCreateExt
                0x00811834                OSTaskDel
                0x00811c40                OSTaskDelReq
                0x00811db0                OSTaskNameGet
                0x00811f68                OSTaskNameSet
                0x0081212c                OSTaskResume
                0x00812344                OSTaskStkChk
                0x00812540                OSTaskSuspend
                0x0081276c                OSTaskQuery
                0x008128b0                OS_TaskStkClr
 .text          0x0081292c      0x598 ../vga_bsp//libucosii_bsp.a(os_time.o)
                0x0081292c                OSTimeDly
                0x00812a78                OSTimeDlyHMSM
                0x00812bec                OSTimeDlyResume
                0x00812dfc                OSTimeGet
                0x00812e60                OSTimeSet
 .text          0x00812ec4      0x2e4 ../vga_bsp//libucosii_bsp.a(alt_sys_init.o)
                0x00812ec4                alt_irq_init
                0x00812ef8                alt_sys_init
 .text          0x008131a8      0x148 ../vga_bsp//libucosii_bsp.a(altera_avalon_jtag_uart_fd.o)
                0x008131a8                altera_avalon_jtag_uart_read_fd
                0x00813200                altera_avalon_jtag_uart_write_fd
                0x00813258                altera_avalon_jtag_uart_close_fd
                0x008132a0                altera_avalon_jtag_uart_ioctl_fd
 .text          0x008132f0      0x584 ../vga_bsp//libucosii_bsp.a(altera_avalon_jtag_uart_init.o)
                0x008132f0                altera_avalon_jtag_uart_init
                0x00813800                altera_avalon_jtag_uart_close
 .text          0x00813874       0xf4 ../vga_bsp//libucosii_bsp.a(altera_avalon_jtag_uart_ioctl.o)
                0x00813874                altera_avalon_jtag_uart_ioctl
 .text          0x00813968      0x2c0 ../vga_bsp//libucosii_bsp.a(altera_avalon_jtag_uart_read.o)
                0x00813968                altera_avalon_jtag_uart_read
 .text          0x00813c28      0x2dc ../vga_bsp//libucosii_bsp.a(altera_avalon_jtag_uart_write.o)
                0x00813c28                altera_avalon_jtag_uart_write
 .text          0x00813f04      0x100 ../vga_bsp//libucosii_bsp.a(altera_avalon_timer_sc.o)
                0x00813f74                alt_avalon_timer_sc_init
 .text          0x00814004      0x530 ../vga_bsp//libucosii_bsp.a(altera_up_avalon_character_lcd.o)
                0x00814004                get_DDRAM_addr
                0x00814080                alt_up_character_lcd_send_cmd
                0x008140b4                alt_up_character_lcd_init
                0x008140e8                alt_up_character_lcd_open_dev
                0x00814128                alt_up_character_lcd_write
                0x008141a0                alt_up_character_lcd_string
                0x00814218                alt_up_character_lcd_write_fd
                0x00814264                alt_up_character_lcd_set_cursor_pos
                0x008142dc                alt_up_character_lcd_shift_cursor
                0x0081438c                alt_up_character_lcd_shift_display
                0x0081443c                alt_up_character_lcd_erase_pos
                0x008144cc                alt_up_character_lcd_cursor_off
                0x00814500                alt_up_character_lcd_cursor_blink_on
 .text          0x00814534     0x156c ../vga_bsp//libucosii_bsp.a(altera_up_avalon_video_pixel_buffer_dma.o)
                0x00814534                alt_up_pixel_buffer_dma_open_dev
                0x00814574                alt_up_pixel_buffer_dma_draw
                0x00814714                alt_up_pixel_buffer_dma_change_back_buffer_address
                0x0081476c                alt_up_pixel_buffer_dma_swap_buffers
                0x008147c4                alt_up_pixel_buffer_dma_check_swap_buffers_status
                0x008147f8                alt_up_pixel_buffer_dma_clear_screen
                0x0081495c                alt_up_pixel_buffer_dma_draw_box
                0x00814e50                alt_up_pixel_buffer_dma_draw_hline
                0x008151a0                alt_up_pixel_buffer_dma_draw_vline
                0x00815570                alt_up_pixel_buffer_dma_draw_rectangle
                0x00815634                helper_plot_pixel
                0x00815704                alt_up_pixel_buffer_dma_draw_line
 .text          0x00815aa0     0x4428 ../vga_bsp//libucosii_bsp.a(altera_up_sd_card_avalon_interface.o)
                0x00815aa0                Write_Sector_Data
                0x00815b68                Save_Modified_Sector
                0x00815bb8                Read_Sector_Data
                0x00815cb4                get_cluster_flag
                0x00815d6c                mark_cluster
                0x00815e50                Check_for_Master_Boot_Record
                0x00816000                Read_File_Record_At_Offset
                0x00816284                Write_File_Record_At_Offset
                0x0081653c                Check_for_DOS_FAT
                0x00816b84                Look_for_FAT16
                0x00816c7c                filename_to_upper_case
                0x00816d4c                check_file_name_for_FAT16_compliance
                0x00816fdc                get_dir_divider_location
                0x0081709c                match_file_record_to_name_ext
                0x00817388                get_home_directory_cluster_for_file
                0x0081789c                find_file_in_directory
                0x00817d00                find_first_empty_cluster
                0x00817ea4                find_first_empty_record_in_a_subdirectory
                0x008180f0                find_first_empty_record_in_root_directory
                0x0081821c                convert_filename_to_name_extension
                0x008183d4                create_file
                0x008186a8                copy_file_record_name_to_string
                0x008187fc                alt_up_sd_card_open_dev
                0x008188c0                alt_up_sd_card_is_Present
                0x00818988                alt_up_sd_card_is_FAT16
                0x008189fc                alt_up_sd_card_find_first
                0x00818ad0                alt_up_sd_card_find_next
                0x00818e80                alt_up_sd_card_fopen
                0x00819228                alt_up_sd_card_set_attributes
                0x008192b8                alt_up_sd_card_get_attributes
                0x00819344                alt_up_sd_card_read
                0x008196d8                alt_up_sd_card_write
                0x00819cfc                alt_up_sd_card_fclose
 .text          0x00819ec8      0x154 ../vga_bsp//libucosii_bsp.a(alt_alarm_start.o)
                0x00819ec8                alt_alarm_start
 .text          0x0081a01c       0x44 ../vga_bsp//libucosii_bsp.a(alt_dcache_flush_all.o)
                0x0081a01c                alt_dcache_flush_all
 .text          0x0081a060      0x114 ../vga_bsp//libucosii_bsp.a(alt_dev_llist_insert.o)
                0x0081a060                alt_dev_llist_insert
 .text          0x0081a174       0x64 ../vga_bsp//libucosii_bsp.a(alt_do_ctors.o)
                0x0081a174                _do_ctors
 .text          0x0081a1d8       0x64 ../vga_bsp//libucosii_bsp.a(alt_do_dtors.o)
                0x0081a1d8                _do_dtors
 .text          0x0081a23c       0x94 ../vga_bsp//libucosii_bsp.a(alt_find_dev.o)
                0x0081a23c                alt_find_dev
 .text          0x0081a2d0       0x30 ../vga_bsp//libucosii_bsp.a(alt_icache_flush_all.o)
                0x0081a2d0                alt_icache_flush_all
 .text          0x0081a300      0x1d4 ../vga_bsp//libucosii_bsp.a(alt_iic.o)
                0x0081a300                alt_ic_isr_register
                0x0081a350                alt_ic_irq_enable
                0x0081a3ec                alt_ic_irq_disable
                0x0081a48c                alt_ic_irq_enabled
 .text          0x0081a4d4       0xf8 ../vga_bsp//libucosii_bsp.a(alt_iic_isr_register.o)
                0x0081a4d4                alt_iic_isr_register
 .text          0x0081a5cc      0x13c ../vga_bsp//libucosii_bsp.a(alt_io_redirect.o)
                0x0081a690                alt_io_redirect
 .text          0x0081a708        0x0 ../vga_bsp//libucosii_bsp.a(alt_irq_entry.o)
 .text          0x0081a708        0x0 ../vga_bsp//libucosii_bsp.a(alt_irq_handler.o)
 .text          0x0081a708        0x0 ../vga_bsp//libucosii_bsp.a(alt_irq_vars.o)
 .text          0x0081a708      0x2c4 ../vga_bsp//libucosii_bsp.a(alt_open.o)
                0x0081a7e4                open
 .text          0x0081a9cc      0x1a8 ../vga_bsp//libucosii_bsp.a(alt_tick.o)
                0x0081a9cc                alt_alarm_stop
                0x0081aa64                alt_tick
 .text          0x0081ab74       0x20 ../vga_bsp//libucosii_bsp.a(altera_nios2_qsys_irq.o)
                0x0081ab74                altera_nios2_qsys_irq_init
 .text          0x0081ab94       0xd0 ../vga_bsp//libucosii_bsp.a(os_cpu_a.o)
                0x0081ab94                OSCtxSw
                0x0081ab94                OSIntCtxSw
                0x0081ac20                OSStartHighRdy
                0x0081ac40                OSStartTsk
 .text          0x0081ac64      0x418 ../vga_bsp//libucosii_bsp.a(os_cpu_c.o)
                0x0081ac64                OSTaskStkInit
                0x0081af74                OSTaskCreateHook
                0x0081af94                OSTaskDelHook
                0x0081afb4                OSTaskSwHook
                0x0081afd0                OSTaskStatHook
                0x0081afec                OSTimeTickHook
                0x0081b008                OSInitHookBegin
                0x0081b024                OSInitHookEnd
                0x0081b040                OSTaskIdleHook
                0x0081b05c                OSTCBInitHook
 .text          0x0081b07c        0x0 ../vga_bsp//libucosii_bsp.a(alt_exception_entry.o)
 .text          0x0081b07c      0x120 ../vga_bsp//libucosii_bsp.a(alt_find_file.o)
                0x0081b07c                alt_find_file
 .text          0x0081b19c       0xf4 ../vga_bsp//libucosii_bsp.a(alt_get_fd.o)
                0x0081b19c                alt_get_fd
 .text          0x0081b290       0x90 ../vga_bsp//libucosii_bsp.a(alt_icache_flush.o)
                0x0081b290                alt_icache_flush
 .text          0x0081b320       0x14 /OPT/altera/12.1/nios2eds/bin/gnu/H-i686-pc-linux-gnu/bin/../lib/gcc/nios2-elf/4.1.2/../../../../nios2-elf/lib/libc.a(lib_a-atexit.o)
                0x0081b320                atexit
 .text          0x0081b334       0x38 /OPT/altera/12.1/nios2eds/bin/gnu/H-i686-pc-linux-gnu/bin/../lib/gcc/nios2-elf/4.1.2/../../../../nios2-elf/lib/libc.a(lib_a-exit.o)
                0x0081b334                exit
 .text          0x0081b36c       0x74 /OPT/altera/12.1/nios2eds/bin/gnu/H-i686-pc-linux-gnu/bin/../lib/gcc/nios2-elf/4.1.2/../../../../nios2-elf/lib/libc.a(lib_a-memcmp.o)
                0x0081b36c                memcmp
 .text          0x0081b3e0      0x134 /OPT/altera/12.1/nios2eds/bin/gnu/H-i686-pc-linux-gnu/bin/../lib/gcc/nios2-elf/4.1.2/../../../../nios2-elf/lib/libc.a(lib_a-__atexit.o)
                0x0081b3e0                __register_exitproc
 .text          0x0081b514      0x1b4 /OPT/altera/12.1/nios2eds/bin/gnu/H-i686-pc-linux-gnu/bin/../lib/gcc/nios2-elf/4.1.2/../../../../nios2-elf/lib/libc.a(lib_a-__call_atexit.o)
                0x0081b518                __call_exitprocs
 .text          0x0081b6c8       0x6c ../vga_bsp//libucosii_bsp.a(alt_exit.o)
                0x0081b708                _exit
 *(.gnu.warning.*)
 *(.fini)
                0x0081b734                PROVIDE (__etext, ABSOLUTE (.))
                0x0081b734                PROVIDE (_etext, ABSOLUTE (.))
                0x0081b734                PROVIDE (etext, ABSOLUTE (.))
 *(.eh_frame_hdr)
                0x0081b734                . = ALIGN (0x4)
                0x0081b734                PROVIDE (__preinit_array_start, ABSOLUTE (.))
 *(.preinit_array)
                0x0081b734                PROVIDE (__preinit_array_end, ABSOLUTE (.))
                0x0081b734                PROVIDE (__init_array_start, ABSOLUTE (.))
 *(.init_array)
                0x0081b734                PROVIDE (__init_array_end, ABSOLUTE (.))
                0x0081b734                PROVIDE (__fini_array_start, ABSOLUTE (.))
 *(.fini_array)
                0x0081b734                PROVIDE (__fini_array_end, ABSOLUTE (.))
 *(.eh_frame)
 *(.gcc_except_table)
 *(.dynamic)
                0x0081b734                PROVIDE (__CTOR_LIST__, ABSOLUTE (.))
 *(.ctors)
 *(SORT(.ctors.*))
 .ctors.65535   0x0081b734        0x4 /OPT/altera/12.1/nios2eds/bin/gnu/H-i686-pc-linux-gnu/bin/../lib/gcc/nios2-elf/4.1.2/../../../../nios2-elf/lib/libc.a(lib_a-__call_atexit.o)
                0x0081b738                PROVIDE (__CTOR_END__, ABSOLUTE (.))
                0x0081b738                PROVIDE (__DTOR_LIST__, ABSOLUTE (.))
 *(.dtors)
 *(SORT(.dtors.*))
                0x0081b738                PROVIDE (__DTOR_END__, ABSOLUTE (.))
 *(.jcr)
                0x0081b738                . = ALIGN (0x4)

.rodata         0x0081b738      0x5e8
                0x0081b738                PROVIDE (__ram_rodata_start, ABSOLUTE (.))
                0x0081b738                . = ALIGN (0x4)
 *(.rodata .rodata.* .gnu.linkonce.r.*)
 .rodata        0x0081b738      0x11c obj/default/hello_ucosii.o
 .rodata.str1.4
                0x0081b854        0x2 /OPT/altera/12.1/nios2eds/bin/gnu/H-i686-pc-linux-gnu/bin/../lib/gcc/nios2-elf/4.1.2/../../../../nios2-elf/lib/libc.a(lib_a-puts.o)
                                  0x4 (size before relaxing)
 *fill*         0x0081b856        0x2 00
 .rodata.str1.4
                0x0081b858       0x5e /OPT/altera/12.1/nios2eds/bin/gnu/H-i686-pc-linux-gnu/bin/../lib/gcc/nios2-elf/4.1.2/../../../../nios2-elf/lib/libc.a(lib_a-vfprintf.o)
                                 0x60 (size before relaxing)
 .rodata        0x0081b8b6       0x20 /OPT/altera/12.1/nios2eds/bin/gnu/H-i686-pc-linux-gnu/bin/../lib/gcc/nios2-elf/4.1.2/../../../../nios2-elf/lib/libc.a(lib_a-vfprintf.o)
 *fill*         0x0081b8d6        0x2 00
 .rodata.str1.4
                0x0081b8d8       0x10 /OPT/altera/12.1/nios2eds/bin/gnu/H-i686-pc-linux-gnu/bin/../lib/gcc/nios2-elf/4.1.2/../../../../nios2-elf/lib/libc.a(lib_a-dtoa.o)
                                 0x14 (size before relaxing)
 .rodata.str1.4
                0x0081b8e8        0x2 /OPT/altera/12.1/nios2eds/bin/gnu/H-i686-pc-linux-gnu/bin/../lib/gcc/nios2-elf/4.1.2/../../../../nios2-elf/lib/libc.a(lib_a-impure.o)
                                  0x4 (size before relaxing)
 *fill*         0x0081b8ea        0x2 00
 .rodata.str1.4
                0x0081b8ec       0x10 /OPT/altera/12.1/nios2eds/bin/gnu/H-i686-pc-linux-gnu/bin/../lib/gcc/nios2-elf/4.1.2/../../../../nios2-elf/lib/libc.a(lib_a-locale.o)
                                 0x18 (size before relaxing)
 .rodata        0x0081b8fc       0x30 /OPT/altera/12.1/nios2eds/bin/gnu/H-i686-pc-linux-gnu/bin/../lib/gcc/nios2-elf/4.1.2/../../../../nios2-elf/lib/libc.a(lib_a-locale.o)
 .rodata        0x0081b92c      0x124 /OPT/altera/12.1/nios2eds/bin/gnu/H-i686-pc-linux-gnu/bin/../lib/gcc/nios2-elf/4.1.2/../../../../nios2-elf/lib/libc.a(lib_a-mprec.o)
                0x0081b92c                __mprec_tens
                0x0081b9f4                __mprec_bigtens
                0x0081ba1c                __mprec_tinytens
 .rodata        0x0081ba50       0x14 /OPT/altera/12.1/nios2eds/bin/gnu/H-i686-pc-linux-gnu/bin/../lib/gcc/nios2-elf/4.1.2/libgcc.a(_thenan_df.o)
                0x0081ba50                __thenan_df
 .rodata        0x0081ba64      0x100 /OPT/altera/12.1/nios2eds/bin/gnu/H-i686-pc-linux-gnu/bin/../lib/gcc/nios2-elf/4.1.2/libgcc.a(_clz.o)
                0x0081ba64                __clz_tab
 .rodata        0x0081bb64        0xc ../vga_bsp//libucosii_bsp.a(alt_dev.o)
 .rodata        0x0081bb70       0x14 ../vga_bsp//libucosii_bsp.a(alt_main.o)
 .rodata        0x0081bb84      0x120 ../vga_bsp//libucosii_bsp.a(os_core.o)
                0x0081bb84                OSUnMapTbl
 .rodata        0x0081bca4       0x78 ../vga_bsp//libucosii_bsp.a(alt_sys_init.o)
 .rodata        0x0081bd1c        0x4 ../vga_bsp//libucosii_bsp.a(os_cpu_c.o)
 *(.rodata1)
                0x0081bd20                . = ALIGN (0x4)
                0x0081bd20                PROVIDE (__ram_rodata_end, ABSOLUTE (.))
                0x0081b738                PROVIDE (__flash_rodata_start, LOADADDR (.rodata))

.rwdata         0x0081bd20     0x1b90 load address 0x0081d8b0
                0x0081bd20                PROVIDE (__ram_rwdata_start, ABSOLUTE (.))
                0x0081bd20                . = ALIGN (0x4)
 *(.got.plt)
 *(.got)
 *(.data1)
 *(.data .data.* .gnu.linkonce.d.*)
 .data          0x0081bd20        0x0 ../vga_bsp//obj/HAL/src/crt0.o
 .data          0x0081bd20        0x0 obj/default/hello_ucosii.o
 .data          0x0081bd20        0x0 /OPT/altera/12.1/nios2eds/bin/gnu/H-i686-pc-linux-gnu/bin/../lib/gcc/nios2-elf/4.1.2/../../../../nios2-elf/lib/libc.a(lib_a-printf.o)
 .data          0x0081bd20        0x0 /OPT/altera/12.1/nios2eds/bin/gnu/H-i686-pc-linux-gnu/bin/../lib/gcc/nios2-elf/4.1.2/../../../../nios2-elf/lib/libc.a(lib_a-puts.o)
 .data          0x0081bd20        0x0 /OPT/altera/12.1/nios2eds/bin/gnu/H-i686-pc-linux-gnu/bin/../lib/gcc/nios2-elf/4.1.2/../../../../nios2-elf/lib/libc.a(lib_a-strlen.o)
 .data          0x0081bd20        0x0 /OPT/altera/12.1/nios2eds/bin/gnu/H-i686-pc-linux-gnu/bin/../lib/gcc/nios2-elf/4.1.2/../../../../nios2-elf/lib/libc.a(lib_a-vfprintf.o)
 .data          0x0081bd20        0x0 /OPT/altera/12.1/nios2eds/bin/gnu/H-i686-pc-linux-gnu/bin/../lib/gcc/nios2-elf/4.1.2/../../../../nios2-elf/lib/libc.a(lib_a-wsetup.o)
 .data          0x0081bd20        0x0 /OPT/altera/12.1/nios2eds/bin/gnu/H-i686-pc-linux-gnu/bin/../lib/gcc/nios2-elf/4.1.2/../../../../nios2-elf/lib/libc.a(lib_a-dtoa.o)
 .data          0x0081bd20        0x0 /OPT/altera/12.1/nios2eds/bin/gnu/H-i686-pc-linux-gnu/bin/../lib/gcc/nios2-elf/4.1.2/../../../../nios2-elf/lib/libc.a(lib_a-fflush.o)
 .data          0x0081bd20        0x0 /OPT/altera/12.1/nios2eds/bin/gnu/H-i686-pc-linux-gnu/bin/../lib/gcc/nios2-elf/4.1.2/../../../../nios2-elf/lib/libc.a(lib_a-findfp.o)
 .data          0x0081bd20        0x0 /OPT/altera/12.1/nios2eds/bin/gnu/H-i686-pc-linux-gnu/bin/../lib/gcc/nios2-elf/4.1.2/../../../../nios2-elf/lib/libc.a(lib_a-freer.o)
 .data          0x0081bd20        0x0 /OPT/altera/12.1/nios2eds/bin/gnu/H-i686-pc-linux-gnu/bin/../lib/gcc/nios2-elf/4.1.2/../../../../nios2-elf/lib/libc.a(lib_a-fvwrite.o)
 .data          0x0081bd20        0x0 /OPT/altera/12.1/nios2eds/bin/gnu/H-i686-pc-linux-gnu/bin/../lib/gcc/nios2-elf/4.1.2/../../../../nios2-elf/lib/libc.a(lib_a-fwalk.o)
 .data          0x0081bd20      0x400 /OPT/altera/12.1/nios2eds/bin/gnu/H-i686-pc-linux-gnu/bin/../lib/gcc/nios2-elf/4.1.2/../../../../nios2-elf/lib/libc.a(lib_a-impure.o)
 .data          0x0081c120        0xc /OPT/altera/12.1/nios2eds/bin/gnu/H-i686-pc-linux-gnu/bin/../lib/gcc/nios2-elf/4.1.2/../../../../nios2-elf/lib/libc.a(lib_a-locale.o)
                0x0081c120                __lc_ctype
 .data          0x0081c12c        0x0 /OPT/altera/12.1/nios2eds/bin/gnu/H-i686-pc-linux-gnu/bin/../lib/gcc/nios2-elf/4.1.2/../../../../nios2-elf/lib/libc.a(lib_a-makebuf.o)
 .data          0x0081c12c      0x408 /OPT/altera/12.1/nios2eds/bin/gnu/H-i686-pc-linux-gnu/bin/../lib/gcc/nios2-elf/4.1.2/../../../../nios2-elf/lib/libc.a(lib_a-mallocr.o)
                0x0081c12c                __malloc_av_
 .data          0x0081c534        0x0 /OPT/altera/12.1/nios2eds/bin/gnu/H-i686-pc-linux-gnu/bin/../lib/gcc/nios2-elf/4.1.2/../../../../nios2-elf/lib/libc.a(lib_a-memchr.o)
 .data          0x0081c534        0x0 /OPT/altera/12.1/nios2eds/bin/gnu/H-i686-pc-linux-gnu/bin/../lib/gcc/nios2-elf/4.1.2/../../../../nios2-elf/lib/libc.a(lib_a-memcpy.o)
 .data          0x0081c534        0x0 /OPT/altera/12.1/nios2eds/bin/gnu/H-i686-pc-linux-gnu/bin/../lib/gcc/nios2-elf/4.1.2/../../../../nios2-elf/lib/libc.a(lib_a-memmove.o)
 .data          0x0081c534        0x0 /OPT/altera/12.1/nios2eds/bin/gnu/H-i686-pc-linux-gnu/bin/../lib/gcc/nios2-elf/4.1.2/../../../../nios2-elf/lib/libc.a(lib_a-memset.o)
 .data          0x0081c534        0x0 /OPT/altera/12.1/nios2eds/bin/gnu/H-i686-pc-linux-gnu/bin/../lib/gcc/nios2-elf/4.1.2/../../../../nios2-elf/lib/libc.a(lib_a-mprec.o)
 .data          0x0081c534        0x0 /OPT/altera/12.1/nios2eds/bin/gnu/H-i686-pc-linux-gnu/bin/../lib/gcc/nios2-elf/4.1.2/../../../../nios2-elf/lib/libc.a(lib_a-reallocr.o)
 .data          0x0081c534        0x0 /OPT/altera/12.1/nios2eds/bin/gnu/H-i686-pc-linux-gnu/bin/../lib/gcc/nios2-elf/4.1.2/../../../../nios2-elf/lib/libc.a(lib_a-s_isinfd.o)
 .data          0x0081c534        0x0 /OPT/altera/12.1/nios2eds/bin/gnu/H-i686-pc-linux-gnu/bin/../lib/gcc/nios2-elf/4.1.2/../../../../nios2-elf/lib/libc.a(lib_a-s_isnand.o)
 .data          0x0081c534        0x0 /OPT/altera/12.1/nios2eds/bin/gnu/H-i686-pc-linux-gnu/bin/../lib/gcc/nios2-elf/4.1.2/../../../../nios2-elf/lib/libc.a(lib_a-sbrkr.o)
 .data          0x0081c534        0x0 /OPT/altera/12.1/nios2eds/bin/gnu/H-i686-pc-linux-gnu/bin/../lib/gcc/nios2-elf/4.1.2/../../../../nios2-elf/lib/libc.a(lib_a-stdio.o)
 .data          0x0081c534        0x0 /OPT/altera/12.1/nios2eds/bin/gnu/H-i686-pc-linux-gnu/bin/../lib/gcc/nios2-elf/4.1.2/../../../../nios2-elf/lib/libc.a(lib_a-strcmp.o)
 .data          0x0081c534        0x0 /OPT/altera/12.1/nios2eds/bin/gnu/H-i686-pc-linux-gnu/bin/../lib/gcc/nios2-elf/4.1.2/../../../../nios2-elf/lib/libc.a(lib_a-writer.o)
 .data          0x0081c534        0x0 /OPT/altera/12.1/nios2eds/bin/gnu/H-i686-pc-linux-gnu/bin/../lib/gcc/nios2-elf/4.1.2/../../../../nios2-elf/lib/libc.a(lib_a-callocr.o)
 .data          0x0081c534        0x0 /OPT/altera/12.1/nios2eds/bin/gnu/H-i686-pc-linux-gnu/bin/../lib/gcc/nios2-elf/4.1.2/../../../../nios2-elf/lib/libc.a(lib_a-closer.o)
 .data          0x0081c534        0x0 /OPT/altera/12.1/nios2eds/bin/gnu/H-i686-pc-linux-gnu/bin/../lib/gcc/nios2-elf/4.1.2/../../../../nios2-elf/lib/libc.a(lib_a-fclose.o)
 .data          0x0081c534        0x0 /OPT/altera/12.1/nios2eds/bin/gnu/H-i686-pc-linux-gnu/bin/../lib/gcc/nios2-elf/4.1.2/../../../../nios2-elf/lib/libc.a(lib_a-fstatr.o)
 .data          0x0081c534        0x0 /OPT/altera/12.1/nios2eds/bin/gnu/H-i686-pc-linux-gnu/bin/../lib/gcc/nios2-elf/4.1.2/../../../../nios2-elf/lib/libc.a(lib_a-int_errno.o)
 .data          0x0081c534        0x0 /OPT/altera/12.1/nios2eds/bin/gnu/H-i686-pc-linux-gnu/bin/../lib/gcc/nios2-elf/4.1.2/../../../../nios2-elf/lib/libc.a(lib_a-isattyr.o)
 .data          0x0081c534        0x0 /OPT/altera/12.1/nios2eds/bin/gnu/H-i686-pc-linux-gnu/bin/../lib/gcc/nios2-elf/4.1.2/../../../../nios2-elf/lib/libc.a(lib_a-lseekr.o)
 .data          0x0081c534        0x0 /OPT/altera/12.1/nios2eds/bin/gnu/H-i686-pc-linux-gnu/bin/../lib/gcc/nios2-elf/4.1.2/../../../../nios2-elf/lib/libc.a(lib_a-readr.o)
 .data          0x0081c534        0x0 /OPT/altera/12.1/nios2eds/bin/gnu/H-i686-pc-linux-gnu/bin/../lib/gcc/nios2-elf/4.1.2/libgcc.a(_udivdi3.o)
 .data          0x0081c534        0x0 /OPT/altera/12.1/nios2eds/bin/gnu/H-i686-pc-linux-gnu/bin/../lib/gcc/nios2-elf/4.1.2/libgcc.a(_umoddi3.o)
 .data          0x0081c534        0x0 /OPT/altera/12.1/nios2eds/bin/gnu/H-i686-pc-linux-gnu/bin/../lib/gcc/nios2-elf/4.1.2/libgcc.a(_addsub_df.o)
 .data          0x0081c534        0x0 /OPT/altera/12.1/nios2eds/bin/gnu/H-i686-pc-linux-gnu/bin/../lib/gcc/nios2-elf/4.1.2/libgcc.a(_mul_df.o)
 .data          0x0081c534        0x0 /OPT/altera/12.1/nios2eds/bin/gnu/H-i686-pc-linux-gnu/bin/../lib/gcc/nios2-elf/4.1.2/libgcc.a(_div_df.o)
 .data          0x0081c534        0x0 /OPT/altera/12.1/nios2eds/bin/gnu/H-i686-pc-linux-gnu/bin/../lib/gcc/nios2-elf/4.1.2/libgcc.a(_eq_df.o)
 .data          0x0081c534        0x0 /OPT/altera/12.1/nios2eds/bin/gnu/H-i686-pc-linux-gnu/bin/../lib/gcc/nios2-elf/4.1.2/libgcc.a(_ne_df.o)
 .data          0x0081c534        0x0 /OPT/altera/12.1/nios2eds/bin/gnu/H-i686-pc-linux-gnu/bin/../lib/gcc/nios2-elf/4.1.2/libgcc.a(_gt_df.o)
 .data          0x0081c534        0x0 /OPT/altera/12.1/nios2eds/bin/gnu/H-i686-pc-linux-gnu/bin/../lib/gcc/nios2-elf/4.1.2/libgcc.a(_ge_df.o)
 .data          0x0081c534        0x0 /OPT/altera/12.1/nios2eds/bin/gnu/H-i686-pc-linux-gnu/bin/../lib/gcc/nios2-elf/4.1.2/libgcc.a(_lt_df.o)
 .data          0x0081c534        0x0 /OPT/altera/12.1/nios2eds/bin/gnu/H-i686-pc-linux-gnu/bin/../lib/gcc/nios2-elf/4.1.2/libgcc.a(_si_to_df.o)
 .data          0x0081c534        0x0 /OPT/altera/12.1/nios2eds/bin/gnu/H-i686-pc-linux-gnu/bin/../lib/gcc/nios2-elf/4.1.2/libgcc.a(_df_to_si.o)
 .data          0x0081c534        0x0 /OPT/altera/12.1/nios2eds/bin/gnu/H-i686-pc-linux-gnu/bin/../lib/gcc/nios2-elf/4.1.2/libgcc.a(_thenan_df.o)
 .data          0x0081c534        0x0 /OPT/altera/12.1/nios2eds/bin/gnu/H-i686-pc-linux-gnu/bin/../lib/gcc/nios2-elf/4.1.2/libgcc.a(_usi_to_df.o)
 .data          0x0081c534        0x0 /OPT/altera/12.1/nios2eds/bin/gnu/H-i686-pc-linux-gnu/bin/../lib/gcc/nios2-elf/4.1.2/libgcc.a(lib2-divmod.o)
 .data          0x0081c534        0x0 /OPT/altera/12.1/nios2eds/bin/gnu/H-i686-pc-linux-gnu/bin/../lib/gcc/nios2-elf/4.1.2/libgcc.a(_muldi3.o)
 .data          0x0081c534        0x0 /OPT/altera/12.1/nios2eds/bin/gnu/H-i686-pc-linux-gnu/bin/../lib/gcc/nios2-elf/4.1.2/libgcc.a(_clz.o)
 .data          0x0081c534        0x0 /OPT/altera/12.1/nios2eds/bin/gnu/H-i686-pc-linux-gnu/bin/../lib/gcc/nios2-elf/4.1.2/libgcc.a(_clzsi2.o)
 .data          0x0081c534        0x0 /OPT/altera/12.1/nios2eds/bin/gnu/H-i686-pc-linux-gnu/bin/../lib/gcc/nios2-elf/4.1.2/libgcc.a(_pack_df.o)
 .data          0x0081c534        0x0 /OPT/altera/12.1/nios2eds/bin/gnu/H-i686-pc-linux-gnu/bin/../lib/gcc/nios2-elf/4.1.2/libgcc.a(_unpack_df.o)
 .data          0x0081c534        0x0 /OPT/altera/12.1/nios2eds/bin/gnu/H-i686-pc-linux-gnu/bin/../lib/gcc/nios2-elf/4.1.2/libgcc.a(_fpcmp_parts_df.o)
 .data          0x0081c534        0x0 ../vga_bsp//libucosii_bsp.a(alt_close.o)
 .data          0x0081c534      0x1a8 ../vga_bsp//libucosii_bsp.a(alt_dev.o)
                0x0081c534                alt_dev_null
                0x0081c55c                alt_fd_list
 .data          0x0081c6dc        0x0 ../vga_bsp//libucosii_bsp.a(alt_errno.o)
 .data          0x0081c6dc        0x0 ../vga_bsp//libucosii_bsp.a(alt_fstat.o)
 .data          0x0081c6dc        0x0 ../vga_bsp//libucosii_bsp.a(alt_isatty.o)
 .data          0x0081c6dc        0x0 ../vga_bsp//libucosii_bsp.a(alt_load.o)
 .data          0x0081c6dc        0x0 ../vga_bsp//libucosii_bsp.a(alt_lseek.o)
 .data          0x0081c6dc        0x0 ../vga_bsp//libucosii_bsp.a(alt_main.o)
 .data          0x0081c6dc        0x0 ../vga_bsp//libucosii_bsp.a(alt_read.o)
 .data          0x0081c6dc        0x0 ../vga_bsp//libucosii_bsp.a(alt_release_fd.o)
 .data          0x0081c6dc        0x0 ../vga_bsp//libucosii_bsp.a(alt_sbrk.o)
 .data          0x0081c6dc        0x0 ../vga_bsp//libucosii_bsp.a(alt_write.o)
 .data          0x0081c6dc        0x0 ../vga_bsp//libucosii_bsp.a(alt_env_lock.o)
 .data          0x0081c6dc        0x0 ../vga_bsp//libucosii_bsp.a(alt_malloc_lock.o)
 .data          0x0081c6dc        0x0 ../vga_bsp//libucosii_bsp.a(os_core.o)
 .data          0x0081c6dc        0x0 ../vga_bsp//libucosii_bsp.a(os_dbg.o)
 .data          0x0081c6dc        0x0 ../vga_bsp//libucosii_bsp.a(os_flag.o)
 .data          0x0081c6dc        0x0 ../vga_bsp//libucosii_bsp.a(os_mem.o)
 .data          0x0081c6dc        0x0 ../vga_bsp//libucosii_bsp.a(os_q.o)
 .data          0x0081c6dc        0x0 ../vga_bsp//libucosii_bsp.a(os_sem.o)
 .data          0x0081c6dc        0x0 ../vga_bsp//libucosii_bsp.a(os_task.o)
 .data          0x0081c6dc        0x0 ../vga_bsp//libucosii_bsp.a(os_time.o)
 .data          0x0081c6dc     0x1118 ../vga_bsp//libucosii_bsp.a(alt_sys_init.o)
 .data          0x0081d7f4        0x0 ../vga_bsp//libucosii_bsp.a(altera_avalon_jtag_uart_fd.o)
 .data          0x0081d7f4        0x0 ../vga_bsp//libucosii_bsp.a(altera_avalon_jtag_uart_init.o)
 .data          0x0081d7f4        0x0 ../vga_bsp//libucosii_bsp.a(altera_avalon_jtag_uart_ioctl.o)
 .data          0x0081d7f4        0x0 ../vga_bsp//libucosii_bsp.a(altera_avalon_jtag_uart_read.o)
 .data          0x0081d7f4        0x0 ../vga_bsp//libucosii_bsp.a(altera_avalon_jtag_uart_write.o)
 .data          0x0081d7f4        0x0 ../vga_bsp//libucosii_bsp.a(altera_avalon_timer_sc.o)
 .data          0x0081d7f4        0x0 ../vga_bsp//libucosii_bsp.a(altera_up_avalon_character_lcd.o)
 .data          0x0081d7f4        0x0 ../vga_bsp//libucosii_bsp.a(altera_up_avalon_video_pixel_buffer_dma.o)
 .data          0x0081d7f4        0x0 ../vga_bsp//libucosii_bsp.a(altera_up_sd_card_avalon_interface.o)
 .data          0x0081d7f4        0x0 ../vga_bsp//libucosii_bsp.a(alt_alarm_start.o)
 .data          0x0081d7f4        0x0 ../vga_bsp//libucosii_bsp.a(alt_dcache_flush_all.o)
 .data          0x0081d7f4        0x0 ../vga_bsp//libucosii_bsp.a(alt_dev_llist_insert.o)
 .data          0x0081d7f4        0x0 ../vga_bsp//libucosii_bsp.a(alt_do_ctors.o)
 .data          0x0081d7f4        0x0 ../vga_bsp//libucosii_bsp.a(alt_do_dtors.o)
 .data          0x0081d7f4        0x0 ../vga_bsp//libucosii_bsp.a(alt_find_dev.o)
 .data          0x0081d7f4        0x0 ../vga_bsp//libucosii_bsp.a(alt_icache_flush_all.o)
 .data          0x0081d7f4        0x0 ../vga_bsp//libucosii_bsp.a(alt_iic.o)
 .data          0x0081d7f4        0x0 ../vga_bsp//libucosii_bsp.a(alt_iic_isr_register.o)
 .data          0x0081d7f4        0x0 ../vga_bsp//libucosii_bsp.a(alt_io_redirect.o)
 .data          0x0081d7f4        0x0 ../vga_bsp//libucosii_bsp.a(alt_irq_entry.o)
 .data          0x0081d7f4        0x0 ../vga_bsp//libucosii_bsp.a(alt_irq_handler.o)
 .data          0x0081d7f4        0x0 ../vga_bsp//libucosii_bsp.a(alt_irq_vars.o)
 .data          0x0081d7f4        0x0 ../vga_bsp//libucosii_bsp.a(alt_open.o)
 .data          0x0081d7f4        0x0 ../vga_bsp//libucosii_bsp.a(alt_tick.o)
 .data          0x0081d7f4        0x0 ../vga_bsp//libucosii_bsp.a(altera_nios2_qsys_irq.o)
 .data          0x0081d7f4        0x0 ../vga_bsp//libucosii_bsp.a(os_cpu_a.o)
 .data          0x0081d7f4        0x0 ../vga_bsp//libucosii_bsp.a(os_cpu_c.o)
 .data          0x0081d7f4        0x0 ../vga_bsp//libucosii_bsp.a(alt_exception_entry.o)
 .data          0x0081d7f4        0x0 ../vga_bsp//libucosii_bsp.a(alt_find_file.o)
 .data          0x0081d7f4        0x0 ../vga_bsp//libucosii_bsp.a(alt_get_fd.o)
 .data          0x0081d7f4        0x0 ../vga_bsp//libucosii_bsp.a(alt_icache_flush.o)
 .data          0x0081d7f4        0x0 /OPT/altera/12.1/nios2eds/bin/gnu/H-i686-pc-linux-gnu/bin/../lib/gcc/nios2-elf/4.1.2/../../../../nios2-elf/lib/libc.a(lib_a-atexit.o)
 .data          0x0081d7f4        0x0 /OPT/altera/12.1/nios2eds/bin/gnu/H-i686-pc-linux-gnu/bin/../lib/gcc/nios2-elf/4.1.2/../../../../nios2-elf/lib/libc.a(lib_a-exit.o)
 .data          0x0081d7f4        0x0 /OPT/altera/12.1/nios2eds/bin/gnu/H-i686-pc-linux-gnu/bin/../lib/gcc/nios2-elf/4.1.2/../../../../nios2-elf/lib/libc.a(lib_a-memcmp.o)
 .data          0x0081d7f4        0x0 /OPT/altera/12.1/nios2eds/bin/gnu/H-i686-pc-linux-gnu/bin/../lib/gcc/nios2-elf/4.1.2/../../../../nios2-elf/lib/libc.a(lib_a-__atexit.o)
 .data          0x0081d7f4        0x0 /OPT/altera/12.1/nios2eds/bin/gnu/H-i686-pc-linux-gnu/bin/../lib/gcc/nios2-elf/4.1.2/../../../../nios2-elf/lib/libc.a(lib_a-__call_atexit.o)
 .data          0x0081d7f4        0x0 ../vga_bsp//libucosii_bsp.a(alt_exit.o)
                0x008257f4                _gp = ABSOLUTE ((. + 0x8000))
                0x008257f4                PROVIDE (gp, _gp)
 *(.rwdata .rwdata.*)
 *(.sdata .sdata.* .gnu.linkonce.s.*)
 .sdata         0x0081d7f4        0x8 /OPT/altera/12.1/nios2eds/bin/gnu/H-i686-pc-linux-gnu/bin/../lib/gcc/nios2-elf/4.1.2/../../../../nios2-elf/lib/libc.a(lib_a-impure.o)
                0x0081d7f4                _impure_ptr
                0x0081d7f8                _global_impure_ptr
 .sdata         0x0081d7fc        0x8 /OPT/altera/12.1/nios2eds/bin/gnu/H-i686-pc-linux-gnu/bin/../lib/gcc/nios2-elf/4.1.2/../../../../nios2-elf/lib/libc.a(lib_a-locale.o)
                0x0081d7fc                __mb_cur_max
 .sdata         0x0081d804        0x8 /OPT/altera/12.1/nios2eds/bin/gnu/H-i686-pc-linux-gnu/bin/../lib/gcc/nios2-elf/4.1.2/../../../../nios2-elf/lib/libc.a(lib_a-mallocr.o)
                0x0081d804                __malloc_trim_threshold
                0x0081d808                __malloc_sbrk_base
 .sdata         0x0081d80c       0x14 ../vga_bsp//libucosii_bsp.a(alt_dev.o)
                0x0081d80c                alt_fs_list
                0x0081d814                alt_dev_list
                0x0081d81c                alt_max_fd
 .sdata         0x0081d820        0x4 ../vga_bsp//libucosii_bsp.a(alt_errno.o)
                0x0081d820                alt_errno
 .sdata         0x0081d824        0x4 ../vga_bsp//libucosii_bsp.a(alt_sbrk.o)
 .sdata         0x0081d828        0x4 ../vga_bsp//libucosii_bsp.a(alt_env_lock.o)
 .sdata         0x0081d82c        0x4 ../vga_bsp//libucosii_bsp.a(alt_malloc_lock.o)
 .sdata         0x0081d830       0x74 ../vga_bsp//libucosii_bsp.a(os_dbg.o)
                0x0081d830                OSDebugEn
                0x0081d834                OSEndiannessTest
                0x0081d838                OSEventEn
                0x0081d83a                OSEventMax
                0x0081d83c                OSEventNameSize
                0x0081d83e                OSEventSize
                0x0081d840                OSEventTblSize
                0x0081d842                OSEventMultiEn
                0x0081d844                OSFlagEn
                0x0081d846                OSFlagGrpSize
                0x0081d848                OSFlagNodeSize
                0x0081d84a                OSFlagWidth
                0x0081d84c                OSFlagMax
                0x0081d84e                OSFlagNameSize
                0x0081d850                OSLowestPrio
                0x0081d852                OSMboxEn
                0x0081d854                OSMemEn
                0x0081d856                OSMemMax
                0x0081d858                OSMemNameSize
                0x0081d85a                OSMemSize
                0x0081d85c                OSMemTblSize
                0x0081d85e                OSMutexEn
                0x0081d860                OSPtrSize
                0x0081d862                OSQEn
                0x0081d864                OSQMax
                0x0081d866                OSQSize
                0x0081d868                OSRdyTblSize
                0x0081d86a                OSSemEn
                0x0081d86c                OSStkWidth
                0x0081d86e                OSTaskCreateEn
                0x0081d870                OSTaskCreateExtEn
                0x0081d872                OSTaskDelEn
                0x0081d874                OSTaskIdleStkSize
                0x0081d876                OSTaskProfileEn
                0x0081d878                OSTaskMax
                0x0081d87a                OSTaskNameSize
                0x0081d87c                OSTaskStatEn
                0x0081d87e                OSTaskStatStkSize
                0x0081d880                OSTaskStatStkChkEn
                0x0081d882                OSTaskSwHookEn
                0x0081d884                OSTCBPrioTblMax
                0x0081d886                OSTCBSize
                0x0081d888                OSTicksPerSec
                0x0081d88a                OSTimeTickHookEn
                0x0081d88c                OSVersionNbr
                0x0081d88e                OSTmrEn
                0x0081d890                OSTmrCfgMax
                0x0081d892                OSTmrCfgNameSize
                0x0081d894                OSTmrCfgWheelSize
                0x0081d896                OSTmrCfgTicksPerSec
                0x0081d898                OSTmrSize
                0x0081d89a                OSTmrTblSize
                0x0081d89c                OSTmrWheelSize
                0x0081d89e                OSTmrWheelTblSize
                0x0081d8a0                OSDataSize
 .sdata         0x0081d8a4        0x4 ../vga_bsp//libucosii_bsp.a(alt_irq_vars.o)
                0x0081d8a4                alt_priority_mask
 .sdata         0x0081d8a8        0x8 ../vga_bsp//libucosii_bsp.a(alt_tick.o)
                0x0081d8a8                alt_alarm_list
 *(.sdata2 .sdata2.* .gnu.linkonce.s2.*)
                0x0081d8b0                . = ALIGN (0x4)
                0x0081d8b0                _edata = ABSOLUTE (.)
                0x0081d8b0                PROVIDE (edata, ABSOLUTE (.))
                0x0081d8b0                PROVIDE (__ram_rwdata_end, ABSOLUTE (.))
                0x0081d8b0                PROVIDE (__flash_rwdata_start, LOADADDR (.rwdata))

.bss            0x0081f440     0x7b10
                0x0081f440                __bss_start = ABSOLUTE (.)
                0x0081f440                PROVIDE (__sbss_start, ABSOLUTE (.))
                0x0081f440                PROVIDE (___sbss_start, ABSOLUTE (.))
 *(.dynsbss)
 *(.sbss .sbss.* .gnu.linkonce.sb.*)
 .sbss          0x0081f440        0xc /OPT/altera/12.1/nios2eds/bin/gnu/H-i686-pc-linux-gnu/bin/../lib/gcc/nios2-elf/4.1.2/../../../../nios2-elf/lib/libc.a(lib_a-locale.o)
                0x0081f440                __nlocale_changed
                0x0081f444                __mlocale_changed
                0x0081f448                _PathLocale
 .sbss          0x0081f44c        0xc /OPT/altera/12.1/nios2eds/bin/gnu/H-i686-pc-linux-gnu/bin/../lib/gcc/nios2-elf/4.1.2/../../../../nios2-elf/lib/libc.a(lib_a-mallocr.o)
                0x0081f44c                __malloc_top_pad
                0x0081f450                __malloc_max_sbrked_mem
                0x0081f454                __malloc_max_total_mem
 .sbss          0x0081f458        0x4 /OPT/altera/12.1/nios2eds/bin/gnu/H-i686-pc-linux-gnu/bin/../lib/gcc/nios2-elf/4.1.2/../../../../nios2-elf/lib/libc.a(lib_a-int_errno.o)
                0x0081f458                errno
 .sbss          0x0081f45c        0x4 ../vga_bsp//libucosii_bsp.a(alt_dev.o)
                0x0081f45c                alt_fd_list_lock
 .sbss          0x0081f460        0xc ../vga_bsp//libucosii_bsp.a(alt_main.o)
                0x0081f460                alt_argc
                0x0081f464                alt_argv
                0x0081f468                alt_envp
 .sbss          0x0081f46c        0x8 ../vga_bsp//libucosii_bsp.a(alt_env_lock.o)
                0x0081f470                alt_envsem
 .sbss          0x0081f474        0x8 ../vga_bsp//libucosii_bsp.a(alt_malloc_lock.o)
                0x0081f478                alt_heapsem
 .sbss          0x0081f47c       0x50 ../vga_bsp//libucosii_bsp.a(os_core.o)
                0x0081f47c                OSLockNesting
                0x0081f47d                OSRunning
                0x0081f480                OSIdleCtr
                0x0081f484                OSPrioHighRdy
                0x0081f485                OSPrioCur
                0x0081f488                OSTCBList
                0x0081f48c                OSTickStepState
                0x0081f490                OSCtxSwCtr
                0x0081f494                OSIdleCtrMax
                0x0081f498                OSTCBFreeList
                0x0081f49c                OSCPUUsage
                0x0081f49d                OSTaskCtr
                0x0081f4a0                OSMemFreeList
                0x0081f4a4                OSTCBHighRdy
                0x0081f4a8                OSQFreeList
                0x0081f4ac                OSRdyGrp
                0x0081f4ad                OSRdyTbl
                0x0081f4b0                OSEventFreeList
                0x0081f4b4                OSIntNesting
                0x0081f4b8                OSTCBCur
                0x0081f4bc                OSTime
                0x0081f4c0                OSFlagFreeList
                0x0081f4c4                OSStatRdy
                0x0081f4c8                OSIdleCtrRun
 .sbss          0x0081f4cc       0x34 ../vga_bsp//libucosii_bsp.a(altera_up_sd_card_avalon_interface.o)
                0x0081f4cc                initialized
                0x0081f4d0                is_sd_card_formated_as_FAT16
                0x0081f4d4                aux_status_register
                0x0081f4d8                status_register
                0x0081f4dc                CSD_register_w0
                0x0081f4e0                command_register
                0x0081f4e4                command_argument_register
                0x0081f4e8                buffer_memory
                0x0081f4ec                fat_partition_offset_in_512_byte_sectors
                0x0081f4f0                fat_partition_size_in_512_byte_sectors
                0x0081f4f4                device_pointer
                0x0081f4f8                current_sector_modified
                0x0081f4fc                current_sector_index
 .sbss          0x0081f500        0x4 ../vga_bsp//libucosii_bsp.a(alt_irq_vars.o)
                0x0081f500                alt_irq_active
 .sbss          0x0081f504        0x8 ../vga_bsp//libucosii_bsp.a(alt_tick.o)
                0x0081f504                _alt_tick_rate
                0x0081f508                _alt_nticks
 *(.sbss2 .sbss2.* .gnu.linkonce.sb2.*)
 *(.scommon)
                0x0081f50c                PROVIDE (__sbss_end, ABSOLUTE (.))
                0x0081f50c                PROVIDE (___sbss_end, ABSOLUTE (.))
 *(.dynbss)
 *(.bss .bss.* .gnu.linkonce.b.*)
 .bss           0x0081f50c        0x0 ../vga_bsp//obj/HAL/src/crt0.o
 .bss           0x0081f50c        0x0 obj/default/hello_ucosii.o
 .bss           0x0081f50c        0x0 /OPT/altera/12.1/nios2eds/bin/gnu/H-i686-pc-linux-gnu/bin/../lib/gcc/nios2-elf/4.1.2/../../../../nios2-elf/lib/libc.a(lib_a-printf.o)
 .bss           0x0081f50c        0x0 /OPT/altera/12.1/nios2eds/bin/gnu/H-i686-pc-linux-gnu/bin/../lib/gcc/nios2-elf/4.1.2/../../../../nios2-elf/lib/libc.a(lib_a-puts.o)
 .bss           0x0081f50c        0x0 /OPT/altera/12.1/nios2eds/bin/gnu/H-i686-pc-linux-gnu/bin/../lib/gcc/nios2-elf/4.1.2/../../../../nios2-elf/lib/libc.a(lib_a-strlen.o)
 .bss           0x0081f50c        0x0 /OPT/altera/12.1/nios2eds/bin/gnu/H-i686-pc-linux-gnu/bin/../lib/gcc/nios2-elf/4.1.2/../../../../nios2-elf/lib/libc.a(lib_a-vfprintf.o)
 .bss           0x0081f50c        0x0 /OPT/altera/12.1/nios2eds/bin/gnu/H-i686-pc-linux-gnu/bin/../lib/gcc/nios2-elf/4.1.2/../../../../nios2-elf/lib/libc.a(lib_a-wsetup.o)
 .bss           0x0081f50c        0x0 /OPT/altera/12.1/nios2eds/bin/gnu/H-i686-pc-linux-gnu/bin/../lib/gcc/nios2-elf/4.1.2/../../../../nios2-elf/lib/libc.a(lib_a-dtoa.o)
 .bss           0x0081f50c        0x0 /OPT/altera/12.1/nios2eds/bin/gnu/H-i686-pc-linux-gnu/bin/../lib/gcc/nios2-elf/4.1.2/../../../../nios2-elf/lib/libc.a(lib_a-fflush.o)
 .bss           0x0081f50c        0x0 /OPT/altera/12.1/nios2eds/bin/gnu/H-i686-pc-linux-gnu/bin/../lib/gcc/nios2-elf/4.1.2/../../../../nios2-elf/lib/libc.a(lib_a-findfp.o)
 .bss           0x0081f50c        0x0 /OPT/altera/12.1/nios2eds/bin/gnu/H-i686-pc-linux-gnu/bin/../lib/gcc/nios2-elf/4.1.2/../../../../nios2-elf/lib/libc.a(lib_a-freer.o)
 .bss           0x0081f50c        0x0 /OPT/altera/12.1/nios2eds/bin/gnu/H-i686-pc-linux-gnu/bin/../lib/gcc/nios2-elf/4.1.2/../../../../nios2-elf/lib/libc.a(lib_a-fvwrite.o)
 .bss           0x0081f50c        0x0 /OPT/altera/12.1/nios2eds/bin/gnu/H-i686-pc-linux-gnu/bin/../lib/gcc/nios2-elf/4.1.2/../../../../nios2-elf/lib/libc.a(lib_a-fwalk.o)
 .bss           0x0081f50c        0x0 /OPT/altera/12.1/nios2eds/bin/gnu/H-i686-pc-linux-gnu/bin/../lib/gcc/nios2-elf/4.1.2/../../../../nios2-elf/lib/libc.a(lib_a-impure.o)
 .bss           0x0081f50c        0x0 /OPT/altera/12.1/nios2eds/bin/gnu/H-i686-pc-linux-gnu/bin/../lib/gcc/nios2-elf/4.1.2/../../../../nios2-elf/lib/libc.a(lib_a-locale.o)
 .bss           0x0081f50c        0x0 /OPT/altera/12.1/nios2eds/bin/gnu/H-i686-pc-linux-gnu/bin/../lib/gcc/nios2-elf/4.1.2/../../../../nios2-elf/lib/libc.a(lib_a-makebuf.o)
 .bss           0x0081f50c       0x28 /OPT/altera/12.1/nios2eds/bin/gnu/H-i686-pc-linux-gnu/bin/../lib/gcc/nios2-elf/4.1.2/../../../../nios2-elf/lib/libc.a(lib_a-mallocr.o)
                0x0081f50c                __malloc_current_mallinfo
 .bss           0x0081f534        0x0 /OPT/altera/12.1/nios2eds/bin/gnu/H-i686-pc-linux-gnu/bin/../lib/gcc/nios2-elf/4.1.2/../../../../nios2-elf/lib/libc.a(lib_a-memchr.o)
 .bss           0x0081f534        0x0 /OPT/altera/12.1/nios2eds/bin/gnu/H-i686-pc-linux-gnu/bin/../lib/gcc/nios2-elf/4.1.2/../../../../nios2-elf/lib/libc.a(lib_a-memcpy.o)
 .bss           0x0081f534        0x0 /OPT/altera/12.1/nios2eds/bin/gnu/H-i686-pc-linux-gnu/bin/../lib/gcc/nios2-elf/4.1.2/../../../../nios2-elf/lib/libc.a(lib_a-memmove.o)
 .bss           0x0081f534        0x0 /OPT/altera/12.1/nios2eds/bin/gnu/H-i686-pc-linux-gnu/bin/../lib/gcc/nios2-elf/4.1.2/../../../../nios2-elf/lib/libc.a(lib_a-memset.o)
 .bss           0x0081f534        0x0 /OPT/altera/12.1/nios2eds/bin/gnu/H-i686-pc-linux-gnu/bin/../lib/gcc/nios2-elf/4.1.2/../../../../nios2-elf/lib/libc.a(lib_a-mprec.o)
 .bss           0x0081f534        0x0 /OPT/altera/12.1/nios2eds/bin/gnu/H-i686-pc-linux-gnu/bin/../lib/gcc/nios2-elf/4.1.2/../../../../nios2-elf/lib/libc.a(lib_a-reallocr.o)
 .bss           0x0081f534        0x0 /OPT/altera/12.1/nios2eds/bin/gnu/H-i686-pc-linux-gnu/bin/../lib/gcc/nios2-elf/4.1.2/../../../../nios2-elf/lib/libc.a(lib_a-s_isinfd.o)
 .bss           0x0081f534        0x0 /OPT/altera/12.1/nios2eds/bin/gnu/H-i686-pc-linux-gnu/bin/../lib/gcc/nios2-elf/4.1.2/../../../../nios2-elf/lib/libc.a(lib_a-s_isnand.o)
 .bss           0x0081f534        0x0 /OPT/altera/12.1/nios2eds/bin/gnu/H-i686-pc-linux-gnu/bin/../lib/gcc/nios2-elf/4.1.2/../../../../nios2-elf/lib/libc.a(lib_a-sbrkr.o)
 .bss           0x0081f534        0x0 /OPT/altera/12.1/nios2eds/bin/gnu/H-i686-pc-linux-gnu/bin/../lib/gcc/nios2-elf/4.1.2/../../../../nios2-elf/lib/libc.a(lib_a-stdio.o)
 .bss           0x0081f534        0x0 /OPT/altera/12.1/nios2eds/bin/gnu/H-i686-pc-linux-gnu/bin/../lib/gcc/nios2-elf/4.1.2/../../../../nios2-elf/lib/libc.a(lib_a-strcmp.o)
 .bss           0x0081f534        0x0 /OPT/altera/12.1/nios2eds/bin/gnu/H-i686-pc-linux-gnu/bin/../lib/gcc/nios2-elf/4.1.2/../../../../nios2-elf/lib/libc.a(lib_a-writer.o)
 .bss           0x0081f534        0x0 /OPT/altera/12.1/nios2eds/bin/gnu/H-i686-pc-linux-gnu/bin/../lib/gcc/nios2-elf/4.1.2/../../../../nios2-elf/lib/libc.a(lib_a-callocr.o)
 .bss           0x0081f534        0x0 /OPT/altera/12.1/nios2eds/bin/gnu/H-i686-pc-linux-gnu/bin/../lib/gcc/nios2-elf/4.1.2/../../../../nios2-elf/lib/libc.a(lib_a-closer.o)
 .bss           0x0081f534        0x0 /OPT/altera/12.1/nios2eds/bin/gnu/H-i686-pc-linux-gnu/bin/../lib/gcc/nios2-elf/4.1.2/../../../../nios2-elf/lib/libc.a(lib_a-fclose.o)
 .bss           0x0081f534        0x0 /OPT/altera/12.1/nios2eds/bin/gnu/H-i686-pc-linux-gnu/bin/../lib/gcc/nios2-elf/4.1.2/../../../../nios2-elf/lib/libc.a(lib_a-fstatr.o)
 .bss           0x0081f534        0x0 /OPT/altera/12.1/nios2eds/bin/gnu/H-i686-pc-linux-gnu/bin/../lib/gcc/nios2-elf/4.1.2/../../../../nios2-elf/lib/libc.a(lib_a-int_errno.o)
 .bss           0x0081f534        0x0 /OPT/altera/12.1/nios2eds/bin/gnu/H-i686-pc-linux-gnu/bin/../lib/gcc/nios2-elf/4.1.2/../../../../nios2-elf/lib/libc.a(lib_a-isattyr.o)
 .bss           0x0081f534        0x0 /OPT/altera/12.1/nios2eds/bin/gnu/H-i686-pc-linux-gnu/bin/../lib/gcc/nios2-elf/4.1.2/../../../../nios2-elf/lib/libc.a(lib_a-lseekr.o)
 .bss           0x0081f534        0x0 /OPT/altera/12.1/nios2eds/bin/gnu/H-i686-pc-linux-gnu/bin/../lib/gcc/nios2-elf/4.1.2/../../../../nios2-elf/lib/libc.a(lib_a-readr.o)
 .bss           0x0081f534        0x0 /OPT/altera/12.1/nios2eds/bin/gnu/H-i686-pc-linux-gnu/bin/../lib/gcc/nios2-elf/4.1.2/libgcc.a(_udivdi3.o)
 .bss           0x0081f534        0x0 /OPT/altera/12.1/nios2eds/bin/gnu/H-i686-pc-linux-gnu/bin/../lib/gcc/nios2-elf/4.1.2/libgcc.a(_umoddi3.o)
 .bss           0x0081f534        0x0 /OPT/altera/12.1/nios2eds/bin/gnu/H-i686-pc-linux-gnu/bin/../lib/gcc/nios2-elf/4.1.2/libgcc.a(_addsub_df.o)
 .bss           0x0081f534        0x0 /OPT/altera/12.1/nios2eds/bin/gnu/H-i686-pc-linux-gnu/bin/../lib/gcc/nios2-elf/4.1.2/libgcc.a(_mul_df.o)
 .bss           0x0081f534        0x0 /OPT/altera/12.1/nios2eds/bin/gnu/H-i686-pc-linux-gnu/bin/../lib/gcc/nios2-elf/4.1.2/libgcc.a(_div_df.o)
 .bss           0x0081f534        0x0 /OPT/altera/12.1/nios2eds/bin/gnu/H-i686-pc-linux-gnu/bin/../lib/gcc/nios2-elf/4.1.2/libgcc.a(_eq_df.o)
 .bss           0x0081f534        0x0 /OPT/altera/12.1/nios2eds/bin/gnu/H-i686-pc-linux-gnu/bin/../lib/gcc/nios2-elf/4.1.2/libgcc.a(_ne_df.o)
 .bss           0x0081f534        0x0 /OPT/altera/12.1/nios2eds/bin/gnu/H-i686-pc-linux-gnu/bin/../lib/gcc/nios2-elf/4.1.2/libgcc.a(_gt_df.o)
 .bss           0x0081f534        0x0 /OPT/altera/12.1/nios2eds/bin/gnu/H-i686-pc-linux-gnu/bin/../lib/gcc/nios2-elf/4.1.2/libgcc.a(_ge_df.o)
 .bss           0x0081f534        0x0 /OPT/altera/12.1/nios2eds/bin/gnu/H-i686-pc-linux-gnu/bin/../lib/gcc/nios2-elf/4.1.2/libgcc.a(_lt_df.o)
 .bss           0x0081f534        0x0 /OPT/altera/12.1/nios2eds/bin/gnu/H-i686-pc-linux-gnu/bin/../lib/gcc/nios2-elf/4.1.2/libgcc.a(_si_to_df.o)
 .bss           0x0081f534        0x0 /OPT/altera/12.1/nios2eds/bin/gnu/H-i686-pc-linux-gnu/bin/../lib/gcc/nios2-elf/4.1.2/libgcc.a(_df_to_si.o)
 .bss           0x0081f534        0x0 /OPT/altera/12.1/nios2eds/bin/gnu/H-i686-pc-linux-gnu/bin/../lib/gcc/nios2-elf/4.1.2/libgcc.a(_thenan_df.o)
 .bss           0x0081f534        0x0 /OPT/altera/12.1/nios2eds/bin/gnu/H-i686-pc-linux-gnu/bin/../lib/gcc/nios2-elf/4.1.2/libgcc.a(_usi_to_df.o)
 .bss           0x0081f534        0x0 /OPT/altera/12.1/nios2eds/bin/gnu/H-i686-pc-linux-gnu/bin/../lib/gcc/nios2-elf/4.1.2/libgcc.a(lib2-divmod.o)
 .bss           0x0081f534        0x0 /OPT/altera/12.1/nios2eds/bin/gnu/H-i686-pc-linux-gnu/bin/../lib/gcc/nios2-elf/4.1.2/libgcc.a(_muldi3.o)
 .bss           0x0081f534        0x0 /OPT/altera/12.1/nios2eds/bin/gnu/H-i686-pc-linux-gnu/bin/../lib/gcc/nios2-elf/4.1.2/libgcc.a(_clz.o)
 .bss           0x0081f534        0x0 /OPT/altera/12.1/nios2eds/bin/gnu/H-i686-pc-linux-gnu/bin/../lib/gcc/nios2-elf/4.1.2/libgcc.a(_clzsi2.o)
 .bss           0x0081f534        0x0 /OPT/altera/12.1/nios2eds/bin/gnu/H-i686-pc-linux-gnu/bin/../lib/gcc/nios2-elf/4.1.2/libgcc.a(_pack_df.o)
 .bss           0x0081f534        0x0 /OPT/altera/12.1/nios2eds/bin/gnu/H-i686-pc-linux-gnu/bin/../lib/gcc/nios2-elf/4.1.2/libgcc.a(_unpack_df.o)
 .bss           0x0081f534        0x0 /OPT/altera/12.1/nios2eds/bin/gnu/H-i686-pc-linux-gnu/bin/../lib/gcc/nios2-elf/4.1.2/libgcc.a(_fpcmp_parts_df.o)
 .bss           0x0081f534        0x0 ../vga_bsp//libucosii_bsp.a(alt_close.o)
 .bss           0x0081f534        0x0 ../vga_bsp//libucosii_bsp.a(alt_dev.o)
 .bss           0x0081f534        0x0 ../vga_bsp//libucosii_bsp.a(alt_errno.o)
 .bss           0x0081f534        0x0 ../vga_bsp//libucosii_bsp.a(alt_fstat.o)
 .bss           0x0081f534        0x0 ../vga_bsp//libucosii_bsp.a(alt_isatty.o)
 .bss           0x0081f534        0x0 ../vga_bsp//libucosii_bsp.a(alt_load.o)
 .bss           0x0081f534        0x0 ../vga_bsp//libucosii_bsp.a(alt_lseek.o)
 .bss           0x0081f534        0x0 ../vga_bsp//libucosii_bsp.a(alt_main.o)
 .bss           0x0081f534        0x0 ../vga_bsp//libucosii_bsp.a(alt_read.o)
 .bss           0x0081f534        0x0 ../vga_bsp//libucosii_bsp.a(alt_release_fd.o)
 .bss           0x0081f534        0x0 ../vga_bsp//libucosii_bsp.a(alt_sbrk.o)
 .bss           0x0081f534        0x0 ../vga_bsp//libucosii_bsp.a(alt_write.o)
 .bss           0x0081f534        0x0 ../vga_bsp//libucosii_bsp.a(alt_env_lock.o)
 .bss           0x0081f534        0x0 ../vga_bsp//libucosii_bsp.a(alt_malloc_lock.o)
 .bss           0x0081f534        0x0 ../vga_bsp//libucosii_bsp.a(os_core.o)
 .bss           0x0081f534        0x0 ../vga_bsp//libucosii_bsp.a(os_dbg.o)
 .bss           0x0081f534        0x0 ../vga_bsp//libucosii_bsp.a(os_flag.o)
 .bss           0x0081f534        0x0 ../vga_bsp//libucosii_bsp.a(os_mem.o)
 .bss           0x0081f534        0x0 ../vga_bsp//libucosii_bsp.a(os_q.o)
 .bss           0x0081f534        0x0 ../vga_bsp//libucosii_bsp.a(os_sem.o)
 .bss           0x0081f534        0x0 ../vga_bsp//libucosii_bsp.a(os_task.o)
 .bss           0x0081f534        0x0 ../vga_bsp//libucosii_bsp.a(os_time.o)
 .bss           0x0081f534        0x0 ../vga_bsp//libucosii_bsp.a(alt_sys_init.o)
 .bss           0x0081f534        0x0 ../vga_bsp//libucosii_bsp.a(altera_avalon_jtag_uart_fd.o)
 .bss           0x0081f534        0x0 ../vga_bsp//libucosii_bsp.a(altera_avalon_jtag_uart_init.o)
 .bss           0x0081f534        0x0 ../vga_bsp//libucosii_bsp.a(altera_avalon_jtag_uart_ioctl.o)
 .bss           0x0081f534        0x0 ../vga_bsp//libucosii_bsp.a(altera_avalon_jtag_uart_read.o)
 .bss           0x0081f534        0x0 ../vga_bsp//libucosii_bsp.a(altera_avalon_jtag_uart_write.o)
 .bss           0x0081f534        0x0 ../vga_bsp//libucosii_bsp.a(altera_avalon_timer_sc.o)
 .bss           0x0081f534        0x0 ../vga_bsp//libucosii_bsp.a(altera_up_avalon_character_lcd.o)
 .bss           0x0081f534        0x0 ../vga_bsp//libucosii_bsp.a(altera_up_avalon_video_pixel_buffer_dma.o)
 .bss           0x0081f534        0x0 ../vga_bsp//libucosii_bsp.a(altera_up_sd_card_avalon_interface.o)
 .bss           0x0081f534        0x0 ../vga_bsp//libucosii_bsp.a(alt_alarm_start.o)
 .bss           0x0081f534        0x0 ../vga_bsp//libucosii_bsp.a(alt_dcache_flush_all.o)
 .bss           0x0081f534        0x0 ../vga_bsp//libucosii_bsp.a(alt_dev_llist_insert.o)
 .bss           0x0081f534        0x0 ../vga_bsp//libucosii_bsp.a(alt_do_ctors.o)
 .bss           0x0081f534        0x0 ../vga_bsp//libucosii_bsp.a(alt_do_dtors.o)
 .bss           0x0081f534        0x0 ../vga_bsp//libucosii_bsp.a(alt_find_dev.o)
 .bss           0x0081f534        0x0 ../vga_bsp//libucosii_bsp.a(alt_icache_flush_all.o)
 .bss           0x0081f534        0x0 ../vga_bsp//libucosii_bsp.a(alt_iic.o)
 .bss           0x0081f534        0x0 ../vga_bsp//libucosii_bsp.a(alt_iic_isr_register.o)
 .bss           0x0081f534        0x0 ../vga_bsp//libucosii_bsp.a(alt_io_redirect.o)
 .bss           0x0081f534        0x0 ../vga_bsp//libucosii_bsp.a(alt_irq_entry.o)
 .bss           0x0081f534        0x0 ../vga_bsp//libucosii_bsp.a(alt_irq_handler.o)
 .bss           0x0081f534        0x0 ../vga_bsp//libucosii_bsp.a(alt_irq_vars.o)
 .bss           0x0081f534        0x0 ../vga_bsp//libucosii_bsp.a(alt_open.o)
 .bss           0x0081f534        0x0 ../vga_bsp//libucosii_bsp.a(alt_tick.o)
 .bss           0x0081f534        0x0 ../vga_bsp//libucosii_bsp.a(altera_nios2_qsys_irq.o)
 .bss           0x0081f534        0x0 ../vga_bsp//libucosii_bsp.a(os_cpu_a.o)
 .bss           0x0081f534        0x0 ../vga_bsp//libucosii_bsp.a(os_cpu_c.o)
 .bss           0x0081f534        0x0 ../vga_bsp//libucosii_bsp.a(alt_exception_entry.o)
 .bss           0x0081f534        0x0 ../vga_bsp//libucosii_bsp.a(alt_find_file.o)
 .bss           0x0081f534        0x0 ../vga_bsp//libucosii_bsp.a(alt_get_fd.o)
 .bss           0x0081f534        0x0 ../vga_bsp//libucosii_bsp.a(alt_icache_flush.o)
 .bss           0x0081f534        0x0 /OPT/altera/12.1/nios2eds/bin/gnu/H-i686-pc-linux-gnu/bin/../lib/gcc/nios2-elf/4.1.2/../../../../nios2-elf/lib/libc.a(lib_a-atexit.o)
 .bss           0x0081f534        0x0 /OPT/altera/12.1/nios2eds/bin/gnu/H-i686-pc-linux-gnu/bin/../lib/gcc/nios2-elf/4.1.2/../../../../nios2-elf/lib/libc.a(lib_a-exit.o)
 .bss           0x0081f534        0x0 /OPT/altera/12.1/nios2eds/bin/gnu/H-i686-pc-linux-gnu/bin/../lib/gcc/nios2-elf/4.1.2/../../../../nios2-elf/lib/libc.a(lib_a-memcmp.o)
 .bss           0x0081f534        0x0 /OPT/altera/12.1/nios2eds/bin/gnu/H-i686-pc-linux-gnu/bin/../lib/gcc/nios2-elf/4.1.2/../../../../nios2-elf/lib/libc.a(lib_a-__atexit.o)
 .bss           0x0081f534        0x0 /OPT/altera/12.1/nios2eds/bin/gnu/H-i686-pc-linux-gnu/bin/../lib/gcc/nios2-elf/4.1.2/../../../../nios2-elf/lib/libc.a(lib_a-__call_atexit.o)
 .bss           0x0081f534        0x0 ../vga_bsp//libucosii_bsp.a(alt_exit.o)
 *(COMMON)
 COMMON         0x0081f534     0x4000 obj/default/hello_ucosii.o
                0x0081f534                task1_stk
                0x00821534                task2_stk
 COMMON         0x00823534     0x3224 ../vga_bsp//libucosii_bsp.a(os_core.o)
                0x00823534                OSFlagTbl
                0x008238a4                OSMemTbl
                0x008244d4                OSTaskStatStk
                0x00824cd4                OSQTbl
                0x00824eb4                OSTaskIdleStk
                0x008256b4                OSEventTbl
                0x008261f4                OSTCBTbl
                0x00826704                OSTCBPrioTbl
 COMMON         0x00826758      0x568 ../vga_bsp//libucosii_bsp.a(altera_up_sd_card_avalon_interface.o)
                0x00826758                search_data
                0x0082676c                boot_sector_data
                0x008267c0                active_files
 COMMON         0x00826cc0      0x100 ../vga_bsp//libucosii_bsp.a(alt_irq_handler.o)
                0x00826cc0                alt_irq
 COMMON         0x00826dc0      0x190 /OPT/altera/12.1/nios2eds/bin/gnu/H-i686-pc-linux-gnu/bin/../lib/gcc/nios2-elf/4.1.2/../../../../nios2-elf/lib/libc.a(lib_a-atexit.o)
                0x00826dc0                _atexit0
                0x00826f50                . = ALIGN (0x4)
                0x00826f50                __bss_end = ABSOLUTE (.)

.sdram_0        0x00826f50        0x0
                0x00826f50                PROVIDE (_alt_partition_sdram_0_start, ABSOLUTE (.))
 *(.sdram_0. sdram_0.*)
                0x00826f50                . = ALIGN (0x4)
                0x00826f50                PROVIDE (_alt_partition_sdram_0_end, ABSOLUTE (.))
                0x00826f50                _end = ABSOLUTE (.)
                0x00826f50                end = ABSOLUTE (.)
                0x00826f50                __alt_stack_base = ABSOLUTE (.)
                0x00826f50                PROVIDE (_alt_partition_sdram_0_load_addr, LOADADDR (.sdram_0))

.onchip_memory2_0
                0x010841bc        0x0 load address 0x00826f50
                0x010841bc                PROVIDE (_alt_partition_onchip_memory2_0_start, ABSOLUTE (.))
 *(.onchip_memory2_0. onchip_memory2_0.*)
                0x010841bc                . = ALIGN (0x4)
                0x010841bc                PROVIDE (_alt_partition_onchip_memory2_0_end, ABSOLUTE (.))
                0x00826f50                PROVIDE (_alt_partition_onchip_memory2_0_load_addr, LOADADDR (.onchip_memory2_0))

.stab
 *(.stab)

.stabstr
 *(.stabstr)

.stab.excl
 *(.stab.excl)

.stab.exclstr
 *(.stab.exclstr)

.stab.index
 *(.stab.index)

.stab.indexstr
 *(.stab.indexstr)

.comment        0x00000000       0x26
 *(.comment)
 .comment       0x00000000       0x26 obj/default/hello_ucosii.o
                                 0x27 (size before relaxing)
 .comment       0x00000000       0x27 /OPT/altera/12.1/nios2eds/bin/gnu/H-i686-pc-linux-gnu/bin/../lib/gcc/nios2-elf/4.1.2/../../../../nios2-elf/lib/libc.a(lib_a-printf.o)
 .comment       0x00000000       0x27 /OPT/altera/12.1/nios2eds/bin/gnu/H-i686-pc-linux-gnu/bin/../lib/gcc/nios2-elf/4.1.2/../../../../nios2-elf/lib/libc.a(lib_a-puts.o)
 .comment       0x00000000       0x27 /OPT/altera/12.1/nios2eds/bin/gnu/H-i686-pc-linux-gnu/bin/../lib/gcc/nios2-elf/4.1.2/../../../../nios2-elf/lib/libc.a(lib_a-strlen.o)
 .comment       0x00000000       0x27 /OPT/altera/12.1/nios2eds/bin/gnu/H-i686-pc-linux-gnu/bin/../lib/gcc/nios2-elf/4.1.2/../../../../nios2-elf/lib/libc.a(lib_a-vfprintf.o)
 .comment       0x00000000       0x27 /OPT/altera/12.1/nios2eds/bin/gnu/H-i686-pc-linux-gnu/bin/../lib/gcc/nios2-elf/4.1.2/../../../../nios2-elf/lib/libc.a(lib_a-wsetup.o)
 .comment       0x00000000       0x27 /OPT/altera/12.1/nios2eds/bin/gnu/H-i686-pc-linux-gnu/bin/../lib/gcc/nios2-elf/4.1.2/../../../../nios2-elf/lib/libc.a(lib_a-dtoa.o)
 .comment       0x00000000       0x27 /OPT/altera/12.1/nios2eds/bin/gnu/H-i686-pc-linux-gnu/bin/../lib/gcc/nios2-elf/4.1.2/../../../../nios2-elf/lib/libc.a(lib_a-fflush.o)
 .comment       0x00000000       0x27 /OPT/altera/12.1/nios2eds/bin/gnu/H-i686-pc-linux-gnu/bin/../lib/gcc/nios2-elf/4.1.2/../../../../nios2-elf/lib/libc.a(lib_a-findfp.o)
 .comment       0x00000000       0x27 /OPT/altera/12.1/nios2eds/bin/gnu/H-i686-pc-linux-gnu/bin/../lib/gcc/nios2-elf/4.1.2/../../../../nios2-elf/lib/libc.a(lib_a-freer.o)
 .comment       0x00000000       0x27 /OPT/altera/12.1/nios2eds/bin/gnu/H-i686-pc-linux-gnu/bin/../lib/gcc/nios2-elf/4.1.2/../../../../nios2-elf/lib/libc.a(lib_a-fvwrite.o)
 .comment       0x00000000       0x27 /OPT/altera/12.1/nios2eds/bin/gnu/H-i686-pc-linux-gnu/bin/../lib/gcc/nios2-elf/4.1.2/../../../../nios2-elf/lib/libc.a(lib_a-fwalk.o)
 .comment       0x00000000       0x27 /OPT/altera/12.1/nios2eds/bin/gnu/H-i686-pc-linux-gnu/bin/../lib/gcc/nios2-elf/4.1.2/../../../../nios2-elf/lib/libc.a(lib_a-impure.o)
 .comment       0x00000000       0x27 /OPT/altera/12.1/nios2eds/bin/gnu/H-i686-pc-linux-gnu/bin/../lib/gcc/nios2-elf/4.1.2/../../../../nios2-elf/lib/libc.a(lib_a-locale.o)
 .comment       0x00000000       0x27 /OPT/altera/12.1/nios2eds/bin/gnu/H-i686-pc-linux-gnu/bin/../lib/gcc/nios2-elf/4.1.2/../../../../nios2-elf/lib/libc.a(lib_a-makebuf.o)
 .comment       0x00000000       0x27 /OPT/altera/12.1/nios2eds/bin/gnu/H-i686-pc-linux-gnu/bin/../lib/gcc/nios2-elf/4.1.2/../../../../nios2-elf/lib/libc.a(lib_a-mallocr.o)
 .comment       0x00000000       0x27 /OPT/altera/12.1/nios2eds/bin/gnu/H-i686-pc-linux-gnu/bin/../lib/gcc/nios2-elf/4.1.2/../../../../nios2-elf/lib/libc.a(lib_a-memchr.o)
 .comment       0x00000000       0x27 /OPT/altera/12.1/nios2eds/bin/gnu/H-i686-pc-linux-gnu/bin/../lib/gcc/nios2-elf/4.1.2/../../../../nios2-elf/lib/libc.a(lib_a-memcpy.o)
 .comment       0x00000000       0x27 /OPT/altera/12.1/nios2eds/bin/gnu/H-i686-pc-linux-gnu/bin/../lib/gcc/nios2-elf/4.1.2/../../../../nios2-elf/lib/libc.a(lib_a-memmove.o)
 .comment       0x00000000       0x27 /OPT/altera/12.1/nios2eds/bin/gnu/H-i686-pc-linux-gnu/bin/../lib/gcc/nios2-elf/4.1.2/../../../../nios2-elf/lib/libc.a(lib_a-memset.o)
 .comment       0x00000000       0x27 /OPT/altera/12.1/nios2eds/bin/gnu/H-i686-pc-linux-gnu/bin/../lib/gcc/nios2-elf/4.1.2/../../../../nios2-elf/lib/libc.a(lib_a-mprec.o)
 .comment       0x00000000       0x27 /OPT/altera/12.1/nios2eds/bin/gnu/H-i686-pc-linux-gnu/bin/../lib/gcc/nios2-elf/4.1.2/../../../../nios2-elf/lib/libc.a(lib_a-reallocr.o)
 .comment       0x00000000       0x27 /OPT/altera/12.1/nios2eds/bin/gnu/H-i686-pc-linux-gnu/bin/../lib/gcc/nios2-elf/4.1.2/../../../../nios2-elf/lib/libc.a(lib_a-s_isinfd.o)
 .comment       0x00000000       0x27 /OPT/altera/12.1/nios2eds/bin/gnu/H-i686-pc-linux-gnu/bin/../lib/gcc/nios2-elf/4.1.2/../../../../nios2-elf/lib/libc.a(lib_a-s_isnand.o)
 .comment       0x00000000       0x27 /OPT/altera/12.1/nios2eds/bin/gnu/H-i686-pc-linux-gnu/bin/../lib/gcc/nios2-elf/4.1.2/../../../../nios2-elf/lib/libc.a(lib_a-sbrkr.o)
 .comment       0x00000000       0x27 /OPT/altera/12.1/nios2eds/bin/gnu/H-i686-pc-linux-gnu/bin/../lib/gcc/nios2-elf/4.1.2/../../../../nios2-elf/lib/libc.a(lib_a-stdio.o)
 .comment       0x00000000       0x27 /OPT/altera/12.1/nios2eds/bin/gnu/H-i686-pc-linux-gnu/bin/../lib/gcc/nios2-elf/4.1.2/../../../../nios2-elf/lib/libc.a(lib_a-strcmp.o)
 .comment       0x00000000       0x27 /OPT/altera/12.1/nios2eds/bin/gnu/H-i686-pc-linux-gnu/bin/../lib/gcc/nios2-elf/4.1.2/../../../../nios2-elf/lib/libc.a(lib_a-writer.o)
 .comment       0x00000000       0x27 /OPT/altera/12.1/nios2eds/bin/gnu/H-i686-pc-linux-gnu/bin/../lib/gcc/nios2-elf/4.1.2/../../../../nios2-elf/lib/libc.a(lib_a-callocr.o)
 .comment       0x00000000       0x27 /OPT/altera/12.1/nios2eds/bin/gnu/H-i686-pc-linux-gnu/bin/../lib/gcc/nios2-elf/4.1.2/../../../../nios2-elf/lib/libc.a(lib_a-closer.o)
 .comment       0x00000000       0x27 /OPT/altera/12.1/nios2eds/bin/gnu/H-i686-pc-linux-gnu/bin/../lib/gcc/nios2-elf/4.1.2/../../../../nios2-elf/lib/libc.a(lib_a-fclose.o)
 .comment       0x00000000       0x27 /OPT/altera/12.1/nios2eds/bin/gnu/H-i686-pc-linux-gnu/bin/../lib/gcc/nios2-elf/4.1.2/../../../../nios2-elf/lib/libc.a(lib_a-fstatr.o)
 .comment       0x00000000       0x27 /OPT/altera/12.1/nios2eds/bin/gnu/H-i686-pc-linux-gnu/bin/../lib/gcc/nios2-elf/4.1.2/../../../../nios2-elf/lib/libc.a(lib_a-int_errno.o)
 .comment       0x00000000       0x27 /OPT/altera/12.1/nios2eds/bin/gnu/H-i686-pc-linux-gnu/bin/../lib/gcc/nios2-elf/4.1.2/../../../../nios2-elf/lib/libc.a(lib_a-isattyr.o)
 .comment       0x00000000       0x27 /OPT/altera/12.1/nios2eds/bin/gnu/H-i686-pc-linux-gnu/bin/../lib/gcc/nios2-elf/4.1.2/../../../../nios2-elf/lib/libc.a(lib_a-lseekr.o)
 .comment       0x00000000       0x27 /OPT/altera/12.1/nios2eds/bin/gnu/H-i686-pc-linux-gnu/bin/../lib/gcc/nios2-elf/4.1.2/../../../../nios2-elf/lib/libc.a(lib_a-readr.o)
 .comment       0x00000000       0x27 /OPT/altera/12.1/nios2eds/bin/gnu/H-i686-pc-linux-gnu/bin/../lib/gcc/nios2-elf/4.1.2/libgcc.a(_udivdi3.o)
 .comment       0x00000000       0x27 /OPT/altera/12.1/nios2eds/bin/gnu/H-i686-pc-linux-gnu/bin/../lib/gcc/nios2-elf/4.1.2/libgcc.a(_umoddi3.o)
 .comment       0x00000000       0x27 /OPT/altera/12.1/nios2eds/bin/gnu/H-i686-pc-linux-gnu/bin/../lib/gcc/nios2-elf/4.1.2/libgcc.a(_addsub_df.o)
 .comment       0x00000000       0x27 /OPT/altera/12.1/nios2eds/bin/gnu/H-i686-pc-linux-gnu/bin/../lib/gcc/nios2-elf/4.1.2/libgcc.a(_mul_df.o)
 .comment       0x00000000       0x27 /OPT/altera/12.1/nios2eds/bin/gnu/H-i686-pc-linux-gnu/bin/../lib/gcc/nios2-elf/4.1.2/libgcc.a(_div_df.o)
 .comment       0x00000000       0x27 /OPT/altera/12.1/nios2eds/bin/gnu/H-i686-pc-linux-gnu/bin/../lib/gcc/nios2-elf/4.1.2/libgcc.a(_eq_df.o)
 .comment       0x00000000       0x27 /OPT/altera/12.1/nios2eds/bin/gnu/H-i686-pc-linux-gnu/bin/../lib/gcc/nios2-elf/4.1.2/libgcc.a(_ne_df.o)
 .comment       0x00000000       0x27 /OPT/altera/12.1/nios2eds/bin/gnu/H-i686-pc-linux-gnu/bin/../lib/gcc/nios2-elf/4.1.2/libgcc.a(_gt_df.o)
 .comment       0x00000000       0x27 /OPT/altera/12.1/nios2eds/bin/gnu/H-i686-pc-linux-gnu/bin/../lib/gcc/nios2-elf/4.1.2/libgcc.a(_ge_df.o)
 .comment       0x00000000       0x27 /OPT/altera/12.1/nios2eds/bin/gnu/H-i686-pc-linux-gnu/bin/../lib/gcc/nios2-elf/4.1.2/libgcc.a(_lt_df.o)
 .comment       0x00000000       0x27 /OPT/altera/12.1/nios2eds/bin/gnu/H-i686-pc-linux-gnu/bin/../lib/gcc/nios2-elf/4.1.2/libgcc.a(_si_to_df.o)
 .comment       0x00000000       0x27 /OPT/altera/12.1/nios2eds/bin/gnu/H-i686-pc-linux-gnu/bin/../lib/gcc/nios2-elf/4.1.2/libgcc.a(_df_to_si.o)
 .comment       0x00000000       0x27 /OPT/altera/12.1/nios2eds/bin/gnu/H-i686-pc-linux-gnu/bin/../lib/gcc/nios2-elf/4.1.2/libgcc.a(_thenan_df.o)
 .comment       0x00000000       0x27 /OPT/altera/12.1/nios2eds/bin/gnu/H-i686-pc-linux-gnu/bin/../lib/gcc/nios2-elf/4.1.2/libgcc.a(_usi_to_df.o)
 .comment       0x00000000       0x27 /OPT/altera/12.1/nios2eds/bin/gnu/H-i686-pc-linux-gnu/bin/../lib/gcc/nios2-elf/4.1.2/libgcc.a(lib2-divmod.o)
 .comment       0x00000000       0x27 /OPT/altera/12.1/nios2eds/bin/gnu/H-i686-pc-linux-gnu/bin/../lib/gcc/nios2-elf/4.1.2/libgcc.a(_muldi3.o)
 .comment       0x00000000       0x27 /OPT/altera/12.1/nios2eds/bin/gnu/H-i686-pc-linux-gnu/bin/../lib/gcc/nios2-elf/4.1.2/libgcc.a(_clz.o)
 .comment       0x00000000       0x27 /OPT/altera/12.1/nios2eds/bin/gnu/H-i686-pc-linux-gnu/bin/../lib/gcc/nios2-elf/4.1.2/libgcc.a(_clzsi2.o)
 .comment       0x00000000       0x27 /OPT/altera/12.1/nios2eds/bin/gnu/H-i686-pc-linux-gnu/bin/../lib/gcc/nios2-elf/4.1.2/libgcc.a(_pack_df.o)
 .comment       0x00000000       0x27 /OPT/altera/12.1/nios2eds/bin/gnu/H-i686-pc-linux-gnu/bin/../lib/gcc/nios2-elf/4.1.2/libgcc.a(_unpack_df.o)
 .comment       0x00000000       0x27 /OPT/altera/12.1/nios2eds/bin/gnu/H-i686-pc-linux-gnu/bin/../lib/gcc/nios2-elf/4.1.2/libgcc.a(_fpcmp_parts_df.o)
 .comment       0x00000000       0x27 ../vga_bsp//libucosii_bsp.a(alt_close.o)
 .comment       0x00000000       0x27 ../vga_bsp//libucosii_bsp.a(alt_dev.o)
 .comment       0x00000000       0x27 ../vga_bsp//libucosii_bsp.a(alt_errno.o)