Archive member included because of file (symbol)

/OPT/altera/12.1/nios2eds/bin/gnu/H-i686-pc-linux-gnu/bin/../lib/gcc/nios2-elf/4.1.2/../../../../nios2-elf/lib/libc.a(lib_a-puts.o)
                              obj/default/hello_ucosii.o (puts)
/OPT/altera/12.1/nios2eds/bin/gnu/H-i686-pc-linux-gnu/bin/../lib/gcc/nios2-elf/4.1.2/../../../../nios2-elf/lib/libc.a(lib_a-strlen.o)
                              /OPT/altera/12.1/nios2eds/bin/gnu/H-i686-pc-linux-gnu/bin/../lib/gcc/nios2-elf/4.1.2/../../../../nios2-elf/lib/libc.a(lib_a-puts.o) (strlen)
/OPT/altera/12.1/nios2eds/bin/gnu/H-i686-pc-linux-gnu/bin/../lib/gcc/nios2-elf/4.1.2/../../../../nios2-elf/lib/libc.a(lib_a-fvwrite.o)
                              /OPT/altera/12.1/nios2eds/bin/gnu/H-i686-pc-linux-gnu/bin/../lib/gcc/nios2-elf/4.1.2/../../../../nios2-elf/lib/libc.a(lib_a-puts.o) (__sfvwrite_r)
/OPT/altera/12.1/nios2eds/bin/gnu/H-i686-pc-linux-gnu/bin/../lib/gcc/nios2-elf/4.1.2/../../../../nios2-elf/lib/libc.a(lib_a-impure.o)
                              /OPT/altera/12.1/nios2eds/bin/gnu/H-i686-pc-linux-gnu/bin/../lib/gcc/nios2-elf/4.1.2/../../../../nios2-elf/lib/libc.a(lib_a-puts.o) (_impure_ptr)
/OPT/altera/12.1/nios2eds/bin/gnu/H-i686-pc-linux-gnu/bin/../lib/gcc/nios2-elf/4.1.2/../../../../nios2-elf/lib/libc.a(lib_a-mallocr.o)
                              /OPT/altera/12.1/nios2eds/bin/gnu/H-i686-pc-linux-gnu/bin/../lib/gcc/nios2-elf/4.1.2/../../../../nios2-elf/lib/libc.a(lib_a-fvwrite.o) (_malloc_r)
/OPT/altera/12.1/nios2eds/bin/gnu/H-i686-pc-linux-gnu/bin/../lib/gcc/nios2-elf/4.1.2/../../../../nios2-elf/lib/libc.a(lib_a-memchr.o)
                              /OPT/altera/12.1/nios2eds/bin/gnu/H-i686-pc-linux-gnu/bin/../lib/gcc/nios2-elf/4.1.2/../../../../nios2-elf/lib/libc.a(lib_a-fvwrite.o) (memchr)
/OPT/altera/12.1/nios2eds/bin/gnu/H-i686-pc-linux-gnu/bin/../lib/gcc/nios2-elf/4.1.2/../../../../nios2-elf/lib/libc.a(lib_a-memcpy.o)
                              /OPT/altera/12.1/nios2eds/bin/gnu/H-i686-pc-linux-gnu/bin/../lib/gcc/nios2-elf/4.1.2/../../../../nios2-elf/lib/libc.a(lib_a-fvwrite.o) (memcpy)
/OPT/altera/12.1/nios2eds/bin/gnu/H-i686-pc-linux-gnu/bin/../lib/gcc/nios2-elf/4.1.2/../../../../nios2-elf/lib/libc.a(lib_a-memmove.o)
                              /OPT/altera/12.1/nios2eds/bin/gnu/H-i686-pc-linux-gnu/bin/../lib/gcc/nios2-elf/4.1.2/../../../../nios2-elf/lib/libc.a(lib_a-fvwrite.o) (memmove)
/OPT/altera/12.1/nios2eds/bin/gnu/H-i686-pc-linux-gnu/bin/../lib/gcc/nios2-elf/4.1.2/../../../../nios2-elf/lib/libc.a(lib_a-reallocr.o)
                              /OPT/altera/12.1/nios2eds/bin/gnu/H-i686-pc-linux-gnu/bin/../lib/gcc/nios2-elf/4.1.2/../../../../nios2-elf/lib/libc.a(lib_a-fvwrite.o) (_realloc_r)
/OPT/altera/12.1/nios2eds/bin/gnu/H-i686-pc-linux-gnu/bin/../lib/gcc/nios2-elf/4.1.2/../../../../nios2-elf/lib/libc.a(lib_a-sbrkr.o)
                              /OPT/altera/12.1/nios2eds/bin/gnu/H-i686-pc-linux-gnu/bin/../lib/gcc/nios2-elf/4.1.2/../../../../nios2-elf/lib/libc.a(lib_a-mallocr.o) (_sbrk_r)
/OPT/altera/12.1/nios2eds/bin/gnu/H-i686-pc-linux-gnu/bin/../lib/gcc/nios2-elf/4.1.2/../../../../nios2-elf/lib/libc.a(lib_a-wsetup.o)
                              /OPT/altera/12.1/nios2eds/bin/gnu/H-i686-pc-linux-gnu/bin/../lib/gcc/nios2-elf/4.1.2/../../../../nios2-elf/lib/libc.a(lib_a-fvwrite.o) (__swsetup_r)
/OPT/altera/12.1/nios2eds/bin/gnu/H-i686-pc-linux-gnu/bin/../lib/gcc/nios2-elf/4.1.2/../../../../nios2-elf/lib/libc.a(lib_a-fflush.o)
                              /OPT/altera/12.1/nios2eds/bin/gnu/H-i686-pc-linux-gnu/bin/../lib/gcc/nios2-elf/4.1.2/../../../../nios2-elf/lib/libc.a(lib_a-fvwrite.o) (_fflush_r)
/OPT/altera/12.1/nios2eds/bin/gnu/H-i686-pc-linux-gnu/bin/../lib/gcc/nios2-elf/4.1.2/../../../../nios2-elf/lib/libc.a(lib_a-findfp.o)
                              /OPT/altera/12.1/nios2eds/bin/gnu/H-i686-pc-linux-gnu/bin/../lib/gcc/nios2-elf/4.1.2/../../../../nios2-elf/lib/libc.a(lib_a-wsetup.o) (__sinit)
/OPT/altera/12.1/nios2eds/bin/gnu/H-i686-pc-linux-gnu/bin/../lib/gcc/nios2-elf/4.1.2/../../../../nios2-elf/lib/libc.a(lib_a-freer.o)
                              /OPT/altera/12.1/nios2eds/bin/gnu/H-i686-pc-linux-gnu/bin/../lib/gcc/nios2-elf/4.1.2/../../../../nios2-elf/lib/libc.a(lib_a-fvwrite.o) (_free_r)
/OPT/altera/12.1/nios2eds/bin/gnu/H-i686-pc-linux-gnu/bin/../lib/gcc/nios2-elf/4.1.2/../../../../nios2-elf/lib/libc.a(lib_a-fwalk.o)
                              /OPT/altera/12.1/nios2eds/bin/gnu/H-i686-pc-linux-gnu/bin/../lib/gcc/nios2-elf/4.1.2/../../../../nios2-elf/lib/libc.a(lib_a-fflush.o) (_fwalk_reent)
/OPT/altera/12.1/nios2eds/bin/gnu/H-i686-pc-linux-gnu/bin/../lib/gcc/nios2-elf/4.1.2/../../../../nios2-elf/lib/libc.a(lib_a-int_errno.o)
                              /OPT/altera/12.1/nios2eds/bin/gnu/H-i686-pc-linux-gnu/bin/../lib/gcc/nios2-elf/4.1.2/../../../../nios2-elf/lib/libc.a(lib_a-sbrkr.o) (errno)
[...]
Memory Configuration

Name             Origin             Length             Attributes
sdram_0          0x00800000         0x00800000
reset            0x01104000         0x00000020
onchip_memory2_0 0x01104020         0x00003fe0
*default*        0x00000000         0xffffffff

Linker script and memory map

LOAD ../Ether_bsp//obj/HAL/src/crt0.o
LOAD obj/default/hello_ucosii.o
LOAD /OPT/altera/12.1/nios2eds/bin/gnu/H-i686-pc-linux-gnu/bin/../lib/gcc/nios2-elf/4.1.2/../../../../nios2-elf/lib/libstdc++.a
LOAD /OPT/altera/12.1/nios2eds/bin/gnu/H-i686-pc-linux-gnu/bin/../lib/gcc/nios2-elf/4.1.2/../../../../nios2-elf/lib/libm.a
LOAD /OPT/altera/12.1/nios2eds/bin/gnu/H-i686-pc-linux-gnu/bin/../lib/gcc/nios2-elf/4.1.2/libgcc.a
START GROUP
LOAD /OPT/altera/12.1/nios2eds/bin/gnu/H-i686-pc-linux-gnu/bin/../lib/gcc/nios2-elf/4.1.2/../../../../nios2-elf/lib/libc.a
LOAD /OPT/altera/12.1/nios2eds/bin/gnu/H-i686-pc-linux-gnu/bin/../lib/gcc/nios2-elf/4.1.2/libgcc.a
LOAD ../Ether_bsp//libucosii_bsp.a
END GROUP
LOAD /OPT/altera/12.1/nios2eds/bin/gnu/H-i686-pc-linux-gnu/bin/../lib/gcc/nios2-elf/4.1.2/libgcc.a
                0x00800000                __alt_mem_sdram_0 = 0x800000
                0x01104000                __alt_mem_onchip_memory2_0 = 0x1104000

.entry          0x01104000       0x20
 *(.entry)
 .entry         0x01104000       0x20 ../Ether_bsp//obj/HAL/src/crt0.o
                0x01104000                __reset

.exceptions     0x01104020      0x19c load address 0x00800000
                0x01104020                PROVIDE (__ram_exceptions_start, ABSOLUTE (.))
                0x01104020                . = ALIGN (0x20)
 *(.irq)
 *(.exceptions.entry.label)
 .exceptions.entry.label
                0x01104020        0x0 ../Ether_bsp//libucosii_bsp.a(alt_irq_entry.o)
                0x01104020                alt_irq_entry
 .exceptions.entry.label
                0x01104020        0x0 ../Ether_bsp//libucosii_bsp.a(alt_exception_entry.o)
                0x01104020                alt_exception
 *(.exceptions.entry.user)
 *(.exceptions.entry)
 .exceptions.entry
                0x01104020       0x54 ../Ether_bsp//libucosii_bsp.a(alt_exception_entry.o)
 *(.exceptions.irqtest.user)
 *(.exceptions.irqtest)
 .exceptions.irqtest
                0x01104074       0x10 ../Ether_bsp//libucosii_bsp.a(alt_irq_entry.o)
 *(.exceptions.irqhandler.user)
 *(.exceptions.irqhandler)
 .exceptions.irqhandler
                0x01104084        0x4 ../Ether_bsp//libucosii_bsp.a(alt_irq_entry.o)
 *(.exceptions.irqreturn.user)
 *(.exceptions.irqreturn)
 .exceptions.irqreturn
                0x01104088        0x4 ../Ether_bsp//libucosii_bsp.a(alt_irq_entry.o)
 *(.exceptions.notirq.label)
 .exceptions.notirq.label
                0x0110408c        0x0 ../Ether_bsp//libucosii_bsp.a(alt_irq_entry.o)
 *(.exceptions.notirq.user)
 *(.exceptions.notirq)
 .exceptions.notirq
                0x0110408c        0x8 ../Ether_bsp//libucosii_bsp.a(alt_exception_entry.o)
 *(.exceptions.soft.user)
 *(.exceptions.soft)
 *(.exceptions.unknown.user)
 *(.exceptions.unknown)
 .exceptions.unknown
                0x01104094        0x4 ../Ether_bsp//libucosii_bsp.a(alt_exception_entry.o)
 *(.exceptions.exit.label)
 .exceptions.exit.label
                0x01104098        0x0 ../Ether_bsp//libucosii_bsp.a(alt_irq_entry.o)
 .exceptions.exit.label
                0x01104098        0x0 ../Ether_bsp//libucosii_bsp.a(alt_exception_entry.o)
 *(.exceptions.exit.user)
 *(.exceptions.exit)
 .exceptions.exit
                0x01104098       0x54 ../Ether_bsp//libucosii_bsp.a(alt_exception_entry.o)
 *(.exceptions)
 .exceptions    0x011040ec       0xd0 ../Ether_bsp//libucosii_bsp.a(alt_irq_handler.o)
                0x011040ec                alt_irq_handler
                0x011041bc                PROVIDE (__ram_exceptions_end, ABSOLUTE (.))
                0x00800000                PROVIDE (__flash_exceptions_start, LOADADDR (.exceptions))

.text           0x0080019c     0xeb4c
                0x0080019c                PROVIDE (stext, ABSOLUTE (.))
 *(.interp)
 *(.hash)
 *(.dynsym)
 *(.dynstr)
 *(.gnu.version)
 *(.gnu.version_d)
 *(.gnu.version_r)
 *(.rel.init)
 *(.rela.init)
 *(.rel.text .rel.text.* .rel.gnu.linkonce.t.*)
 *(.rela.text .rela.text.* .rela.gnu.linkonce.t.*)
 *(.rel.fini)
 *(.rela.fini)
 *(.rel.rodata .rel.rodata.* .rel.gnu.linkonce.r.*)
 *(.rela.rodata .rela.rodata.* .rela.gnu.linkonce.r.*)
 *(.rel.data .rel.data.* .rel.gnu.linkonce.d.*)
 *(.rela.data .rela.data.* .rela.gnu.linkonce.d.*)
 *(.rel.tdata .rel.tdata.* .rel.gnu.linkonce.td.*)
 *(.rela.tdata .rela.tdata.* .rela.gnu.linkonce.td.*)
 *(.rel.tbss .rel.tbss.* .rel.gnu.linkonce.tb.*)
 *(.rela.tbss .rela.tbss.* .rela.gnu.linkonce.tb.*)
 *(.rel.ctors)
 *(.rela.ctors)
 *(.rel.dtors)
 *(.rela.dtors)
 *(.rel.got)
 *(.rela.got)
 *(.rel.sdata .rel.sdata.* .rel.gnu.linkonce.s.*)
 *(.rela.sdata .rela.sdata.* .rela.gnu.linkonce.s.*)
 *(.rel.sbss .rel.sbss.* .rel.gnu.linkonce.sb.*)
 *(.rela.sbss .rela.sbss.* .rela.gnu.linkonce.sb.*)
 *(.rel.sdata2 .rel.sdata2.* .rel.gnu.linkonce.s2.*)
 *(.rela.sdata2 .rela.sdata2.* .rela.gnu.linkonce.s2.*)
 *(.rel.sbss2 .rel.sbss2.* .rel.gnu.linkonce.sb2.*)
 *(.rela.sbss2 .rela.sbss2.* .rela.gnu.linkonce.sb2.*)
 *(.rel.bss .rel.bss.* .rel.gnu.linkonce.b.*)
 *(.rela.bss .rela.bss.* .rela.gnu.linkonce.b.*)
 *(.rel.plt)
 *(.rela.plt)
 *(.rel.dyn)
 *(.init)
 *(.plt)
 *(.text .stub .text.* .gnu.linkonce.t.*)
 .text          0x0080019c       0x4c ../Ether_bsp//obj/HAL/src/crt0.o
                0x0080019c                _start
 .text          0x008001e8      0x11c obj/default/hello_ucosii.o
                0x008001e8                task1
                0x00800220                task2
                0x00800258                main
 .text          0x00800304       0xb4 /OPT/altera/12.1/nios2eds/bin/gnu/H-i686-pc-linux-gnu/bin/../lib/gcc/nios2-elf/4.1.2/../../../../nios2-elf/lib/libc.a(lib_a-puts.o)
                0x00800304                _puts_r
                0x008003a4                puts
 .text          0x008003b8       0x74 /OPT/altera/12.1/nios2eds/bin/gnu/H-i686-pc-linux-gnu/bin/../lib/gcc/nios2-elf/4.1.2/../../../../nios2-elf/lib/libc.a(lib_a-strlen.o)
                0x008003b8                strlen
 .text          0x0080042c      0x49c /OPT/altera/12.1/nios2eds/bin/gnu/H-i686-pc-linux-gnu/bin/../lib/gcc/nios2-elf/4.1.2/../../../../nios2-elf/lib/libc.a(lib_a-fvwrite.o)
                0x0080042c                __sfvwrite_r
 .text          0x008008c8        0x0 /OPT/altera/12.1/nios2eds/bin/gnu/H-i686-pc-linux-gnu/bin/../lib/gcc/nios2-elf/4.1.2/../../../../nios2-elf/lib/libc.a(lib_a-impure.o)
 .text          0x008008c8      0x740 /OPT/altera/12.1/nios2eds/bin/gnu/H-i686-pc-linux-gnu/bin/../lib/gcc/nios2-elf/4.1.2/../../../../nios2-elf/lib/libc.a(lib_a-mallocr.o)
                0x008008c8                _malloc_r
 .text          0x00801008       0xe4 /OPT/altera/12.1/nios2eds/bin/gnu/H-i686-pc-linux-gnu/bin/../lib/gcc/nios2-elf/4.1.2/../../../../nios2-elf/lib/libc.a(lib_a-memchr.o)
                0x00801008                memchr
 .text          0x008010ec       0xa0 /OPT/altera/12.1/nios2eds/bin/gnu/H-i686-pc-linux-gnu/bin/../lib/gcc/nios2-elf/4.1.2/../../../../nios2-elf/lib/libc.a(lib_a-memcpy.o)
                0x008010ec                memcpy
 .text          0x0080118c       0xe0 /OPT/altera/12.1/nios2eds/bin/gnu/H-i686-pc-linux-gnu/bin/../lib/gcc/nios2-elf/4.1.2/../../../../nios2-elf/lib/libc.a(lib_a-memmove.o)
                0x0080118c                memmove
 .text          0x0080126c      0x5f4 /OPT/altera/12.1/nios2eds/bin/gnu/H-i686-pc-linux-gnu/bin/../lib/gcc/nios2-elf/4.1.2/../../../../nios2-elf/lib/libc.a(lib_a-reallocr.o)
                0x0080126c                _realloc_r
 .text          0x00801860       0x70 /OPT/altera/12.1/nios2eds/bin/gnu/H-i686-pc-linux-gnu/bin/../lib/gcc/nios2-elf/4.1.2/../../../../nios2-elf/lib/libc.a(lib_a-sbrkr.o)
                0x00801860                _sbrk_r
 .text          0x008018d0      0x13c /OPT/altera/12.1/nios2eds/bin/gnu/H-i686-pc-linux-gnu/bin/../lib/gcc/nios2-elf/4.1.2/../../../../nios2-elf/lib/libc.a(lib_a-wsetup.o)
                0x008018d0                __swsetup_r
 .text          0x00801a0c      0x230 /OPT/altera/12.1/nios2eds/bin/gnu/H-i686-pc-linux-gnu/bin/../lib/gcc/nios2-elf/4.1.2/../../../../nios2-elf/lib/libc.a(lib_a-fflush.o)
                0x00801a0c                _fflush_r
                0x00801c08                fflush
 .text          0x00801c3c      0x2c0 /OPT/altera/12.1/nios2eds/bin/gnu/H-i686-pc-linux-gnu/bin/../lib/gcc/nios2-elf/4.1.2/../../../../nios2-elf/lib/libc.a(lib_a-findfp.o)
                0x00801c94                __sfp_lock_acquire
                0x00801c98                __sfp_lock_release
                0x00801c9c                __sinit_lock_acquire
                0x00801ca0                __sinit_lock_release
                0x00801ca4                __sinit
                0x00801d58                __fp_unlock_all
                0x00801d70                __fp_lock_all
                0x00801d88                _cleanup_r
                0x00801d94                _cleanup
                0x00801da4                __sfmoreglue
                0x00801e0c                __sfp
 .text          0x00801efc      0x440 /OPT/altera/12.1/nios2eds/bin/gnu/H-i686-pc-linux-gnu/bin/../lib/gcc/nios2-elf/4.1.2/../../../../nios2-elf/lib/libc.a(lib_a-freer.o)
                0x00801efc                _malloc_trim_r
                0x00802028                _free_r
 .text          0x0080233c      0x180 /OPT/altera/12.1/nios2eds/bin/gnu/H-i686-pc-linux-gnu/bin/../lib/gcc/nios2-elf/4.1.2/../../../../nios2-elf/lib/libc.a(lib_a-fwalk.o)
                0x0080233c                _fwalk_reent
                0x00802404                _fwalk
 .text          0x008024bc        0x0 /OPT/altera/12.1/nios2eds/bin/gnu/H-i686-pc-linux-gnu/bin/../lib/gcc/nios2-elf/4.1.2/../../../../nios2-elf/lib/libc.a(lib_a-int_errno.o)
 .text          0x008024bc      0x194 /OPT/altera/12.1/nios2eds/bin/gnu/H-i686-pc-linux-gnu/bin/../lib/gcc/nios2-elf/4.1.2/../../../../nios2-elf/lib/libc.a(lib_a-makebuf.o)
                0x008024bc                __smakebuf_r
 .text          0x00802650       0x98 /OPT/altera/12.1/nios2eds/bin/gnu/H-i686-pc-linux-gnu/bin/../lib/gcc/nios2-elf/4.1.2/../../../../nios2-elf/lib/libc.a(lib_a-memset.o)
                0x00802650                memset
 .text          0x008026e8      0x14c /OPT/altera/12.1/nios2eds/bin/gnu/H-i686-pc-linux-gnu/bin/../lib/gcc/nios2-elf/4.1.2/../../../../nios2-elf/lib/libc.a(lib_a-stdio.o)
                0x008026e8                __sclose
                0x008026f0                __sseek
                0x00802758                __swrite
                0x008027d4                __sread
 .text          0x00802834       0x78 /OPT/altera/12.1/nios2eds/bin/gnu/H-i686-pc-linux-gnu/bin/../lib/gcc/nios2-elf/4.1.2/../../../../nios2-elf/lib/libc.a(lib_a-writer.o)
                0x00802834                _write_r
 .text          0x008028ac       0x70 /OPT/altera/12.1/nios2eds/bin/gnu/H-i686-pc-linux-gnu/bin/../lib/gcc/nios2-elf/4.1.2/../../../../nios2-elf/lib/libc.a(lib_a-closer.o)
                0x008028ac                _close_r
 .text          0x0080291c      0x124 /OPT/altera/12.1/nios2eds/bin/gnu/H-i686-pc-linux-gnu/bin/../lib/gcc/nios2-elf/4.1.2/../../../../nios2-elf/lib/libc.a(lib_a-fclose.o)
                0x0080291c                _fclose_r
                0x00802a2c                fclose
 .text          0x00802a40       0x74 /OPT/altera/12.1/nios2eds/bin/gnu/H-i686-pc-linux-gnu/bin/../lib/gcc/nios2-elf/4.1.2/../../../../nios2-elf/lib/libc.a(lib_a-fstatr.o)
                0x00802a40                _fstat_r
 .text          0x00802ab4       0x70 /OPT/altera/12.1/nios2eds/bin/gnu/H-i686-pc-linux-gnu/bin/../lib/gcc/nios2-elf/4.1.2/../../../../nios2-elf/lib/libc.a(lib_a-isattyr.o)
                0x00802ab4                _isatty_r
 .text          0x00802b24       0x78 /OPT/altera/12.1/nios2eds/bin/gnu/H-i686-pc-linux-gnu/bin/../lib/gcc/nios2-elf/4.1.2/../../../../nios2-elf/lib/libc.a(lib_a-lseekr.o)
                0x00802b24                _lseek_r
 .text          0x00802b9c       0x78 /OPT/altera/12.1/nios2eds/bin/gnu/H-i686-pc-linux-gnu/bin/../lib/gcc/nios2-elf/4.1.2/../../../../nios2-elf/lib/libc.a(lib_a-readr.o)
                0x00802b9c                _read_r
 .text          0x00802c14      0x15c ../Ether_bsp//libucosii_bsp.a(alt_close.o)
                0x00802c14                close
 .text          0x00802d70       0x2c ../Ether_bsp//libucosii_bsp.a(alt_dev.o)
 .text          0x00802d9c        0x0 ../Ether_bsp//libucosii_bsp.a(alt_errno.o)
 .text          0x00802d9c      0x134 ../Ether_bsp//libucosii_bsp.a(alt_fstat.o)
                0x00802d9c                fstat
 .text          0x00802ed0      0x120 ../Ether_bsp//libucosii_bsp.a(alt_isatty.o)
                0x00802ed0                isatty
 .text          0x00802ff0       0xec ../Ether_bsp//libucosii_bsp.a(alt_load.o)
                0x00802ff0                alt_load
 .text          0x008030dc      0x150 ../Ether_bsp//libucosii_bsp.a(alt_lseek.o)
                0x008030dc                lseek
 .text          0x0080322c       0xc8 ../Ether_bsp//libucosii_bsp.a(alt_main.o)
                0x0080322c                alt_main
 .text          0x008032f4      0x180 ../Ether_bsp//libucosii_bsp.a(alt_read.o)
                0x008032f4                read
 .text          0x00803474       0x60 ../Ether_bsp//libucosii_bsp.a(alt_release_fd.o)
                0x00803474                alt_release_fd
 .text          0x008034d4       0xbc ../Ether_bsp//libucosii_bsp.a(alt_sbrk.o)
                0x008034d4                sbrk
 .text          0x00803590      0x180 ../Ether_bsp//libucosii_bsp.a(alt_write.o)
                0x00803590                write
 .text          0x00803710      0x108 ../Ether_bsp//libucosii_bsp.a(alt_env_lock.o)
                0x00803710                __env_lock
                0x008037bc                __env_unlock
 .text          0x00803818      0x1d8 ../Ether_bsp//libucosii_bsp.a(alt_malloc_lock.o)
                0x00803818                __malloc_lock
                0x00803920                __malloc_unlock
 .text          0x008039f0     0x2128 ../Ether_bsp//libucosii_bsp.a(os_core.o)
                0x008039f0                OSEventNameGet
                0x00803b20                OSEventNameSet
                0x00803c64                OSEventPendMulti
                0x00804318                OSInit
                0x0080436c                OSIntEnter
                0x008043e8                OSIntExit
                0x008044e8                OSSchedLock
                0x00804574                OSSchedUnlock
                0x00804658                OSStart
                0x008046c8                OSStatInit
                0x00804774                OSTimeTick
                0x008049b4                OSVersion
                0x008049d4                OS_Dummy
                0x008049f0                OS_EventTaskRdy
                0x00804b84                OS_EventTaskWait
                0x00804c94                OS_EventTaskWaitMulti
                0x00804de8                OS_EventTaskRemove
                0x00804ea0                OS_EventTaskRemoveMulti
                0x00804fa4                OS_EventWaitListInit
                0x00805370                OS_MemClr
                0x008053c4                OS_MemCopy
                0x00805430                OS_Sched
                0x00805574                OS_StrCopy
                0x008055f4                OS_StrLen
                0x0080564c                OS_TaskIdle
                0x008056a8                OS_TaskStat
                0x00805770                OS_TaskStatStkChk
                0x00805838                OS_TCBInit
 .text          0x00805b18      0x18c ../Ether_bsp//libucosii_bsp.a(os_dbg.o)
                0x00805b18                OSDebugInit
 .text          0x00805ca4     0x193c ../Ether_bsp//libucosii_bsp.a(os_flag.o)
                0x00805ca4                OSFlagAccept
                0x00805fd8                OSFlagCreate
                0x00806114                OSFlagDel
                0x008063bc                OSFlagNameGet
                0x00806500                OSFlagNameSet
                0x00806654                OSFlagPend
                0x00806c98                OSFlagPendGetFlagsRdy
                0x00806d00                OSFlagPost
                0x008070a8                OSFlagQuery
                0x00807340                OS_FlagInit
                0x00807534                OS_FlagUnlink
 .text          0x008075e0      0x808 ../Ether_bsp//libucosii_bsp.a(os_mem.o)
                0x008075e0                OSMemCreate
                0x008077fc                OSMemGet
                0x00807900                OSMemNameGet
                0x00807a0c                OSMemNameSet
                0x00807b2c                OSMemPut
                0x00807c1c                OSMemQuery
                0x00807d18                OS_MemInit
 .text          0x00807de8     0x1334 ../Ether_bsp//libucosii_bsp.a(os_q.o)
                0x00807de8                OSQAccept
                0x00807f3c                OSQCreate
                0x00808150                OSQDel
                0x00808450                OSQFlush
                0x00808518                OSQPend
                0x00808838                OSQPendAbort
                0x008089b4                OSQPost
                0x00808b34                OSQPostFront
                0x00808cbc                OSQPostOpt
                0x00808ef0                OSQQuery
                0x00809070                OS_QInit
 .text          0x0080911c      0xbc8 ../Ether_bsp//libucosii_bsp.a(os_sem.o)
                0x0080911c                OSSemAccept
                0x008091dc                OSSemCreate
                0x008092f0                OSSemDel
                0x00809590                OSSemPend
                0x0080980c                OSSemPendAbort
                0x00809988                OSSemPost
                0x00809ab0                OSSemQuery
                0x00809be0                OSSemSet
 .text          0x00809ce4     0x1a40 ../Ether_bsp//libucosii_bsp.a(os_task.o)
                0x00809ce4                OSTaskChangePrio
                0x0080a258                OSTaskCreate
                0x0080a42c                OSTaskCreateExt
                0x0080a62c                OSTaskDel
                0x0080aa38                OSTaskDelReq
                0x0080aba8                OSTaskNameGet
                0x0080ad60                OSTaskNameSet
                0x0080af24                OSTaskResume
                0x0080b13c                OSTaskStkChk
                0x0080b338                OSTaskSuspend
                0x0080b564                OSTaskQuery
                0x0080b6a8                OS_TaskStkClr
 .text          0x0080b724      0x598 ../Ether_bsp//libucosii_bsp.a(os_time.o)
                0x0080b724                OSTimeDly
                0x0080b870                OSTimeDlyHMSM
                0x0080b9e4                OSTimeDlyResume
                0x0080bbf4                OSTimeGet
                0x0080bc58                OSTimeSet
 .text          0x0080bcbc      0x2e4 ../Ether_bsp//libucosii_bsp.a(alt_sys_init.o)
                0x0080bcbc                alt_irq_init
                0x0080bcf0                alt_sys_init
 .text          0x0080bfa0      0x148 ../Ether_bsp//libucosii_bsp.a(altera_avalon_jtag_uart_fd.o)
                0x0080bfa0                altera_avalon_jtag_uart_read_fd
                0x0080bff8                altera_avalon_jtag_uart_write_fd
                0x0080c050                altera_avalon_jtag_uart_close_fd
                0x0080c098                altera_avalon_jtag_uart_ioctl_fd
 .text          0x0080c0e8      0x584 ../Ether_bsp//libucosii_bsp.a(altera_avalon_jtag_uart_init.o)
                0x0080c0e8                altera_avalon_jtag_uart_init
                0x0080c5f8                altera_avalon_jtag_uart_close
 .text          0x0080c66c       0xf4 ../Ether_bsp//libucosii_bsp.a(altera_avalon_jtag_uart_ioctl.o)
                0x0080c66c                altera_avalon_jtag_uart_ioctl
 .text          0x0080c760      0x2c0 ../Ether_bsp//libucosii_bsp.a(altera_avalon_jtag_uart_read.o)
                0x0080c760                altera_avalon_jtag_uart_read
 .text          0x0080ca20      0x2dc ../Ether_bsp//libucosii_bsp.a(altera_avalon_jtag_uart_write.o)
                0x0080ca20                altera_avalon_jtag_uart_write
 .text          0x0080ccfc      0x100 ../Ether_bsp//libucosii_bsp.a(altera_avalon_timer_sc.o)
                0x0080cd6c                alt_avalon_timer_sc_init
 .text          0x0080cdfc      0x530 ../Ether_bsp//libucosii_bsp.a(altera_up_avalon_character_lcd.o)
                0x0080cdfc                get_DDRAM_addr
                0x0080ce78                alt_up_character_lcd_send_cmd
                0x0080ceac                alt_up_character_lcd_init
                0x0080cee0                alt_up_character_lcd_open_dev
                0x0080cf20                alt_up_character_lcd_write
                0x0080cf98                alt_up_character_lcd_string
                0x0080d010                alt_up_character_lcd_write_fd
                0x0080d05c                alt_up_character_lcd_set_cursor_pos
                0x0080d0d4                alt_up_character_lcd_shift_cursor
                0x0080d184                alt_up_character_lcd_shift_display
                0x0080d234                alt_up_character_lcd_erase_pos
                0x0080d2c4                alt_up_character_lcd_cursor_off
                0x0080d2f8                alt_up_character_lcd_cursor_blink_on
 .text          0x0080d32c      0x154 ../Ether_bsp//libucosii_bsp.a(alt_alarm_start.o)
                0x0080d32c                alt_alarm_start
 .text          0x0080d480       0x44 ../Ether_bsp//libucosii_bsp.a(alt_dcache_flush_all.o)
                0x0080d480                alt_dcache_flush_all
 .text          0x0080d4c4      0x114 ../Ether_bsp//libucosii_bsp.a(alt_dev_llist_insert.o)
                0x0080d4c4                alt_dev_llist_insert
 .text          0x0080d5d8       0x64 ../Ether_bsp//libucosii_bsp.a(alt_do_ctors.o)
                0x0080d5d8                _do_ctors
 .text          0x0080d63c       0x64 ../Ether_bsp//libucosii_bsp.a(alt_do_dtors.o)
                0x0080d63c                _do_dtors
 .text          0x0080d6a0       0x94 ../Ether_bsp//libucosii_bsp.a(alt_find_dev.o)
                0x0080d6a0                alt_find_dev
 .text          0x0080d734       0x30 ../Ether_bsp//libucosii_bsp.a(alt_icache_flush_all.o)
                0x0080d734                alt_icache_flush_all
 .text          0x0080d764      0x1d4 ../Ether_bsp//libucosii_bsp.a(alt_iic.o)
                0x0080d764                alt_ic_isr_register
                0x0080d7b4                alt_ic_irq_enable
                0x0080d850                alt_ic_irq_disable
                0x0080d8f0                alt_ic_irq_enabled
 .text          0x0080d938       0xf8 ../Ether_bsp//libucosii_bsp.a(alt_iic_isr_register.o)
                0x0080d938                alt_iic_isr_register
 .text          0x0080da30      0x13c ../Ether_bsp//libucosii_bsp.a(alt_io_redirect.o)
                0x0080daf4                alt_io_redirect
 .text          0x0080db6c        0x0 ../Ether_bsp//libucosii_bsp.a(alt_irq_entry.o)
 .text          0x0080db6c        0x0 ../Ether_bsp//libucosii_bsp.a(alt_irq_handler.o)
 .text          0x0080db6c        0x0 ../Ether_bsp//libucosii_bsp.a(alt_irq_vars.o)
 .text          0x0080db6c      0x2c4 ../Ether_bsp//libucosii_bsp.a(alt_open.o)
                0x0080dc48                open
 .text          0x0080de30      0x1a8 ../Ether_bsp//libucosii_bsp.a(alt_tick.o)
                0x0080de30                alt_alarm_stop
                0x0080dec8                alt_tick
 .text          0x0080dfd8       0x20 ../Ether_bsp//libucosii_bsp.a(altera_nios2_qsys_irq.o)
                0x0080dfd8                altera_nios2_qsys_irq_init
 .text          0x0080dff8       0xd0 ../Ether_bsp//libucosii_bsp.a(os_cpu_a.o)
                0x0080dff8                OSCtxSw
                0x0080dff8                OSIntCtxSw
                0x0080e084                OSStartHighRdy
                0x0080e0a4                OSStartTsk
 .text          0x0080e0c8      0x418 ../Ether_bsp//libucosii_bsp.a(os_cpu_c.o)
                0x0080e0c8                OSTaskStkInit
                0x0080e3d8                OSTaskCreateHook
                0x0080e3f8                OSTaskDelHook
                0x0080e418                OSTaskSwHook
                0x0080e434                OSTaskStatHook
                0x0080e450                OSTimeTickHook
                0x0080e46c                OSInitHookBegin
                0x0080e488                OSInitHookEnd
                0x0080e4a4                OSTaskIdleHook
                0x0080e4c0                OSTCBInitHook
 .text          0x0080e4e0        0x0 ../Ether_bsp//libucosii_bsp.a(alt_exception_entry.o)
 .text          0x0080e4e0      0x120 ../Ether_bsp//libucosii_bsp.a(alt_find_file.o)
                0x0080e4e0                alt_find_file
 .text          0x0080e600       0xf4 ../Ether_bsp//libucosii_bsp.a(alt_get_fd.o)
                0x0080e600                alt_get_fd
 .text          0x0080e6f4       0x90 ../Ether_bsp//libucosii_bsp.a(alt_icache_flush.o)
                0x0080e6f4                alt_icache_flush
 .text          0x0080e784       0x14 /OPT/altera/12.1/nios2eds/bin/gnu/H-i686-pc-linux-gnu/bin/../lib/gcc/nios2-elf/4.1.2/../../../../nios2-elf/lib/libc.a(lib_a-atexit.o)
                0x0080e784                atexit
 .text          0x0080e798       0x38 /OPT/altera/12.1/nios2eds/bin/gnu/H-i686-pc-linux-gnu/bin/../lib/gcc/nios2-elf/4.1.2/../../../../nios2-elf/lib/libc.a(lib_a-exit.o)
                0x0080e798                exit
 .text          0x0080e7d0       0x74 /OPT/altera/12.1/nios2eds/bin/gnu/H-i686-pc-linux-gnu/bin/../lib/gcc/nios2-elf/4.1.2/../../../../nios2-elf/lib/libc.a(lib_a-memcmp.o)
                0x0080e7d0                memcmp
 .text          0x0080e844      0x134 /OPT/altera/12.1/nios2eds/bin/gnu/H-i686-pc-linux-gnu/bin/../lib/gcc/nios2-elf/4.1.2/../../../../nios2-elf/lib/libc.a(lib_a-__atexit.o)
                0x0080e844                __register_exitproc
 .text          0x0080e978      0x1b4 /OPT/altera/12.1/nios2eds/bin/gnu/H-i686-pc-linux-gnu/bin/../lib/gcc/nios2-elf/4.1.2/../../../../nios2-elf/lib/libc.a(lib_a-__call_atexit.o)
                0x0080e97c                __call_exitprocs
 .text          0x0080eb2c      0x14c /OPT/altera/12.1/nios2eds/bin/gnu/H-i686-pc-linux-gnu/bin/../lib/gcc/nios2-elf/4.1.2/libgcc.a(lib2-divmod.o)
                0x0080eba8                __divsi3
                0x0080ec08                __modsi3
                0x0080ec68                __udivsi3
                0x0080ec70                __umodsi3
 .text          0x0080ec78       0x6c ../Ether_bsp//libucosii_bsp.a(alt_exit.o)
                0x0080ecb8                _exit
 *(.gnu.warning.*)
 *(.fini)
                0x0080ece4                PROVIDE (__etext, ABSOLUTE (.))
                0x0080ece4                PROVIDE (_etext, ABSOLUTE (.))
                0x0080ece4                PROVIDE (etext, ABSOLUTE (.))
 *(.eh_frame_hdr)
                0x0080ece4                . = ALIGN (0x4)
                0x0080ece4                PROVIDE (__preinit_array_start, ABSOLUTE (.))
 *(.preinit_array)
                0x0080ece4                PROVIDE (__preinit_array_end, ABSOLUTE (.))
                0x0080ece4                PROVIDE (__init_array_start, ABSOLUTE (.))
 *(.init_array)
                0x0080ece4                PROVIDE (__init_array_end, ABSOLUTE (.))
                0x0080ece4                PROVIDE (__fini_array_start, ABSOLUTE (.))
 *(.fini_array)
                0x0080ece4                PROVIDE (__fini_array_end, ABSOLUTE (.))
 *(.eh_frame)
 *(.gcc_except_table)
 *(.dynamic)
                0x0080ece4                PROVIDE (__CTOR_LIST__, ABSOLUTE (.))
 *(.ctors)
 *(SORT(.ctors.*))
 .ctors.65535   0x0080ece4        0x4 /OPT/altera/12.1/nios2eds/bin/gnu/H-i686-pc-linux-gnu/bin/../lib/gcc/nios2-elf/4.1.2/../../../../nios2-elf/lib/libc.a(lib_a-__call_atexit.o)
                0x0080ece8                PROVIDE (__CTOR_END__, ABSOLUTE (.))
                0x0080ece8                PROVIDE (__DTOR_LIST__, ABSOLUTE (.))
 *(.dtors)
 *(SORT(.dtors.*))
                0x0080ece8                PROVIDE (__DTOR_END__, ABSOLUTE (.))
 *(.jcr)
                0x0080ece8                . = ALIGN (0x4)

.rodata         0x0080ece8      0x1ec
                0x0080ece8                PROVIDE (__ram_rodata_start, ABSOLUTE (.))
                0x0080ece8                . = ALIGN (0x4)
 *(.rodata .rodata.* .gnu.linkonce.r.*)
 .rodata        0x0080ece8       0x28 obj/default/hello_ucosii.o
 .rodata.str1.4
                0x0080ed10        0x2 /OPT/altera/12.1/nios2eds/bin/gnu/H-i686-pc-linux-gnu/bin/../lib/gcc/nios2-elf/4.1.2/../../../../nios2-elf/lib/libc.a(lib_a-puts.o)
                                  0x4 (size before relaxing)
 *fill*         0x0080ed12        0x2 00
 .rodata.str1.4
                0x0080ed14        0x4 /OPT/altera/12.1/nios2eds/bin/gnu/H-i686-pc-linux-gnu/bin/../lib/gcc/nios2-elf/4.1.2/../../../../nios2-elf/lib/libc.a(lib_a-impure.o)
 .rodata        0x0080ed18        0xc ../Ether_bsp//libucosii_bsp.a(alt_dev.o)
 .rodata        0x0080ed24       0x14 ../Ether_bsp//libucosii_bsp.a(alt_main.o)
 .rodata        0x0080ed38      0x120 ../Ether_bsp//libucosii_bsp.a(os_core.o)
                0x0080ed38                OSUnMapTbl
 .rodata        0x0080ee58       0x78 ../Ether_bsp//libucosii_bsp.a(alt_sys_init.o)
 .rodata        0x0080eed0        0x4 ../Ether_bsp//libucosii_bsp.a(os_cpu_c.o)
 *(.rodata1)
                0x0080eed4                . = ALIGN (0x4)
                0x0080eed4                PROVIDE (__ram_rodata_end, ABSOLUTE (.))
                0x0080ece8                PROVIDE (__flash_rodata_start, LOADADDR (.rodata))

.rwdata         0x0080eed4     0x1b7c load address 0x00810a50
                0x0080eed4                PROVIDE (__ram_rwdata_start, ABSOLUTE (.))
                0x0080eed4                . = ALIGN (0x4)
 *(.got.plt)
 *(.got)
 *(.data1)
 *(.data .data.* .gnu.linkonce.d.*)
 .data          0x0080eed4        0x0 ../Ether_bsp//obj/HAL/src/crt0.o
 .data          0x0080eed4        0x0 obj/default/hello_ucosii.o
 .data          0x0080eed4        0x0 /OPT/altera/12.1/nios2eds/bin/gnu/H-i686-pc-linux-gnu/bin/../lib/gcc/nios2-elf/4.1.2/../../../../nios2-elf/lib/libc.a(lib_a-puts.o)
 .data          0x0080eed4        0x0 /OPT/altera/12.1/nios2eds/bin/gnu/H-i686-pc-linux-gnu/bin/../lib/gcc/nios2-elf/4.1.2/../../../../nios2-elf/lib/libc.a(lib_a-strlen.o)
 .data          0x0080eed4        0x0 /OPT/altera/12.1/nios2eds/bin/gnu/H-i686-pc-linux-gnu/bin/../lib/gcc/nios2-elf/4.1.2/../../../../nios2-elf/lib/libc.a(lib_a-fvwrite.o)
 .data          0x0080eed4      0x400 /OPT/altera/12.1/nios2eds/bin/gnu/H-i686-pc-linux-gnu/bin/../lib/gcc/nios2-elf/4.1.2/../../../../nios2-elf/lib/libc.a(lib_a-impure.o)
 .data          0x0080f2d4      0x408 /OPT/altera/12.1/nios2eds/bin/gnu/H-i686-pc-linux-gnu/bin/../lib/gcc/nios2-elf/4.1.2/../../../../nios2-elf/lib/libc.a(lib_a-mallocr.o)
                0x0080f2d4                __malloc_av_
 .data          0x0080f6dc        0x0 /OPT/altera/12.1/nios2eds/bin/gnu/H-i686-pc-linux-gnu/bin/../lib/gcc/nios2-elf/4.1.2/../../../../nios2-elf/lib/libc.a(lib_a-memchr.o)
 .data          0x0080f6dc        0x0 /OPT/altera/12.1/nios2eds/bin/gnu/H-i686-pc-linux-gnu/bin/../lib/gcc/nios2-elf/4.1.2/../../../../nios2-elf/lib/libc.a(lib_a-memcpy.o)
 .data          0x0080f6dc        0x0 /OPT/altera/12.1/nios2eds/bin/gnu/H-i686-pc-linux-gnu/bin/../lib/gcc/nios2-elf/4.1.2/../../../../nios2-elf/lib/libc.a(lib_a-memmove.o)
 .data          0x0080f6dc        0x0 /OPT/altera/12.1/nios2eds/bin/gnu/H-i686-pc-linux-gnu/bin/../lib/gcc/nios2-elf/4.1.2/../../../../nios2-elf/lib/libc.a(lib_a-reallocr.o)
 .data          0x0080f6dc        0x0 /OPT/altera/12.1/nios2eds/bin/gnu/H-i686-pc-linux-gnu/bin/../lib/gcc/nios2-elf/4.1.2/../../../../nios2-elf/lib/libc.a(lib_a-sbrkr.o)
 .data          0x0080f6dc        0x0 /OPT/altera/12.1/nios2eds/bin/gnu/H-i686-pc-linux-gnu/bin/../lib/gcc/nios2-elf/4.1.2/../../../../nios2-elf/lib/libc.a(lib_a-wsetup.o)
 .data          0x0080f6dc        0x0 /OPT/altera/12.1/nios2eds/bin/gnu/H-i686-pc-linux-gnu/bin/../lib/gcc/nios2-elf/4.1.2/../../../../nios2-elf/lib/libc.a(lib_a-fflush.o)
 .data          0x0080f6dc        0x0 /OPT/altera/12.1/nios2eds/bin/gnu/H-i686-pc-linux-gnu/bin/../lib/gcc/nios2-elf/4.1.2/../../../../nios2-elf/lib/libc.a(lib_a-findfp.o)
 .data          0x0080f6dc        0x0 /OPT/altera/12.1/nios2eds/bin/gnu/H-i686-pc-linux-gnu/bin/../lib/gcc/nios2-elf/4.1.2/../../../../nios2-elf/lib/libc.a(lib_a-freer.o)
 .data          0x0080f6dc        0x0 /OPT/altera/12.1/nios2eds/bin/gnu/H-i686-pc-linux-gnu/bin/../lib/gcc/nios2-elf/4.1.2/../../../../nios2-elf/lib/libc.a(lib_a-fwalk.o)
 .data          0x0080f6dc        0x0 /OPT/altera/12.1/nios2eds/bin/gnu/H-i686-pc-linux-gnu/bin/../lib/gcc/nios2-elf/4.1.2/../../../../nios2-elf/lib/libc.a(lib_a-int_errno.o)
 .data          0x0080f6dc        0x0 /OPT/altera/12.1/nios2eds/bin/gnu/H-i686-pc-linux-gnu/bin/../lib/gcc/nios2-elf/4.1.2/../../../../nios2-elf/lib/libc.a(lib_a-makebuf.o)
 .data          0x0080f6dc        0x0 /OPT/altera/12.1/nios2eds/bin/gnu/H-i686-pc-linux-gnu/bin/../lib/gcc/nios2-elf/4.1.2/../../../../nios2-elf/lib/libc.a(lib_a-memset.o)
 .data          0x0080f6dc        0x0 /OPT/altera/12.1/nios2eds/bin/gnu/H-i686-pc-linux-gnu/bin/../lib/gcc/nios2-elf/4.1.2/../../../../nios2-elf/lib/libc.a(lib_a-stdio.o)
 .data          0x0080f6dc        0x0 /OPT/altera/12.1/nios2eds/bin/gnu/H-i686-pc-linux-gnu/bin/../lib/gcc/nios2-elf/4.1.2/../../../../nios2-elf/lib/libc.a(lib_a-writer.o)
 .data          0x0080f6dc        0x0 /OPT/altera/12.1/nios2eds/bin/gnu/H-i686-pc-linux-gnu/bin/../lib/gcc/nios2-elf/4.1.2/../../../../nios2-elf/lib/libc.a(lib_a-closer.o)
 .data          0x0080f6dc        0x0 /OPT/altera/12.1/nios2eds/bin/gnu/H-i686-pc-linux-gnu/bin/../lib/gcc/nios2-elf/4.1.2/../../../../nios2-elf/lib/libc.a(lib_a-fclose.o)
 .data          0x0080f6dc        0x0 /OPT/altera/12.1/nios2eds/bin/gnu/H-i686-pc-linux-gnu/bin/../lib/gcc/nios2-elf/4.1.2/../../../../nios2-elf/lib/libc.a(lib_a-fstatr.o)
 .data          0x0080f6dc        0x0 /OPT/altera/12.1/nios2eds/bin/gnu/H-i686-pc-linux-gnu/bin/../lib/gcc/nios2-elf/4.1.2/../../../../nios2-elf/lib/libc.a(lib_a-isattyr.o)
 .data          0x0080f6dc        0x0 /OPT/altera/12.1/nios2eds/bin/gnu/H-i686-pc-linux-gnu/bin/../lib/gcc/nios2-elf/4.1.2/../../../../nios2-elf/lib/libc.a(lib_a-lseekr.o)
 .data          0x0080f6dc        0x0 /OPT/altera/12.1/nios2eds/bin/gnu/H-i686-pc-linux-gnu/bin/../lib/gcc/nios2-elf/4.1.2/../../../../nios2-elf/lib/libc.a(lib_a-readr.o)
 .data          0x0080f6dc        0x0 ../Ether_bsp//libucosii_bsp.a(alt_close.o)
 .data          0x0080f6dc      0x1a8 ../Ether_bsp//libucosii_bsp.a(alt_dev.o)
                0x0080f6dc                alt_dev_null
                0x0080f704                alt_fd_list
 .data          0x0080f884        0x0 ../Ether_bsp//libucosii_bsp.a(alt_errno.o)
 .data          0x0080f884        0x0 ../Ether_bsp//libucosii_bsp.a(alt_fstat.o)
 .data          0x0080f884        0x0 ../Ether_bsp//libucosii_bsp.a(alt_isatty.o)
 .data          0x0080f884        0x0 ../Ether_bsp//libucosii_bsp.a(alt_load.o)
 .data          0x0080f884        0x0 ../Ether_bsp//libucosii_bsp.a(alt_lseek.o)
 .data          0x0080f884        0x0 ../Ether_bsp//libucosii_bsp.a(alt_main.o)
 .data          0x0080f884        0x0 ../Ether_bsp//libucosii_bsp.a(alt_read.o)
 .data          0x0080f884        0x0 ../Ether_bsp//libucosii_bsp.a(alt_release_fd.o)
 .data          0x0080f884        0x0 ../Ether_bsp//libucosii_bsp.a(alt_sbrk.o)
 .data          0x0080f884        0x0 ../Ether_bsp//libucosii_bsp.a(alt_write.o)
 .data          0x0080f884        0x0 ../Ether_bsp//libucosii_bsp.a(alt_env_lock.o)
 .data          0x0080f884        0x0 ../Ether_bsp//libucosii_bsp.a(alt_malloc_lock.o)
 .data          0x0080f884        0x0 ../Ether_bsp//libucosii_bsp.a(os_core.o)
 .data          0x0080f884        0x0 ../Ether_bsp//libucosii_bsp.a(os_dbg.o)
 .data          0x0080f884        0x0 ../Ether_bsp//libucosii_bsp.a(os_flag.o)
 .data          0x0080f884        0x0 ../Ether_bsp//libucosii_bsp.a(os_mem.o)
 .data          0x0080f884        0x0 ../Ether_bsp//libucosii_bsp.a(os_q.o)
 .data          0x0080f884        0x0 ../Ether_bsp//libucosii_bsp.a(os_sem.o)
 .data          0x0080f884        0x0 ../Ether_bsp//libucosii_bsp.a(os_task.o)
 .data          0x0080f884        0x0 ../Ether_bsp//libucosii_bsp.a(os_time.o)
 .data          0x0080f884     0x1118 ../Ether_bsp//libucosii_bsp.a(alt_sys_init.o)
 .data          0x0081099c        0x0 ../Ether_bsp//libucosii_bsp.a(altera_avalon_jtag_uart_fd.o)
 .data          0x0081099c        0x0 ../Ether_bsp//libucosii_bsp.a(altera_avalon_jtag_uart_init.o)
 .data          0x0081099c        0x0 ../Ether_bsp//libucosii_bsp.a(altera_avalon_jtag_uart_ioctl.o)
 .data          0x0081099c        0x0 ../Ether_bsp//libucosii_bsp.a(altera_avalon_jtag_uart_read.o)
 .data          0x0081099c        0x0 ../Ether_bsp//libucosii_bsp.a(altera_avalon_jtag_uart_write.o)
 .data          0x0081099c        0x0 ../Ether_bsp//libucosii_bsp.a(altera_avalon_timer_sc.o)
 .data          0x0081099c        0x0 ../Ether_bsp//libucosii_bsp.a(altera_up_avalon_character_lcd.o)
 .data          0x0081099c        0x0 ../Ether_bsp//libucosii_bsp.a(alt_alarm_start.o)
 .data          0x0081099c        0x0 ../Ether_bsp//libucosii_bsp.a(alt_dcache_flush_all.o)
 .data          0x0081099c        0x0 ../Ether_bsp//libucosii_bsp.a(alt_dev_llist_insert.o)
 .data          0x0081099c        0x0 ../Ether_bsp//libucosii_bsp.a(alt_do_ctors.o)
 .data          0x0081099c        0x0 ../Ether_bsp//libucosii_bsp.a(alt_do_dtors.o)
 .data          0x0081099c        0x0 ../Ether_bsp//libucosii_bsp.a(alt_find_dev.o)
 .data          0x0081099c        0x0 ../Ether_bsp//libucosii_bsp.a(alt_icache_flush_all.o)
 .data          0x0081099c        0x0 ../Ether_bsp//libucosii_bsp.a(alt_iic.o)
 .data          0x0081099c        0x0 ../Ether_bsp//libucosii_bsp.a(alt_iic_isr_register.o)
 .data          0x0081099c        0x0 ../Ether_bsp//libucosii_bsp.a(alt_io_redirect.o)
 .data          0x0081099c        0x0 ../Ether_bsp//libucosii_bsp.a(alt_irq_entry.o)
 .data          0x0081099c        0x0 ../Ether_bsp//libucosii_bsp.a(alt_irq_handler.o)
 .data          0x0081099c        0x0 ../Ether_bsp//libucosii_bsp.a(alt_irq_vars.o)
 .data          0x0081099c        0x0 ../Ether_bsp//libucosii_bsp.a(alt_open.o)
 .data          0x0081099c        0x0 ../Ether_bsp//libucosii_bsp.a(alt_tick.o)
 .data          0x0081099c        0x0 ../Ether_bsp//libucosii_bsp.a(altera_nios2_qsys_irq.o)
 .data          0x0081099c        0x0 ../Ether_bsp//libucosii_bsp.a(os_cpu_a.o)
 .data          0x0081099c        0x0 ../Ether_bsp//libucosii_bsp.a(os_cpu_c.o)
 .data          0x0081099c        0x0 ../Ether_bsp//libucosii_bsp.a(alt_exception_entry.o)
 .data          0x0081099c        0x0 ../Ether_bsp//libucosii_bsp.a(alt_find_file.o)
 .data          0x0081099c        0x0 ../Ether_bsp//libucosii_bsp.a(alt_get_fd.o)
 .data          0x0081099c        0x0 ../Ether_bsp//libucosii_bsp.a(alt_icache_flush.o)
 .data          0x0081099c        0x0 /OPT/altera/12.1/nios2eds/bin/gnu/H-i686-pc-linux-gnu/bin/../lib/gcc/nios2-elf/4.1.2/../../../../nios2-elf/lib/libc.a(lib_a-atexit.o)
 .data          0x0081099c        0x0 /OPT/altera/12.1/nios2eds/bin/gnu/H-i686-pc-linux-gnu/bin/../lib/gcc/nios2-elf/4.1.2/../../../../nios2-elf/lib/libc.a(lib_a-exit.o)
 .data          0x0081099c        0x0 /OPT/altera/12.1/nios2eds/bin/gnu/H-i686-pc-linux-gnu/bin/../lib/gcc/nios2-elf/4.1.2/../../../../nios2-elf/lib/libc.a(lib_a-memcmp.o)
 .data          0x0081099c        0x0 /OPT/altera/12.1/nios2eds/bin/gnu/H-i686-pc-linux-gnu/bin/../lib/gcc/nios2-elf/4.1.2/../../../../nios2-elf/lib/libc.a(lib_a-__atexit.o)
 .data          0x0081099c        0x0 /OPT/altera/12.1/nios2eds/bin/gnu/H-i686-pc-linux-gnu/bin/../lib/gcc/nios2-elf/4.1.2/../../../../nios2-elf/lib/libc.a(lib_a-__call_atexit.o)
 .data          0x0081099c        0x0 /OPT/altera/12.1/nios2eds/bin/gnu/H-i686-pc-linux-gnu/bin/../lib/gcc/nios2-elf/4.1.2/libgcc.a(lib2-divmod.o)
 .data          0x0081099c        0x0 ../Ether_bsp//libucosii_bsp.a(alt_exit.o)
                0x0081899c                _gp = ABSOLUTE ((. + 0x8000))
                0x0081899c                PROVIDE (gp, _gp)
 *(.rwdata .rwdata.*)
 *(.sdata .sdata.* .gnu.linkonce.s.*)
 .sdata         0x0081099c        0x8 /OPT/altera/12.1/nios2eds/bin/gnu/H-i686-pc-linux-gnu/bin/../lib/gcc/nios2-elf/4.1.2/../../../../nios2-elf/lib/libc.a(lib_a-impure.o)
                0x0081099c                _impure_ptr
                0x008109a0                _global_impure_ptr
 .sdata         0x008109a4        0x8 /OPT/altera/12.1/nios2eds/bin/gnu/H-i686-pc-linux-gnu/bin/../lib/gcc/nios2-elf/4.1.2/../../../../nios2-elf/lib/libc.a(lib_a-mallocr.o)
                0x008109a4                __malloc_trim_threshold
                0x008109a8                __malloc_sbrk_base
 .sdata         0x008109ac       0x14 ../Ether_bsp//libucosii_bsp.a(alt_dev.o)
                0x008109ac                alt_fs_list
                0x008109b4                alt_dev_list
                0x008109bc                alt_max_fd
 .sdata         0x008109c0        0x4 ../Ether_bsp//libucosii_bsp.a(alt_errno.o)
                0x008109c0                alt_errno
 .sdata         0x008109c4        0x4 ../Ether_bsp//libucosii_bsp.a(alt_sbrk.o)
 .sdata         0x008109c8        0x4 ../Ether_bsp//libucosii_bsp.a(alt_env_lock.o)
 .sdata         0x008109cc        0x4 ../Ether_bsp//libucosii_bsp.a(alt_malloc_lock.o)
 .sdata         0x008109d0       0x74 ../Ether_bsp//libucosii_bsp.a(os_dbg.o)
                0x008109d0                OSDebugEn
                0x008109d4                OSEndiannessTest
                0x008109d8                OSEventEn
                0x008109da                OSEventMax
                0x008109dc                OSEventNameSize
                0x008109de                OSEventSize
                0x008109e0                OSEventTblSize
                0x008109e2                OSEventMultiEn
                0x008109e4                OSFlagEn
                0x008109e6                OSFlagGrpSize
                0x008109e8                OSFlagNodeSize
                0x008109ea                OSFlagWidth
                0x008109ec                OSFlagMax
                0x008109ee                OSFlagNameSize
                0x008109f0                OSLowestPrio
                0x008109f2                OSMboxEn
                0x008109f4                OSMemEn
                0x008109f6                OSMemMax
                0x008109f8                OSMemNameSize
                0x008109fa                OSMemSize
                0x008109fc                OSMemTblSize
                0x008109fe                OSMutexEn
                0x00810a00                OSPtrSize
                0x00810a02                OSQEn
                0x00810a04                OSQMax
                0x00810a06                OSQSize
                0x00810a08                OSRdyTblSize
                0x00810a0a                OSSemEn
                0x00810a0c                OSStkWidth
                0x00810a0e                OSTaskCreateEn
                0x00810a10                OSTaskCreateExtEn
                0x00810a12                OSTaskDelEn
                0x00810a14                OSTaskIdleStkSize
                0x00810a16                OSTaskProfileEn
                0x00810a18                OSTaskMax
                0x00810a1a                OSTaskNameSize
                0x00810a1c                OSTaskStatEn
                0x00810a1e                OSTaskStatStkSize
                0x00810a20                OSTaskStatStkChkEn
                0x00810a22                OSTaskSwHookEn
                0x00810a24                OSTCBPrioTblMax
                0x00810a26                OSTCBSize
                0x00810a28                OSTicksPerSec
                0x00810a2a                OSTimeTickHookEn
                0x00810a2c                OSVersionNbr
                0x00810a2e                OSTmrEn
                0x00810a30                OSTmrCfgMax
                0x00810a32                OSTmrCfgNameSize
                0x00810a34                OSTmrCfgWheelSize
                0x00810a36                OSTmrCfgTicksPerSec
                0x00810a38                OSTmrSize
                0x00810a3a                OSTmrTblSize
                0x00810a3c                OSTmrWheelSize
                0x00810a3e                OSTmrWheelTblSize
                0x00810a40                OSDataSize
 .sdata         0x00810a44        0x4 ../Ether_bsp//libucosii_bsp.a(alt_irq_vars.o)
                0x00810a44                alt_priority_mask
 .sdata         0x00810a48        0x8 ../Ether_bsp//libucosii_bsp.a(alt_tick.o)
                0x00810a48                alt_alarm_list
 *(.sdata2 .sdata2.* .gnu.linkonce.s2.*)
                0x00810a50                . = ALIGN (0x4)
                0x00810a50                _edata = ABSOLUTE (.)
                0x00810a50                PROVIDE (edata, ABSOLUTE (.))
                0x00810a50                PROVIDE (__ram_rwdata_end, ABSOLUTE (.))
                0x00810a50                PROVIDE (__flash_rwdata_start, LOADADDR (.rwdata))

.bss            0x008125cc     0x7568
                0x008125cc                __bss_start = ABSOLUTE (.)
                0x008125cc                PROVIDE (__sbss_start, ABSOLUTE (.))
                0x008125cc                PROVIDE (___sbss_start, ABSOLUTE (.))
 *(.dynsbss)
 *(.sbss .sbss.* .gnu.linkonce.sb.*)
 .sbss          0x008125cc        0xc /OPT/altera/12.1/nios2eds/bin/gnu/H-i686-pc-linux-gnu/bin/../lib/gcc/nios2-elf/4.1.2/../../../../nios2-elf/lib/libc.a(lib_a-mallocr.o)
                0x008125cc                __malloc_top_pad
                0x008125d0                __malloc_max_sbrked_mem
                0x008125d4                __malloc_max_total_mem
 .sbss          0x008125d8        0x4 /OPT/altera/12.1/nios2eds/bin/gnu/H-i686-pc-linux-gnu/bin/../lib/gcc/nios2-elf/4.1.2/../../../../nios2-elf/lib/libc.a(lib_a-int_errno.o)
                0x008125d8                errno
 .sbss          0x008125dc        0x4 ../Ether_bsp//libucosii_bsp.a(alt_dev.o)
                0x008125dc                alt_fd_list_lock
 .sbss          0x008125e0        0xc ../Ether_bsp//libucosii_bsp.a(alt_main.o)
                0x008125e0                alt_argc
                0x008125e4                alt_argv
                0x008125e8                alt_envp
 .sbss          0x008125ec        0x8 ../Ether_bsp//libucosii_bsp.a(alt_env_lock.o)
                0x008125f0                alt_envsem
 .sbss          0x008125f4        0x8 ../Ether_bsp//libucosii_bsp.a(alt_malloc_lock.o)
                0x008125f8                alt_heapsem
 .sbss          0x008125fc       0x50 ../Ether_bsp//libucosii_bsp.a(os_core.o)
                0x008125fc                OSLockNesting
                0x008125fd                OSRunning
                0x00812600                OSIdleCtr
                0x00812604                OSPrioHighRdy
                0x00812605                OSPrioCur
                0x00812608                OSTCBList
                0x0081260c                OSTickStepState
                0x00812610                OSCtxSwCtr
                0x00812614                OSIdleCtrMax
                0x00812618                OSTCBFreeList
                0x0081261c                OSCPUUsage
                0x0081261d                OSTaskCtr
                0x00812620                OSMemFreeList
                0x00812624                OSTCBHighRdy
                0x00812628                OSQFreeList
                0x0081262c                OSRdyGrp
                0x0081262d                OSRdyTbl
                0x00812630                OSEventFreeList
                0x00812634                OSIntNesting
                0x00812638                OSTCBCur
                0x0081263c                OSTime
                0x00812640                OSFlagFreeList
                0x00812644                OSStatRdy
                0x00812648                OSIdleCtrRun
 .sbss          0x0081264c        0x4 ../Ether_bsp//libucosii_bsp.a(alt_irq_vars.o)
                0x0081264c                alt_irq_active
 .sbss          0x00812650        0x8 ../Ether_bsp//libucosii_bsp.a(alt_tick.o)
                0x00812650                _alt_tick_rate
                0x00812654                _alt_nticks
 *(.sbss2 .sbss2.* .gnu.linkonce.sb2.*)
 *(.scommon)
                0x00812658                PROVIDE (__sbss_end, ABSOLUTE (.))
                0x00812658                PROVIDE (___sbss_end, ABSOLUTE (.))
 *(.dynbss)
 *(.bss .bss.* .gnu.linkonce.b.*)
 .bss           0x00812658        0x0 ../Ether_bsp//obj/HAL/src/crt0.o
 .bss           0x00812658        0x0 obj/default/hello_ucosii.o
 .bss           0x00812658        0x0 /OPT/altera/12.1/nios2eds/bin/gnu/H-i686-pc-linux-gnu/bin/../lib/gcc/nios2-elf/4.1.2/../../../../nios2-elf/lib/libc.a(lib_a-puts.o)
 .bss           0x00812658        0x0 /OPT/altera/12.1/nios2eds/bin/gnu/H-i686-pc-linux-gnu/bin/../lib/gcc/nios2-elf/4.1.2/../../../../nios2-elf/lib/libc.a(lib_a-strlen.o)
 .bss           0x00812658        0x0 /OPT/altera/12.1/nios2eds/bin/gnu/H-i686-pc-linux-gnu/bin/../lib/gcc/nios2-elf/4.1.2/../../../../nios2-elf/lib/libc.a(lib_a-fvwrite.o)
 .bss           0x00812658        0x0 /OPT/altera/12.1/nios2eds/bin/gnu/H-i686-pc-linux-gnu/bin/../lib/gcc/nios2-elf/4.1.2/../../../../nios2-elf/lib/libc.a(lib_a-impure.o)
 .bss           0x00812658       0x28 /OPT/altera/12.1/nios2eds/bin/gnu/H-i686-pc-linux-gnu/bin/../lib/gcc/nios2-elf/4.1.2/../../../../nios2-elf/lib/libc.a(lib_a-mallocr.o)
                0x00812658                __malloc_current_mallinfo
 .bss           0x00812680        0x0 /OPT/altera/12.1/nios2eds/bin/gnu/H-i686-pc-linux-gnu/bin/../lib/gcc/nios2-elf/4.1.2/../../../../nios2-elf/lib/libc.a(lib_a-memchr.o)
 .bss           0x00812680        0x0 /OPT/altera/12.1/nios2eds/bin/gnu/H-i686-pc-linux-gnu/bin/../lib/gcc/nios2-elf/4.1.2/../../../../nios2-elf/lib/libc.a(lib_a-memcpy.o)
 .bss           0x00812680        0x0 /OPT/altera/12.1/nios2eds/bin/gnu/H-i686-pc-linux-gnu/bin/../lib/gcc/nios2-elf/4.1.2/../../../../nios2-elf/lib/libc.a(lib_a-memmove.o)
 .bss           0x00812680        0x0 /OPT/altera/12.1/nios2eds/bin/gnu/H-i686-pc-linux-gnu/bin/../lib/gcc/nios2-elf/4.1.2/../../../../nios2-elf/lib/libc.a(lib_a-reallocr.o)
 .bss           0x00812680        0x0 /OPT/altera/12.1/nios2eds/bin/gnu/H-i686-pc-linux-gnu/bin/../lib/gcc/nios2-elf/4.1.2/../../../../nios2-elf/lib/libc.a(lib_a-sbrkr.o)
 .bss           0x00812680        0x0 /OPT/altera/12.1/nios2eds/bin/gnu/H-i686-pc-linux-gnu/bin/../lib/gcc/nios2-elf/4.1.2/../../../../nios2-elf/lib/libc.a(lib_a-wsetup.o)
 .bss           0x00812680        0x0 /OPT/altera/12.1/nios2eds/bin/gnu/H-i686-pc-linux-gnu/bin/../lib/gcc/nios2-elf/4.1.2/../../../../nios2-elf/lib/libc.a(lib_a-fflush.o)
 .bss           0x00812680        0x0 /OPT/altera/12.1/nios2eds/bin/gnu/H-i686-pc-linux-gnu/bin/../lib/gcc/nios2-elf/4.1.2/../../../../nios2-elf/lib/libc.a(lib_a-findfp.o)
 .bss           0x00812680        0x0 /OPT/altera/12.1/nios2eds/bin/gnu/H-i686-pc-linux-gnu/bin/../lib/gcc/nios2-elf/4.1.2/../../../../nios2-elf/lib/libc.a(lib_a-freer.o)
 .bss           0x00812680        0x0 /OPT/altera/12.1/nios2eds/bin/gnu/H-i686-pc-linux-gnu/bin/../lib/gcc/nios2-elf/4.1.2/../../../../nios2-elf/lib/libc.a(lib_a-fwalk.o)
 .bss           0x00812680        0x0 /OPT/altera/12.1/nios2eds/bin/gnu/H-i686-pc-linux-gnu/bin/../lib/gcc/nios2-elf/4.1.2/../../../../nios2-elf/lib/libc.a(lib_a-int_errno.o)
 .bss           0x00812680        0x0 /OPT/altera/12.1/nios2eds/bin/gnu/H-i686-pc-linux-gnu/bin/../lib/gcc/nios2-elf/4.1.2/../../../../nios2-elf/lib/libc.a(lib_a-makebuf.o)
 .bss           0x00812680        0x0 /OPT/altera/12.1/nios2eds/bin/gnu/H-i686-pc-linux-gnu/bin/../lib/gcc/nios2-elf/4.1.2/../../../../nios2-elf/lib/libc.a(lib_a-memset.o)
 .bss           0x00812680        0x0 /OPT/altera/12.1/nios2eds/bin/gnu/H-i686-pc-linux-gnu/bin/../lib/gcc/nios2-elf/4.1.2/../../../../nios2-elf/lib/libc.a(lib_a-stdio.o)
 .bss           0x00812680        0x0 /OPT/altera/12.1/nios2eds/bin/gnu/H-i686-pc-linux-gnu/bin/../lib/gcc/nios2-elf/4.1.2/../../../../nios2-elf/lib/libc.a(lib_a-writer.o)
 .bss           0x00812680        0x0 /OPT/altera/12.1/nios2eds/bin/gnu/H-i686-pc-linux-gnu/bin/../lib/gcc/nios2-elf/4.1.2/../../../../nios2-elf/lib/libc.a(lib_a-closer.o)
 .bss           0x00812680        0x0 /OPT/altera/12.1/nios2eds/bin/gnu/H-i686-pc-linux-gnu/bin/../lib/gcc/nios2-elf/4.1.2/../../../../nios2-elf/lib/libc.a(lib_a-fclose.o)
 .bss           0x00812680        0x0 /OPT/altera/12.1/nios2eds/bin/gnu/H-i686-pc-linux-gnu/bin/../lib/gcc/nios2-elf/4.1.2/../../../../nios2-elf/lib/libc.a(lib_a-fstatr.o)
 .bss           0x00812680        0x0 /OPT/altera/12.1/nios2eds/bin/gnu/H-i686-pc-linux-gnu/bin/../lib/gcc/nios2-elf/4.1.2/../../../../nios2-elf/lib/libc.a(lib_a-isattyr.o)
 .bss           0x00812680        0x0 /OPT/altera/12.1/nios2eds/bin/gnu/H-i686-pc-linux-gnu/bin/../lib/gcc/nios2-elf/4.1.2/../../../../nios2-elf/lib/libc.a(lib_a-lseekr.o)
 .bss           0x00812680        0x0 /OPT/altera/12.1/nios2eds/bin/gnu/H-i686-pc-linux-gnu/bin/../lib/gcc/nios2-elf/4.1.2/../../../../nios2-elf/lib/libc.a(lib_a-readr.o)
 .bss           0x00812680        0x0 ../Ether_bsp//libucosii_bsp.a(alt_close.o)
 .bss           0x00812680        0x0 ../Ether_bsp//libucosii_bsp.a(alt_dev.o)
 .bss           0x00812680        0x0 ../Ether_bsp//libucosii_bsp.a(alt_errno.o)
 .bss           0x00812680        0x0 ../Ether_bsp//libucosii_bsp.a(alt_fstat.o)
 .bss           0x00812680        0x0 ../Ether_bsp//libucosii_bsp.a(alt_isatty.o)
 .bss           0x00812680        0x0 ../Ether_bsp//libucosii_bsp.a(alt_load.o)
 .bss           0x00812680        0x0 ../Ether_bsp//libucosii_bsp.a(alt_lseek.o)
 .bss           0x00812680        0x0 ../Ether_bsp//libucosii_bsp.a(alt_main.o)
 .bss           0x00812680        0x0 ../Ether_bsp//libucosii_bsp.a(alt_read.o)
 .bss           0x00812680        0x0 ../Ether_bsp//libucosii_bsp.a(alt_release_fd.o)
 .bss           0x00812680        0x0 ../Ether_bsp//libucosii_bsp.a(alt_sbrk.o)
 .bss           0x00812680        0x0 ../Ether_bsp//libucosii_bsp.a(alt_write.o)
 .bss           0x00812680        0x0 ../Ether_bsp//libucosii_bsp.a(alt_env_lock.o)
 .bss           0x00812680        0x0 ../Ether_bsp//libucosii_bsp.a(alt_malloc_lock.o)
 .bss           0x00812680        0x0 ../Ether_bsp//libucosii_bsp.a(os_core.o)
 .bss           0x00812680        0x0 ../Ether_bsp//libucosii_bsp.a(os_dbg.o)
 .bss           0x00812680        0x0 ../Ether_bsp//libucosii_bsp.a(os_flag.o)
 .bss           0x00812680        0x0 ../Ether_bsp//libucosii_bsp.a(os_mem.o)
 .bss           0x00812680        0x0 ../Ether_bsp//libucosii_bsp.a(os_q.o)
 .bss           0x00812680        0x0 ../Ether_bsp//libucosii_bsp.a(os_sem.o)
 .bss           0x00812680        0x0 ../Ether_bsp//libucosii_bsp.a(os_task.o)
 .bss           0x00812680        0x0 ../Ether_bsp//libucosii_bsp.a(os_time.o)
 .bss           0x00812680        0x0 ../Ether_bsp//libucosii_bsp.a(alt_sys_init.o)
 .bss           0x00812680        0x0 ../Ether_bsp//libucosii_bsp.a(altera_avalon_jtag_uart_fd.o)
 .bss           0x00812680        0x0 ../Ether_bsp//libucosii_bsp.a(altera_avalon_jtag_uart_init.o)
 .bss           0x00812680        0x0 ../Ether_bsp//libucosii_bsp.a(altera_avalon_jtag_uart_ioctl.o)
 .bss           0x00812680        0x0 ../Ether_bsp//libucosii_bsp.a(altera_avalon_jtag_uart_read.o)
 .bss           0x00812680        0x0 ../Ether_bsp//libucosii_bsp.a(altera_avalon_jtag_uart_write.o)
 .bss           0x00812680        0x0 ../Ether_bsp//libucosii_bsp.a(altera_avalon_timer_sc.o)
 .bss           0x00812680        0x0 ../Ether_bsp//libucosii_bsp.a(altera_up_avalon_character_lcd.o)
 .bss           0x00812680        0x0 ../Ether_bsp//libucosii_bsp.a(alt_alarm_start.o)
 .bss           0x00812680        0x0 ../Ether_bsp//libucosii_bsp.a(alt_dcache_flush_all.o)
 .bss           0x00812680        0x0 ../Ether_bsp//libucosii_bsp.a(alt_dev_llist_insert.o)
 .bss           0x00812680        0x0 ../Ether_bsp//libucosii_bsp.a(alt_do_ctors.o)
 .bss           0x00812680        0x0 ../Ether_bsp//libucosii_bsp.a(alt_do_dtors.o)
 .bss           0x00812680        0x0 ../Ether_bsp//libucosii_bsp.a(alt_find_dev.o)
 .bss           0x00812680        0x0 ../Ether_bsp//libucosii_bsp.a(alt_icache_flush_all.o)
 .bss           0x00812680        0x0 ../Ether_bsp//libucosii_bsp.a(alt_iic.o)
 .bss           0x00812680        0x0 ../Ether_bsp//libucosii_bsp.a(alt_iic_isr_register.o)
 .bss           0x00812680        0x0 ../Ether_bsp//libucosii_bsp.a(alt_io_redirect.o)
 .bss           0x00812680        0x0 ../Ether_bsp//libucosii_bsp.a(alt_irq_entry.o)
 .bss           0x00812680        0x0 ../Ether_bsp//libucosii_bsp.a(alt_irq_handler.o)
 .bss           0x00812680        0x0 ../Ether_bsp//libucosii_bsp.a(alt_irq_vars.o)
 .bss           0x00812680        0x0 ../Ether_bsp//libucosii_bsp.a(alt_open.o)
 .bss           0x00812680        0x0 ../Ether_bsp//libucosii_bsp.a(alt_tick.o)
 .bss           0x00812680        0x0 ../Ether_bsp//libucosii_bsp.a(altera_nios2_qsys_irq.o)
 .bss           0x00812680        0x0 ../Ether_bsp//libucosii_bsp.a(os_cpu_a.o)
 .bss           0x00812680        0x0 ../Ether_bsp//libucosii_bsp.a(os_cpu_c.o)
 .bss           0x00812680        0x0 ../Ether_bsp//libucosii_bsp.a(alt_exception_entry.o)
 .bss           0x00812680        0x0 ../Ether_bsp//libucosii_bsp.a(alt_find_file.o)
 .bss           0x00812680        0x0 ../Ether_bsp//libucosii_bsp.a(alt_get_fd.o)
 .bss           0x00812680        0x0 ../Ether_bsp//libucosii_bsp.a(alt_icache_flush.o)
 .bss           0x00812680        0x0 /OPT/altera/12.1/nios2eds/bin/gnu/H-i686-pc-linux-gnu/bin/../lib/gcc/nios2-elf/4.1.2/../../../../nios2-elf/lib/libc.a(lib_a-atexit.o)
 .bss           0x00812680        0x0 /OPT/altera/12.1/nios2eds/bin/gnu/H-i686-pc-linux-gnu/bin/../lib/gcc/nios2-elf/4.1.2/../../../../nios2-elf/lib/libc.a(lib_a-exit.o)
 .bss           0x00812680        0x0 /OPT/altera/12.1/nios2eds/bin/gnu/H-i686-pc-linux-gnu/bin/../lib/gcc/nios2-elf/4.1.2/../../../../nios2-elf/lib/libc.a(lib_a-memcmp.o)
 .bss           0x00812680        0x0 /OPT/altera/12.1/nios2eds/bin/gnu/H-i686-pc-linux-gnu/bin/../lib/gcc/nios2-elf/4.1.2/../../../../nios2-elf/lib/libc.a(lib_a-__atexit.o)
 .bss           0x00812680        0x0 /OPT/altera/12.1/nios2eds/bin/gnu/H-i686-pc-linux-gnu/bin/../lib/gcc/nios2-elf/4.1.2/../../../../nios2-elf/lib/libc.a(lib_a-__call_atexit.o)
 .bss           0x00812680        0x0 /OPT/altera/12.1/nios2eds/bin/gnu/H-i686-pc-linux-gnu/bin/../lib/gcc/nios2-elf/4.1.2/libgcc.a(lib2-divmod.o)
 .bss           0x00812680        0x0 ../Ether_bsp//libucosii_bsp.a(alt_exit.o)
 *(COMMON)
 COMMON         0x00812680     0x4000 obj/default/hello_ucosii.o
                0x00812680                task1_stk
                0x00814680                task2_stk
 COMMON         0x00816680     0x3224 ../Ether_bsp//libucosii_bsp.a(os_core.o)
                0x00816680                OSFlagTbl
                0x008169f0                OSMemTbl
                0x00817620                OSTaskStatStk
                0x00817e20                OSQTbl
                0x00818000                OSTaskIdleStk
                0x00818800                OSEventTbl
                0x00819340                OSTCBTbl
                0x00819850                OSTCBPrioTbl
 COMMON         0x008198a4      0x100 ../Ether_bsp//libucosii_bsp.a(alt_irq_handler.o)
                0x008198a4                alt_irq
 COMMON         0x008199a4      0x190 /OPT/altera/12.1/nios2eds/bin/gnu/H-i686-pc-linux-gnu/bin/../lib/gcc/nios2-elf/4.1.2/../../../../nios2-elf/lib/libc.a(lib_a-atexit.o)
                0x008199a4                _atexit0
                0x00819b34                . = ALIGN (0x4)
                0x00819b34                __bss_end = ABSOLUTE (.)

.sdram_0        0x00819b34        0x0
                0x00819b34                PROVIDE (_alt_partition_sdram_0_start, ABSOLUTE (.))
 *(.sdram_0. sdram_0.*)
                0x00819b34                . = ALIGN (0x4)
                0x00819b34                PROVIDE (_alt_partition_sdram_0_end, ABSOLUTE (.))
                0x00819b34                _end = ABSOLUTE (.)
                0x00819b34                end = ABSOLUTE (.)
                0x00819b34                __alt_stack_base = ABSOLUTE (.)
                0x00819b34                PROVIDE (_alt_partition_sdram_0_load_addr, LOADADDR (.sdram_0))

.onchip_memory2_0
                0x011041bc        0x0 load address 0x00819b34
                0x011041bc                PROVIDE (_alt_partition_onchip_memory2_0_start, ABSOLUTE (.))
 *(.onchip_memory2_0. onchip_memory2_0.*)
                0x011041bc                . = ALIGN (0x4)
                0x011041bc                PROVIDE (_alt_partition_onchip_memory2_0_end, ABSOLUTE (.))
                0x00819b34                PROVIDE (_alt_partition_onchip_memory2_0_load_addr, LOADADDR (.onchip_memory2_0))

.stab
 *(.stab)

.stabstr
 *(.stabstr)

.stab.excl
 *(.stab.excl)

.stab.exclstr
 *(.stab.exclstr)

.stab.index
 *(.stab.index)

.stab.indexstr
 *(.stab.indexstr)

.comment        0x00000000       0x26
 *(.comment)
 .comment       0x00000000       0x26 obj/default/hello_ucosii.o
                                 0x27 (size before relaxing)
 .comment       0x00000000       0x27 /OPT/altera/12.1/nios2eds/bin/gnu/H-i686-pc-linux-gnu/bin/../lib/gcc/nios2-elf/4.1.2/../../../../nios2-elf/lib/libc.a(lib_a-puts.o)
 .comment       0x00000000       0x27 /OPT/altera/12.1/nios2eds/bin/gnu/H-i686-pc-linux-gnu/bin/../lib/gcc/nios2-elf/4.1.2/../../../../nios2-elf/lib/libc.a(lib_a-strlen.o)
 .comment       0x00000000       0x27 /OPT/altera/12.1/nios2eds/bin/gnu/H-i686-pc-linux-gnu/bin/../lib/gcc/nios2-elf/4.1.2/../../../../nios2-elf/lib/libc.a(lib_a-fvwrite.o)
 .comment       0x00000000       0x27 /OPT/altera/12.1/nios2eds/bin/gnu/H-i686-pc-linux-gnu/bin/../lib/gcc/nios2-elf/4.1.2/../../../../nios2-elf/lib/libc.a(lib_a-impure.o)
 .comment       0x00000000       0x27 /OPT/altera/12.1/nios2eds/bin/gnu/H-i686-pc-linux-gnu/bin/../lib/gcc/nios2-elf/4.1.2/../../../../nios2-elf/lib/libc.a(lib_a-mallocr.o)
 .comment       0x00000000       0x27 /OPT/altera/12.1/nios2eds/bin/gnu/H-i686-pc-linux-gnu/bin/../lib/gcc/nios2-elf/4.1.2/../../../../nios2-elf/lib/libc.a(lib_a-memchr.o)
 .comment       0x00000000       0x27 /OPT/altera/12.1/nios2eds/bin/gnu/H-i686-pc-linux-gnu/bin/../lib/gcc/nios2-elf/4.1.2/../../../../nios2-elf/lib/libc.a(lib_a-memcpy.o)
 .comment       0x00000000       0x27 /OPT/altera/12.1/nios2eds/bin/gnu/H-i686-pc-linux-gnu/bin/../lib/gcc/nios2-elf/4.1.2/../../../../nios2-elf/lib/libc.a(lib_a-memmove.o)
 .comment       0x00000000       0x27 /OPT/altera/12.1/nios2eds/bin/gnu/H-i686-pc-linux-gnu/bin/../lib/gcc/nios2-elf/4.1.2/../../../../nios2-elf/lib/libc.a(lib_a-reallocr.o)
 .comment       0x00000000       0x27 /OPT/altera/12.1/nios2eds/bin/gnu/H-i686-pc-linux-gnu/bin/../lib/gcc/nios2-elf/4.1.2/../../../../nios2-elf/lib/libc.a(lib_a-sbrkr.o)
 .comment       0x00000000       0x27 /OPT/altera/12.1/nios2eds/bin/gnu/H-i686-pc-linux-gnu/bin/../lib/gcc/nios2-elf/4.1.2/../../../../nios2-elf/lib/libc.a(lib_a-wsetup.o)
 .comment       0x00000000       0x27 /OPT/altera/12.1/nios2eds/bin/gnu/H-i686-pc-linux-gnu/bin/../lib/gcc/nios2-elf/4.1.2/../../../../nios2-elf/lib/libc.a(lib_a-fflush.o)
 .comment       0x00000000       0x27 /OPT/altera/12.1/nios2eds/bin/gnu/H-i686-pc-linux-gnu/bin/../lib/gcc/nios2-elf/4.1.2/../../../../nios2-elf/lib/libc.a(lib_a-findfp.o)
 .comment       0x00000000       0x27 /OPT/altera/12.1/nios2eds/bin/gnu/H-i686-pc-linux-gnu/bin/../lib/gcc/nios2-elf/4.1.2/../../../../nios2-elf/lib/libc.a(lib_a-freer.o)
 .comment       0x00000000       0x27 /OPT/altera/12.1/nios2eds/bin/gnu/H-i686-pc-linux-gnu/bin/../lib/gcc/nios2-elf/4.1.2/../../../../nios2-elf/lib/libc.a(lib_a-fwalk.o)
 .comment       0x00000000       0x27 /OPT/altera/12.1/nios2eds/bin/gnu/H-i686-pc-linux-gnu/bin/../lib/gcc/nios2-elf/4.1.2/../../../../nios2-elf/lib/libc.a(lib_a-int_errno.o)
 .comment       0x00000000       0x27 /OPT/altera/12.1/nios2eds/bin/gnu/H-i686-pc-linux-gnu/bin/../lib/gcc/nios2-elf/4.1.2/../../../../nios2-elf/lib/libc.a(lib_a-makebuf.o)
 .comment       0x00000000       0x27 /OPT/altera/12.1/nios2eds/bin/gnu/H-i686-pc-linux-gnu/bin/../lib/gcc/nios2-elf/4.1.2/../../../../nios2-elf/lib/libc.a(lib_a-memset.o)
 .comment       0x00000000       0x27 /OPT/altera/12.1/nios2eds/bin/gnu/H-i686-pc-linux-gnu/bin/../lib/gcc/nios2-elf/4.1.2/../../../../nios2-elf/lib/libc.a(lib_a-stdio.o)
 .comment       0x00000000       0x27 /OPT/altera/12.1/nios2eds/bin/gnu/H-i686-pc-linux-gnu/bin/../lib/gcc/nios2-elf/4.1.2/../../../../nios2-elf/lib/libc.a(lib_a-writer.o)
 .comment       0x00000000       0x27 /OPT/altera/12.1/nios2eds/bin/gnu/H-i686-pc-linux-gnu/bin/../lib/gcc/nios2-elf/4.1.2/../../../../nios2-elf/lib/libc.a(lib_a-closer.o)
 .comment       0x00000000       0x27 /OPT/altera/12.1/nios2eds/bin/gnu/H-i686-pc-linux-gnu/bin/../lib/gcc/nios2-elf/4.1.2/../../../../nios2-elf/lib/libc.a(lib_a-fclose.o)
 .comment       0x00000000       0x27 /OPT/altera/12.1/nios2eds/bin/gnu/H-i686-pc-linux-gnu/bin/../lib/gcc/nios2-elf/4.1.2/../../../../nios2-elf/lib/libc.a(lib_a-fstatr.o)
 .comment       0x00000000       0x27 /OPT/altera/12.1/nios2eds/bin/gnu/H-i686-pc-linux-gnu/bin/../lib/gcc/nios2-elf/4.1.2/../../../../nios2-elf/lib/libc.a(lib_a-isattyr.o)
 .comment       0x00000000       0x27 /OPT/altera/12.1/nios2eds/bin/gnu/H-i686-pc-linux-gnu/bin/../lib/gcc/nios2-elf/4.1.2/../../../../nios2-elf/lib/libc.a(lib_a-lseekr.o)
 .comment       0x00000000       0x27 /OPT/altera/12.1/nios2eds/bin/gnu/H-i686-pc-linux-gnu/bin/../lib/gcc/nios2-elf/4.1.2/../../../../nios2-elf/lib/libc.a(lib_a-readr.o)
 .comment       0x00000000       0x27 ../Ether_bsp//libucosii_bsp.a(alt_close.o)
 .comment       0x00000000       0x27 ../Ether_bsp//libucosii_bsp.a(alt_dev.o)
 .comment       0x00000000       0x27 ../Ether_bsp//libucosii_bsp.a(alt_errno.o)
 .comment       0x00000000       0x27 ../Ether_bsp//libucosii_bsp.a(alt_fstat.o)
 .comment       0x00000000       0x27 ../Ether_bsp//libucosii_bsp.a(alt_isatty.o)
 .comment       0x00000000       0x27 ../Ether_bsp//libucosii_bsp.a(alt_load.o)
 .comment       0x00000000       0x27 ../Ether_bsp//libucosii_bsp.a(alt_lseek.o)
 .comment       0x00000000       0x27 ../Ether_bsp//libucosii_bsp.a(alt_main.o)
 .comment       0x00000000       0x27 ../Ether_bsp//libucosii_bsp.a(alt_read.o)
 .comment       0x00000000       0x27 ../Ether_bsp//libucosii_bsp.a(alt_release_fd.o)
 .comment       0x00000000       0x27 ../Ether_bsp//libucosii_bsp.a(alt_sbrk.o)
 .comment       0x00000000       0x27 ../Ether_bsp//libucosii_bsp.a(alt_write.o)
 .comment       0x00000000       0x27 ../Ether_bsp//libucosii_bsp.a(alt_env_lock.o)
 .comment       0x00000000       0x27 ../Ether_bsp//libucosii_bsp.a(alt_malloc_lock.o)
 .comment       0x00000000       0x27 ../Ether_bsp//libucosii_bsp.a(os_core.o)
 .comment       0x00000000       0x27 ../Ether_bsp//libucosii_bsp.a(os_dbg.o)
 .comment       0x00000000       0x27 ../Ether_bsp//libucosii_bsp.a(os_flag.o)
 .comment       0x00000000       0x27 ../Ether_bsp//libucosii_bsp.a(os_mem.o)
 .comment       0x00000000       0x27 ../Ether_bsp//libucosii_bsp.a(os_q.o)
 .comment       0x00000000       0x27 ../Ether_bsp//libucosii_bsp.a(os_sem.o)
 .comment       0x00000000       0x27 ../Ether_bsp//libucosii_bsp.a(os_task.o)
 .comment       0x00000000       0x27 ../Ether_bsp//libucosii_bsp.a(os_time.o)
 .comment       0x00000000       0x27 ../Ether_bsp//libucosii_bsp.a(alt_sys_init.o)
 .comment       0x00000000       0x27 ../Ether_bsp//libucosii_bsp.a(altera_avalon_jtag_uart_fd.o)
 .comment       0x00000000       0x27 ../Ether_bsp//libucosii_bsp.a(altera_avalon_jtag_uart_init.o)
 .comment       0x00000000       0x27 ../Ether_bsp//libucosii_bsp.a(altera_avalon_jtag_uart_ioctl.o)
 .comment       0x00000000       0x27 ../Ether_bsp//libucosii_bsp.a(altera_avalon_jtag_uart_read.o)
 .comment       0x00000000       0x27 ../Ether_bsp//libucosii_bsp.a(altera_avalon_jtag_uart_write.o)
 .comment       0x00000000       0x27 ../Ether_bsp//libucosii_bsp.a(altera_avalon_timer_sc.o)
 .comment       0x00000000       0x27 ../Ether_bsp//libucosii_bsp.a(altera_up_avalon_character_lcd.o)
 .comment       0x00000000       0x27 ../Ether_bsp//libucosii_bsp.a(alt_alarm_start.o)
 .comment       0x00000000       0x27 ../Ether_bsp//libucosii_bsp.a(alt_dcache_flush_all.o)
 .comment       0x00000000       0x27 ../Ether_bsp//libucosii_bsp.a(alt_dev_llist_insert.o)
 .comment       0x00000000       0x27 ../Ether_bsp//libucosii_bsp.a(alt_do_ctors.o)
 .comment       0x00000000       0x27 ../Ether_bsp//libucosii_bsp.a(alt_do_dtors.o)
 .comment       0x00000000       0x27 ../Ether_bsp//libucosii_bsp.a(alt_find_dev.o)
 .comment       0x00000000       0x27 ../Ether_bsp//libucosii_bsp.a(alt_icache_flush_all.o)
 .comment       0x00000000       0x27 ../Ether_bsp//libucosii_bsp.a(alt_iic.o)
 .comment       0x00000000       0x27 ../Ether_bsp//libucosii_bsp.a(alt_iic_isr_register.o)
 .comment       0x00000000       0x27 ../Ether_bsp//libucosii_bsp.a(alt_io_redirect.o)
 .comment       0x00000000       0x27 ../Ether_bsp//libucosii_bsp.a(alt_irq_handler.o)
 .comment       0x00000000       0x27 ../Ether_bsp//libucosii_bsp.a(alt_irq_vars.o)
 .comment       0x00000000       0x27 ../Ether_bsp//libucosii_bsp.a(alt_open.o)
 .comment       0x00000000       0x27 ../Ether_bsp//libucosii_bsp.a(alt_tick.o)
 .comment       0x00000000       0x27 ../Ether_bsp//libucosii_bsp.a(altera_nios2_qsys_irq.o)
 .comment       0x00000000       0x27 ../Ether_bsp//libucosii_bsp.a(os_cpu_c.o)
 .comment       0x00000000       0x27 ../Ether_bsp//libucosii_bsp.a(alt_find_file.o)
 .comment       0x00000000       0x27 ../Ether_bsp//libucosii_bsp.a(alt_get_fd.o)
 .comment       0x00000000       0x27 ../Ether_bsp//libucosii_bsp.a(alt_icache_flush.o)
 .comment       0x00000000       0x27 /OPT/altera/12.1/nios2eds/bin/gnu/H-i686-pc-linux-gnu/bin/../lib/gcc/nios2-elf/4.1.2/../../../../nios2-elf/lib/libc.a(lib_a-atexit.o)
 .comment       0x00000000       0x27 /OPT/altera/12.1/nios2eds/bin/gnu/H-i686-pc-linux-gnu/bin/../lib/gcc/nios2-elf/4.1.2/../../../../nios2-elf/lib/libc.a(lib_a-exit.o)
 .comment       0x00000000       0x27 /OPT/altera/12.1/nios2eds/bin/gnu/H-i686-pc-linux-gnu/bin/../lib/gcc/nios2-elf/4.1.2/../../../../nios2-elf/lib/libc.a(lib_a-memcmp.o)
 .comment       0x00000000       0x27 /OPT/altera/12.1/nios2eds/bin/gnu/H-i686-pc-linux-gnu/bin/../lib/gcc/nios2-elf/4.1.2/../../../../nios2-elf/lib/libc.a(lib_a-__atexit.o)
 .comment       0x00000000       0x27 /OPT/altera/12.1/nios2eds/bin/gnu/H-i686-pc-linux-gnu/bin/../lib/gcc/nios2-elf/4.1.2/../../../../nios2-elf/lib/libc.a(lib_a-__call_atexit.o)
 .comment       0x00000000       0x27 /OPT/altera/12.1/nios2eds/bin/gnu/H-i686-pc-linux-gnu/bin/../lib/gcc/nios2-elf/4.1.2/libgcc.a(lib2-divmod.o)
 .comment       0x00000000       0x27 ../Ether_bsp//libucosii_bsp.a(alt_exit.o)

.debug
 *(.debug)

.line
 *(.line)

.debug_srcinfo
 *(.debug_srcinfo)

.debug_sfnames
 *(.debug_sfnames)

.debug_aranges  0x00000000      0xa98
 *(.debug_aranges)
 .debug_aranges
                0x00000000       0x28 ../Ether_bsp//obj/HAL/src/crt0.o
 .debug_aranges
                0x00000028       0x20 obj/default/hello_ucosii.o
 .debug_aranges
                0x00000048       0x20 /OPT/altera/12.1/nios2eds/bin/gnu/H-i686-pc-linux-gnu/bin/../lib/gcc/nios2-elf/4.1.2/../../../../nios2-elf/lib/libc.a(lib_a-puts.o)
 .debug_aranges
                0x00000068       0x20 /OPT/altera/12.1/nios2eds/bin/gnu/H-i686-pc-linux-gnu/bin/../lib/gcc/nios2-elf/4.1.2/../../../../nios2-elf/lib/libc.a(lib_a-strlen.o)
 .debug_aranges
                0x00000088       0x20 /OPT/altera/12.1/nios2eds/bin/gnu/H-i686-pc-linux-gnu/bin/../lib/gcc/nios2-elf/4.1.2/../../../../nios2-elf/lib/libc.a(lib_a-fvwrite.o)
 .debug_aranges
                0x000000a8       0x20 /OPT/altera/12.1/nios2eds/bin/gnu/H-i686-pc-linux-gnu/bin/../lib/gcc/nios2-elf/4.1.2/../../../../nios2-elf/lib/libc.a(lib_a-mallocr.o)
 .debug_aranges
                0x000000c8       0x20 /OPT/altera/12.1/nios2eds/bin/gnu/H-i686-pc-linux-gnu/bin/../lib/gcc/nios2-elf/4.1.2/../../../../nios2-elf/lib/libc.a(lib_a-memchr.o)
 .debug_aranges
                0x000000e8       0x20 /OPT/altera/12.1/nios2eds/bin/gnu/H-i686-pc-linux-gnu/bin/../lib/gcc/nios2-elf/4.1.2/../../../../nios2-elf/lib/libc.a(lib_a-memcpy.o)
 .debug_aranges
                0x00000108       0x20 /OPT/altera/12.1/nios2eds/bin/gnu/H-i686-pc-linux-gnu/bin/../lib/gcc/nios2-elf/4.1.2/../../../../nios2-elf/lib/libc.a(lib_a-memmove.o)
 .debug_aranges
                0x00000128       0x20 /OPT/altera/12.1/nios2eds/bin/gnu/H-i686-pc-linux-gnu/bin/../lib/gcc/nios2-elf/4.1.2/../../../../nios2-elf/lib/libc.a(lib_a-reallocr.o)
 .debug_aranges
                0x00000148       0x20 /OPT/altera/12.1/nios2eds/bin/gnu/H-i686-pc-linux-gnu/bin/../lib/gcc/nios2-elf/4.1.2/../../../../nios2-elf/lib/libc.a(lib_a-sbrkr.o)
 .debug_aranges
                0x00000168       0x20 /OPT/altera/12.1/nios2eds/bin/gnu/H-i686-pc-linux-gnu/bin/../lib/gcc/nios2-elf/4.1.2/../../../../nios2-elf/lib/libc.a(lib_a-wsetup.o)
 .debug_aranges
                0x00000188       0x20 /OPT/altera/12.1/nios2eds/bin/gnu/H-i686-pc-linux-gnu/bin/../lib/gcc/nios2-elf/4.1.2/../../../../nios2-elf/lib/libc.a(lib_a-fflush.o)
 .debug_aranges
                0x000001a8       0x20 /OPT/altera/12.1/nios2eds/bin/gnu/H-i686-pc-linux-gnu/bin/../lib/gcc/nios2-elf/4.1.2/../../../../nios2-elf/lib/libc.a(lib_a-findfp.o)
 .debug_aranges
                0x000001c8       0x20 /OPT/altera/12.1/nios2eds/bin/gnu/H-i686-pc-linux-gnu/bin/../lib/gcc/nios2-elf/4.1.2/../../../../nios2-elf/lib/libc.a(lib_a-freer.o)
 .debug_aranges
                0x000001e8       0x20 /OPT/altera/12.1/nios2eds/bin/gnu/H-i686-pc-linux-gnu/bin/../lib/gcc/nios2-elf/4.1.2/../../../../nios2-elf/lib/libc.a(lib_a-fwalk.o)
 .debug_aranges
                0x00000208       0x20 /OPT/altera/12.1/nios2eds/bin/gnu/H-i686-pc-linux-gnu/bin/../lib/gcc/nios2-elf/4.1.2/../../../../nios2-elf/lib/libc.a(lib_a-makebuf.o)
 .debug_aranges
                0x00000228       0x20 /OPT/altera/12.1/nios2eds/bin/gnu/H-i686-pc-linux-gnu/bin/../lib/gcc/nios2-elf/4.1.2/../../../../nios2-elf/lib/libc.a(lib_a-memset.o)
 .debug_aranges
                0x00000248       0x20 /OPT/altera/12.1/nios2eds/bin/gnu/H-i686-pc-linux-gnu/bin/../lib/gcc/nios2-elf/4.1.2/../../../../nios2-elf/lib/libc.a(lib_a-stdio.o)
 .debug_aranges
                0x00000268       0x20 /OPT/altera/12.1/nios2eds/bin/gnu/H-i686-pc-linux-gnu/bin/../lib/gcc/nios2-elf/4.1.2/../../../../nios2-elf/lib/libc.a(lib_a-writer.o)
 .debug_aranges
                0x00000288       0x20 /OPT/altera/12.1/nios2eds/bin/gnu/H-i686-pc-linux-gnu/bin/../lib/gcc/nios2-elf/4.1.2/../../../../nios2-elf/lib/libc.a(lib_a-closer.o)
 .debug_aranges
                0x000002a8       0x20 /OPT/altera/12.1/nios2eds/bin/gnu/H-i686-pc-linux-gnu/bin/../lib/gcc/nios2-elf/4.1.2/../../../../nios2-elf/lib/libc.a(lib_a-fclose.o)
 .debug_aranges
                0x000002c8       0x20 /OPT/altera/12.1/nios2eds/bin/gnu/H-i686-pc-linux-gnu/bin/../lib/gcc/nios2-elf/4.1.2/../../../../nios2-elf/lib/libc.a(lib_a-fstatr.o)
 .debug_aranges
                0x000002e8       0x20 /OPT/altera/12.1/nios2eds/bin/gnu/H-i686-pc-linux-gnu/bin/../lib/gcc/nios2-elf/4.1.2/../../../../nios2-elf/lib/libc.a(lib_a-isattyr.o)
 .debug_aranges
                0x00000308       0x20 /OPT/altera/12.1/nios2eds/bin/gnu/H-i686-pc-linux-gnu/bin/../lib/gcc/nios2-elf/4.1.2/../../../../nios2-elf/lib/libc.a(lib_a-lseekr.o)
 .debug_aranges
                0x00000328       0x20 /OPT/altera/12.1/nios2eds/bin/gnu/H-i686-pc-linux-gnu/bin/../lib/gcc/nios2-elf/4.1.2/../../../../nios2-elf/lib/libc.a(lib_a-readr.o)
 .debug_aranges
                0x00000348       0x20 ../Ether_bsp//libucosii_bsp.a(alt_close.o)
 .debug_aranges
                0x00000368       0x20 ../Ether_bsp//libucosii_bsp.a(alt_dev.o)
 .debug_aranges
                0x00000388       0x20 ../Ether_bsp//libucosii_bsp.a(alt_fstat.o)
 .debug_aranges
                0x000003a8       0x20 ../Ether_bsp//libucosii_bsp.a(alt_isatty.o)
 .debug_aranges
                0x000003c8       0x20 ../Ether_bsp//libucosii_bsp.a(alt_load.o)
 .debug_aranges
                0x000003e8       0x20 ../Ether_bsp//libucosii_bsp.a(alt_lseek.o)
 .debug_aranges
                0x00000408       0x20 ../Ether_bsp//libucosii_bsp.a(alt_main.o)
 .debug_aranges
                0x00000428       0x20 ../Ether_bsp//libucosii_bsp.a(alt_read.o)
 .debug_aranges
                0x00000448       0x20 ../Ether_bsp//libucosii_bsp.a(alt_release_fd.o)
 .debug_aranges
                0x00000468       0x20 ../Ether_bsp//libucosii_bsp.a(alt_sbrk.o)
 .debug_aranges
                0x00000488       0x20 ../Ether_bsp//libucosii_bsp.a(alt_write.o)
 .debug_aranges
                0x000004a8       0x20 ../Ether_bsp//libucosii_bsp.a(alt_env_lock.o)
 .debug_aranges
                0x000004c8       0x20 ../Ether_bsp//libucosii_bsp.a(alt_malloc_lock.o)
 .debug_aranges
                0x000004e8       0x20 ../Ether_bsp//libucosii_bsp.a(os_core.o)
 .debug_aranges
                0x00000508       0x20 ../Ether_bsp//libucosii_bsp.a(os_dbg.o)
 .debug_aranges
                0x00000528       0x20 ../Ether_bsp//libucosii_bsp.a(os_flag.o)
 .debug_aranges
                0x00000548       0x20 ../Ether_bsp//libucosii_bsp.a(os_mem.o)
 .debug_aranges
                0x00000568       0x20 ../Ether_bsp//libucosii_bsp.a(os_q.o)
 .debug_aranges
                0x00000588       0x20 ../Ether_bsp//libucosii_bsp.a(os_sem.o)
 .debug_aranges
                0x000005a8       0x20 ../Ether_bsp//libucosii_bsp.a(os_task.o)
 .debug_aranges
                0x000005c8       0x20 ../Ether_bsp//libucosii_bsp.a(os_time.o)
 .debug_aranges
                0x000005e8       0x20 ../Ether_bsp//libucosii_bsp.a(alt_sys_init.o)
 .debug_aranges
                0x00000608       0x20 ../Ether_bsp//libucosii_bsp.a(altera_avalon_jtag_uart_fd.o)
 .debug_aranges
                0x00000628       0x20 ../Ether_bsp//libucosii_bsp.a(altera_avalon_jtag_uart_init.o)
 .debug_aranges
                0x00000648       0x20 ../Ether_bsp//libucosii_bsp.a(altera_avalon_jtag_uart_ioctl.o)
 .debug_aranges
                0x00000668       0x20 ../Ether_bsp//libucosii_bsp.a(altera_avalon_jtag_uart_read.o)
 .debug_aranges
                0x00000688       0x20 ../Ether_bsp//libucosii_bsp.a(altera_avalon_jtag_uart_write.o)
 .debug_aranges
                0x000006a8       0x20 ../Ether_bsp//libucosii_bsp.a(altera_avalon_timer_sc.o)
 .debug_aranges
                0x000006c8       0x20 ../Ether_bsp//libucosii_bsp.a(altera_up_avalon_character_lcd.o)
 .debug_aranges
                0x000006e8       0x20 ../Ether_bsp//libucosii_bsp.a(alt_alarm_start.o)
 .debug_aranges
                0x00000708       0x20 ../Ether_bsp//libucosii_bsp.a(alt_dcache_flush_all.o)
 .debug_aranges
                0x00000728       0x20 ../Ether_bsp//libucosii_bsp.a(alt_dev_llist_insert.o)
 .debug_aranges
                0x00000748       0x20 ../Ether_bsp//libucosii_bsp.a(alt_do_ctors.o)
 .debug_aranges
                0x00000768       0x20 ../Ether_bsp//libucosii_bsp.a(alt_do_dtors.o)
 .debug_aranges
                0x00000788       0x20 ../Ether_bsp//libucosii_bsp.a(alt_find_dev.o)
 .debug_aranges
                0x000007a8       0x20 ../Ether_bsp//libucosii_bsp.a(alt_icache_flush_all.o)
 .debug_aranges
                0x000007c8       0x20 ../Ether_bsp//libucosii_bsp.a(alt_iic.o)
 .debug_aranges
                0x000007e8       0x20 ../Ether_bsp//libucosii_bsp.a(alt_iic_isr_register.o)
 .debug_aranges
                0x00000808       0x20 ../Ether_bsp//libucosii_bsp.a(alt_io_redirect.o)
 .debug_aranges
                0x00000828       0x30 ../Ether_bsp//libucosii_bsp.a(alt_irq_entry.o)
 .debug_aranges
                0x00000858       0x28 ../Ether_bsp//libucosii_bsp.a(alt_irq_handler.o)
 .debug_aranges
                0x00000880       0x20 ../Ether_bsp//libucosii_bsp.a(alt_open.o)
 .debug_aranges
                0x000008a0       0x20 ../Ether_bsp//libucosii_bsp.a(alt_tick.o)
 .debug_aranges
                0x000008c0       0x20 ../Ether_bsp//libucosii_bsp.a(altera_nios2_qsys_irq.o)
 .debug_aranges
                0x000008e0       0x20 ../Ether_bsp//libucosii_bsp.a(os_cpu_a.o)
 .debug_aranges
                0x00000900       0x20 ../Ether_bsp//libucosii_bsp.a(os_cpu_c.o)
 .debug_aranges
                0x00000920       0x38 ../Ether_bsp//libucosii_bsp.a(alt_exception_entry.o)
 .debug_aranges
                0x00000958       0x20 ../Ether_bsp//libucosii_bsp.a(alt_find_file.o)
 .debug_aranges
                0x00000978       0x20 ../Ether_bsp//libucosii_bsp.a(alt_get_fd.o)
 .debug_aranges
                0x00000998       0x20 ../Ether_bsp//libucosii_bsp.a(alt_icache_flush.o)
 .debug_aranges
                0x000009b8       0x20 /OPT/altera/12.1/nios2eds/bin/gnu/H-i686-pc-linux-gnu/bin/../lib/gcc/nios2-elf/4.1.2/../../../../nios2-elf/lib/libc.a(lib_a-atexit.o)
 .debug_aranges
                0x000009d8       0x20 /OPT/altera/12.1/nios2eds/bin/gnu/H-i686-pc-linux-gnu/bin/../lib/gcc/nios2-elf/4.1.2/../../../../nios2-elf/lib/libc.a(lib_a-exit.o)
 .debug_aranges
                0x000009f8       0x20 /OPT/altera/12.1/nios2eds/bin/gnu/H-i686-pc-linux-gnu/bin/../lib/gcc/nios2-elf/4.1.2/../../../../nios2-elf/lib/libc.a(lib_a-memcmp.o)
 .debug_aranges
                0x00000a18       0x20 /OPT/altera/12.1/nios2eds/bin/gnu/H-i686-pc-linux-gnu/bin/../lib/gcc/nios2-elf/4.1.2/../../../../nios2-elf/lib/libc.a(lib_a-__atexit.o)
 .debug_aranges
                0x00000a38       0x20 /OPT/altera/12.1/nios2eds/bin/gnu/H-i686-pc-linux-gnu/bin/../lib/gcc/nios2-elf/4.1.2/../../../../nios2-elf/lib/libc.a(lib_a-__call_atexit.o)
 .debug_aranges
                0x00000a58       0x20 /OPT/altera/12.1/nios2eds/bin/gnu/H-i686-pc-linux-gnu/bin/../lib/gcc/nios2-elf/4.1.2/libgcc.a(lib2-divmod.o)
 .debug_aranges
                0x00000a78       0x20 ../Ether_bsp//libucosii_bsp.a(alt_exit.o)

.debug_pubnames
                0x00000000     0x1c4c
 *(.debug_pubnames)
 .debug_pubnames
                0x00000000       0x4b obj/default/hello_ucosii.o
 .debug_pubnames
                0x0000004b       0x27 /OPT/altera/12.1/nios2eds/bin/gnu/H-i686-pc-linux-gnu/bin/../lib/gcc/nios2-elf/4.1.2/../../../../nios2-elf/lib/libc.a(lib_a-puts.o)
 .debug_pubnames
                0x00000072       0x1d /OPT/altera/12.1/nios2eds/bin/gnu/H-i686-pc-linux-gnu/bin/../lib/gcc/nios2-elf/4.1.2/../../../../nios2-elf/lib/libc.a(lib_a-strlen.o)
 .debug_pubnames
                0x0000008f       0x23 /OPT/altera/12.1/nios2eds/bin/gnu/H-i686-pc-linux-gnu/bin/../lib/gcc/nios2-elf/4.1.2/../../../../nios2-elf/lib/libc.a(lib_a-fvwrite.o)
 .debug_pubnames
                0x000000b2       0x39 /OPT/altera/12.1/nios2eds/bin/gnu/H-i686-pc-linux-gnu/bin/../lib/gcc/nios2-elf/4.1.2/../../../../nios2-elf/lib/libc.a(lib_a-impure.o)
 .debug_pubnames
                0x000000eb       0xce /OPT/altera/12.1/nios2eds/bin/gnu/H-i686-pc-linux-gnu/bin/../lib/gcc/nios2-elf/4.1.2/../../../../nios2-elf/lib/libc.a(lib_a-mallocr.o)
 .debug_pubnames
                0x000001b9       0x1d /OPT/altera/12.1/nios2eds/bin/gnu/H-i686-pc-linux-gnu/bin/../lib/gcc/nios2-elf/4.1.2/../../../../nios2-elf/lib/libc.a(lib_a-memchr.o)
 .debug_pubnames
                0x000001d6       0x1d /OPT/altera/12.1/nios2eds/bin/gnu/H-i686-pc-linux-gnu/bin/../lib/gcc/nios2-elf/4.1.2/../../../../nios2-elf/lib/libc.a(lib_a-memcpy.o)
 .debug_pubnames
                0x000001f3       0x1e /OPT/altera/12.1/nios2eds/bin/gnu/H-i686-pc-linux-gnu/bin/../lib/gcc/nios2-elf/4.1.2/../../../../nios2-elf/lib/libc.a(lib_a-memmove.o)
 .debug_pubnames
                0x00000211       0x21 /OPT/altera/12.1/nios2eds/bin/gnu/H-i686-pc-linux-gnu/bin/../lib/gcc/nios2-elf/4.1.2/../../../../nios2-elf/lib/libc.a(lib_a-reallocr.o)
 .debug_pubnames
                0x00000232       0x1e /OPT/altera/12.1/nios2eds/bin/gnu/H-i686-pc-linux-gnu/bin/../lib/gcc/nios2-elf/4.1.2/../../../../nios2-elf/lib/libc.a(lib_a-sbrkr.o)
 .debug_pubnames
                0x00000250       0x22 /OPT/altera/12.1/nios2eds/bin/gnu/H-i686-pc-linux-gnu/bin/../lib/gcc/nios2-elf/4.1.2/../../../../nios2-elf/lib/libc.a(lib_a-wsetup.o)
 .debug_pubnames
                0x00000272       0x2b /OPT/altera/12.1/nios2eds/bin/gnu/H-i686-pc-linux-gnu/bin/../lib/gcc/nios2-elf/4.1.2/../../../../nios2-elf/lib/libc.a(lib_a-fflush.o)
 .debug_pubnames
                0x0000029d       0xdb /OPT/altera/12.1/nios2eds/bin/gnu/H-i686-pc-linux-gnu/bin/../lib/gcc/nios2-elf/4.1.2/../../../../nios2-elf/lib/libc.a(lib_a-findfp.o)
 .debug_pubnames
                0x00000378       0x31 /OPT/altera/12.1/nios2eds/bin/gnu/H-i686-pc-linux-gnu/bin/../lib/gcc/nios2-elf/4.1.2/../../../../nios2-elf/lib/libc.a(lib_a-freer.o)
 .debug_pubnames
                0x000003a9       0x2e /OPT/altera/12.1/nios2eds/bin/gnu/H-i686-pc-linux-gnu/bin/../lib/gcc/nios2-elf/4.1.2/../../../../nios2-elf/lib/libc.a(lib_a-fwalk.o)
 .debug_pubnames
                0x000003d7       0x1c /OPT/altera/12.1/nios2eds/bin/gnu/H-i686-pc-linux-gnu/bin/../lib/gcc/nios2-elf/4.1.2/../../../../nios2-elf/lib/libc.a(lib_a-int_errno.o)
 .debug_pubnames
                0x000003f3       0x23 /OPT/altera/12.1/nios2eds/bin/gnu/H-i686-pc-linux-gnu/bin/../lib/gcc/nios2-elf/4.1.2/../../../../nios2-elf/lib/libc.a(lib_a-makebuf.o)
 .debug_pubnames
                0x00000416       0x1d /OPT/altera/12.1/nios2eds/bin/gnu/H-i686-pc-linux-gnu/bin/../lib/gcc/nios2-elf/4.1.2/../../../../nios2-elf/lib/libc.a(lib_a-memset.o)
 .debug_pubnames
                0x00000433       0x44 /OPT/altera/12.1/nios2eds/bin/gnu/H-i686-pc-linux-gnu/bin/../lib/gcc/nios2-elf/4.1.2/../../../../nios2-elf/lib/libc.a(lib_a-stdio.o)
 .debug_pubnames
                0x00000477       0x1f /OPT/altera/12.1/nios2eds/bin/gnu/H-i686-pc-linux-gnu/bin/../lib/gcc/nios2-elf/4.1.2/../../../../nios2-elf/lib/libc.a(lib_a-writer.o)
 .debug_pubnames
                0x00000496       0x1f /OPT/altera/12.1/nios2eds/bin/gnu/H-i686-pc-linux-gnu/bin/../lib/gcc/nios2-elf/4.1.2/../../../../nios2-elf/lib/libc.a(lib_a-closer.o)
 .debug_pubnames
                0x000004b5       0x2b /OPT/altera/12.1/nios2eds/bin/gnu/H-i686-pc-linux-gnu/bin/../lib/gcc/nios2-elf/4.1.2/../../../../nios2-elf/lib/libc.a(lib_a-fclose.o)
 .debug_pubnames
                0x000004e0       0x1f /OPT/altera/12.1/nios2eds/bin/gnu/H-i686-pc-linux-gnu/bin/../lib/gcc/nios2-elf/4.1.2/../../../../nios2-elf/lib/libc.a(lib_a-fstatr.o)
 .debug_pubnames
                0x000004ff       0x20 /OPT/altera/12.1/nios2eds/bin/gnu/H-i686-pc-linux-gnu/bin/../lib/gcc/nios2-elf/4.1.2/../../../../nios2-elf/lib/libc.a(lib_a-isattyr.o)
 .debug_pubnames
                0x0000051f       0x1f /OPT/altera/12.1/nios2eds/bin/gnu/H-i686-pc-linux-gnu/bin/../lib/gcc/nios2-elf/4.1.2/../../../../nios2-elf/lib/libc.a(lib_a-lseekr.o)
 .debug_pubnames
                0x0000053e       0x1e /OPT/altera/12.1/nios2eds/bin/gnu/H-i686-pc-linux-gnu/bin/../lib/gcc/nios2-elf/4.1.2/../../../../nios2-elf/lib/libc.a(lib_a-readr.o)
 .debug_pubnames
                0x0000055c       0x1c ../Ether_bsp//libucosii_bsp.a(alt_close.o)
 .debug_pubnames
                0x00000578       0x78 ../Ether_bsp//libucosii_bsp.a(alt_dev.o)
 .debug_pubnames
                0x000005f0       0x20 ../Ether_bsp//libucosii_bsp.a(alt_errno.o)
 .debug_pubnames
                0x00000610       0x1c ../Ether_bsp//libucosii_bsp.a(alt_fstat.o)
 .debug_pubnames
                0x0000062c       0x1d ../Ether_bsp//libucosii_bsp.a(alt_isatty.o)
 .debug_pubnames
                0x00000649       0x1f ../Ether_bsp//libucosii_bsp.a(alt_load.o)
 .debug_pubnames
                0x00000668       0x1c ../Ether_bsp//libucosii_bsp.a(alt_lseek.o)
 .debug_pubnames
                0x00000684       0x46 ../Ether_bsp//libucosii_bsp.a(alt_main.o)
 .debug_pubnames
                0x000006ca       0x1b ../Ether_bsp//libucosii_bsp.a(alt_read.o)
 .debug_pubnames
                0x000006e5       0x25 ../Ether_bsp//libucosii_bsp.a(alt_release_fd.o)
 .debug_pubnames
                0x0000070a       0x1b ../Ether_bsp//libucosii_bsp.a(alt_sbrk.o)
 .debug_pubnames
                0x00000725       0x1c ../Ether_bsp//libucosii_bsp.a(alt_write.o)
 .debug_pubnames
                0x00000741       0x41 ../Ether_bsp//libucosii_bsp.a(alt_env_lock.o)
 .debug_pubnames
                0x00000782       0x48 ../Ether_bsp//libucosii_bsp.a(alt_malloc_lock.o)
 .debug_pubnames
                0x000007ca      0x3f8 ../Ether_bsp//libucosii_bsp.a(os_core.o)
 .debug_pubnames
                0x00000bc2      0x3c5 ../Ether_bsp//libucosii_bsp.a(os_dbg.o)
 .debug_pubnames
                0x00000f87       0xd0 ../Ether_bsp//libucosii_bsp.a(os_flag.o)
 .debug_pubnames
                0x00001057       0x7c ../Ether_bsp//libucosii_bsp.a(os_mem.o)
 .debug_pubnames
                0x000010d3       0xa9 ../Ether_bsp//libucosii_bsp.a(os_q.o)
 .debug_pubnames
                0x0000117c       0x8a ../Ether_bsp//libucosii_bsp.a(os_sem.o)
 .debug_pubnames
                0x00001206       0xe5 ../Ether_bsp//libucosii_bsp.a(os_task.o)
 .debug_pubnames
                0x000012eb       0x62 ../Ether_bsp//libucosii_bsp.a(os_time.o)
 .debug_pubnames
                0x0000134d       0x34 ../Ether_bsp//libucosii_bsp.a(alt_sys_init.o)
 .debug_pubnames
                0x00001381       0xa5 ../Ether_bsp//libucosii_bsp.a(altera_avalon_jtag_uart_fd.o)
 .debug_pubnames
                0x00001426       0x55 ../Ether_bsp//libucosii_bsp.a(altera_avalon_jtag_uart_init.o)
 .debug_pubnames
                0x0000147b       0x34 ../Ether_bsp//libucosii_bsp.a(altera_avalon_jtag_uart_ioctl.o)
 .debug_pubnames
                0x000014af       0x33 ../Ether_bsp//libucosii_bsp.a(altera_avalon_jtag_uart_read.o)
 .debug_pubnames
                0x000014e2       0x34 ../Ether_bsp//libucosii_bsp.a(altera_avalon_jtag_uart_write.o)
 .debug_pubnames
                0x00001516       0x2f ../Ether_bsp//libucosii_bsp.a(altera_avalon_timer_sc.o)
 .debug_pubnames
                0x00001545      0x1cd ../Ether_bsp//libucosii_bsp.a(altera_up_avalon_character_lcd.o)
 .debug_pubnames
                0x00001712       0x26 ../Ether_bsp//libucosii_bsp.a(alt_alarm_start.o)
 .debug_pubnames
                0x00001738       0x2b ../Ether_bsp//libucosii_bsp.a(alt_dcache_flush_all.o)
 .debug_pubnames
                0x00001763       0x2b ../Ether_bsp//libucosii_bsp.a(alt_dev_llist_insert.o)
 .debug_pubnames
                0x0000178e       0x20 ../Ether_bsp//libucosii_bsp.a(alt_do_ctors.o)
 .debug_pubnames
                0x000017ae       0x20 ../Ether_bsp//libucosii_bsp.a(alt_do_dtors.o)
 .debug_pubnames
                0x000017ce       0x23 ../Ether_bsp//libucosii_bsp.a(alt_find_dev.o)
 .debug_pubnames
                0x000017f1       0x2b ../Ether_bsp//libucosii_bsp.a(alt_icache_flush_all.o)
 .debug_pubnames
                0x0000181c       0x6e ../Ether_bsp//libucosii_bsp.a(alt_iic.o)
 .debug_pubnames
                0x0000188a       0x2b ../Ether_bsp//libucosii_bsp.a(alt_iic_isr_register.o)
 .debug_pubnames
                0x000018b5       0x26 ../Ether_bsp//libucosii_bsp.a(alt_io_redirect.o)
 .debug_pubnames
                0x000018db       0x32 ../Ether_bsp//libucosii_bsp.a(alt_irq_handler.o)
 .debug_pubnames
                0x0000190d       0x3b ../Ether_bsp//libucosii_bsp.a(alt_irq_vars.o)
 .debug_pubnames
                0x00001948       0x1b ../Ether_bsp//libucosii_bsp.a(alt_open.o)
 .debug_pubnames
                0x00001963       0x68 ../Ether_bsp//libucosii_bsp.a(alt_tick.o)
 .debug_pubnames
                0x000019cb       0x31 ../Ether_bsp//libucosii_bsp.a(altera_nios2_qsys_irq.o)
 .debug_pubnames
                0x000019fc       0xcd ../Ether_bsp//libucosii_bsp.a(os_cpu_c.o)
 .debug_pubnames
                0x00001ac9       0x24 ../Ether_bsp//libucosii_bsp.a(alt_find_file.o)
 .debug_pubnames
                0x00001aed       0x21 ../Ether_bsp//libucosii_bsp.a(alt_get_fd.o)
 .debug_pubnames
                0x00001b0e       0x27 ../Ether_bsp//libucosii_bsp.a(alt_icache_flush.o)
 .debug_pubnames
                0x00001b35       0x2a /OPT/altera/12.1/nios2eds/bin/gnu/H-i686-pc-linux-gnu/bin/../lib/gcc/nios2-elf/4.1.2/../../../../nios2-elf/lib/libc.a(lib_a-atexit.o)
 .debug_pubnames
                0x00001b5f       0x1b /OPT/altera/12.1/nios2eds/bin/gnu/H-i686-pc-linux-gnu/bin/../lib/gcc/nios2-elf/4.1.2/../../../../nios2-elf/lib/libc.a(lib_a-exit.o)
 .debug_pubnames
                0x00001b7a       0x1d /OPT/altera/12.1/nios2eds/bin/gnu/H-i686-pc-linux-gnu/bin/../lib/gcc/nios2-elf/4.1.2/../../../../nios2-elf/lib/libc.a(lib_a-memcmp.o)
 .debug_pubnames
                0x00001b97       0x2a /OPT/altera/12.1/nios2eds/bin/gnu/H-i686-pc-linux-gnu/bin/../lib/gcc/nios2-elf/4.1.2/../../../../nios2-elf/lib/libc.a(lib_a-__atexit.o)
 .debug_pubnames
                0x00001bc1       0x27 /OPT/altera/12.1/nios2eds/bin/gnu/H-i686-pc-linux-gnu/bin/../lib/gcc/nios2-elf/4.1.2/../../../../nios2-elf/lib/libc.a(lib_a-__call_atexit.o)
 .debug_pubnames
                0x00001be8       0x48 /OPT/altera/12.1/nios2eds/bin/gnu/H-i686-pc-linux-gnu/bin/../lib/gcc/nios2-elf/4.1.2/libgcc.a(lib2-divmod.o)
 .debug_pubnames
                0x00001c30       0x1c ../Ether_bsp//libucosii_bsp.a(alt_exit.o)

.debug_info     0x00000000    0x27650
 *(.debug_info .gnu.linkonce.wi.*)
 .debug_info    0x00000000       0xa2 ../Ether_bsp//obj/HAL/src/crt0.o
 .debug_info    0x000000a2      0x266 obj/default/hello_ucosii.o